Z - 8
Z - 6
Z - 5
Yer - 4
Yer - 2
Ye - 9
Ye - 8
Ye - 7
Ye - 6
Ye - 50
Ye - 5
Ye - 4
Ye - 266
Ye - 26
Ye - 2
Ye - 166
Ye - 155
Ye - 152
Ye - 150
Ye - 1
Yak - 9
Yak - 8
Yak - 7
Yak - 6
Yak - 52
Yak - 50
Yak - 5
Yak - 44
Yak - 41
Yak - 4
Yak - 38
Yak - 36
Yak - 32
Yak - 30
Yak - 3
Yak - 28
Yak - 27
Yak - 26
Yak - 25
Yak - 24
Yak - 23
Yak - 21
Yak - 2
Yak - 19
Yak - 18
Yak - 17
Yak - 16
Yak - 15
Yak - 141
Yak - 140
Yak - 14
Yak - 130
Yak - 13
Yak - 125
Yak - 120
Yak - 12
Yak - 11
Yak - 1000
Yak - 10
Yak - 1
Ya - 22
Ya - 20
Ya - 10
YS - 11
Y - 8
Y - 7
Y - 5
Y - 12
Y - 11
Y - 10
XTP - 1
XS - 1
XH - 1
X - 9
X - 8
X - 7
X - 6
X - 5
X - 4
X - 36
X - 35
X - 32
X - 31
X - 30
X - 3
X - 29
X - 28
X - 27
X - 26
X - 25
X - 24
X - 23
X - 22
X - 21
X - 20
X - 2
X - 19
X - 18
X - 17
X - 16
X - 15
X - 14
X - 13
X - 12
X - 11
X - 10
X - 1
World Cruiser
Wasp
Warthog
Warhawk
WP - 1
W - 9
W - 3
W - 1
Vulcan
Voodoo
Viking
Vigilant
Viggen
Victor
Venom
Vengeance
Vb - 109
Vampire
Valkyrie
Valiant
VZ - 9
VZ - 8
VZ - 7
VZ - 6
VZ - 5
VZ - 4
VZ - 3
VZ - 2
VZ - 12
VZ - 11
VZ - 10
VZ - 1
VVA - 14
VT - 2
VT - 13
VT - 12
VT - 11
VM - T
VIT - 2
VIT - 1
VI - 100
VE - 9
VE - 8
VE - 7
VCP - 2
VCP - 1
VC 10
VC - 10
VB - 10
V - 9
V - 80
V - 8
V - 7
V - 60
V - 6
V - 50
V - 5
V - 4
V - 3
V - 23
V - 22
V - 20
V - 2
V - 18
V - 173
V - 16
V - 150
V - 15
V - 143
V - 141
V - 11
V - 100
V - 10
V - 1
UTI - 4
UTI - 26
UTI - 1
UT - 3
UT - 2
UT - 1
US - 1
UH - 60
UH - 1
U - 9
U - 8
U - 7
U - 6
U - 5
U - 4
U - 38
U - 36
U - 3
U - 25
U - 24
U - 23
U - 22
U - 21
U - 2
U - 19
U - 18
U - 17
U - 16
U - 125
U - 11
U - 10
U - 1
Twin Pioneer
Twin Otter
Twin Mustang
Twin Hotspur
Turbolet
Turbo Trainer
Turbo Stationcar
Turbo Porter
Turbo Orlik
Turbo - Trainer
Tu - DB
Tu - 98
Tu - 96
Tu - 95
Tu - 91
Tu - 88
Tu - 86
Tu - 85
Tu - 82
Tu - 81
Tu - 80
Tu - 8
Tu - 77
Tu - 75
Tu - 74
Tu - 73
Tu - 72
Tu - 6
Tu - 4
Tu - 330
Tu - 28
Tu - 26
Tu - 24
Tu - 22
Tu - 20
Tu - 2
Tu - 160
Tu - 16
Tu - 154
Tu - 142
Tu - 14
Tu - 134
Tu - 128
Tu - 126
Tu - 124
Tu - 12
Tu - 119
Tu - 110
Tu - 107
Tu - 105
Tu - 104
Tu - 102
Tu - 10
Tu - 1
TsKB - 57
TsKB - 56
TsKB - 55
TsKB - 44
TsKB - 34
TsKB - 33
TsKB - 32
TsKB - 30
TsKB - 3
TsKB - 26
TsKB - 19
TsKB - 15
TsKB - 12
TsKB - 11
TsKB - 1
Ts - 25
Tristar
TriStar
Tracer
Tornado
Tomcat
Tomahawk
Tigershark
Tiger Moth
Thunderjet
Thunderflash
Thunderchief
Thunderceptor
Thunderbolt II
Thunderbolt 2
Thunderbolt - II
Thunderbolt - 2
Thunderbolt
Tempest
Tank Buster
Ta 400
Ta 283
Ta 254
Ta 183
Ta 154
Ta 153
Ta 152
TW - 5
TW - 3
TW - 2
TSh - 2
TSh - 1
TS - 8
TS - 11
TS - 1
TP - 1
TL - 1
TK - 3
TG - 10
TBG - 1
TB - 7
TB - 6
TB - 5
TB - 4
TB - 3
TB - 2
TB - 1
TA - 6
TA - 3
TA - 2
TA - 1
T - 7
T - 6
T - 58
T - 5
T - 49
T - 48
T - 47
T - 46
T - 45
T - 44
T - 431
T - 43
T - 42
T - 41
T - 40
T - 4
T - 39
T - 38
T - 37
T - 36
T - 35
T - 34
T - 33
T - 32
T - 31
T - 30
T - 3
T - 29
T - 28
T - 27
T - 25
T - 23
T - 2
T - 17
T - 11
T - 10
T - 1
Superhawk
Superfortress
Super Stallion
Super Sabre
Super Puma
Super Mystere
Super Marauder
Super Magister
Super Lynx
Super Harrier
Super Galeb
Super Frelon
Super Etendard
Super Courier
Su - 9
Su - 8
Su - 7
Su - 6
Su - 5
Su - 4
Su - 39
Su - 37
Su - 35
Su - 34
Su - 33
Su - 32
Su - 30
Su - 3
Su - 28
Su - 27
Su - 25
Su - 24
Su - 22
Su - 21
Su - 20
Su - 2
Su - 19
Su - 17
Su - 15
Su - 13
Su - 12
Su - 11
Su - 10
Su - 1
Stratoliner
Stratojet
Stratofreighter
Stratofortess
Starlifter
Starfighter
Stal - 8
Stal - 6
Sm - 1
Skywarrior
Skywagon
Skytrooper
Skytrain
Skyship
Skyshark
Skyrocket
Skyray
Skyraider
Skypirate
Skynight
Skymaster
Skylancer
Skyhawk
Sk 60
Sk 50
Sk 37
Sk 35
Sk 14
Sikorsky
Si 204
Si 201
Si 104
Shrike
Shooting Star
ShB
Sh - 5
Sh - 26
Sh - 2
Sh - 1
Series Defender
Sentry
Sentinel
Seastar
Seasprite
Seahawk
Seagull
Seafox
Seaford
Seafire
Seafang
Seabat
Sea Wolf
Sea Vixen
Sea Venom
Sea Vampire
Sea Skimmer
Sea Ranger
Sea Prince
Sea Otter
Sea Mosquito
Sea Knight
Sea King
Sea Hurricane
Sea Hornet
Sea Hawk
Sea Harrier
Sea Gladiator
Sea Fury
Sea Devon
Sea Dart
Sea Balliol
Scout
Scimitar
Salamander
Saetta
Sabre
SS - 2
SS - 1
SR - 2
SP - 2
SP - 1
SM - 9
SM - 7
SM - 52
SM - 51
SM - 50
SM - 30
SM - 2
SM - 12
SM - 10
SM - 1
SI - 16
SH - 5
SG - 1
SB - RK
SB - 3
SB - 2
SAM - 7
SAM - 6
SAM - 13
S - 89
S - 7
S - 67
S - 6
S - 5
S - 49
S - 45
S - 431
S - 4
S - 35
S - 331
S - 31
S - 3
S - 25
S - 231
S - 23
S - 22
S - 20
S - 2
S - 18
S - 16
S - 14
S - 131
S - 13
S - 12
S - 1
Rotorcycle
Rotaplane
Rotabuggy
R - 9
R - 8
R - 71
R - 7
R - 6
R - 5
R - 4
R - 3
R - 2
R - 16
R - 15
R - 13
R - 12
R - 11
R - 10
R - 1
R - 020
Q - 5
Prowler
Provost
Phantom II
Phantom
Peashooter
Peacemaker
Pe - 8
Pe - 4
Pe - 3
Pe - 2
PW - 9
PW - 8
PW - 7
PW - 6
PW - 5
PW - 3
PW - 2
PW - 1
PTBH - 2
PT - 8
PT - 7
PT - 3
PT - 27
PT - 26
PT - 25
PT - 24
PT - 23
PT - 22
PT - 21
PT - 20
PT - 19
PT - 18
PT - 17
PT - 16
PT - 14
PT - 13
PT - 11
PT - 1
PS - 84
PS - 5
PS - 1
PN - 1
PL - 1
PI - 1
PG - 1
PD - 808
PC - 9
PC - 7
PC - 6
PBB - 1
PB - 2
PB - 100
PB - 1
PA - 48
PA - 46
PA - 42
PA - 39
PA - 1
P - I
P - 95
P - 948
P - 940
P - 936
P - 934
P - 925
P - 900
P - 9
P - 84
P - 83
P - 82
P - 81
P - 80
P - 8
P - 79
P - 78
P - 77
P - 76
P - 75
P - 72
P - 71
P - 70
P - 7
P - 69
P - 68
P - 67
P - 66
P - 65
P - 64
P - 63
P - 62
P - 61
P - 60
P - 6
P - 59
P - 58
P - 57
P - 56
P - 559
P - 55
P - 54
P - 53
P - 52
P - 51
P - 50
P - 5
P - 49
P - 48
P - 47
P - 46
P - 45
P - 44
P - 43
P - 42
P - 41
P - 400
P - 40
P - 4
P - 39
P - 38
P - 37
P - 36
P - 35
P - 34
P - 33
P - 322
P - 32
P - 31
P - 30
P - 3
P - 2J
P - 29
P - 28
P - 27
P - 26
P - 25
P - 24
P - 23
P - 22
P - 21
P - 20
P - 2
P - 19
P - 18
P - 17
P - 16
P - 15
P - 14
P - 13
P - 12
P - 11
P - 100
P - 10
P - 1
Orion
Optica
OV - 10
OKO - 7
OKO - 6
OKA - 38
OA - 9
OA - 8
OA - 5
OA - 14
OA - 13
OA - 11
OA - 10
OA - 1
O - 932
O - 63
O - 62
O - 61
O - 60
O - 6
O - 59
O - 58
O - 57
O - 56
O - 55
O - 54
O - 53
O - 52
O - 51
O - 50
O - 49
O - 48
O - 47
O - 46
O - 45
O - 44
O - 43
O - 42
O - 41
O - 40
O - 39
O - 38
O - 37
O - 36
O - 35
O - 34
O - 33
O - 32
O - 31
O - 30
O - 3
O - 29
O - 28
O - 27
O - 26
O - 25
O - 24
O - 23
O - 22
O - 21
O - 20
O - 2
O - 19
O - 18
O - 17
O - 16
O - 15
O - 14
O - 13
O - 12
O - 11
O - 10
O - 1
Noratlas
Nimrod
Nimbus
Nighthawk
NiD.29
NiD - 82
NiD - 72
NiD - 62
NiD - 580
NiD - 52
NiD - 48
NiD - 46
NiD - 44
NiD - 43
NiD - 42
NiD - 37
NiD - 29
NiD - 225
NiD - 140
NiD - 121
Ni - 160
Ni - 140
NM - 1
NBS - 4
NBS - 3
NBS - 2
NBS - 1
NBL - 2
NBL - 1
NAF - 2
NAF - 1
NA - 50
N - 9
N - 2
N - 1
Mustang
Moth
Mosquito
Monarch
Mission Master
Missileer
Mirage
Mig
Microplano
Microjet
MiG - 9
MiG - 8
MiG - 7
MiG - 5
MiG - 33
MiG - 31
MiG - 3
MiG - 29
MiG - 27
MiG - 25
MiG - 23
MiG - 21
MiG - 19
MiG - 17
MiG - 15
MiG - 13
MiG - 1
MiG
Mi - 9
Mi - 8
Mi - 6
Mi - 4
Mi - 35
Mi - 32
Mi - 30
Mi - 28
Mi - 26
Mi - 25
Mi - 24
Mi - 22
Mi - 2
Mi - 17
Mi - 14
Mi - 12
Mi - 10
Mi - 1
Meteor
Me 609
Me 509
Me 410
Me 409
Me 329
Me 328
Me 323
Me 321
Me 310
Me 309
Me 264
Me 263
Me 262
Me 261
Me 210
Me 209
Me 208
Me 163
Me 155
Me 110
Me 109
Me 108
Mauler
Master Fighter
Marauder
Machtrainer
MXY - 8
MXY - 7
MXY - 6
MXY - 5
MU - 4
MU - 2
MU - 1
MTB - 2
MS - 8
MS - 5
MR - 6
MR - 5
MR - 1
MPI - 1
MIG
MI - 3
MH - 1521
MFI - 9
MFI - 17
MFI - 15
MDR - 7
MDR - 6
MDR - 5
MDR - 4
MDR - 2
MD - 90
MD - 88
MD - 82
MD - 80
MD - 11
MBR - 7
MBR - 4
MBR - 2
MB - 2
MB - 1
MA - 7
M - 99
M - 9
M - 8
M - 62
M - 6
M - 55
M - 52
M - 50
M - 5
M - 4
M - 290
M - 26
M - 25
M - 24
M - 21
M - 201
M - 17
M - 15
M - 12
M - 11
M - 10
M - 1
Lysander
Lynx
Lodestar
Lightning
Liftmaster
Liberator
LeO H - 470
LeO H - 47
LeO H - 43
LeO H - 254
LeO H - 246
LeO H - 23
LeO H - 10
LeO 9
LeO 8
LeO 50
LeO 5
LeO 450
LeO 45
LeO 3
LeO 256
LeO 25
LeO 203
LeO 20
LeO 122
Lancer
LaGG - 3
LaGG - 1
LaG - 5
La - 9
La - 71
La - 7
La - 5
La - 250
La - 200
La - 190
La - 180
La - 176
La - 174
La - 172
La - 17
La - 168
La - 160
La - 156
La - 154
La - 152
La - 150
La - 15
La - 140
La - 138
La - 130
La - 126
La - 120
La - 11
LUSAC - 11
LS - 1
LR - 1
LL - 143
LIM - 6
LIM - 5
LIM - 3
LIM - 2
LIM - 1
LGL - 35
LGL - 34
LGL - 33
LGL - 32
LB - 9
LB - 8
LB - 7
LB - 6
LB - 5
LB - 4
LB - 3
LB - 2
LB - 14
LB - 13
LB - 12
LB - 11
LB - 10
LB - 1
LALA - 1
L - 90
L - 9
L - 80
L - 8
L - 70
L - 7
L - 6
L - 59
L - 5
L - 410
L - 4
L - 39
L - 3
L - 29
L - 28
L - 27
L - 26
L - 25
L - 24
L - 23
L - 21
L - 20
L - 2
L - 19
L - 188
L - 18
L - 17
L - 16
L - 159
L - 15
L - 139
L - 13
L - 12
L - 1011
L - 1
Komet
Ko 4
Ko 3
Ko 2
Kl 35
Kl 32
Kl 31
Kl 106
Kl 104
Kittyhawk
Kite
Kingfisher
Kingcobra
Kingbird
KhAl - 5
KhAl - 1
Kfir
Kestrel
Kaydet
Kadett
Kadet
Ka - 8
Ka - 50
Ka - 32
Ka - 30
Ka - 29
Ka - 28
Ka - 27
Ka - 26
Ka - 25
Ka - 22
Ka - 20
Ka - 2
Ka - 18
Ka - 15
Ka - 14
Ka - 136
Ka - 126
Ka - 118
Ka - 10
Ka - 1
KTX - 2
KR - 6
KR - 1
KOR - 9
KOR - 4
KOR - 3
KOR - 2
KOR - 1
KOD - 2
KOD - 1
KN - 1
KM - 2
KH - 4
KG - 1
KDC - 10
KDA - 5
KDA - 3
KC - 135
KC - 10
K - 8
K - 7
K - 16
K - 12
Ju 88
Ju 87
Ju 86
Ju 60
Ju 52
Ju 488
Ju 390
Ju 388
Ju 352
Ju 322
Ju 290
Ju 288
Ju 287
Ju 268
Ju 252
Ju 248
Ju 188
Ju 187
Ju 160
Jetstream
Jetstar
JetStar
Jet Squalus
Jet Provost
Jet Mentor
Jet Jeep
Jayhawk
Javelin
Jaguar
JZ - 6
JT 8
JL - 1
JJ - 7
JJ - 6
JJ - 5
JJ - 1
JH - 7
JD - 1
J - 8
J - 7
J - 6
J - 5
J - 22
J - 2
J - 12
J - 11
J - 10
J - 1
Islander
Invader
Intruder
Instructor
Il - 8
Il - 78
Il - 76
Il - 62
Il - 6
Il - 54
Il - 46
Il - 40
Il - 4
Il - 38
Il - 30
Il - 28
Il - 22
Il - 20
Il - 2
Il - 18
Il - 16
Il - 14
Il - 12
Il - 102
Il - 10
Il - 1
IS - 4
IS - 2
IS - 1
IP - 4
IP - 1
IL - 400
IL - 3
IL - 1
IK - 3
IK - 2
IK - 1
I - Z
I - 8
I - 75
I - 7
I - 63
I - 6
I - 5
I - 42
I - 410
I - 4
I - 380
I - 370
I - 360
I - 350
I - 340
I - 330
I - 33
I - 320
I - 310
I - 308
I - 307
I - 305
I - 301
I - 300
I - 30
I - 3
I - 29
I - 28
I - 270
I - 26
I - 250
I - 231
I - 230
I - 225
I - 224
I - 222
I - 221
I - 220
I - 22
I - 217
I - 216
I - 215
I - 214
I - 213
I - 212
I - 211
I - 210
I - 21
I - 207
I - 200
I - 20
I - 2
I - 195
I - 190
I - 19
I - 187
I - 186
I - 185
I - 180
I - 17
I - 16
I - 153
I - 152
I - 15 ter
I - 15 bis
I - 15
I - 14
I - 12
I - 110
I - 107
I - 1
Hurricane
Hunter
HueyCobra
Huey Cobra
Hs 293
Hs 291
Hs 132
Hs 130
Hs 129
Hs 128
Hs 127
Hs 126
Hs 124
Hs 123
Hs 122
Hoverfly
Hornet
Hormone
Ho 229
Hip
Hind
Hercules
Helldiver
Hellcat
Helix
He 8
He 74
He 72
He 70
He 66
He 64
He 63
He 62
He 61
He 60
He 59
He 56
He 55
He 52
He 51
He 50
He 5
He 49
He 46
He 45
He 42
He 419
He 4
He 343
He 319
He 31
He 280
He 277
He 275
He 274
He 270
He 219
He 2
He 178
He 177
He 176
He 172
He 170
He 162
He 119
He 118
He 116
He 115
He 114
He 113
He 112
He 111
He 100
He 1
Haze
Hawkeye
Hawk
Harrier II
Harrier 2
Harrier
Halo
Ha 142
Ha 140
Ha 139
Ha 137
HZ - 5
HU - 16
HT - B
HT - 2
HSS - 1
HRP - 2
HRP - 1
HRH - 1
HPT - 32
HPS - 1
HO - 6
HO - 5
HO - 4
HO - 3
HO - 2
HO - 1
HJT - 16
HJ - 5
HF - 24
HD - 780
HD - 26
HD - 25
HD - 23
HD - 1
HCH - 1
HC - 1
HB - 3
HB - 2
HB - 1
HA - 300
HA - 220
HA - 200
HA - 1112
HA - 1009
HA - 100
HA - 1
H - 67
H - 66
H - 65
H - 64
H - 63
H - 62
H - 61
H - 60
H - 6
H - 59
H - 58
H - 57
H - 56
H - 55
H - 54
H - 53
H - 52
H - 51
H - 50
H - 5
H - 48
H - 47
H - 46
H - 44
H - 43
H - 41
H - 40
H - 4
H - 39
H - 37
H - 35
H - 34
H - 32
H - 3
H - 28
H - 26
H - 25
H - 246
H - 23
H - 21
H - 20
H - 2
H - 19
H - 18
H - 17
H - 16
H - 15
H - 13
H - 12
H - 10
H - 1
Gunner
Gun Fighter
Gun Bus
Guardsman
Guardian
Gu - 82
Gu - 1
Goblin
Go 9
Go 345
Go 244
Go 242
Go 229
Go 147
Go 145
Gnatsnapper
Gnat
Globemaster
Gladiator
Gipsy Moth
Gekko
Gazelle
Gauntlet
Galaxy
GM - 1
GL - 840
GL - 831
GL - 810
GL - 633
GL - 51
GL - 50
GL - 482
GL - 450
GL - 410
GL - 40
GL - 35
GL - 34
GL - 33
GL - 32
GL - 31
GL - 23
GL - 22
GL - 21
GL - 2
GL - 130
GL - 1
GA - 2
GA - 1
G - 8
G - 7
G - 6
G - 5
G - 4
G - 3
G - 20
G - 2
G - 18
G - 17
G - 16
G - 15
G - 13
G - 10
G - 1
Fw VII
Fw 62
Fw 61
Fw 58
Fw 57
Fw 56
Fw 44
Fw 300
Fw 283
Fw 261
Fw 200
Fw 191
Fw 190
Fw 189
Fw 187
Fw 186
Fw 159
Fury
Fulcrum
Frogfoot
Freedom Fighter
Foxhound
Foxbat
Fox
Forwarder
Fortress
Forger
Flying Wing
Flying Fortress
Flying Boxcar
Flycatcher
Flogger
Fleetwing
Fleet Shadower
Flanker
Fl 339
Fl 282
Fl 265
Fl 185
Fitter
Firefly
Firecrest
Firebrand
Firebar
Fireball
Finback
Fighting Falcon
FiSk 199
Fi 98
Fi 333
Fi 256
Fi 167
Fi 156
Fi 103
Fh 104
Ferret
Fencer
Fantrainer
Fantail
Falcon
Falco
Fairey III
Fagot
Faceplate
Fa 61
Fa 330
Fa 325
Fa 284
Fa 269
Fa 266
Fa 223
FVL - 8
FV - 12
FTB - 337
FT - 7
FT - 6
FST - 2
FS - X
FM - 1
FL - 23
FH - 1
FG - 1
FDB - 1
FD - 1
FB - 111
F / A - 18
F / A - 16
F - 99
F - 98
F - 97
F - 96
F - 95
F - 94
F - 93
F - 92
F - 91
F - 90
F - 9
F - 89
F - 88
F - 87
F - 86
F - 85
F - 84
F - 82
F - 80
F - 8
F - 7
F - 6
F - 5
F - 4
F - 3
F - 24
F - 23
F - 22
F - 21
F - 20
F - 2
F - 19
F - 18
F - 17
F - 16
F - 15
F - 14
F - 13
F - 12
F - 117
F - 111
F - 110
F - 11
F - 109
F - 108
F - 107
F - 106
F - 105
F - 104
F - 103
F - 102
F - 101
F - 100
F - 10
F - 1
Extender
Expeditor
Eurofighter 2000
Eurofighter
Entreprenant
Eagle
ER - 2
EMB - 312
EMB - 132
EMB - 121
EMB - 120
EMB - 111
EMB - 110
EA - 6
E - 9
E - 8
E - 76
E - 66
E - 6
E - 5
E - 45
E - 44
E - 4
E - 33
E - 3
E - 266
E - 2
E - 166
E - 1
Dyna - Soar
Drakken
Dr II
Dr I
Dove
Dormouse
Dominator
Dolphin
Do Y
Do P
Do N
Do J
Do H
Do F
Do C4
Do C3
Do 635
Do 435
Do 335
Do 317
Do 31
Do 29
Do 28
Do 27
Do 26
Do 25
Do 24
Do 23
Do 228
Do 22
Do 217
Do 215
Do 214
Do 19
Do 18
Do 17
Do 15
Do 13
Do 128
Do 11
Do 10
Devastator
Destroyer
Delta II
Delta I
Delta Dart
Delta Dagger
Delfin
Defiant
Defender II
Defender
Deepak
Dauntless
Dash 8
Dark Shark
DVB - 102
DM - 1
DI - 8
DI - 6
DI - 4
DI - 3
DI - 2
DI - 1
DHC - 8
DHC - 6
DHC - 5
DHC - 4
DHC - 3
DHC - 2
DHC - 1
DH - 9
DH - 5
DH - 4
DH - 3
DH - 2
DH - 108
DH - 011
DG - 53
DG - 52
DC - 9
DC - 8
DC - 6
DC - 4
DC - 3
DC - 2
DC - 10
DB - PT
DB - LK
DB - A
DB - 4
DB - 3
DB - 240
DB - 2
DB - 1
D - 3803
D - 3802
D - 3081
D - 1
Cub
Crusader
Corsair
Convair
Constellation
Condor
Commando
Comet
Comanche
Cobra
Chipmunk
Chinook
Chikasaw
Chiensou
Chickinox
Cheetah
Che - 2
Chain Lightning
Centauro
Catalina
Cargomaster
Canuck
Cagnet
Ca 97
Ca 95
Ca 91
Ca 90
Ca 89
Ca 88
Ca 82
Ca 80
Ca 79
Ca 74
Ca 73
Ca 71
Ca 70
Ca 67
Ca 66
Ca 64
Ca 61
Ca 53
Ca 51
Ca 5
Ca 47
Ca 43
Ca 41
Ca 405
Ca 4
Ca 36
Ca 355
Ca 335
Ca 331
Ca 316
Ca 314
Ca 313
Ca 312
Ca 311
Ca 310
Ca 309
Ca 301
Ca 3
Ca 25
Ca 24
Ca 211
Ca 204
Ca 18
Ca 165
Ca 164
Ca 163
Ca 161
Ca 148
Ca 142
Ca 135
Ca 133
Ca 132
Ca 131
Ca 127
Ca 124
Ca 122
Ca 120
Ca 114
Ca 113
Ca 112
Ca 111
Ca 103
Ca 102
Ca 101
Ca 100
CW - 21
CW - 19
CV - 11
CTO - A
CT - 4
CSO - A
CSH - 2
CS - 14
CP - 140
COA - 1
CO - 8
CO - 7
CO - 6
CO - 5
CO - 4
CO - 2
CN - 235
CL - 66
CL - 44
CL - 415
CL - 41
CL - 329
CL - 28
CL - 215
CL - 13
CJ - 6
CJ - 5
CJ - 14
CH - 53
CF - 105
CF - 100
CA - 9
CA - 8
CA - 7
CA - 5
CA - 4
CA - 3
CA - 27
CA - 26
CA - 20
CA - 19
CA - 18
CA - 17
CA - 16
CA - 15
CA - 14
CA - 13
CA - 12
CA - 11
CA - 1
C - 99
C - 98
C - 97
C - 96
C - 95
C - 93
C - 9
C - 89
C - 880
C - 87
C - 86
C - 85
C - 84
C - 83
C - 82
C - 81
C - 80
C - 8
C - 79
C - 78
C - 77
C - 76
C - 75
C - 74
C - 73
C - 72
C - 71
C - 70
C - 7
C - 69
C - 68
C - 67
C - 66
C - 64
C - 63
C - 61
C - 60
C - 6
C - 59
C - 58
C - 57
C - 56
C - 55
C - 54
C - 53
C - 52
C - 51
C - 50
C - 5
C - 49
C - 48
C - 47
C - 46
C - 45
C - 43
C - 42
C - 41
C - 40
C - 4
C - 39
C - 38
C - 37
C - 3605
C - 3603
C - 36
C - 35
C - 34
C - 33
C - 32
C - 30
C - 3
C - 29
C - 27
C - 26
C - 25
C - 24
C - 23
C - 22
C - 212
C - 210
C - 21
C - 20
C - 2
C - 19
C - 18
C - 17
C - 15
C - 142
C - 141
C - 140
C - 14
C - 138
C - 137
C - 136
C - 135
C - 134
C - 133
C - 132
C - 131
C - 130
C - 13
C - 129
C - 128
C - 127
C - 126
C - 125
C - 124
C - 123
C - 122
C - 121
C - 120
C - 12
C - 119
C - 118
C - 117
C - 116
C - 115
C - 114
C - 113
C - 112
C - 111
C - 110
C - 11
C - 109
C - 108
C - 105
C - 104
C - 101
C - 100
C - 10
C - 1
Bv 40
Bv 250
Bv 246
Bv 238
Bv 237
Bv 222
Bv 155
Bv 144
Bv 143
Bv 142
Bv 141
Bv 138
Bullpup
Bullfinch
Bullet
Bulldog
Buckmaster
Buckeye
Buckaroo
Buccaneer
Bu 181
Bu 180
Bu 133
Bu 131
Brushfire
Bronco
Brigand
Br XVII
Br XVI
Br XIX
Br XIV
Br IV
Br 960
Br 941
Br 790
Br 765
Br 763
Br 761
Br 700
Br 690
Br 522
Br 521
Br 482
Br 470
Br 462
Br 460
Br 410
Br 41
Br 330
Br 270
Br 27
Br 191
Br 121
Br 1150
Br 1050
Bounder
Boomerang
Bomber
Bobolink
Bobcat
Bo 46
Bo 105
Bluebird
Blowlamp
Bloodhound
Blitz
Blinder
Blackock
Blackjack
Blackhawk
Blackbird
Black Widow
Black Hawk
Black Bullet
Bk - 534
Birddog
Bird Dog
Bf 163
Bf 162
Bf 110
Bf 109
Bf 108
Beechjet
Beaufighter
Beast
Bearcat
Bear
Beagle
Be - 976
Be - 8
Be - 6
Be - 42
Be - 40
Be - 4
Be - 200
Be - 2
Be - 12
Be - 10
Be - 1
Barling Bomber
Banshee
Backfire Bomber
Backfire
Ba 88
Ba 82
Ba 75
Ba 65
Ba 64
Ba 46
Ba 44
Ba 349
Ba 33
Ba 28
Ba 27
Ba 26
Ba 25
Ba 202
Ba 201
Ba 19
Ba 16
Ba 15
BVL - 12
BT - 9
BT - 8
BT - 7
BT - 4
BT - 30
BT - 28
BT - 2
BT - 17
BT - 16
BT - 15
BT - 14
BT - 13
BT - 12
BT - 1
BSh - 2
BS - 33
BQ - 8
BQ - 7
BQ - 6
BQ - 5
BQ - 4
BQ - 3
BQ - 2
BQ - 1
BOK - 8
BOK - 7
BOK - 5
BOK - 11
BOK - 1
BM - 5
BM - 4
BM - 2
BLR - 2
BLR - 1
BHS - 3
BH - 9
BH - 8
BH - 7
BH - 6
BH - 44
BH - 4
BH - 344
BH - 33
BH - 3
BH - 26
BH - 25
BH - 244
BH - 23
BH - 22
BH - 21
BH - 19
BH - 17
BH - 144
BH - 12
BH - 11
BH - 10
BFB - 1
BDP - 2
BC - 3
BC - 2
BC - 11
BC - 1
BB - 22
BB - 1
B - 907
B - 906
B - 901
B - 9
B - 88
B - 87
B - 83
B - 80
B - 8
B - 78
B - 77
B - 76
B - 75
B - 72
B - 70
B - 7
B - 69
B - 68
B - 67
B - 66
B - 65
B - 64
B - 63
B - 62
B - 61
B - 60
B - 6
B - 59
B - 58
B - 57
B - 56
B - 55
B - 54
B - 53
B - 52
B - 51
B - 50
B - 5
B - 49
B - 48
B - 47
B - 46
B - 45
B - 44
B - 43
B - 42
B - 41
B - 40
B - 39
B - 38
B - 37
B - 36
B - 35
B - 34
B - 33
B - 32
B - 31
B - 30
B - 29
B - 28
B - 27
B - 26
B - 25
B - 24
B - 23
B - 22
B - 21
B - 20
B - 2
B - 19
B - 18
B - 17
B - 16
B - 15
B - 14
B - 13
B - 12
B - 11
B - 10
B - 1
Avrocar
Avocet
Avitruc
Avion - Canon
Aviojet
Aviocar
Aviator
Avenger
Attacker
Ascender
Arrow
Argus
Argosy
Ar 96
Ar 95
Ar 81
Ar 80
Ar 79
Ar 76
Ar 68
Ar 67
Ar 66
Ar 65
Ar 64
Ar 440
Ar 432
Ar 396
Ar 381
Ar 340
Ar 296
Ar 240
Ar 234
Ar 232
Ar 231
Ar 198
Ar 197
Ar 196
Ar 195
Ar - 2
Apache
An - 8
An - 74
An - 72
An - 71
An - 70
An - 6
An - 50
An - 400
An - 40
An - 4
An - 38
An - 32
An - 30
An - 28
An - 26
An - 24
An - 225
An - 22
An - 2
An - 170
An - 14
An - 124
An - 12
Alphajet
Alpha Jet
Alouette III
Alouette II
Alouette
Airtrainer
Airone
Airgeep
Airacuda
Airacomet
Airacobra
Air Horse
AWACS
AT - 9
AT - 8
AT - 7
AT - 6
AT - 5
AT - 4
AT - 3
AT - 29
AT - 24
AT - 23
AT - 22
AT - 21
AT - 20
AT - 19
AT - 18
AT - 17
AT - 16
AT - 15
AT - 14
AT - 13
AT - 12
AT - 11
AT - 10
AT - 1
AS - 14
ARK - 5
ARK - 4
ARK - 3
AP - 7
AP - 4
AP - 2
AP - 1
AO - 1
ANT - 9
ANT - 8
ANT - 7
ANT - 69
ANT - 68
ANT - 65
ANT - 64
ANT - 63
ANT - 62
ANT - 61
ANT - 60
ANT - 6
ANT - 59
ANT - 58
ANT - 51
ANT - 5
ANT - 46
ANT - 44
ANT - 42
ANT - 41
ANT - 40
ANT - 4
ANT - 39
ANT - 38
ANT - 37
ANT - 36
ANT - 31
ANT - 3
ANT - 29
ANT - 27
ANT - 26
ANT - 25
ANT - 23
ANT - 22
ANT - 21
ANT - 20 bis
ANT - 20
ANT - 16
ANT - 14
ANT - 13
ANT - 10
AN - 1
AM - 7
AM - 3
AM - 24
AM - 23
AM - 22
AM - 21
AM - 19
AM - 17
AM - 16
AM - 15
AM - 10
AIR - 9
AIR - 20
AIR - 17
AIR - 14
AIR - 10
AFB - 1
AC - 2
AC - 1
AB - 9
AB - 7
AB - 6
AB - 5
AB - 4
AB - 3
AB - 2
AB - 14
AB - 13
AB - 12
AB - 11
AB - 10
AAC - 1
A 340
A 330
A 320
A 310
A 300
A - 9
A - 8
A - 7
A - 6
A - 57
A - 50
A - 5
A - 45
A - 44
A - 43
A - 42
A - 41
A - 40
A - 4
A - 38
A - 37
A - 36
A - 35
A - 34
A - 33
A - 31
A - 30
A - 3
A - 29
A - 28
A - 27
A - 26
A - 25
A - 24
A - 22
A - 21
A - 20
A - 2
A - 19
A - 18
A - 17
A - 16
A - 144
A - 14
A - 13
A - 12
A - 11
A - 10
A - 1
777
767
757
747
737
727
720
707
