de Havilland Canada
de Havilland / Airco
de Havilland
de Haviland
Zlin Aerospace
Zlin
Zeppelin - Staaken
Zeppelin - Lindau
Zeppelin
Zenith Aircraft
Zenith
Youngman - Baynes
Yokosuka
Yermolayev
Yatsenko
Yakovlov
Yakovlev
Yakov
Xian / Chengdu
Wright - Martin
Witteman Lewis
Windecker
Wibault
Whitehead
Westland
Westinghouse
Watanabe
Waco Aircraft
Waco
W . K . F .
Vultee
Vreeburg
Vought / NAF
Vought - Sikorsky
Voisin
VisionAire
Villiers
Vickers Armstrong
Vickers - Canada
Vickers - Armstrong
Vickers
Verville - Sperry
Verville - Packard
Vertol
Venga
Valtion Lentokonetehdas VH
Valtion Lentokonetehdas
Valmet
VTI
VL
VFW - Fokker
Tupolew
Tupolev
Tsybin
TsAGI
Transall
Tomashevich
Tokorozawa
Thomas - Morse
Textron
Temco
Tchetverikov
Taylorcraft Aircrafts
Taylorcraft
Tarrant
Tairov
Tachikawa
TNCA
Swearingen
Svenska Aero
Supermarine
Sukhoi
Sud Ouest
Sud - Ouest
Sud - Est / Aerospatiale
Sud - Est
Sud - Aviation
Sud
Suchoi
Sturtevant
Stukker
Stroukoff
Stampe - Vertongen
Spyker - Trompenburg
Spyker
Sperry
Spartan
Spad
Sopwith
Soko
Soedertelge
Socata
Smolik
Slingsby
Skytrader
Skoda
Sjanghai
Sino Sweringen Aircraft
Sino Sweringen
Sino - Swearingen Aircraft
Sino - Swearingen
Silver Arrow
Silvanky
Sikorsky - Agusta
Sikorsky
Siemens - Schuckert
Siebel
Siddeley / Armstrong Withworth
Siddeley
Siai Marchetti / Agusta
Siai - Marchetti
Siai
Showa / Nakajima
Shorts
Short
Shin Meiwa
Shevchenko - Nikitin
Sherpa Aircraft
Sherpa
Shenyang / Nanchang
Shenyang
Shcherbakov
Shavrov
Shaanxi
Seversky
Sepecat
Scottish Aviation Prestwick
Scottish Aviation
Scimitar
Schweizer
Schwade Kampfeinsitzer
Schutte - Land
Schreck
Schneider
Schetinin
Savoia Marchetti
Savoia - Marchetti
Saunders - Roe
Saunders
Saro
Samsung
Salmson - Moineau
Salmson - Bechereau
Sablatnig
Saab
SNECMA
SNCASE
SNAC
SME
SIPA
SCAN
SABCA
S . V . A .
S . I . A . I .
S . I . A . I
S . I . A .
S . A . I . Ambrosini
S . A . I . / Ambrosini
S . A . I . - Ambrosini
S . A . I .
Rumpler
Royal Aircraft Factory
Ross Aircraft
Rohrbach
Rogozarski
Rockwell International
Rockwell Aircraft
Rockwell / DASA
Rockwell - MBB
Rockwell
Robey Peters
Rikugun
Reims - Cessna
Reggiane
Raytheon Aircraft
Raytheon
Radioplane
RFB
RBVZ
RBV
R . W . D .
R . E . P .
Putzer
Promavia
Praga
Potez / Fouga / Aerospatiale
Potez - C . A . M . S .
Potez
Ponnier
Pomilio / Engineering Division
Pomilio
Polikarpov
Platt - Le Page
Plage and Laskiewicz / Lublin
Pitcairn - Larsen
Pitcairn
Piper Aircraft
Piper
Pioneer
Pilatus
Piasecki
Piaggio
Pfalz
Petlykov
Petlyakov
Pereira
Percival
Pembroke
Pemberton - Billing
Pazmany
Paul Schmitt
Pashinin
Parsons
Parnall
Panavia
Packard - Lepere
PZL - Mielec
PZL
PWS
PAC
P . Z . L .
P . W . S .
Oxford
Orenco
Olkhovksy
Oeffag
Northrop Grumman
Northrop / Douglas
Northrop
North American / Rockwell
North American
Norman Thomson
Nord / Aerospatiale
Nord
Noorduyn
Nikitin - Shevchenko
Nihon
Nieuport - Delage
Nieuport
Nielsen &AMP; Winther
Nielsen & Winther
Nestler
Neiva
Navy Curtiss
Navy - Wright
Navy - Curtiss
Naval Aircraft Factory / Curtiss
Naval Aircraft Factory
Naval Aircraft
Nardi
Nanchang
Nakajima / Tachikawa
Nakajima
Naglo
Nagler und Rolz
NVI
NAMC / PAC
NAMC
N . F . W .
Mystere
Myasishchev
Myasichew
Murphy Aircraft
Mureaux
Mroz
Moskalev
Mosca
Morane Saulnier
Morane - Saulnier
Mooney Aircraft
Mooney
Moller
Mitsubishi - MDD
Mitsubishi
Mirage
Millicer Aircraft
Millicer
Miles / Handley Page
Mil
Mikoyan Gurevich
Mikoyan - Gurevich
Mikoyan
Michelson / Nikitin
Messerschmitt
Messerschmidt
Merlin Aircraft
Merlin
Memel
McDonnell Douglas / Hawker Siddeley
McDonnell Douglas
McDonnell - Douglas
McDonnell
Max Holste
Maurice Farman
Martinsyde
Martin / Curtiss
Martin - Marietta
Martin - Baker
Marquardt - Boeing
Marchetti
Marcel Besson
Mann Egerton
Mann &AMP; Grimmer
Mann & Grimmer
Manfred Weiss
Macchi
MIL
MDD / BAe
MDD - Northrop
MDD
MD
MBB
MAVAG
Lycoming
Loring
Loire - Nieuport
Loire - Gourdou - Leseurre
Loire
Lohner
Loening / Keystone
Loening
Lockheed Martin
Lockheed / Aeritalia
Lockheed
Liuchow Kwangsi
Lisunov
Lippisch
Liore et Olivier
Liore - et - Olivier
Liore - Nieuport
Linke - Hoffman
Lewis - Vought
Levy - Biche / Levasseur
Levy - Biche
Levasseur
Letov
Letord
Lebaudy
Learjet / Shin Meiwa
Learjet
Lavochkin, Goudkov and Gorbunov
Lavochkin, Gorbunov and Goudkov
Lavochkin
Laville
Latecoere
Lanzius
Lancair
Lake Aircraft
Laister - Kaufmann
LTV - Hiller - Ryan
LTV
LKOD
LAPIP / LIPNUR
LAPIP
LACAB
L . W . S .
L . W . F .
L . V . G .
L . F . G .
Kyushu
Kurchewski - Lavochkin
Krylov
Kozyov
Kotsjerigin
Korvin
Koolhoven
Kondor
Kokusai
Kocherigin
Knoller
Klemm
Kjeller
Keystone
Kestrel Aircraft
Kestrel
Kellett Aircraft
Kellett - Hughes
Kellett
Kawasaki - NAL
Kawasaki - Lockheed
Kawasaki
Kawanishi
Kamov
Kaman
Kalkert
Kalinin
Kaiser - Fleetwing
Kabaya
Junkers
Israel Aircraft
Irbitis
Imam
Ilyushin
Ikarus
IRGC
IAI / Elta
IAI
I . V . L .
I . C . R .
I . Ae .
I . A . R .
I . A . I .
Hunting Percival
Hunting / Percival / BAC
Hunting
Hughes - Kawasaki
Hughes
Huff - Daland / Keystone
Huff - Daland
Hitachi
Hispano
Hiller
Hill - Westland
Hereter
Henschel
Henry Farman
Henri Farman
Helwan
Heliopolis Aircraft Works
Helio
Helibras
Heinkel / Aichi
Heinkel
Hawker Siddley
Hawker Siddeley
Hawker / BAe
Hawker - Siddley
Hawker
Hansa - Brandenburg
Hanriot
Hannover
Handley Page
Handley - Page
Halberstadt
Hafner
Hafeli
Haefeli
HAL
Gurevich
Gurenovich
Gulfstream Aerospace
Gulfstream
Guizhou
Gudkov
Grumman
Grob
Grigorovitsj
Grigorovich
Grigorivitsj
Gregor (CCF)
Great Lakes
Grahame - White
Gourdou - Leseurre
Gotha
Gorbunov
Goodyear
Goeppingen
Gloster / Armstrong Whitworth
Gloster
Global Express
Gippsland Aeronautics
Gippsland
Germania
Genesis
General Motors / Fisher
General Motors
General Dynamics / McDonnell Douglas
General Dynamics / Lockheed
General Dynamics
General Aviation
General Aircraft
General Airborne
Galvin
Gabardini
GAF
Fuji
Fuiji
Friedrichshafen
Frankfort
Franco - British Aviation
Fouga
Folland
Fokkerwulf
Fokker Wulf
Fokker - Wulf
Fokker - Atlantic
Fokker
Focke - Wulf
Focke - Achelis
Flugzeugbau
Flettner
Fletcher
Fleetwings
Fleetwing
Firestone
Fieseler - Skoda
Fieseler
Fiat / Aeritalia
Fiat - CANSA
Fiat
Felixstowe
Farman / SNAC
Farman
Fairey
Fairchild Republic
Fairchild / Pilatus
Fairchild
Facoke - Achelis
FWA
FVM
FMA
FFA
F . F . V . S .
F + W
F &AMP; W
F & W
European Helicopter
Eurofighter
Eurocopter / NH Industries
Eurocopter
EuroFighter
Euro Fighters
Etrich
Erospace Technologies
Erospace
Erco
Enstrom
English Electric / BAC
English Electric
Engineering Division
Embraer
Edo
EWR - Sud
ENEAR
EH Industries
Dynali
Dornier / Dassault - Breguet
Dornier
Dorand
Donnet - Denhaut
Doblhoff
Doak
DoFlug
Dinfia
Diaz
Diamond Aircraft
Diamond
Dewoitine
Deperdussin
De Monge
De Marcay
De Havilland Canada
De Havilland / Boeing Canada
De Havilland
De Haviland
De Bruyere
Dayton - Wright
Datwyler
Dassault Falcon
Dassault / SABCA
Dassault - Breguet / Dornier
Dassault - Breguet - Dornier
Dassault - Breguet
Dassault
Daimler - Benz
Daimler
DG Flugzeugbau
DFS
D . F . W .
Curtiss - Wright
Curtiss - Orenco
Cox - Klemin
Courtois - Suffit - Lescop
Convair
Consolidated Vultee
Consolidated
Comte
Classic Aircraft
Cierva / Saunders - Roe / Westland
Cierva
Chrysler
Chetverikov
Chengdu
Chance Vought
Chance - Vought
Cessna Aircraft
Cessna
Century Aerospace
Centre / Hanriot
Caudron - Renault
Caudron
Caspar - Heinkel
Caspar
Casa
Caproni / Chiodi
Caproni - Vizzola
Caproni - SABCA
Caproni - Campini
Caproni - Bergamasca
Caproni
Canadian Vickers
Canadian Car and Foundry Co
Canadair
CMASA
CASA / ENEAR
CASA - IPTN
CANT
CAMS
C . A . M . S .
Buscaylet - De Monge
Buscaylet - Bechereau
Britten - Norman
British Aircraft Corporation
British Aircraft
British Aerospace / Hawker Siddeley / De Havilland
British Aerospace
Breguet - Michelin
Breguet
Brantly
Brandenburg
Boulton Paul
Boulton - Paul
Borovkov - Florov
Borel - Boccaccio
Bombardier
Bolkhovitinov
Bolchovitinov
Boieng - Vertol Meriodinali
Boeing - Vertol / Kawasaki
Boeing - Vertol
Boeing - Stearman
Boeing - Sikorsky RA
Boeing
Blohm und Voss
Bleriot - SPAD
Bleriot
Blackburn / Hawker Siddeley
Bisnovat
Besson / ANF - Mureaux
Besson
Bernard / Screck
Berliner / Joyce
Berliner - Joyce
Berkmans
Beriev
Bereznyak - Isaev
Bensen
Bemes Mraz
Belyayev
Bellance
Bellanca
Bell Helicopter
Bell - Boeing
Bell
Beechcraft
Beech
Beagle
Bartini - Beriev
Bartini
Bakshayev
BFW
BAe / Scottish Aviation
BAe / Hawker Siddeley
BAe
BAE
BAC / BAe
BAC
B . A . C .
Avro Canada
Avro
Avions Fairey
Aviatik
Aviat Aircraft
Aviat
Avia / Letov
Avia
Austin - Ball
Atlas / Denel
Atlas
Ateliers - Aeronautiques d'Issy - Moulinaux
Arsenal - Delanne
Army Curtiss
Armstrong Whitworth
Armstrong Whithworth
Armstrong Siddeley
Armstrong - Whitworth
Armstrong - Siddeley
Arkhangelsky
Archangelsky
Arado
Ansaldo
Angel Aircraft
Angel
Anbo
Anatra
Amtorg
Amiot
American Helicopter
Alter
Albatross / Focke Wulf
Albatross
Airwave Gliders
Airwave
Airtech
Airspeed
Airco
Airbus Industries
Airbus Industrie
Airbus
Aichi
Agusta - Bell
Aerotec
Aerospatiale / Aeritalia
Aerospatiale - Westland
Aerospatiale
Aerospatial Group
Aerospatial
Aerospace
Aeronca
Aeromarine
Aerojet General
Aerodesign
Aerocommander
Aerocentre / SNCAC
Aerocentre
Aero
Aermacchi
Aeritalia / Chrysler
Aeritalia - Embraer - Aermacchi
Aerienne
Aerfer - Aermacchi
Aerfer
Advance Aerodynamics
Adamoli - Cattani
ANF - Mureaux
AIDC
AGA Aviation
ACA - Zeebrugge
AASI
A . G . O .
A . E . G .
A . D . C .
A . D .

