Air Sao Tome &AMP; Principe
Air Sao Tome & Principe
Air Rwanda
Air Ruidoso
Air Routing International
Air Reunion
Air Resorts Airlines
Air Rarotonga
Air Queensland
Air Paraguay
Air Panama International
Air Pacific
Air Ontario
Air One
Air Nova
Air North America
Air North
Air Niugini
Air Nippon Co
Air Niagara
Air Newark
Air New Zealand
Air New Orleans
Air Nevada
Air Nelson
Air Nauru
Air National
Air Namibia
Air N . S . W .
Air Muskoka
Air Moorea
Air Mongol - Miat
Air Molokal Tropic Airlines
Air Moldova International
Air Midwest
Air Melanesiae
Air Mauritius
Air Mauritanie
Air Martinique
Air Maritius
Air Malta
Air Mali
Air Maldives
Air Malawi
Air Madagascar
Air Lowveld
Air Littoral
Air Link
Air Limousin
Air Liberte
Air Liberia
Air Lanka
Air L . A .
Air Korea
Air Kenya Aviation
Air Kentucky
Air Jet
Air Jamaica
Air Ivoire
Air Inuit
Air Inter
Air Integra
Air India
Air Hudik Ab
Air Hong Kong
Air Holland
Air Haiti
Air Guinee
Air Guadeloupe
Air Georgia
Air Gabon Cargo
Air Gabon
Air Furness
Air France
Air Foyle
Air Florida
Air Exchange
Air Europe
Air Europa
Air Espana
Air Engiadina
Air Ecosse
Air Djibouti
Air Creebec
Air Corse
Air Comores
Air China
Air Charter Systems
Air Caribe International
Air Cargo Carriers
Air Cargo America
Air Cape
Air Canada
Air Caledonie International
Air Caledonie
Air Bvi
Air Business I / S
Air Burundi
Air Burkina
Air Bridge Carriers
Air Botswana
Air Berlin
Air Belgium International
Air Aurora
Air Atlantis
Air Atlantiqua
Air Atlantic
Air Atlanta
Air Aruba
Air America
Air Alma
Air Alliance
Air Algerie
Air Afrique
Air Affaires Afrique
Air 2000 Southline
Air 2000
Air - Lift International
Air - Lift Associates
Aigle Azur
Agderfly
Africana Air
Affretair ( Private )
Aerpvoas
Aerovias de Mexico S . A . de C . V .
Aerovias Venezolanas
Aerovias Nacionales de Colombia
Aerovias Colombianas
Aerotransportes Entre Rios
Aeroservicios Ecuatorianos C . A .
Aeroquetzal Gutaemalan International
Aeroperias
Aeropelican Intercity Commuter Air
Aeronaves del Peru
Aeron International Airlines
Aeromar C . Por . A .
Aerolineas Nicaraguenses
Aerolineas Nacionales del Ecuador
Aerolineas El Salvador
Aerolineas Dominicanas
Aerolineas Centrales de Colombia
Aerolineas Argentinas
Aerolinea Federal Argentina
Aeroleasing
Aeroflot
Aerochago Airlines
Aerocaribe
AeroPeru
AeroMexico
Aero Zambia
Aero Virgin Islands
Aero Uruguay
Aero Trasporti Italiani
Aero Transportes Panamenos
Aero Lloyd Luftverkehrsgellschaft
Aero Dynamics
Aero Costa Rica
Aero Coach Aviation International
Aero California Servicios Aereos
Aero California
Aero
Aerial Transit
Aer Lingus
Aer Arann Teo
Adria Airways
Adastra Aviation
Action Airlines
Aces Airlines
AVIATECA
AVIACO
AVENSA
ARKLA
ARCA
ALM - Antillean Airways
AFC
ACS
ACES
A / S Norving
A / S Conair
A / S Air - X
40 - Mile Air
