Zimex Aviation
Zimbabwe Express
Zephyr Aviation Services
Zantop International Airlines
Zambia Airways
ZAS Airline of Egypt
Yute Air Alaska
Yutana Airlines
Yemenia Yemen Airways
Yemen Airways
Wright Air Service
Wrangell Air Service
Worldways Canada
World Airways
Wise Airlines
Wings of the World
Wings of Alaska
Wings West Airlines
Wing Airways
Windward Islands Airways
Wilderness Airlines
Wild Coast Air
Wilburs Flight Operations
Wideroe 'S Flyveselskap A / S
Westpac Airlines
Westkustenflug
Western New South Wales Airlines
Westates Airlines
Westair Commuter Airlines
West Coast Airlines
West Air Express
West African Airways
Waterwings Airways ( Te Anau )
Wardair
Walkers Cay Airline
Wairarapa Airlines
Waglisla Air
WTC Airlines
WRA
Voyageur Airways
Viva Air
Viscount Air Service
Virgin Islands Seaplane Shuttle
Virgin Atlantic Airways
Virgin Air
Vietnam Airlines
Vieques Air Link
Viacao Aerea Sao Paulo
Viacao Aerea Rio - Grandense
Venezolana Internacional de Aviacion
Vayudoot
Varig Brazilian
Varig Airlines
Varig
Valley Airlines
Valley Air Services
VIASA Venezuelan
VIASA
VASP
Uzbekistan Airways
Universe Air Cargo
Universal Airways
Universair
United Parcel Service
United Airlines
Union de Transports Aeriens
Unifly Srl
Ultra Air
Ukraine International Airlines
Uganda Airlines
UTA
USAir
USAIR
US Express
Tyrolean Airways
Tyee Airways
Turtle Airways
Turkish Airlines
Turk Hava Yollari
Tunisiavia - Societe de Transportes Services
Tunis Air
Trump Air
Tropical Helicopter Airways
Tropical Airways
Tropic Air
Trinidad &AMP; Tobago Bwia International
Trinidad & Tobago Bwia International
Trillium Air
Tri Air
Transwede Ab
Transtar Airlines
Transporti Aerei Speciali S . R . L .
Transportes Aereos de Guine - Bissau
Transportes Aereos de Cabo Verde
Transportes Aereos da Guine - Bissau
Transportes Aereos Regionais
Transportes Aereos Nacionales Ecuatorianes
Transportes Aereos Nacionales
Transportes Aereos Mercantiles
Transportacion Aerea Mexicana
Transport Aerien Transregional
Transkei Airways
Transcorp Airways
Transbrasil S . A . Linhas Aereas
Transbrasil International
Transavio
Transavia Holland
Trans World Airlines
Trans North Aviation
Trans Mo Airlines
Trans Mediterranean Airways
Trans Jamaican Airlines
Trans International Airlines
Trans European Airlines
Trans Continental Airlines
Trans Arabian Air Transport
Trans Air
Trans - Provincial Airline
Trans - Jamaican Airlines
Trans - Air - Link
Tradewinds Pte
Tradewinds Airways
Tower Air
Toros Airways Sytem
Time Air
Tillair
Theron Airways
The Lords Airline
Thai International Airways
Thai Airways International
Thai Airways Company
Thai Airways
Texas National Airlines
Texas International Airlines
Tennessee Airways
Temsco Helicopters
Tempus Air
Tempelhof Airways
Tarom Romanian Air
Taquan Air Service
Tap Air Portugal
Tanana Air Service
Tampa Airways
Tame Equador
Talia Hava Yollari
Talia Airways
Talair
Tajik International Airlines
Taiwan Airlines
Taca International Airlines
Taca International
TPI International Airways
THY Turkish Airlines
TAS
TAROM
TAM
TAESA
TAAG
Syrian Arab Airlines
Swissair
Swiss Air Transport
Swedewings
Swedair
Surinam Airways
Sunworld International Airways
Sunstate Airlines
Sunshine Aviation
Sungold Airlines
Sunflower Airlines
Sunbird Airlines
Sunaire
Sun Pacific Airlines
Sun Country Airlines
Sun Coast Airlines
Sumo Airlines
Sudavia Fluggesellschaft
Sudan Airways
Suckling Airways
Suburban Airlines
Sterling Airways
Staywood Airlines
Stateswest Airlines
State Air
Spirit of America Airlines
Spanair
Southwest Airlines
Southern Jersey Airways
Southern Express
Southern Air Transport
Southern Air
Southcentral Air
South Pacific Island Airways
South African Airways
Somali Airlines
Solomon Islands Airways
Solomon Airlines
Societe Nouvelle d ' Exploitation Air Provence
Societe Minerve
Sociedad Ecuatoriana de Transportes Aereos L
Sociedad Aeronautica de Medellin Consolidada
Sociedad Aeronautica de Medellin
Sociedad Acoriana de Transportes Aereos
Skyworld Airlines
Skywest Airlines
Skyways of Scandinavia
Skywalker
Skystar International
Skylink Airlines
Skyfreighters
Skycraft Air Transport
SkyWest Airlines
SkyWest
Sky West Airlines
Skagway Air Service
Singleton Air Service
Singapore Airlines
Simmons Airlines
Silver Kris Services
Silkair
Sierra Vista Aviation
Sierra Nevada Airways
Sierra National Airlines
Sierra Mountain Airways
Shuswap Flight Center
Sfair Sarl
Servios de Transportes Aeros Fueguinos
Servicios de Carga Aerea
Servicios Especiales Navigacion Espacio Aere
Servicios Aereos Nacionales
Servicios Aereos Naciconales
Servicios Aereo de Honduras
Sempati Air Transport
Sector Airlines
Seair Alaska Airlines
Seagull Air Service
Seagreen Air Transport
Scibe Airlift
Scenic Airlines
Scanjet
Scandinavian Airlines System
Scanair As
Saudi Arabian Airlines
Saudi - Arabian Airlines
Satena
San Juan Airlines
Salair Ab
Salair
Sahsa Airlines
Safe Air
Saeta Airlines
Saber Aviation
Sabena Belgian Airlines
Sabena
Sabair Airlines
SFO Helicopter Airlines
SERCA
SAS
SANSA
SAHSA
SAETA
Ryanair Europe
Ryanair
Ryan International
Ryan Aviation
Ryan Air Service
Russow Aviation
Royale Airlines
Royal West Airlines
Royal Swazi National Airways
Royal Nepal Airlines
Royal Maroc Airlines
Royal Jordanian
Royal Brunei Airlines
Royal Air Maroc
Royal Air Inter
Royal Air Cambodge
Rover Airways Dba Air Express
Rover Airways
Rottenest Airbus
Ross Aviation
Rosenbalm Aviation
Romanian Air Transport
Roland Air
Rocky Mountain Airways
Rio Airways
Rio - Sul Servicos Aereos Regionals
Richards Aviation
Rich International Airways
Rich International Airlines
Rfg - Regionalflug
Resort Commuter
Resort Air
Regionalflug
Region Airways
Regency Airways
Reeves Air
Reeve Aleutian Airways
Reef World Airlines
Raven Air
Ransome Airline
Qwest Commuter
Quebecair
Quebec Aviation
Quatar Airways
Qantas Airways
Ptarmigan Airways
Provincetown Boston Airlines
Propheter Aviation
Propair
Promair Australia
Pro Air Services
Private Jet Services
Private Jet
Princeton Air Link
Primeras Lineas Uruguayas de Navigacion Aere
Prime Air
Pride Air
Presidential Airways
Premiere Airlines
Precision Airlines
Polynesian Airlines
Polskie Linie Lotnicze
Polish Airlines
Polar International Airlines
Pocono Airlines
Pilgrim Airlines
Piedmont Aviation
Piccolo Airlines
Phillipine Airlines
Philippine Air Lines
Perimeter Aviation ( Island )
Perimeter Aviation
People Express Airlines
Pennsylvania Airlines
Peninsula Airways
Pemair
Pelita Air Service
Paramount Airways
Paradise Island Airlines
Panorama Air
Panair
Pan American World Airways
Pan Am Shuttle
Pan Am Express
Pakistan International Airlines
Pakistan International
Pacifica Air
Pacific Western Airlines
Pacific Southwest Airlines
Pacific Interstate Airlines
Pacific Alaska Airlines
Pacific Air Express
PBA
P . T . Mandala Airlines
Oxley Aviation
Otter Air
Ostfriesische Lufttransport
Ostermans Aero
Orion Airways
Ontario Express
Oman Aviation
Olympic Airways
Olson Air Service
OLT
Nyge - Aero
Nuernberger Flugdienst
Northwestern Air Lease
Northwest Territorial
Northwest Airlines
Northland Air Manitoba
Northland Air Cargo
Northern Air Cargo
North Solomons Air Services
North American Airlines
Norskair
Norontair
Norlandair
Norfolk Airlines
Nordeste - Linhas Aereas Regionals
Nordair Metro
Nippon Cargo Airlines
Nile Safaris Aviation
Nigeria Airways
Nica Airlines
Newfoundland &AMP; Labrador Air Trans
Newfoundland & Labrador Air Trans
Newair Airservice
New York Helicopter
New York Air
New Frontiers
New England Airlines
Netherlines
Nepal Airways
National Commuter Airways
National Airlines
Nationair Canada
Naske - Air
Nantucket Airlines
Namib Air
Namakwaland Lugdiens Beperk
NPA
NLM Dutch Airlines
Myanmar Airways
Muk Air
Mount Cook Airlines
Morgan
Monarch Airlines
Misr Overseas Airways
Minerve Canada
Millon Air
Military Airlift Command
Midwest Express Airlines
Midwest Express
Midwest Aviation
Midway Airlines
Midtfly
Midstate Airlines
Midstar Airlines
Middle East Airlines Airliban
Middle East Airlines
Midcontinent Airlines
Michigan Peninsula Airways
Michigan Aviation
Mexicana Airlines
Mexicana
Metroflight Airlines
Metro Express
Methow Aviation
Mesaba Airlines
Mesa Airlines
Merpati Nusantara Airlines
Maya Airways
Maui Airlines
Martinair Holland
Martinair
Markair
Manx Airlines
Manu'a Air Transport
Mandarin Airlines
Mammoth Air Shuttle
Mall Airways
Malev Hungarian
Malev - Hungarian Airlines
Malaysian Airlines System
Malaysian Airlines
Malaysia Airlines
Majestic Airlines
Magnum Airlines
Maersk Air
Macknight Airlines
MST Aviations
MST Aviation
MIAT - Mongolian Airlines
MGM Grand Air
Luxair
Lufttransport Unternehmen
Lufthansa German Airlines
Long Island Airlines
Lone Star Airlines
London City Airways
Loganair
Lloyd Air
Lloyd Aero Boliviano
Lloyd Aereo Boliviano
Lionair
Link America
Linjeflyg
Linhas Sereas de Mocambique
Linhas Aereas de Angola
Linee Aeree Italiane
Lineas Aereas del Estado
Lineas Aereas del Caribe
Lineas Aereas Privadas Argentinas
Lineas Aereas Paraguayas
Lineas Aereas Costarricenses
Linea Aeropostal Venezolana
Linea Aerea del Cobre S . A . Ladeco
Linea Aerea Nacional - Chile
Lina Congo
Ligacoes Aereas Regionals
Liberty Express
Liat
Lesotho Airways
Lebanese Helicopter
Lebanese Air Transport
Leadair Jet Service
Lauda Air Luftfahrtgesellschaft
Lauda Air
Larry's Flying Service
Laredo Air
Lao Aviation
Lan Chile Airlines
Lan Chile
Laker
Lake Union Air
Ladeco Airlines
Ladeco
Lacsa Airlines
Labrador Airways
LTU International Airways
LTE International Airways
LOT
LAR
LAPA
LAP
LAM
LACSA
LAB
LA Helicopter Airline
L . A . B . Flying Service
Kyrghyzstan Airlines
Kuwait Airways
Kuwait Airlines
Korean Air
Kitty Hawk Airlines
King Flying Service
Keystone Air Service
Key Airlines
Ketchikan Air Service
Kenya Airways
Kenosha Aero
Kenn Borek Air
Kenmore Air Harbor
Kenmore Air
Kendell Airlines
Keewatin Air
Kazakhstan Airlines
Kar - Air O / Y
Kabo Air
KLM Royal Dutch Airlines
KIWI International Airlines
Jugoslovenski Aerotransport
Jetstream International Airlines
Jetall
Jet Frete
Jet Express
Jet Executive International Airlines
Jet East International Airlines
Jet 24 International Airways
Jersey European Airways
Japan Asia Airways
Japan Airlines Company
Japan Airlines
Japan Air System Company
Japan Air Commuter
Janair
Jamaica Air Freighters
Jamahiriya Libyan Arab Airlines
JAT
Istanbul Airlines
Israeli Airlines
Islander Air
Island Airlines
Island Air
Iraqi Airways
Iran Air
Ipec Aviation
Iowa Airways
Iona National Airways
Interstate Airlines
Interot Air Service
International Parcel Express
Internacional De - Aviacion
Interflug Gmbh
Intercontinental de Aviacion
Inter European Airways
Indian Airlines
Independent Air
Imperial Airlines
Iliamna Air Taxi
Icelandair
Iceland Airlines
Icarus Flying Service
Iberia Lineas Areas de Espana
Iberia
IPX
INAIR
ICB International Airlines
Hub Express
Horizon Airlines
Hong Kong Dragon Airlines
Holmstroem Air
Holiday Airlines
Hispaniola Airways
Hispania Lineas Aereas
Hermans / Markair Express
Henson Aviation
Helijet Airways
Heli Air Monaco
Heli - Transport
Helgi Jonsson Air Taxi
Heavylift Cargo Airlines
Hazelton Airlines
Hawaiian Airlines
Hawaiian Air Tour Service
Havasu Airlines
Harbor Airlines
Harbor Air Service
Hapag Lloyd Fluggesellschaft
Hapag Lloyd
Hang Khong Vietnam
Hammonds Air Serevice
Hamburg Airlines
Haiti Trans Air
Haiti National Airlines
Haines Airways
Guyana Airways
Gulfstream Airlines
Gulf Air Transport
Gulf Air Company
Gulf Air
Guinee Airlines
Guernsey Airlines
Greenlandair
Great Lakes Aviation
Grand Canyon Helicopters
Grand Canyon Airlines
Golden Pacific Airlines
Global International Airways
Giyani Airways
Ghana Airways
Germania Fluggesellschaft
German Cargo Service
Georgian Bay Airways
Gemini Airlines
Gas Air Cargo
Garuda Indonesian Airways
Garuda Indonesia
Gambia Airways
Gambia Air Shuttle
Gamair
Galena Air Service
GP Express Airlines
GCS Air Services
GB Airways
Frontier Flying Service
Frontier Airlines
Frontier Air
Frindly Islands Airways
Friendship Air Alaska
Freedom Air
Florida West Airlines
Florida National Airline
Florida Express
Flinders Island Airlines
Flightways Air Service
Flight West Airlines
Flight Line D / B / A / Southern Airways
Flandre Air
Flamenco Airways
Five Star Airlines
First Air
Finnaviation
Finnair O / Y
Finnair
Fiji Air
Federal Express
Faucett Airlines of Peru
Faucett
Fast Air Carriera
Far Eastern Air Transport
Falcon Cargo
Express Airlines
Express Air
Executive Jet Aviation
Executive Airlines
Executive Air Charter
Execaire
Exec Express
Evergreen International Airlines
Evergreen Helicopters
Evergreeen Alaska
Eva Airline
Europe Aero Service
Euroair Transport
Euro Air Helikopter Service
Ethiopian Airlines
Ess Luftfahrtunternehmnen
Era Helicopters
Equatorial - International Airlines
Equator Airlines
Envirosales
Enterprise Airlines
Empresa de Transportes
Empresa Guatemalteca de Aviacion
Empresa Ecuatoriana de Aviacion
Empresa Consolidada Cubana de Aviacion
Empire Airways
Emirates Airline
Emery Worldwide
Emerald Air
El Al Israel Airlines
El Al Airlines
Egyptair
Egypt Air
Ecuato Guineana de Aviacion
Eastern Australia Airlines
Eastern Air Lines
Eastair
East Hampton Aire
East - West Airlines
Eas Cargo Lines
Eagle Aviation
Eagle Air
EVA Airways
Dynamic Air
Druk Air
Druk - Air
Douglas Airways
Dorado Wings
Dominicana Airlines
Dominicana
Dominair
Direct Air
Deutsche Rettungsflugwacht
Deutsche Luftverkehrsgesellschaft
Deutsche Lufthansa
Delta Airlines
Delta Air Regional Flugverkehr
Danair
Dan - Air Services
Dairo Air Services
Daallo Airlines
DLT
DHL Airlines
Cyprus Turkish Airlines
Cyprus Airways
Cumberland Airlines
Cubana Airlines
Cruzeiro do Sul S . A . Servicios Aereos
Crown Airways
Crown Air
Crossair
Crane Air
Corse Air International
Cook Islands International Airlines
Cook Islandair
Cook Inlet Aviation
Continental Micronesia
Continental Airlines
Contactair Flulgdienst
Conquest Airlines
Connie Kalitta Services
Conner Air Lines
Connectair
Condor Flugdienst
Compania de Aviacion Regional del Mediterran
Compania de Aviacion Regional Para Canarias
Compania de Aviacion Faucett
Compania Spantax
Compania Panamena de Aviacion
Compania Mexicana de Aviacion
Compania Dominicana de Aviacion
Compagnie Aeromaritime D'Affretement
Compagnia de Aviacion Regional de Andalucia
Commuter Express
Commercial Airways
Command Airways
Comair
Colgan Airways
Cohlmia Aviation
Coastal Airways
Coastal Air Transport
Coast Air Charter
Coast Aero Center
Clubair
City Express
Citi Air
Ciskei International Airways
Circle Air Freight
Cimber Air
Christman Air System
Chosonminghang Korean Airways Dpr of Korea
China United Airlines
China Southwest Airlines
China Southern Airlines
China Northwest Airlines
China Northern Airlines
China General Aviation
China Eastern Airlines
China Airlines
Chilcotin - Cariboo Aviation
Chicago Airlines
Chdster County Air
Chautaugua Airlines
Chapparral Airlines
Channel Flying
Channel Express Air Services
Challenge Air Cargo
Chalk's International Airline
Ceskoslovenske Aerolinie
Central American Airlines
Cayuga Air
Cayman Airways
Catskill Airways
Cathay Pacific Airways
Cathay Pacific Airlines
Cathay Pacific
Catalina Vegas Airlines
Casair Aviation
Carribbean Airways
Carolina Commuter System
Carnival Airlines
Caribbean Express
Caribbean Air Transport
Caribbean Air Cargo
Cargolux Airlines
Cargo Airlines
Capitol Air Service
Capitol Air
Capital Airlines
Cape Smythe Air Service
Cape Smythe
Cape Air
Canafrica Transportes Aereos
Canadian Airlines International
Canadian Airlines
Cameroon Airlines
Camai Air
Cal Air International
Caicos International Airways
CSA - Czechoslovak Air
CSA
COPA
CF Air Freight
C and M Aviation
C . C . S .
Business Express
Business Air Travel
Burrard Air
Burma Airways
Buffalo Airways
Brymon Airways
Brockway Air
Britt Airways
British Midland
British Island Airways
British International Helicopters
British Airways
British Air Ferries
Britannia Airways
Brit Air
Brasil Central Linha Aerea Regional
Braniff
Braathens South American And Far East Air
Bouraq Indonesia Airlines
Borinquen Air
Bopair
Bogazici Hava Tasimaciligi
Bo - S - Aire Airlines
Blackhawk Airways
Birmingham Executive Airways
Biman Bangladesh Airlines
Biman Bangladesh
Big Sky Airways
Big Sky Airlines
Big Island Air
Berlin Regional Uk
Bering Air
Bemidji Airlines
Bellair
Bell - Air Intercity Commuter Airlines
Belize Air International
Belavia
Bearskin Lake Air Service
Barrow Air
Bar Harbor Airways
Bankair
BankAir Commuter
Balkan Airlines
Balkan - Bulgarian Airlines
Balair
Baker Aviation
BahamasAir
BWIA Airlines
BAS Airlines
Azerbaijan Hava Yollary
Aviogenex
Aviateca
Avianova
Avianca Airlines
Avianca
Aviair Aviation
Aviacion Y Comercio
Avia Ab
Avensa - Servicios
Avensa
Avair
Austrian Airtransport
Austrian Airlines
Austrian Air Services
Australian Airlines
Australia Asia Airlines
Australasian Airlines
Austral Lineas Aereas
Austin Airways
Aus - Air
Aurigny Air Services
Augusta Airways
Audi Air
Atlantis Airlines
Atlantic Southeast Airlines
Atlantic Airways Faroe Islands
Atlantic Airlines
Aspen Airways
Asiana Airlines
Asiana
Asia Pacific Air Cargo
Arubair
Arrow Air
Arosflyg - Air X . K . B .
Armstrong Air Service
Armenian Airlines
Arkia - Israel Inland
Ariana Afghan Airlines
Arctic Cicle Air Seervice
Arabair Cargo
Aquila Air
Aquatic Airways
Apa International Air
Ansett W . A .
Ansett New Zealand
Ansett N . T .
Ansett Airlines of Australia
Ansett Airlines
Angola Airlines
Anglo Airlines
Amerijet International
American Trans Air
American Eurocopter
American Eagle
American Airlines
America West Airlines
Alyemda Dem . Yemen Airlines
Altus Airlines
Altair Linee Aeree
Alpine Aviation
Alpha Air
Aloha Island Air
Aloha Airlines
Aloha Air
Alm - Antillean Airlines
Allilance Airlines
All Seasons Air Pacific
All Nippon Airways
Alkan Air
Alitalia
Alisarda Spa
Aliblu Airways Spa
Alaska Island Air
Alaska Airlines
Alas de Transporte Internacional
Alas Nacionales
Akubird Soa
Aklak Air
Airways International ( Cymru )
Airways International
Airway Express
Airtransit
Airspeed Aviation
Airpac Airlines
Airpac
Airlines of Tasmania
Airline of The Marshall Islands
Airlec
Aires
Airborne of Sweden
Airborne Express
Air Zimbabwe
Air Zaire
Air Wisconsin
Air Vendee
Air Vanuatu
Air Ukraine America
Air UK
Air Turks &AMP; Caicos
Air Turks & Caicos
Air Tungaru
Air Transat
Air Train
Air Trails
Air Today
Air Tchad
Air Tanzania
Air Tahiti
Air Swazi Cargo
Air Sunshine
Air St Thomas
Air St . Vincent
Air St . Pierre
Air St . Barthelemy
Air South
Air Sinai
Air Seychelles
Air Senegal
Air Sedona
Air Schefferville
Air Satellite
Air Sardinia Spa
Air Sao Tome &amp; Principe
