Westchase Hilton Heliport
West 30 th Street Heliport
Tri - City
Town and Country Heliport
Tanegashima Space Center
Stansted
Sea Plane Base
Scottsdale Municipal
Schonefeld
Schiphol
Saddam International
Roswell
Roberts International
Pomona Field
Paris Charles de Gaulle
Paris Charles De Gaulle
Orly
O'Hare International
O'Hare
North Air Terminal
New York JFK International
New York JFK
National
Namao Field
Municipal
Mohamed V
Mirabel International
Mirabel
Midway
Merrill Field
Merill C . Meigs
Luton
Love Field
Long Island Macarthur
La Guardia
LAX
Kennedy Space Center
Kansai International
John F . Kennedy International
JFK International
JFK
Internacional
Hull Field
Heliport de Paris
Heliport De Paris
Heathrow
Hahaya International
Guarulhos International
Greenway Plaza Heliport
Glenn L . Martin
Gatwick
Entebbe
Edmonton Albert International
East 60 th Street Heliport
East 34 th Street Heliport
Dulles International
Dulles
Downtown Manhattan Heliport
Downtown Heliport
Dorval International
Detroit City
Cuddihy Field
City Heliport
China Basin Heliport
Charles de Gaulle
Charles De Gaulle
Cane Field
Cabaniss Field
Boeing Field
Berlin Schonefeld
Aeroporte Charles de Gaulle
Aeroporte Charles De Gaulle
Aéroport Charles de Gaulle Etoile
Aéroport Charles de Gaulle Etoile