Zodiac
Zebec Inflatable Boats
Young Brothers
Yamaha Commercial Fishing Boats
Yamaha Boats Century, Cobia, Skeeter
Yamaha Boats
Yamaha
Xpress Aluminum Welded Boats
Winninghoff
WindJet
West Bay Sonship Yachts
Weldcraft Marine
Viking
Velocity
Ultimate Warlock Boats
Twin Anchors Marine
Trinton Boats
Trefjar
Trail Boss Airboats
Toyota Marine Sports
TomCat Catamarans C-Dory Boats
Tohatsu
Tinker Inflatabile Dinghy
Tige Ski Boats
Tides Boatworks
Tiara Yachts
Team Mastercraft
Sylvan Marine
Suzuki
Superboats
Sundancer Pontoons
Sun Tracker Pontoon Boats
Sumerset Houseboats
Storebro Royal Cruisers
Stolkraft
Stingray Boats
Stena HSS Fast Ferry
Stardust Enterprises Pontoon Boats
Stanley Boats
Stamas Yacht
Stamas
ST Marine
Sprint Boats
Smoker Craft
Smelne Netherlands
Skeeter Bass Boats
Shamrock Boats
Sevlor Inflatabiles
Seebold
SeaRay
Sea Eagle Inflatables
Sea-Doo Jet Boats
Scout Boats
Scorpion Powerboats
Sabre Yachts
Ruban bleu Electric Boats
Rosborough Boats
Rinker
Richardson Wooden Boats
Regal Boats
Reed Craft
Ranger Boats
Quicksilver Inflatables
Queenship Yachts
Pursuit Fishing Boats
Prout Catamarans
ProMaster Boats
Proline Boats Users Group
Proline Boats
Princess Yachts
Premier Marine Pontoon Boats
Powerquest Boats
Playbuoy Pontoon Boats
Phoenix Marine
Penn Yan
Pemaquid Beach Boat Works
Patio Cruisers
Paragon Mann Boats
Panther Airboats
Palmer Johnson Yachts
OMC Express
OMC Boats
Ocke Mannerfelt Design
Oceanfast Yachts
Ocean Alexander Motor Yachts
Nova Marine
Nouvelle Vague Design
Nordic Tug Boats
Nissan
Nimbus
Nautica
Nakoi Boats
Moomba Ski Boats
Monterey Boats
Monte Fino Yachts
Mirage Manufacturing
Mirage Boats
Mikelson Yachts
Mediterranean Yachts
Maxum
Maverick Boats
Mastercraft
Marlin Inflatables
Marian Boat Works
Mariah
Mares Yachts & Power Cats
Mares
Marada
Manta Ray Boats
Manitou Pontoon Boats
Malibu Boats
Mako Inflatables
Mahogany Masters
Magnum Marine
Magic Powerboats
Madsen Boatworks
M & L Yachts
Lurssen Yachts
Lund
Luhrs
Logic Boats
Legend Boats
LeClercq Marine Yachts
Larson Boats
Lagoon Catamaran
Krogen Trawlers
Kilker & Taylor Sportfishing Yachts
Kadey-Krogen Yachts
Jersey Marine Industries
Jefferson Yachts
Jeanneau
Javelin Boats
Island Gypsy
Iris Catamarans
Image Marine Group
Hydra Tech Catamarans
Hydra-Sports
Hustler
Hewes Light Tackle Skiffs
Her Shine Marine
Hawaiian Sea Cat
Harbercraft
Gulf Craft
Guimond Boats
Great Harbour
Grandbanks
Grand Banks
Grady White
Godfrey Marine
Glastron
Glacier Bay Catamarans
Gibson
Genmar
General Marine
Gemini Inflatables
Fun Country Marine
Fountain Boats
Fortier Boats
Formula
Folding Portable Boat
Flats Cat Boats
Feadship Yachts
Fairline Yachts
Excelle Ski Boats
Engelaer Yachts
Ellis Boat Company
Elco
EcoCraft Mahogany Powerboats
Dusky Marine
Duckworth Boat Company
Double Eagle Boat
Doral Boats
Donzi Marine
Donelle Boat Builder
Dock Holidays House Boats
Diva Royal
Design Concepts Aluminum Boats
Desert Shore Houseboats
Des Champ & Jackson Boatbuilders
Delta Yachts
Delta
Davis Boats
David Lewis Yachts
Dante Yacht
Custom Weld Jet Boats
Crusader Custom Boats
Cruisers Yachts
Crownline
Crestliner
Covey Island Boatworks Yachts
Cougar Custom Boats
Cougar Catamarans
Correct Craft
Condor
Colvic Craft
Cobia Sport and Fishing Boats
Cobalt
Chris Craft
Chaparral
Champion Boats
Catamaran Enterprises
Catamaran Cruisers
Carver Yachts
Carri Craft Catamarans
Carolina Skiff
Caribe Inflatables
Caravelle Boats
Campion Marine
Calabria
Cabriolet Royale
Cabliolet Royale
C-Dory Boats
Burger Boats
Bullet Boats
Buckles Hard Boatbuilders
Bryant Boats
Breeze Yachts
Boston Whaler
Blazer High Performance Boats
Black Watch Boats
Bentz River Jetboats
Beneteau
Bayliner
Barnet Marine
Baja
Baia
Avon
Astromar Astilleros
Astro Boats
Aspo Aluminum Workboats
Armstrong Marine
Arima Marine International
Argo Offshore Race Boats
APEX
American Skier
American Pontoon Boats
Alnmarin Aluminum Workboats
Alnmarin Aluminum Vessels
Albemarle Sport Fishing Boats
Adventure Craft House Boats
Advantage Boats
Admiral Marine Works
Action Craft
Achilles
Abeking & Rasmussen
ABCO Industries

