Yugo
Volvo
Volkswagen
Vauxhall
TVR
Triumph
Trabant
Toyota
Talbot
Suzuki
Subaru
Ssangyong
Skoda
Seat
Saturn
Sao
Saab
Rover
Rolls Royce
Rolls - Royce
Rolls-Royce
Renault
Renault 19
Renault Clio
Reliant
Proton
Porsche
Pontiac
Plymouth
Peugeot
Opel
Oldsmobile
Nissan
Morris
Morgan
Mitsubishi
MG
Mercury
MercedesBenz
Mercedes Benz
Mercedes - Benz
Mercedes-Benz
Mercedes
Mercédès
McLaren
Mclaren
Mazda
Maserati
Marlin
Marcos
Macneillie
Lotus
Lincoln
Leyland
Lexus
Land Rover
Lancia
Lamborghini
Lada
Kia
Jeep
Jaguar
Isuzu
Infiniti
Hyundai
Honda
Hillman
Gowrings
GM
Geo
General Motors
FSO
Ford
Ford Escort
Fiat
Ferrari
Eagle
Dodge
De Tomaso
Datsun
Daimler
Daihatsu
Daewoo
Dacia
Citreon
Chrysler
Chevvy
Chevrolet
Caterham
Cadillac
Buick
British Leyland
Bristol
BMW
Bentley
Austin
Audi
Aston Martin
Aston-Martin
Alfa Romeo
Alfa-Romeo
Acura
YUGO
VOLVO
VOLKSWAGEN
VAUXHALL
TVR
TRIUMPH
TRABANT
TOYOTA
TALBOT
SUZUKI
SUBARU
SSANGYONG
SKODA
SEAT
SATURN
SAO
SAAB
ROVER
ROLLS ROYCE
ROLLS - ROYCE
ROLLS-ROYCE
RENAULT 19
RENAULT CLIO
RENAULT
RELIANT
PROTON
PORSCHE
PONTIAC
PLYMOUTH
PEUGEOT
OPEL
OLDSMOBILE
NISSAN
MORRIS
MORGAN
MITSUBISHI
MG
MERCURY
MERCEDESBENZ
MERCEDES BENZ
MERCEDES - BENZ
MERCEDES-BENZ
MERCEDES
MERCéDèS
MCLAREN
MCLAREN
MAZDA
MASERATI
MARLIN
MARCOS
MACNEILLIE
LOTUS
LINCOLN
LEYLAND
LEXUS
LAND ROVER
LANCIA
LAMBORGHINI
LADA
KIA
JEEP
JAGUAR
ISUZU
INFINITI
HYUNDAI
HONDA
HILLMAN
GOWRINGS
GM
GEO
GENERAL MOTORS
FSO
FORD
FORD ESCORT
FIAT
FERRARI
EAGLE
DODGE
DE TOMASO
DATSUN
DAIMLER
DAIHATSU
DAEWOO
DACIA
CITREON
CHRYSLER
CHEVVY
CHEVROLET
CATERHAM
CADILLAC
BUICK
BRITISH LEYLAND
BRISTOL
BMW
BENTLEY
AUSTIN
AUDI
ASTON MARTIN
ASTON-MARTIN
ALFA ROMEO
ALFA-ROMEO
ACURA