LAE

LAFAYETTE

LAGOS

LAHAD DATU

LAHORE

LAHORELANCON

LAKE CHARLES

LAKE HAVASU CITY

LAKEHEAD HARBOR

LANAI CITY

LANGKAWI

LANNION

LANSING

LANZHOU

LAREDO

LARNACA

LAS

LAS PALMAS

LAS PIEDRAS

LAS VEGAS

LATOUCHE

LAUNCESTON

LAVAL

LAWI LAWI

LAWRENCE

LAWTON

LE BOURGET

LE HAVRE

LE PALAIS

LEBANON

LEEDS

LEINSTER

LEIPZIG

LEITH

LENINGRAD

LERWICK

LES SABLES DOLONNE

LETHBRIDGE

LEXINGTON

LHASA

LIBOURNE

LIBREVILLE

LIDO

LIEPAJA

LIHUE

LILLE

LILLELIMA

LILONGWE

LIMA

LIMERICK

LIMOGES

LINATE

LINCOLN

LINZ

LISBOA

LISBON

LISBONNE

LITTLE ROCK

LIVERPOOL

LIVINGSTONE

LIVORNO

LJUBLJANA

LOME

LONDON

LONDON CITY

LONDRES

LONG BEACH

LONGVIEW

LONGYEARBYEN

LORETO

LORIENT

LOS ANGELES

LOS CABOS

LOS MOCHIS

LOUIS

LOUISVILLE

LOURDES

LOUVIERS

LUANDA

LUBBOCK

LUBECK

LUBUMBASHI

LUCKNOW

LUDA

LUGANO

LUKA GRUZ

LULEA

LUMPUR

LUNEVILLE

LUSAKA

LUXEMBOURG

LUXOR

LYON

MADISON

MANHATTAN

MIAMI

MILAN

MILWAUKEE

MINNEAPOLIS

MONTREAL

MOSCOW

MAASTRICHT

MACON

MADINAH

MADISON

MADRAS

MADRID

MAGADAN

MAGENTA

MAHE

MAHE ISLAND

MAIDUGURI

MAISONS-LAFFITTE

MAIZURU

MAJURO

MALABO

MALAGA

MALE

MALINDI

MALMO

MALMÖ

MALPENSA

MALTA

MANADO

MANAGUA

MANAMA

MANAUS

MANCHESTER

MANHATTAN

MANILA

MANILLE

MANS

MANZANILLO

MAPUTO

MARACAIBO

MARGARITA

MARIBOR

MARIGNANE

MARION

MARMORILIK

MARQUETTE

MARRAKECH

MARRIOT ASTRODROME

MARSEILLE

MARSHALL

MARTHA 'S VINEYARD

MASCATE

MASERU

MASHAD

MATADI

MATAMOROS

MATSUYAMA

MATURIN

MAURITIUS

MAYAGUEZ

MAZATLAN

MBABANE

MBANDAKA

MBUJI-MAYI

MCALLEN

MCGRATH

MEDAN

MEDELLIN

MEDFORD

MEEKATHARRA

MEKORYUK

MELBOURNE

MELUN

MELVILLE HALL

MEMPHIS

MENDOZA

MERIDA

MERIDEN

MERIDIAN

MESHIK

MESSINA

METZ

MEXICALI

MEXICO

MEXICO 

MEXICO CITY

MEYLAN

MIAMI

MIDLAND

MILAN

MILFORD

MILWAUKEE

MINA JABAL ALI

MINATITLAN

MINERALNYE VODY

MINH

MINISTRO PISTARINI

MINNEAPOLIS

MINOT

MINSK

MIQUELON

MIRI

MISHIMA KAWANOE

MISSOULA

MIYAZAKI

MIZUSHIMA

MOBILE

MOGADISHU

MOJI

MOLINE

MOLOKAI

MOMBASA

MONACO

MONCTON

MONGSTAD

MONROE

MONROVIA

MONT-DE-MARSAN

MONT-ST-MICHEL

MONTEGO

MONTEGO BAY

MONTERREY

MONTERVIDEO

MONTEVIDEO

MONTGOMERY

MONTICELLO

MONTIGNAC

MONTIGNY

MONTMORILLON

MONTPELIER

MONTPELLIER

MONTREAL

MORELIA

MORESBY

MORONI

MOSCOU

MOSCOW

MOSES POINT

MOSKVA

MOUNT HAGEN

MOUNT PLEASANT

MOUTIERS

MULHOUSE

MUMBAI

MUNICH

MUNSTER

MURMANSK

MURORAN

MUSCAT

MUSCLE SHOALS

MUSKEGON

MYRTLE BEACH

N ' DJAMENA

N ' DJAMENA

NASHVILLE

NEW ORLEANS

NEW YORK

NEW YORK CITY

NEWARK

NORFOLK

NADI

NADINAGOYA

NAGASAKI

NAGAYEVA

NAGOYA

NAIROBI

NANCHANG

NANCY

NANCYNANTESNAPLES

NANISIVIK

NANJING

NANNING

NANTES

NANTUCKET

NANYUAN

NAPAKIAK

NAPASKIAK

NAPLES

NAPOLI

NARITA

NASHVILLE

NäSSJö

NASSAU

NATAL

NEMOURS

NEMRUT

NENANA

NEW

NEW BEDFORD

NEW BERN

NEW DELHI

NEW HAVEN

NEW ORLEANS

NEW WESTMINSTER

NEW YORK

NEW YORK CITY

NEWARK

NEWBURGH

NEWCASTLE

NEWHALEN

NEWPORT

NEWPORT NEWS

NEWTOK

NIAGARA FALLS

NIAMEY

NIAMEYNICE

NICE

NICOSIA

NICOSIENIMES

NIGHTMUTE

NIIGATA

NIJMEGEN

NIMES

NINGBO

NIORT

NIS

NIZHNEVARTOVSK

NOGALES

NOGENT

NOME

NORFOLK

NORFOLK BEACH

NORILSK

NORMAN WELLS

NORRKOPING

NORTE LOS RODEOS

NORTH PHILADELPHIA

NORWICH

NOUAKCHOTT

NOUMEA

NOVI SAD

NOVOSIBIRSK

NUEVITAS

NUEVO LAREDO

NUKU ' ALOFA

NUKUS

NULATO

NUNAPITCHUK

NUREMBERG

NUUK

OAKLAND

OCKELBO

OKLAHOMA CITY

OMAHA

OSLO

OTTAWA

OAKLAND

OAXACA

ODESSA

OITA

OKADAMA

OKAYAMA

OKINAWA

OKLAHOMA CITY

OLD HARBOR

OLIKTOK

OLYMPIA

OMAHA

ONTARIO

OOSTENDE

ORAN

ORANJESTAD

ORIO AL SERIO

ORLANDO

ORLEANS

OSAKA

OSHKOSH

OSIJEK

OSLO

OSORNO

OSTEND

ÖSTERSUND

OTARU

OTOPENI

OTTAWA

OUAGADOUGOU

OVDA

OXNARD

PARIS

PHILADELPHIA

PHOENIX

PITTSBURGH

PORTLAND

PAGO PAGO

PAITILLA

PALAISEAU

PALEMBANG

PALERMO

PALM SPRINGS

PALMA

PALMER

PALO ALTO

PANAMA

PANAMA CITY

PANGUITCH

PAPEETE

PAPHOS

PARAMARIBO

PAREMPUYRE

PARIS

PARKERSBURG

PARME

PARTHENAY

PASAJES

PASCAGOULA

PASCO

PAU

PAULO

PAYA LEBAR

PAZ

PECOS

PEKIN

PENANG

PENH

PENSACOLA

PEORIA

PEREIRA

PERIMETER MALL

PERPIGNAN

PERRYVILLE

PERTH

PESCARA

PESHAWAR

PETERSBURG

PETROPAVLOVSK

PHILADELPHIA

PHNOM

PHNOM PENH

PHOENIX

PHUKET

PIERRE

PINANG

PIRAIEVS

PISA

PITTSBURGH

PIURA

PLATA

PLATINUM

PLYMOUTH

POCATELLO

POHNPEI

POINT HOPE

POINT LAY

POINT A PITRE

POINTE-=C0-PITRE

POITIERS

POLAMAR

PONCE

PONTA DELGADA

PONTIAC

PONTOISE

PORI

PORNIC

PORT

PORT-VILLA

PORT-AU-PRINCE

PORT-OF-SPAIN

PORT ADELAIDE

PORT ARTHUR

PORT AU PRINCE

PORT DALRYMPLE

PORT ELIZABETH

PORT EVERGLADES

PORT GRAHAM

PORT HARCOURT

PORT HEDLAND

PORT HEIDEN

PORT LOUIS

PORT LYTTELTON

PORT MOLLER

PORT MORESBY

PORT OF SPAIN

PORT OF TYNE

PORT VILA

PORT AU PRINCE

PORT OF SPAIN

PORT OF TYNE

PORT-AU-PRINCE

PORT-GRIMAUD

PORTLAND

PORTO

PORTO-NOVO

PORTO ALEGRE

PORTO DE LEIXOES

PORTO DE SINES

PORTO VELHO

PORTO DE LEIXOES

PORTO DE SINES

PORTSMOUTH HARBOR

PRAGUE

PRAIA

PRESQUE ISLE

PRESTWICK

PRETORIA

PRINCE GEORGE

PRINCE RUPERT

PROVIDENCE

PROVIDENCIALES

PRUDHOE BAY

PUCALLPA

PUEBLA

PUERTO

PUERTO ARMUELLES

PUERTO AYACHUCHO

PUERTO DEL CALLAO

PUERTO ESCONDIDO

PUERTO LA CRUZ

PUERTO LA GUAIRA

PUERTO MALDONADO

PUERTO MONTT

PUERTO ORDAZ

PUERTO PLATA

PUERTO VALLARTA

PUNTA ARENAS

PUNTA PALENQUE

PUSAN

PYONGYANG

PYRAMIDEN

QINGDAO

QUE IBOE

QUEBEC

QUETTA

QUIMPER

QUINHAGAK

QUITO

RALEIGH

RICHMOND

ROCHESTER

RABAT

RABAUL

RALEIGH

RAMSTEIN

RANGOON

RANTON

RAPID CITY

RAROTONGA

RAS AT TANNURAH

RAS SHUKHIER

RAUMA

RECIFE

RED DEVIL

RED DOG

REDDING

REGINA

REIMS

RENNES

RENO

RESOLUTE

REUNION

REYKJAVIK

REZE

RICHARDS BAY

RICHLAND

RICHMOND

RIGA

RIJEKA LUKA

RIMINI

RIO

RIO DE JANEIRO

RIO GALLEGOS

RIO DE JANEIRO

RIOJA

RIVERHEAD

RIYAD

RIYADH

ROAD TOWN

ROANNE

ROANOKE

ROATAN

ROCHEFORT

ROCHELLE

ROCHESTER

ROCKFORD

ROCKY MOUNT

RODEZ

ROMA

ROME

ROOSEVELT

ROSARIO

ROSEAU

ROSKILDE

ROTA

ROTHESAY DOCK

ROTTERDAM

ROUEN

ROUSSILLON

RUBY

RUSSIAN MISSION

S=C3SAPPORO

SACRAMENTO

SALEM

SALT LAKE CITY

SAN ANTONIO

SAN DIEGO

SAN FERNANDO

SAN FRANCISCO

SAN JOSE

SANTA FE

SEATTLE

SEOUL

SINGAPORE

SIOUX CITY

SIOUX FALLS

SPRINGFIELD

ST. LOUIS

ST. PAUL

ST LOUIS

STOCKHOLM

SYDNEY

SYRACUSE

SAARBRUCKEN

SACRAMENTO

SAFI

SAGANOSEKI

SAGINAW

SAIGON

SAINT-DENIS

SAINT GEORGES

SAINT JOHNS

SAINT MICHAEL

SAINT PAUL

SAINT PETERSBURG

SAINT-

SAINT-ETIENNE

SAINT-ETIENNE DU ROUVRAY

SAINT-JEAN

SAINT-NAZAIRE

SAINT-OMER

SAINT-PETERSBOURG

SAINT-QUENTIN

SAINT-SAUVEUR

SAINT-SULPICE

SAINT-TROPEZ

SAIPAN

SAKAI SENBOKU

SAL

SALDANHA BAY

SALEM

SALON-DE-PROVENCE

SALT LAKE CITY

SALTILLO

SALVADOR

SALZBURG

SAN

SAN ANDRES ISLAND

SAN ANGELO

SAN ANTONIO

SAN BERNARDINO

SAN DIEGO

SAN FERNANDO

SAN FERNANDO DE APURE

SAN FRANCISCO

SAN JOSE

SAN JUAN

SAN LUIS POTOSI

SAN PEDRO SULA

SAN SALVADOR

SAN TOME

SANA'A

SANAA

SAND POINT

SANDAKAN

SANTA BARBARA

SANTA CRUZ

SANTA CRUZ DE TENERIFE

SANTA FE

SANTA MARIA

SANTANDER

SANTIAGO

SANTIAGO DE CUBA

SANTIAGO DE COMPOSTELA

SANTO

SANTO DOMINGO

SANTOS

SANTOS DUMONT

SANYA

SANZIBAR

SAO

SAO LUIZ

SAO PAULO

SAO TOME

SAO TOME ISLAND

SAPPORO

SARAJEVO

SARASOTA

SASEBO

SAULT ST. MARIE

SAUVETERRE-DE-BEARN

SAVANNAH

SAVONA

SCAMMON BAY

SCATSTA

SDE DOV

SEATTLE

SEDONA

SEGRATE

SELDOVIA

SELETAR

SENDAI

SEOUL

SERI

SEVILLA

SEVILLE

SEWARD

SHAGELUK

SHANG HAI

SHANGHAI

SHANNON

SHANTOU

SHARJAH

SHEFFIELD

SHEMYA ISLANDS

SHENYANG

SHENZHEN

SHEREMETYEVO

SHIBUSHI

SHIELDS HARBOR

SHIJIAZHUANG

SHIMIZU

SHIMONOSEKI

SHIRAZ

SHISHMAREF

SHREVEPORT

SHUNG SHAN

SIBENIK

SIBU

SIMFEROPOL

SINGAPORE

SINGAPOUR

SIOUX CITY

SIOUX FALLS

SIRACUSA

SIRRI ISLAND

SITKA

SKAGWAY

SKULTE

SLEETMUTE

SOCHI

SOFIA

SOKOTO

SOLDOTNA

SONDERBORG

SONDRE STROMFJORD

SOUTH BEND

SOUTHAMPTON

SPLIT

SPRINGFIELD

ST. DENIS DE LA REUNION

ST. GEORGE

ST. GEORGE ISLAND

ST. HELENA

ST. JOHNS

ST. KITTS

ST. KITTS AND NEVIS

ST. LOUIS

ST. LUCIA

ST. MAARTEN

ST. MARY 'S

ST. PAUL

ST. PETERSBURG

ST. PIERRE AND MIQUELON

ST. THOMAS

ST. VINCENT

ST. VINCENT AND THE GRENADINES

ST JOHN

ST LOUIS

ST NAZAIRE

ST-PETERSBURG

ST-PIERRE

STARKVILLE

STAVANGER

STAVENGER

STEAMBOAT SPRING

STEVENS VILLAGE

STOCKHOLM

STOCKTON

STONY RIVER

STORLIEN

STRASBOURG

STUDSTRUP

STUTTGART

SUDBURY

SUKHUMI

SUMUBURGH

SUNDERLAND

SUNDSVALL

SUPERIOR

SUR REINE SOFIA

SURABAYA

SUVA

SWANSEA

SWATOW

SYDNEY

SYRACUSE

SZCZECIN

TACOMA

TAIPEI

TALLAHASSEE

TAMPA

TIJUANA

TOKYO

TORONTO

TUCSON

TABRIZ

TABUK

TACHIBANA

TACNA

TACOMA

TAEGU

TAGONOURA

TAHKOLUOTO

TAI-PEI

TAIF

TAIPEH

TAIPEI

TAIYUAN

TAKAMATSU

TAKORADI

TALARA

TALKEETNA

TALLAHASSEE

TALLINN

TAMANRASSET

TAMIAMI

TAMPA

TAMPERE

TAMPICO

TANANA

TANANARIVE

TANGER

TANGIER

TANJUNGPRIOK

TAPIS

TAPIS OILFIELD

TARABULUS

TARANTO

TARAPOTO

TARAWA

TARBES

TASHKENT

TAWAU

TAZERKA

TBILISI

TEESPORT

TEESSIDE

TEGEL

TEGUCIGALPA

TEHERAN

TEHRAN

TEL AVIV

TEL AVIV-YAFO

TELLER

TEMPELHOF

TEMUCO

TENERIFE

TEPIC

TERCEIRA

TERNEUZEN

TERRACE

TETLIN JUNCTION

TEXARKANA

THANH PHO HO CHI MINH

THANN

THE VALLEY

THESSALONIKI

THESSALONOKI

THIMPHU

THONON

THUNDER BAY

TIANJIN

TIJUANA

TIMISOARA

TINEE

TINGO MARIA

TINGWALL

TINSON

TIRANE

TIRANA

TOBAGO

TOGIAK

TOKSOOK BAY

TOKUSHIMAX

TOKYO

TOLEDO

TOMPKINSVILLE SI

TONGATAPU

TONNERRE

TOPEKA

TORONTO

TORONTO ISLAND

TORREON

TORTOLA

TOTTORI

TOUCY

TOULON

TOULOUSE

TOURS

TOYAMA

TRAVERSE CITY

TRENTON

TRESCO

TREVISO

TRIESTE

TRINCOMALEE HARBOR

TRINITE

TRIPOLI

TRIVANDRUM

TROIS RIVIERES

TROMBETAS

TROMSO

TRONDHEIM

TROYES

TRUJILLO

TRUK

TUCSON

TULSA

TULUKSAK

TUMBES

TUNIS

TUNTUTULIAK

TUNUNAK

TURIN

TURKU

TUSCALOOSA

TUXTLA GUTIERREZ

TUZLA

TWIN FALLS

TYLER

UBE

UJUNG PANDANG

UKIAH

ULAANBAATAR

ULAN BATOR

UMEA

UMIAT

UMKUMIUT

UNALAKLEET

UNGALIK

UPPSALA

URUMQI

USSEL

UTOPIA

VANCOUVER

VAASA

VADUZ

VAL D ' OR

VAL D ' OR

VALDEZ

VALDOSTA

VALENCIA

VALERA

VALLADOLID

VALLARTA

VALLETTA

VALPARAISO

VANCOUVER

VANNES

VARADERO

VARENGEVILLE

VARSOVIE

VASTERAS

VATICAN

VAXJO

VEGAS

VEJLE

VENETIE

VENICE

VENISE

VERACRUZ

VERNAL

VERONA

VERSAILLES

VICHY

VICTORIA

VICTORIA HARBOR

VIENNA

VIENNE

VIENTIANE

VIEQUES

VIGO

VILLAHERMOSA

VILLANUEVA

VILLEFRANCHE-SUR-SAONE

VILLEPREUX

VILLEURBANNE

VILNIUS

VIRACOPOS

VIROFLAY

VISHAKHAPATNAM

VITROLLES

VLADIVOSTOK

VLISSINGEN

VNUKOVO

VOIRON

VOREPPE

VYBORG

WACO

WASHINGTON

WICHITA

WABUSH

WACO

WADI FEIRAN

WAINWRIGHT



