AACCRA
AALBORG
AARHUS
ABABA
ABADAN
ABAKAN
ABERDEEN
ABHA
ABI DHABI
ABIDJAN
ABILENE
ABU
ABU DHABI
ABUJA
ACAPULCO
ACARIGUA
ACCRA
ADAK ISLAND
ADANA
ADDIS
ADDIS ABABA
ADELAIDE
ADEN
ADLER
ADNAN MENDERES
AGADIR
AGUASCALIENTES
AHMEDABAD
AIRES
AIX-EN-PROVENCE
AIX-LES-BAINS
AJACCIO
AJIJIC
AKIACHAK
AKIAK
AKITA
AKRON
AL - BAHA
AL - FUJAIRAH
AL BASRAH
AL ISKANDARIYH
AL MUTHANA
ALBANY
ALBERT BAY
ALBERTVILLE
ALBUQUERQUE
ALEANDRIA
ALEANDROUPOLIS
ALENCON
ALEPPO
ALES
ALEXANDRIE
ALGER
ALGESIRAS
ALGIERS
ALICANTE
ALLAHABAD
ALLAKAKET
ALLENTOWN
ALMA - ATA
ALMA ATA
ALMATYAMIENS
ALOFI
ALOR SETAR
ALTONA
ALTOONA
AMARILLO
AMCHITKA
AMMAN
AMRITSAR
AMSTERDAM
ANCHORAGE
ANCONA
ANDAHUAYLAS
ANDORRA
ANFA
ANGELES
ANGERS
ANGOULEME
ANGUILLA
ANIAK
ANKANG
ANKARA
ANNABA
ANNAPOLIS
ANNECY
ANTALYA
ANTANANARIVO
ANTANNANARIVO
ANTIGUA
ANTIGUA-ET-ANVERS
ANTOFAGASTA
ANTWERP
ANTWERPEN
ANVIK
AOMORI
APIA
APPLETON
APRA HARBOR
AQABA
ARCACHON
ARCATA
ARCTIC VILLAGE
ARECIBO
AREQUIPA
ARGENTIA
ARICA
ARKHANGELSK
ARLANDA
ARUBA
ARZANAH ISLAND
AS SUWAYS
ASAHIKAWA
ASCENSION
ASHEVILLE
ASHKHABAD
ASMARA
ASTRURIAS
ASUNCI=D3N
ASUNCION
ASWAN
ATHENES
ATHENS
ATLANTA
ATLANTIC CITY
ATMAUTLUAK
AUBERVILLERS
AUCKLAND
AUGUSTA
AURORA
AUSTIN
AUTEUIL
AUTRANS
AUVILLAR
AVARUA
AVIGNON
AVIV
AVORIAZ
AYACUCHO
BALTIMORE
BEIJING
BERKELEY
BEVERLY HILLS
BOSTON
BOULDER
BUENOS AIRES
BUFFALO
BAGHDAD
BAHRAIN
BAHREIN
BAKERSFIELD
BAKU
BALBOA
BALMACEDA
BALTIMORE
BAMAKO
BANDAR
BANDAR ABBAS
BANDAR SERI BEGAWAN
BANDAR SHAHID REJAIE
BANEASA
BANGALORE
BANGKOK
BANGOR
BANGUI
BANJUL
BANZART
BAOTOU
BARBADOS
BARCELONA
BARCELONE
BARDUFOSS
BARENTSBURG
BARI
BARINAS
BARLETTA
BARNES
BARQUISIMETO
BARRANQUILLA
BARROW
BARROW IN FURNESS
BASLE
BASRA
BASSE - TERRE
BASSETERRE
BASTIA
BASUO GANG
BATON ROUGE
BATTLE CREEK
BAY
BAY CITY
BAYONNE
BAYONNNE
BEAUMONT
BEAUVAIS
BEAVER
BEAVER RUIN
BEGAWAN
BEIJING
BEIRA
BEIRUT
BEL - AIR
BELEM
BELFAST
BELFAST CITY
BELFORT
BELGRADE
BELIZE
BELLINGHAM
BELMOPAN
BELO HORIZONTE
BENGHAZI
BERGEN
BERGERAC
BERKELEY
BERLIN
BERMUDA
BERN
BERNE
BESANCON
BETHEL
BETTELS
BETTLES
BEVERLY HILLS
BEYROUTH
BIAK
BIARRITZ
BILBAO
BILLINGS
BILLUND
BILOXI
BINGHAMTON
BINTULU
BIRMINGHAM
BISMARCK
BISSAU
BITCHE
BLAGNAC
BLANDING
BLANTYRE
BLANTYRE-LIMBE
BLOEMFONTEIN
BLOISBOGOTA
BLOOMINGTON
BLYTH
BOA VISTA
BODO
BOGOTA
BOISE
BOLOGNA
BOLOGNE
BOMBAY
BONAIRE
BONN
BORDEAUX
BORISPOL
BOSTON
BOULDER
BOULOGNE
BOURNEMOUTH
BOZEMAN
BRADENTON
BRADFORD
BRAINERD
BRAKE
BRASILIA
BRATISLAVA
BRAZZAVILLE
BREMEN
BREMERHAVEN
BREMERTON
BREST
BRIDGEPORT
BRIDGETOWN
BRINDISI
BRISBANE
BRISTOL
BRIZE NORTON
BROMMABRIDGEPORT
BROOKLYN
BROWNSVILLE
BRUGGE
BRUNSWICK
BRUSSELS
BRUXELLES
BRUZ
BUAREST
BUCARAMANGA
BUCAREST
BUCHAREST
BUDAPEST
BUENOS
BUENOS AIRES
BUFFALO
BUJUMBURA
BULAWAYO
BUR SAID
BUR SUDAN
BURBANK
BURKE LAKEFRONT
BURKINA-CAEN
BURLINGTON
BUSAN
BUSHEHR
BUTTE
CHARLESTON
CHICAGO
CINCINNATI
CLEVELAND
COLORADO SPRINGS
COLUMBUS
COLUMBUSS
CONCORD
CORPUS CHRISTI
CADIZ
CAIRE
CAIRNS
CAIRO
CAJAMARCA
CALAIS
CALAMA
CALCUTTA
CALGARY
CALI
CALICUT
CALIKYITSIK
CALUMET
CALUMET HARBOR
CALVI
CAMBRIDGE
CAMBRIDGE BAY
CAMDEN
CAMEMBERT
CAMP DAVID
CAMPO GRANDE
CANAIMA
CANAPORT
CANBERRA
CANCUN
CANET
CANNES
CANTON
CAP-
CAPE GIRARDEAU
CAPE TOWN
CAPE YAKATAGE
CARACAS
CARDIF
CARDIFF
CARLSBAD
CARNAC
CARSON CITY
CARTAGENA
CARTAGENE
CARTHAGE
CARUPANO
CASABLANCA
CASPER
CASTRIES
CATANIA
CAYENNE
CEBU
CEDAR CITY
CEDAR RAPIDS
CERGY
CEUTA
CHACHAPOYAS
CHAIANG MAI
CHALONS-SUR-SAONE
CHAMBERY
CHAMONIX
CHAMPAIGN
CHAMPIGNY
CHANDIGARH
CHANGCHUN
CHANGSHA
CHANTILLY
CHARLESTON
CHARLESTOWN
CHARLEVILLE-MEZIERES
CHARLOTTE
CHARLOTTE AMALIE
CHARTRES
CHATEAU-THIERRY
CHATHAM DOCKS
CHATTANOOGA
CHAVANOD
CHAVENAY
CHEFORNAK
CHEJU
CHENGDU
CHENNAI
CHERBOURG
CHESTER
CHETUMAL
CHEVAK
CHEYENNE
CHI
CHI LUNG
CHIANG
CHICAGO
CHICHEN ITZA
CHICLAYO
CHICO
CHIGNIK
CHIHUAHUA
CHING TAO
CHITOSE
CHITTAGONG
CHONGQING
CHRISTCHURCH
CHUATHBALUK
CIENFUEGOS
CIGLI MILITARY
CINCINNATI
CIRCLE
CIUDAD DEL CARMEN
CIUDAD DEL CARMEN
CIVITAVECCHIA
CLADISVOSTOK
CLAMPINO
CLERMONT-FERRAND
CLEVELAND
CLICHY
COBH
COCHABAMBA
COCHIN
COEUR D ' ALENE
COLD BAY
COLIMA
COLLEGE STATION
COLMAR
COLOGNE
COLOMBO
COLOMBO HARBOR
COLORADO SPRINGS
COLUMBIA
COLUMBUS
COLUMBUSS
CONAKRY
CONCEPCION
CONCORD
CONGONHAS
CONSTANTINE
COPENHAGE
COPENHAGEN
COPENHAGUE
COPIAPO
CORDOVA
CORINTH
CORK
CORO
CORPUS CHRISTI
COTONOU
COURCHEVEL
COYHAIQUE
COZUMEL
CRACOVIE
CRISTOBAL
CROKKED CREEK
CRUZEIRO DO SUL
CRUZEIRO DO SUL
CUENCA
CUIABA
CUL DE SAC
CUL DE SAC
CULEBRA
CULIACAN
CUMANA
CURACAO
CURITIBA
CUSCO
CUXHAVEN
D=DCSSELDORF
DALLAS
DAYTON
DENVER
DES MOINES
DETROIT
DAKAR
DALAMAN
DALIAN
DALLAS
DAMAS
DAMASCUS
DAMIETTA
DANBURY
DANVILLE
DAR
DAR ES SALAAM
DAR-ES-SALAAM
DARNETAL
DARWIN
DAVAO
DAYTON
DAYTONA BEACH
DEADHORSE
DEAUVILLE
DECATUR
DEER LAKE
DEERING
DEL RIO
DELHI
DELTA
DELTA JUNCTION
DENPASAR
DENVER
DES MOINES
DESTIN
DETROIT
DHABI
DHAHRAN
DHAKA
DIEPPE
DIJON
DILLINGHAM
DJAKARTA
DJERBA
DJIBOUTI
DOHA
DOMINGO
DOMINGUE
DOMODEDOVO
DORDRECHT
DOTHAN
DOUALA
DOVER
DOVER HARBOR
DRESDEN
DUBAI
DUBLIN
DUBROVNIK
DUDINKA
DULUTH
DUNDEE
DUNKERQUE
DURANGO
DURBAN
DURHAM
DURRES
DUSHANBE
DUSSELDORF
DUTCH HARBOR
DÈTROIT
EDISON
EL PASO
EL SEGUNDO
EAGLE PASS
EAST LONDON
EAST MIDLANDS
EASTER ISLAND
EDIMBOURG
EDINBOURG
EDINBURGH
EDISON
EDMONTON
EEK
EGEGIK
EINDHOVEN
EKATERINBURG
EL AAIUN
EL FERROL DEL CAUDILLO
EL PASO
EL SALVADOR
EL SEGUNDO
EL VIGIA
ELAT
ELBEUF
ELKO
ELMIRA
ELY
EMBARKADERO
EMDEN
EMIRATS
ENGLISH BAY
ENSCHEDE
ENSENADA
ERCAN
ERFURT
ERIE
EROS
ESBJERG
ESENBOGA
ESSENDON
EUGENE
EUREKA
EUROPA POINT
EUROPOORT
EVANSVILLE
EVENES
EVIAN
EVREUX
EVRY
EXETER
FAIRBANKS
FINDLAY
FLAGSTAFF
FRANKFURT
FAGALL ' L
FAIRBANKS
FALMOUTH
FALSE PASS
FANGCHENG GANG
FARGO
FARO
FAWLEY
FAYETTEVILLE
FECAMP
FELLETIN
FERTE-BERNARD
FEZ
FILLMORE
FINDLAY
FIUMICINO
FLAGSTAFF
FLINT
FLORENCE
FLORES
FONTAINEBLEAU
FORNEBU
FORT - DE - FRANCE
FORT DE FRANCE
FORT LAUDERDALE
FORT MYERS
FORT NELSON
FORT PIERCE
FORT SIMPSON
FORT SMITH
FORT ST . JOHN
FORT WALTON BEACH
FORT WAYNE
FORT WORTH
FORT YUKON
FORT DE FRANCE
FORTALEZA
FRAMINGHAM
FRANCFORT
FRANKFORT
FRANKFURT
FRANKLIN PARK
FRANSISCO
FREDERICTON
FREEPORT
FREETOWN
FREMANTLE
FRESNO
FRIEDRICHSHASEN
FRUNZE
FUKUOKA
FUKUYAMA
FUNAFUTI
FUNCHAL
FUTUNA 
FUZHOU
G÷GOTEBORG
G=D6TEBORG
GEORGETOWN
GLENDALE
GABORONE
GAINSVILLE
GALENA
GALVESTON
GAMAGORI
GARDERMOEN
GAROUA
GASSIM
GAUHATI
GAYAQUIL
GDANSK
GDYNIA
GEELONG
GEISUM
GEMENA
GENEVA
GENEVE
GENOA
GENOVA
GEORGETOWN
GHARDAIA
GLACIER NATIONAL PARK
GLASGOW
GLENDALE
GOA
GODTHAB
GOLOVIM
GOMA
GOODNEWS
GOODNEWS BAY
GOOSE BAY
GOROKA
GOTEBORG
GOTHENBURG
GOSLAR
GRAN CANARIA
GRAND CAYMAN
GRAND FORKS
GRAND JUNCTION
GRAND RAPIDS
GRAND TURK
GRANDE PRAIRIE
GRANDE-
GRASSE
GRAYLING
GRAZ
GREAT FALLS
GREEN BAY
GREENOCK
GREENSBORO
GREENVILLE
GRENADA
GRENOBLE
GRIMSBY
GRONINGEN
GROTON
GUADALAJARA
GUAM
GUANGZHOU
GUATEMALA
GUATEMALA CITY
GUAYAQUIL
GUERNSEY
GUILIN
GUINEA - BISSAU
GUIYANG
GULFPORT
GULKANA
GUNNISON
HARTFORD
HOBOKEN
HONOLULU
HOUSTON
HUDSON
HAIKOU
HAGEN
HAIL
HAINES
HAKATA
HAKODATE
HALIFAX
HALIM PERDANA KUSUMA
HALL BEACH
HALSINGBORG
HAMBOURG
HAMBURG
HAMILTON
HANEDA
HANGZHOU
HANKO
HANOI
HANOIHARARE
HANOVER
HANSTHOLM HAVN
HARARE
HARBIN
HARBURG
HARLINGEN
HARRISBURG
HARTFORD
HASTINGS
HAT YAI
HAUGESUND
HAVANA
HAVANE
HAVRE
HAY RIVER
HAYE
HAYWARD
HEFEI
HELENA
HELSINGBORG
HELSINKI
HERAKLION
HERMOSILLO
HEWANORRA
HIBBING
HIGASHI HARIMA
HILO
HIROSHIMA
HO
HO CHI MINH
HO CHI MINH CITY
HOBART
HOBOKEN
HOHHOT
HOLLYWOOD
HOLY CROSS
HOMER
HONG KONG
HONGHONGKONG
HONIARA
HONOLULU
HOOLEHUA
HOOPER BAY
HOSKINS
HOUSTON
HOUSTON 
HUANGPU
HUATULCO
HUGHES
HULL
HUMBERSIDE
HUNTERSTON
HUNTINGTON
HUNTSVILLE
HUSLIA
HVALFJORDUR
HYANNIS
HYDERABAD
HYERES
INDIANAPOLIS
IRVINE
IRVING
IDAHO FALLS
IGARKA
IGUASSU FALLS
ILE
ILIAMNA
IMMINGHAM
INCHON
INDIANAPOLIS
INNSBRUCK
INTERCONTINENTAL
INTERNATIONAL FALLS
INUVIK
IOWA CITY
IPOH
IQALUIT
IQUIQUE
IRAKLION
IRON MOUNTAIN
IRVINE
IRVING
ISFAHAN
ISIRO
ISLA GRANDE
ISLAMABAD
ISSY-LES-MOULINEAUX
ISTANBUL
ITAMI
ITHACA
IVANOFF BAY
IWAKUNI
IXTAPA
IZMIR
J=D6
JACKSONVILLE
JERSEY CITY
JACKSON
JACKSON HOLE
JACKSONVILLE
JAIPUR
JAKARTA
JANEIRO
JANESVILLE
JARNAC
JEDDAH
JEFFERSON CITY
JERSEY
JERSEY CITY
JERUSALEM
JINAN
JOHANNESBURG
JOHNSTON ISLAND
JOHOR BAHRU
JONKOPING
JORGE NEWBERY
JOSE
JOUY-EN-JOSAS
JUAN
JUANJUI
JUBA
JUBAIL
JULIACA
JUNEAU
KANSAS CITY
KEY WEST
KABUL
KADUNA
KAGOSHIMA
KAHULUI
KAKOGAWA
KAKTOVIK
KALAMAZOO
KALININGRAD
KALISPELL
KALSKAG
KALTAG
KAMPALA
KAMPONG SAOM
KANAB
KANAKANAK
KANANGA
KANO
KANSAS CITY
KAO HSIUNG
KAOHSIUNG
KARACHI
KARACHI HARBOR
KARAGANDA
KARSTO
KARUP
KASIGLUK
KASKO
KATHMANDOU
KATHMANDU
KATUNAN
KAWASAKI
KELANG
KEMAMAN HARBOR
KENAI
KERMAN
KETCHIKAN
KEY WEST
KHABAROVSK
KHARTOUM
KHORRAMSHAHR
KIEL
KIEV
KIGALI
KILIMANJARO
KILLEEN
KIMBERLEY
KIN WAN
KINDU
KING COVE
KING SALMON
KINGSTON
KINGSTOWN
KINSHASA
KINSHASAKONGKOWEIT
KIPNUK
KIRUNA
KISANGANI
KISARAZU
KISHINEV
KIVALINA
KKUUJJUAQ
KLAGENTFURT
KLAIPEDA
KNOXVILLE
KOBE
KOBENHAVN
KOCHI
KODIAK
KOKRUAGAROK
KOLONIA
KOMATSU
KONA
KONGIGANAK
KOROR
KOSRAE
KOTA KINABALU
KOTKA
KOTZEBUE
KOWEITKUALA
KOYUKUK
KRASNOJARSK
KRISTIANSAND
KRISTINESTAD
KUALA LUMPUR
KUANTAN NEW PORT
KUCHING
KUMAMOTO
KUNMING
KUOPIO
KURE
KUSHIKINO
KUSHIRO
KUUJJUARAPIK
KUWAIT
KWAJALIEN
KWANGJU
KWETHLUK
KWIGILLINGOK
L . A .
LA
LANSING
LAS VEGAS
LEXINGTON
LITTLE ROCK
LONDON
LONG BEACH
LOS ANGELES
LOUISVILLE
LA CEIBA
LA CORUNA
LA CROSSE WI
LA GRANDE
LA HABANA
LA PALLICE
LA PAZ
LA PLATA
LA ROCHELLE
LA SPEZIA
LABUAN
LUENEBURG
LAXÂ
