Aaccra

Aalborg

Aarhus

Ababa

Abadan

Abakan

Aberdeen

Abha

Abi Dhabi

Abidjan

Abilene

Abu

Abu Dhabi

Abuja

Acapulco

Acarigua

Accra

Adak Island

Adana

Addis

Addis Ababa

Adelaide

Aden

Adler

Adnan Menderes

Agadir

Aguascalientes

Ahmedabad

Aires

Aix-En-Provence

Aix-Les-Bains

Ajaccio

Ajijic

Akiachak

Akiak

Akita

Akron

Al - Baha

Al - Fujairah

Al Basrah

Al Iskandariyh

Al Muthana

Albany

Albert Bay

Albertville

Albuquerque

Aleandria

Aleandroupolis

Alencon

Aleppo

Ales

Alexandrie

Alger

Algesiras

Algiers

Alicante

Allahabad

Allakaket

Allentown

Alma - Ata

Alma Ata

AlmatyAmiens

Alofi

Alor Setar

Altona

Altoona

Amarillo

Amchitka

Amman

Amritsar

Amsterdam

Anchorage

Ancona

Andahuaylas

Andorra

Anfa

Angeles

Angers

Angouleme

Anguilla

Aniak

Ankang

Ankara

Annaba

Annapolis

Annecy

Antalya

Antananarivo

Antannanarivo

Antigua

Antigua-Et-Anvers

Antofagasta

Antwerp

Antwerpen

Anvik

Aomori

Apia

Appleton

Apra Harbor

Aqaba

Arcachon

Arcata

Arctic Village

Arecibo

Arequipa

Argentia

Arica

Arkhangelsk

Arlanda

Aruba

Arzanah Island

As Suways

Asahikawa

Ascension

Asheville

Ashkhabad

Asmara

Astrurias

Asunci=D3n

Asuncion

Aswan

Athenes

Athens

Atlanta

Atlantic City

Atmautluak

Aubervillers

Auckland

Augusta

Aurora

Austin

Auteuil

Autrans

Auvillar

Avarua

Avignon

Aviv

Avoriaz

Ayacucho

BALTIMORE

BEIJING

BERKELEY

BEVERLY HILLS

BOSTON

BOULDER

BUENOS AIRES

BUFFALO

Baghdad

Bahrain

Bahrein

Bakersfield

Baku

Balboa

Balmaceda

Baltimore

Bamako

Bandar

Bandar Abbas

Bandar Seri Begawan

Bandar Shahid Rejaie

Baneasa

Bangalore

Bangkok

Bangor

Bangui

Banjul

Banzart

Baotou

Barbados

Barcelona

Barcelone

Bardufoss

Barentsburg

Bari

Barinas

Barletta

Barnes

Barquisimeto

Barranquilla

Barrow

Barrow In Furness

Basle

Basra

Basse - Terre

Basseterre

Bastia

Basuo Gang

Baton Rouge

Battle Creek

Bay

Bay City

Bayonne

Bayonnne

Beaumont

Beauvais

Beaver

Beaver Ruin

Begawan

Beijing

Beira

Beirut

Bel - Air

Belem

Belfast

Belfast City

Belfort

Belgrade

Belize

Bellingham

Belmopan

Belo Horizonte

Benghazi

Bergen

Bergerac

Berkeley

Berlin

Bermuda

Bern

Berne

Besancon

Bethel

Bettels

Bettles

Beverly Hills

Beyrouth

Biak

Biarritz

Bilbao

Billings

Billund

Biloxi

Binghamton

Bintulu

Birmingham

Bismarck

Bissau

Bitche

Blagnac

Blanding

Blantyre

Blantyre-Limbe

Bloemfontein

BloisBogota

Bloomington

Blyth

Boa Vista

Bodo

Bogota

Boise

Bologna

Bologne

Bombay

Bonaire

Bonn

Bordeaux

Borispol

Boston

Boulder

Boulogne

Bournemouth

Bozeman

Bradenton

Bradford

Brainerd

Brake

Brasilia

Bratislava

Brazzaville

Bremen

Bremerhaven

Bremerton

Brest

Bridgeport

Bridgetown

Brindisi

Brisbane

Bristol

Brize Norton

BrommaBridgeport

Brooklyn

Brownsville

Brugge

Brunswick

Brussels

Bruxelles

Bruz

Buarest

Bucaramanga

Bucarest

Bucharest

Budapest

Buenos

Buenos Aires

Buffalo

Bujumbura

Bulawayo

Bur Said

Bur Sudan

Burbank

Burke Lakefront

Burkina-Caen

Burlington

Busan

Bushehr

Butte

CHARLESTON

CHICAGO

CINCINNATI

CLEVELAND

COLORADO SPRINGS

COLUMBUS

COLUMBUSS

CONCORD

CORPUS CHRISTI

Cadiz

Caire

Cairns

Cairo

Cajamarca

Calais

Calama

Calcutta

Calgary

Cali

Calicut

Calikyitsik

Calumet

Calumet Harbor

Calvi

Cambridge

Cambridge Bay

Camden

Camembert

Camp David

Campo Grande

Canaima

Canaport

Canberra

Cancun

Canet

Cannes

Canton

Cap-

Cape Girardeau

Cape Town

Cape Yakatage

Caracas

Cardif

Cardiff

Carlsbad

Carnac

Carson City

Cartagena

Cartagene

Carthage

Carupano

Casablanca

Casper

Castries

Catania

Cayenne

Cebu

Cedar City

Cedar Rapids

Cergy

Ceuta

Chachapoyas

Chaiang Mai

Chalons-Sur-Saone

Chambery

Chamonix

Champaign

Champigny

Chandigarh

Changchun

Changsha

Chantilly

Charleston

Charlestown

Charleville-Mezieres

Charlotte

Charlotte Amalie

Chartres

Chateau-Thierry

Chatham Docks

Chattanooga

Chavanod

Chavenay

Chefornak

Cheju

Chengdu

Chennai

Cherbourg

Chester

Chetumal

Chevak

Cheyenne

Chi

Chi Lung

Chiang

Chicago

Chichen Itza

Chiclayo

Chico

Chignik

Chihuahua

Ching Tao

Chitose

Chittagong

Chongqing

Christchurch

Chuathbaluk

Cienfuegos

Cigli Military

Cincinnati

Circle

Ciudad Del Carmen

Ciudad del Carmen

Civitavecchia

Cladisvostok

Clampino

Clermont-Ferrand

Cleveland

Clichy

Cobh

Cochabamba

Cochin

Coeur D ' Alene

Cold Bay

Colima

College Station

Colmar

Cologne

Colombo

Colombo Harbor

Colorado Springs

Columbia

Columbus

Columbuss

Conakry

Concepcion

Concord

Congonhas

Constantine

Copenhage

Copenhagen

Copenhague

Copiapo

Cordova

Corinth

Cork

Coro

Corpus Christi

Cotonou

Courchevel

Coyhaique

Cozumel

Cracovie

Cristobal

Crokked Creek

Cruzeiro Do Sul

Cruzeiro do Sul

Cuenca

Cuiaba

Cul De Sac

Cul de Sac

Culebra

Culiacan

Cumana

Curacao

Curitiba

Cusco

Cuxhaven

D=Dcsseldorf

DALLAS

DAYTON

DENVER

DES MOINES

DETROIT

Dakar

Dalaman

Dalian

Dallas

Damas

Damascus

Damietta

Danbury

Danville

Dar

Dar Es Salaam

Dar-Es-Salaam

Darnetal

Darwin

Davao

Dayton

Daytona Beach

Deadhorse

Deauville

Decatur

Deer Lake

Deering

Del Rio

Delhi

Delta

Delta Junction

Denpasar

Denver

Des Moines

Destin

Detroit

Dhabi

Dhahran

Dhaka

Dieppe

Dijon

Dillingham

Djakarta

Djerba

Djibouti

Doha

Domingo

Domingue

Domodedovo

Dordrecht

Dothan

Douala

Dover

Dover Harbor

Dresden

Dubai

Dublin

Dubrovnik

Dudinka

Duluth

Dundee

Dunkerque

Durango

Durban

Durham

Durres

Dushanbe

Dusseldorf

Dutch Harbor

Détroit

EDISON

EL PASO

EL SEGUNDO

Eagle Pass

East London

East Midlands

Easter Island

Edimbourg

Edinbourg

Edinburgh

Edison

Edmonton

Eek

Egegik

Eindhoven

Ekaterinburg

El Aaiun

El Ferrol Del Caudillo

El Paso

El Salvador

El Segundo

El Vigia

Elat

Elbeuf

Elko

Elmira

Ely

Embarkadero

Emden

Emirats

English Bay

Enschede

Ensenada

Ercan

Erfurt

Erie

Eros

Esbjerg

Esenboga

Essendon

Eugene

Eureka

Europa Point

Europoort

Evansville

Evenes

Evian

Evreux

Evry

Exeter

FAIRBANKS

FINDLAY

FLAGSTAFF

FRANKFURT

Fagall ' l

Fairbanks

Falmouth

False Pass

Fangcheng Gang

Fargo

Faro

Fawley

Fayetteville

Fecamp

Felletin

Ferte-Bernard

Fez

Fillmore

Findlay

Fiumicino

Flagstaff

Flint

Florence

Flores

Fontainebleau

Fornebu

Fort - de - France

Fort De France

Fort Lauderdale

Fort Myers

Fort Nelson

Fort Pierce

Fort Simpson

Fort Smith

Fort St. John

Fort Walton Beach

Fort Wayne

Fort Worth

Fort Yukon

Fort de France

Fortaleza

Framingham

Francfort

Frankfort

Frankfurt

Franklin Park

Fransisco

Fredericton

Freeport

Freetown

Fremantle

Fresno

Friedrichshasen

Frunze

Fukuoka

Fukuyama

Funafuti

Funchal

Futuna 

Fuzhou

G=D6Goteborg

Goteborg

Göteborg

GEORGETOWN

GLENDALE

Gaborone

Gainsville

Galena

Galveston

Gamagori

Gardermoen

Garoua

Gassim

Gauhati

Gayaquil

Gdansk

Gdynia

Geelong

Geisum

Gemena

Geneva

Geneve

Genoa

Genova

Georgetown

Ghardaia

Glacier National Park

Glasgow

Glendale

Goa

Godthab

Golovim

Goma

Goodnews

Goodnews Bay

Goose Bay

Goroka

Goteborg

Gothenburg

Goslar

Gran Canaria

Grand Cayman

Grand Forks

Grand Junction

Grand Rapids

Grand Turk

Grande Prairie

Grande-

Grasse

Grayling

Graz

Great Falls

Green Bay

Greenock

Greensboro

Greenville

Grenada

Grenoble

Grimsby

Groningen

Groton

Guadalajara

Guam

Guangzhou

Guatemala

Guatemala City

Guayaquil

Guernsey

Guilin

Guinea - Bissau

Guiyang

Gulfport

Gulkana

Gunnison

HARTFORD

HOBOKEN

HONOLULU

HOUSTON

HUDSON

Hagen

Haikou

Hail

Haines

Hakata

Hakodate

Halifax

Halim Perdana Kusuma

Hall Beach

Halsingborg

Hambourg

Hamburg

Hamilton

Haneda

Hangzhou

Hanko

Hanoi

HanoiHarare

Hanover

Hanstholm Havn

Harare

Harbin

Harburg

Harlingen

Harrisburg

Hartford

Hastings

Hat Yai

Haugesund

Havana

Havane

Havre

Hay River

Haye

Hayward

Headingley

Hefei

Helena

Helsingborg

Helsinki

Heraklion

Hermosillo

Hewanorra

Hibbing

Higashi Harima

Hilo

Hiroshima

Ho

Ho Chi Minh

Ho Chi Minh City

Hobart

Hoboken

Hohhot

Hollywood

Holy Cross

Homer

Hong Kong

HongHongkong

Honiara

Honolulu

Hoolehua

Hooper Bay

Hoskins

Houston

Houston 

Huangpu

Huatulco

Hughes

Hull

Humberside

Hunterston

Huntington

Huntsville

Huslia

Hvalfjordur

Hyannis

Hyderabad

Hyeres

INDIANAPOLIS

IRVINE

IRVING

Idaho Falls

Igarka

Iguassu Falls

Ile

Iliamna

Immingham

Inchon

Indianapolis

Innsbruck

Intercontinental

International Falls

Inuvik

Iowa City

Ipoh

Iqaluit

Iquique

Iraklion

Iron Mountain

Irvine

Irving

Isfahan

Isiro

Isla Grande

Islamabad

Issy-Les-Moulineaux

Istanbul

Itami

Ithaca

Ivanoff Bay

Iwakuni

Ixtapa

Izmir

J=D6

JACKSONVILLE

JERSEY CITY

Jackson

Jackson Hole

Jacksonville

Jaipur

Jakarta

Janeiro

Janesville

Jarnac

Jeddah

Jefferson City

Jersey

Jersey City

Jerusalem

Jinan

Johannesburg

Johnston Island

Johor Bahru

Jonkoping

Jorge Newbery

Jose

Jouy-En-Josas

Juan

Juanjui

Juba

Jubail

Juliaca

Juneau

KANSAS CITY

KEY WEST

Kabul

Kaduna

Kagoshima

Kahului

Kakogawa

Kaktovik

Kalamazoo

Kaliningrad

Kalispell

Kalskag

Kaltag

Kampala

Kampong Saom

Kanab

Kanakanak

Kananga

Kano

Kansas City

Kao Hsiung

Kaohsiung

Karachi

Karachi Harbor

Karaganda

Karsto

Karup

Kasigluk

Kasko

Kathmandou

Kathmandu

Katunan

Kawasaki

Kelang

Kemaman Harbor

Kenai

Kerman

Ketchikan

Key West

Khabarovsk

Khartoum

Khorramshahr

Kiel

Kiev

Kigali

Kilimanjaro

Killeen

Kimberley

Kin Wan

Kindu

King Cove

King Salmon

Kingston

Kingstown

Kinshasa

KinshasaKongKoweit

Kipnuk

Kiruna

Kisangani

Kisarazu

Kishinev

Kivalina

Kkuujjuaq

Klagentfurt

Klaipeda

Knoxville

Kobe

Kobenhavn

Kochi

Kodiak

Kokruagarok

Kolonia

Komatsu

Kona

Kongiganak

Koror

Kosrae

Kota Kinabalu

Kotka

Kotzebue

KoweitKuala

Koyukuk

Krasnojarsk

Kristiansand

Kristinestad

Kuala Lumpur

Kuantan New Port

Kuching

Kumamoto

Kunming

Kuopio

Kure

Kushikino

Kushiro

Kuujjuarapik

Kuwait

Kwajalien

Kwangju

Kwethluk

Kwigillingok

L.A.

LA

LANSING

LAS VEGAS

LEXINGTON

LITTLE ROCK

LONDON

LONG BEACH

LOS ANGELES

LOUISVILLE

La Ceiba

La Coruna

La Crosse Wi

La Grande

La Habana

La Pallice

La Paz

La Plata

La Rochelle

La Spezia

Labuan

Lueneburg

Laxå