Zhongshan Electronics Plant
Zhang Jia Bian Toy Factory
Zenith Electronics
Zavodi Crvena Zastava
Zastava Kamioni
Zastava
Yueloong
Yue Loong
Young &AMP; Rubicam
Young & Rubicam
Yokohama Rubber
Yokogawa
Yeu Tyan
Yelaz
Yaohan
Yanmar
Yankees
Yamato Transport
Yamatake - Honeywell
Yamatake
Yamashita - Shinnihon Steamship
Yamanouchi Pharmaceutical
Yamaha Motor
Yamaha
Yakult
YS Line
Y E Data
Y . E . Data
Xerox
Wurns Technology
Wurns
Wrigley
World Press Division
World Press
World International Network
World Bank
Working Woman
Woolworth
Woolco
Wm . Jr . Wrigley
Witco
Wisconsin Dairies
Windbond
Winbond Electronics
Winaryo Sulistyo
Wimpey
Williams - Sonoma
Wickes Manufacturing
Wickes Cos
Wickes
Whitman
Whitewater West
Whitewater
White Sox
Whirpool
Whirlpool
Weyerhaeuser
Westvaco
Westmoreland Coal
Westlb
Westinghouse Science &AMP; Technology Center
Westinghouse Science & Technology Center
Westinghouse Electric
Westinghouse Broadcasting
Westinghouse
Westfield
Western Union
Western Motor Holdings
Western Mining
Western Digital
Westdeutsche Landesbank Girozentrale
West Point - Pepperell
West Point
West Palm Beach Tropics
Wessex Water
Wespec
Wellman
Weirton Steel
Wei Min Machinery Factory
Webcor
Waxman
Wavemat
Watkins - Johnson
Waste Management
Washington Redskins
Washington Post Service
Washington Post News Service
Washington Post
Waschmittelwork Genthin
Wartburg
Warner Electric
Warner Control Techniques
Warner Bros Records
Warner Bros International Theatres
Warner Bros . Records
Warner Bros . International Theatres
Warner Bros
Warner - Lambert
Walton Computers
Walters
Wallpapers To Go
WalMart
Wal - Mart
Wacoal
Wabco Westinghouse
WNYW-TV
W . R . Grace
Vulcan Materials
Volvo
Volkswagen
Volga Automotive Works
Vneshtorgreklama
Vneshtorgizdat
Vitromatic Sadecv
Vitromatic
Vitro Household Products
Vitro
Vitkovice
Vitesse Semiconductor
Vista Chemical
Vista
Viscodrive
Visa
Virgin
Vikay
Videoton
Viacom Satellite News
Viacom
Vetco Gray
Vespa
Venture One
Venture Capital Fund
Veeco Instruments
Veb Ifa - Kombinat Personenkraftwagen
Varta
Varian Associates
Varian Assoc
Varian
Van Ommeren Terminal Singapore
Van Ommeren Oil Terminal
Valujet
ValuJet
Valhi
Valero Energy
Vacuum Metallurgical
VW
VF
Usinor - Sacilor
Usinor
Urenco
Upjohn
UpJohn
Unviersal Toys
Unocal
Universal Press Syndicate
Universal Leaf Tobacco
Universal Health
Universal Foods
Universal
United Vertical Blinds
United Tractor
United Telecom
United States Surgical
United States Advanced Battery Consortium
United Silicon Structures
United Rail Car Partnership
United Motor Works
Unisys
Unistar Radio Networks
Uniroyal - Goodrich Tire
Uniroyal
Union Textile Enterprise
Union Texas Petroleum
Union Pacific
Union Oil
Union Offshore Exploration
Union Carbide Silicones
Union Carbide
Union Camp
Unilot
Unilever U . S .
Unilever
Uniden
Unicef
Unicao
Ultratech Stepper
Ultratech
Uhde
Ucb - Jsr Electronics
UTE
UTA
USX
UST
USS - Posco
USI Far East
USG
USAir
USA Today
US Sprint
UPS
UMW
UK Aea
UCC Investors Holding
UAL
U . S . Precious Metals
U . S . News &AMP; World Report
U . S . News & World Report
U . S . Memories
U - Lite
Tyson Foods
Tylan
Turbo - Union
Tungsram
Tsmc
Trusthouse Forte
Trust Arktic Ugol
Tropicana
Tropel
Triquint Semiconductor
Trinova
Tribune Productions
Tribune Broadcasting
Tribune
Tri Valley Growers
Trasco .
Trasco
Transvik
Trans - Media Resources
Trabant
Toys R Us
Toys ' R ' Us
Toys " R " Us
Toyota Tsusho
Toyota Motor
Toyota Industrial Equipment
Toyota
Toyoda Automatic Loom Works
Toyo Tire
Toyo Menka Kaisha
Toyo Menka
Tower Records
Total Petroleum
Toshiba America
Toshiba
Tosco
Toray
Topix
Tong Il
Tomen
Tokyu
Tokyo Stock Exchange
Tokyo Electron
Tokai Bank
Tohoku Semiconductor
Tochigi Fuji Industrial
Tochigi Fuji
Tmmc
Tisza
Tishman Speyer Properties
Tishman Speyer
Tishman Development &AMP; Acquisition Fund
Tishman Development & Acquisition Fund
Tishman
Tioxide
Timken
Times Mirror
Time Warner
Tidar Niaga Kharisma
Tian An Development
Thorn Emi
Thorn Apple Valley
Thorn
Thomson - Csf
Thomas Edison
Thomas &AMP; Betts
Thomas & Betts
Thiokol
Thermo Electron
The Rotarian
The Promus Cos
The Pritzker Family
The Phoenix Gazette
The Independent
The Flying Kangaroo
The Boston Globe
The Arizona Republic
Textron
Texas Rangers
Texas Pacific
Texas Instruments
Texaco Usa
Texaco
Tesoro Petroleum
Terex
Tenneco Soda Ash
Tenneco
Temple - Inland
Temasek Holdings
Telefunken
Telefon Ab L M Ericsson
Telefon Ab L . M . Ericsson
Teledyne
Telecom Australia
Telecom
Tele - Commmunications
Telco
Tektronix
Teijin
Tecumseh Products
Technicas Reunidas
Technical University of Chemnitz
Technical Equipment Service Associates
Tecdis
Teamsters
Tcf Bank Savings Fsb
Tcf Bank
Tcby Enterprises
Tcby
Tbwa Advertising
Tbwa
Taurus
Tass
Tasaki
Tandem Computers
Tanaka Malaysia
Tambrands
Tam Gospodarska Vozila Maribor
Takarabune Confectionery
Taiyo Oil
Taiyo Computer Center
Taiyo
Taiwan Vespa
Taiwan Submicron Consortium
Taiwan Semiconductor Manufacturing
Taiwan Semiconductor Consortium
Taiwan Q P
Taiwan Q . P .
Taiwan Nissei
Taiwan Familymart
Taiwan Electrical And Mechanical Engineering Service
Taipower
Taigene
Taesong Bank
TWA
TRW
TNT Aeroflot Express
TNT
TG Soda Ash .
TG Soda Ash
TCI
Szamilk
Swedishamerican Hospital
Swedishamerican
Swedish Telecom
Svgl
Svg Lithography
Suzuki Motor
Super Octanos Ca
Super Octanos
Sunset
Sunkei
Sundstrand
Sunbeam / Oster
Sun Microsystems
Sun Hung Kai
Sun - Times
Sun - Diamond Growers
Summa
Sumitomo Rubber
Sumitomo Naugatuck
Sumitomo Mill
Sumitomo Metal Mining Electronics
Sumitomo Metal
Sumitomo Electrical
Sumitomo Electric
Sumitomo Bank
Sumitomo
Sukab
Subaru
Strauss Associates
Strascina &AMP; Partners
Strascina & Partners
Strascina
Stora
Stone Container
Stone Bridge
Steyr - Daimler - Puch Fahrzeugtechnik
Steyr - Daimler - Puch
Stewart &AMP; Stevenson Svcs
Stewart & Stevenson Svcs
Stet
Sterling Inoac
Sterling Health
Sterling Engineering Products
Sterling Engineered
Sterling Drug
Stelco
Steirerobst
State of Israel Bonds
Star Enterprise
Stanley Works
Stanhome
Standard Register
Standard Products
Standard Motor
Standard Elektrik Lorenz
Standard Commercial
Standard Chartered
Stac
St Luke 's Hospital
St . Luke 's Hospital
St . Joe Paper
Sriyuwono
Sri Yuwono
Sputtered Films
Spti
Sprint
Spinindo Mitradaya
Spinindo
Speedfam
Spectrum Cvd
Space Software Italia
Southwestern Bell
Southern International Films
South China Morning Post
Sortec
Sony
Sonoco Products
Societe Generale
Societe Europeene des Satellites
Societa Agro - Industriale Di Sviluppo Srl
Snko
Snecma
Snap - On Tools
Smithfields Foods
Smith Corona Acer
Smith Barney, Harris Upham
Smith Barney
Smec
Slovak State Savings Bank
Slhe
Skoda
Skala - Co Op
Skala - Co . Op
Sipex
Sioux Tribe
Sioux Manufacturing
Sinotrans
Singapore Telecom
Sin Kean Boon - Sanwa
Simpson Paper
Sime Darby
Sime
Siliconix
Silicon Graphics
Silgan
Signetics
Siemens Medical
Siemens - Asea
Siemens
Sidley &AMP; Austin
Sidley & Austin
Sidley
Siderbras
Siam Tsuchiya
Siam Electrical Parts
Showa Leasing
Showa Denko
Showa - Savoie
Short Brothers
Shoei
Shiroki
Shinko Electric
Shin Lan
Shimadzu
Sherwin - Williams
Sheraton
Shelley M Zeiger
Shelley M . Zeiger
Shell UK
Shell Oil
Shell Italia
Shell Chemicals UK
Shell
Sheldahl
Shearson Lehman Hutton
Shearson Lehman Brothers
Shearson
Sheaffer
Sharp
Shanghai Branch of The Construction Bank of China
Sgs - Thomson Microelectronics
Sgs - Thompson
Sg Warburg
Sequa
Senshukai
Semicoa Semiconductors
Semi - Tech Microelectronics
Semi - Tech
Sembawang Shipyard
Sematech
Selm
Selectronik
Sekisui America
Seiko Epson
Seiko Electronics
Seiko - Epson
Seibu
Security Pacific National Bank
Secim
Seattle Post - Intelligencer
Seat
Sears Roebuck
Sears
Seamless Pipe Indonesia Jaya
Sealy Holdings
Sealed Air
Seagram
Scriven
Scripps
Scott Paper
Schwarzheide
Schulman
Schottenstein Stores
Schott Glaswerke
Schering - Plough
Schal
Savannah Foods &AMP; Indust .
Savannah Foods & Indust .
Sava Kranj
Saudi Refining
Saturama
Satic
Sara Lee
Sanyo Special Steel
Sanyang
Sanwu
Sanwa Bank
Sanshin Kogyo
Sanofi Winthrop
Sanofi
Sanluis
Sanfu
Sandoz
Sandomierz
Sandia National Labs
San Francisco Examiner
San Francisco Chronicle
San Francisco 49 ers
San Esu
San - Fu
Samsung General Chemical
Samsung Electronics
Samsung
Sammi
Salvador Caetano
Salman
Salim
Salick
Salgotarjan Iron And Steel Works
Sakata
Sailor
Sahlen
Safety - Kleen
Sabretech
Sabreliner
SabreTech
Saab
SONY
SES
S&AMP ; W Berisford
S & W Berisford
Ryobi
Rubbermaid
Royal Signals &AMP; Radar Establishment
Royal Signals & Radar Establishment
Royal Admiral
Rover
Ron Arnold
Rome Air Development Center
Rolls - Royce
Rollerblade
Rohr
Rohm &AMP; Haas
Rohm & Haas
Rockwell
Rockford Memorial Hospital
Rockford Memorial
Robertson - Ceco
Robert Bosch
Ripasa Sa Celulose E Papel
Rio Doce
Ricoh
Riceland Foods
Riber
Rhone - Poulenc Rorer
Rhone - Poulenc
Reynolds Metals
Reynolds &AMP; Reynolds
Reynolds & Reynolds
Reynolds
Rexfor
Reuters
Republic Glass
Republic - Asahi
Repsol
Renault
Remy Martin
Reliance Electric
Regie Nationale Des Usines Renault
Regie Des Telegraphes Et Telephones
Regenex
Regency
Red Sox
Reader 's Digest Assn
Reader 's Digest
Raytheon
Raychem
Rassini Sa De Cv
Rassini Sa . De . Cv .
Rassini - Nhk Torsion Bars Sa De Cv
Rassini - Nhk Torsion Bars Sa . De . Cv .
Rassini
Rank Xerox
Rank Organization
Rambus of Mountain View
Ramada Renaissance
Ramada
Ram Broadcasting
Ralston Purina
Railway Systems Division
Racal Electronics
Raba Hungarian Railway Carriage And Machine Works
Raba
RJR Nabisco Holdings
RCA
R . R . Donnelley &AMP; Sons
R . R . Donnelley & Sons
Quest
Queen 's University
Quebecor
Quantum Chemical
Quantum
Quanex
Quality Spring
Quality Semiconductor
Quaker State
Quaker Oats
Quaker
Qantas
Q . P .
Puna Geothermal Ventures
Ptk Ds Indonesia
Pta Indonesia
Psk Tec
Prudential Global Real Estate Investment Program
Proton UK
Proton Cars
Proton
Prospect Motor
Promus
Proler
Prodome Ltda
Prodome
Prodigy
Procter &AMP; Gamble
Procter & Gamble
Procigo
Pritzker
Primestar
Price Waterhouse
Pressmans
Pressman
Premier Advertiser Sales
Premier
Precision Castparts
Pratt And Whitney
Pratt &AMP; Whitney
Pratt & Whitney
Prairie Farms Dairy
Potomac Lakes
Potlatch
Port of Singapore Authority
Poong Sung Electric
Polyplastics
Polylithics
Polydex
Polycon
Polyair
Polish State Car Production Corporation
Polaroid
Pohang
Ply Gem
Plessey
Plastics Recycling Alliance
Plastic Recycling Alliance
Pizza Hut
Pittway
Pittsburgh Pirates
Pittsburgh Pirate
Pitney Bowes
Pirelli
Pirates
Pinault
Pilkington
Pilgrim 's Pride
Piaggio
Physics Technology Institute
Phoenix Suns
Phillips Petroleum
Phillips - Van Heusen
Phillips
Philips Components - Signetics
Philips Components
Philips
Philip Pilevsky
Philip Morris
Phelps Dodge
Pharmatec
Pfizer
Peugot
Peugeot
Petrosynthese
Petronas Carigari
Petronas
Petroleum National
Petroleosde Venezuela
Petroleo Brasileiro
Petrokimia
Peter K Nevitt
Peter K . Nevitt
Perwaja Trengganu Sdn Bd
Perwaja Trengganu Sdn . Bd .
Perusahaan Sepadu
Pertamina
Perstorp Polyols
Permodalan Nasional
Perkin - Elmer
Pepsico
PepsiCo
Pentair
Penske
Pennzoil
Penn State
Peninsular And Oriental Steam Navigation
Pecom - Nec
Pechiney International
Pechiney
Peat Marwick
Pearle
Pearce Developments
Peake
Paul Schwalbe
Paul Revere
Parsytec
Pars - Datas Ii
Parkway Regional Medical Center
Parker Hannifin
Paravision
Paramount Domestic Television
Paramount
Papst
Panavia
Panasonic
PanAmSat
Pan American
Pan Am
Palmo Holdings
Palmco .
Palmco
Pall
Paktank Singapore Tank Storage
Paktank International
Paktank Europe
PaineWebber
Paine Webber
Pactel
Pacificorp
Pacific Microelectronics Centre
Pacific Industrial
Pacific Dunlop
Paccar
PAS
P&AMP ; O
P&AMP ; G
P V Wallcoverings
P T Mitsubishi Krama Yudha Motors And Manufacturing
P T Asuransi Tokio Marine Indonesia
P . V . Wallcoverings
P . T . Mitsubishi Krama Yudha Motors And Manufacturing
P . T . Asuransi Tokio Marine Indonesia
P . H . Glatfelter
P & O
P & G
Oxychem
Oxiquimica
Oxford Instruments
Oxfam
Owens - Corning Fiberglass
Owens - Corning Fiberglas
Owens
Overseas Economic Cooperation Fund
Outboard Marine
Otsuka Shokai
Otis
Osaka Gas
Oryx Energy
Ortho
Orogil
Orogel
Orioles
Orenstein And Koppel
Orbis
Optical Coating
Open Systems Satellite
Opel
Onoda Northwest
Onoda
Onex
Omron Tateisi
Omron
Omnitel
Omnirel Corportion
Omnicom
Olivetti
Olin
Olamtel
Oki Semiconductor
Oki Electric Industry
Oki Electric
Okamoto
Ogilvy &AMP; Mather Worldwide
Ogilvy &AMP; Mather
Ogilvy & Mather Worldwide
Ogilvy & Mather
Ogilvy
Ocean Spray Cranberries
Occidental Petroleum
Occidental Chemical
Occidental
Oberoi
Obayashi Gumo
Oak - Mitsui
O Vneshtorgreklama
O Licensintorg
O Data Kiki
Nynex Information Resources
Nynex
Ny State Univ
Nvryan
Nv Philips
Nurtanio
Nummi
Nucor
Novespace
Novellus
Nova J V
Nova J . V .
Nova - Permafab Jv
Norton
Northrop
Northern Telecom
Northern Star
Northeast Semiconductor
North West Water
North Star
North American Philips
Nortek
Norris Communications
Norplex
Noritake
Norinco
Nordiko Usa
Nordiko
Noranda
Nongsa Permai
Nomura Securities
Nomura Investment Bank Hungary
Nomura Indonesia
Nomura
Nmb Semiconductor
Nivac
Nitta - Moore
Nissin Sugar
Nissin Food
Nissin Electric
Nissin
Nissho Iwai
Nissei
Nissan Diesel
Nissan
Nipro
Nippondenso Capital Sdndhd
Nippondenso Capital
Nippon Telegraph And Telephone
Nippon Suisan Kaisha
Nippon Steel
Nippon Sheet Glass
Nippon Sanso
Nippon Oil
Nippon Motorola Micro Electronics
Nippon Motorola
Nippon Mining
Nippon Light Metal
Nippon Fire And Marine
Nippon Electric
Nippon Abs
Nioc
Nikon Precision Korea
Nikon
Nikkon Kokkan
Nikkei
Nichiro Gyogyo Kaisha
Nichirin
Nichimen
Nhk Television Network
Nhk Spring
Ngk Spark Plug
Nexas
Newsweek
News Corp .
News America Publishing
News - Corp .
Newmont Mining
Newell
Newbridge
New York Yacht Club
New York Times Syndicate
New York Times Special Features
New York Times News Service
New York Times
New York Stock Exchange
New York Post
New York Daily News
New United Motor Manufacturing
New Cci
Networld
Netcom
Nestle Korea
Nestle
Neste
Nerco
Nederlandse Coca - Cola Bottelmaatschappij
Nederlandsche Middenstandsbank
Nchip
Natl . Coop . Refinery Assn .
National Steel
National Starch
National Service Indust .
National Semiconductor
National Oilwell
National Factory For Can Ends
National Directorate of Mines
National Centre For Telecommunications Research
National Bank
National Automobile Dealers Association Used Car Guide
National Auto Auction Association
National Australia Travel
Nation of Islam
Nathan 's
Nastra
Nasdaq Stock Market
Nasdaq Stock Exchange
Nasdaq
Nasco
Narong Seafood
Namib Air
Nalfloc
Nalco Chemical
Nalco
Nacco
Na Degerstrom
Na . Degerstrom
NYTimes News Service
NYSE
NWA
NTT
NKK
NFL
NEC
NBC
NATO
NASDAQ
N V Philips
N M Rothschild &AMP; Sons
N M Rothschild & Sons
N . Y . Times News Service
N . V . Philips
N . M . Rothschild &AMP; Sons
N . M . Rothschild & Sons
Murphy Oil
Mtex Puerto Rico
Mtex
Mount Sinai Medical Center
Mount Sinai
Motorola
Mossoviet
Moscow City Council Health Department
Mortorola
Moody 's
Montor Performance Plastics
Montedison
Monsanto
Molex
Mohebi Trading Overseas
Mobil
Mitsui Trust And Banking
Mitsui Petrochemical
Mitsui Mining
Mitsui Bank
Mitsui
Mitsubishi Motor
Mitsubishi Mining
Mitsubishi Kasei
Mitsubishi Electronics America
Mitsubishi Electronics
Mitsubishi Electric UK
Mitsubishi Electric
Mitsubishi Buana Bank
Mitsubishi Bank
Mitsubishi
Mitsubish Electric
Miti
Mitchell Energy &AMP; Devel .
Mitchell Energy & Devel .
Mitas
Mitac
Mips
Minorco
Minnesota Mining &AMP; Mfg .
Minnesota Mining & Mfg .
Minnesota Mining
Minebea
Mine Safety
Millipore
Miller Anderson
Miller , Anderson &AMP; Sherrerd
Miller , Anderson & Sherrerd
Mikroelektronik Und Technologie Gesellschaft
Mid - America Dairymen
Microtest
Microsoft
Micron Technology And Advanced Micro Devices
Michelin
Miami Indian Tribe
Mexico Nissho - Iwai
Metro Air Moscow
Metro Air Cargo
Metrika
Methode
Metbelosa
Metaphor
Metallgesellschaft
Messerschmitt - Bolkow - Blohm
Merrill Lynch Realty
Merrill Lynch
Meridian
Meredith
Mercury Marine
Merck
Mercedes - Benz
Mercedes
Mentrix
Megadata
Medtronic
Medserv
Media General
Mechanics Warehouse
Mead
Mcnc
Mca Tv
McGraw - Hill
McDonnell Douglas
McDonnell - Douglas
McDonalds
McDonald 's
McDermott
McCormick
Mazda Tooling
Mazda
Maytag
Mayo Foundation
Mayer Steel Pipe
Maxxam
Maxwell Satellite Communications
Maxwell
Maxus Energy
Maxtor
Maxtopix
Maxicare
Maxell
Mattra
Mattel Usa
Mattel
Matsushita Electric Industrial
Matsushita Electric
Matsushita
Matsuhsita
Matra Communication
Matra
Matilda Publications
Materials Research
Mastercard
Massport
Maserati
Masco
Mary Kay
Maruti Udyog
Marubeni
Martin Marietta
Marstellar
Marriott
Marines Corps
Marines
Marine Midland Automotive
Marine Midland
Marietta
Marflet
Marconi Electronic Devices
Mapco
Manville
Manix Manufacturing
Manetek
Mando Machinery
Man Nutzfahrzeuge
Mammi
Malaysian Heavy Industry Public Corporation
Malaysian Fibreboard
Makro
Magyar Kuelkereskedelmi Bank
Magma Copper
Magma
Macon Iron &AMP; Paper Stock
Macon Iron & Paper Stock
Machine Isuzu Indonesia
Macao Toys
MTV
MERRILL LYNCH
MCI
M&AMP ; T Harshaw
M&AMP ; G
M . A . Hanna
M & T Harshaw
M & G
Lyondell Petrochemical
Luzon Petrochemical
Luxottica
Lukens
Lufthansa
Lucky - Goldstar
Lubrizol
Louisiana Land &AMP; Explor .
Louisiana Land & Explor .
Louisiana - Pacific
Louis Piancone
Louis Dreyfus
Los Angeles Times
Los Angeles Daily News
Loral
Lonrho
Longview Fibre
Long Term Credit Bank
Long Island Rail Road
Long - Term Credit Bank
Lone Star Northwest
Lone Star
Logovaz
Loctite
Lockheed Commercial Aircraft Center
Lockheed
Local Interests
Lm Ericsson
Lloyd 's
Liz Claiborne
Lisa Enterprises
Lincoln Electric
Lilly
Lien Hwa
Liem Sioe Liong
Liem
Licensintorg
Liberty Public
Libbey Owens Ford
Levi Strauss Associates
Levi Strauss
Leslie Fay
Lesieur - Cotelle
Lepton
Leiti
Leica Cambridge
Leica
Leggett &AMP; Platt
Leggett & Platt
Lee Kovel
Lcac
Lawson Mardon
Lawrence Livermore Lab
Lawrence Gordon
Lauga
Latvia Directorate of Civil Aviation
Largo Entertainment
Largo
Land Rover Santana
Land O ' Lakes
Lambda Physilk
Lambda Physik
Lambda
Lamb - Weston
Lam Research
Laid Back Enterprises
Lafarge
Lacufa
Lachema
La Moderna
La Franco - Canadienne Des Papiers
La - Z - Boy Chair
LTV Steel
LTCB
LSS Holdings
LSI Logic
L ' Oreal
Kyowo Hakko
Kyowa
Kyocera
Kureha Chemical Industry
Kuozoi Motorsons And Chassis
Kuozoi
Kumpulan Perangsang
Kuhlman
Kufpec
Kubota
Krypton
Krupp
Krasnaya Zarya
Krakatau Steel
Krakatau
Koyo Selko
Kopin
Konoike
Komatsubara
Komatsu Indonesia
Komatsu
Kodarna
Kodak
Kobe Steel
Kobe Mill
Knt News Wire
Knight Ridder - Tribune Venture
Knight - Ridder - Tribune
Knight - Ridder
Kmart
Kline
Kitagawa Usa
Kitagawa
Kimberly - Clark
Kiic
Kids ' R ' Us
Kids " R " Us
Khmer Rouge
Khashoggi
Kftcic
Key Technology Research Center
Kerr - McGee
Kentucky Fried Chicken
Kennametal
Kenmare Resources
Kenmare
Kelly
Kellwood
Kellogg
Keener
Kayex
Kawasaki Steel
Kawasaki And Nissho Iwai Partnership
Kaufman &AMP; Broad
Kaufman & Broad
Karl Suss America
Kansai Paint
Kansai Electric
Kanematsu Gosho
Kanebo
Kaman
Kalimantan Steel
Kajima
KPMG Peat Marwick
KGB
KFC
KDD
K mart
K Mart
K K Yeung
K . K . Yeung
K - Swiss
Jui Li
Judicial Conference of the U . S .
Jostens
Joshin
Jones Lang Wootton
Joint European Submicron Silicon Program
Joint European Submicron Silicon Initiative
Joint European Sub - Micron Silicon Initiative
Joint Consumer Health
Johnson Line
Johnson Controls
Johnson &AMP; Johnson
Johnson & Johnson
John Deere
John Brown
Jindo Rus Cooperative
Jindo
Jetborne
Jessi
Jeol
Jelczanskie Zaklady Samochodowe
Jelcz
Jefferson Smurfit
Jaya Nusa Pradana
Jaya Nusa
Japex
Japan Storage Battery
Japan Storage
Japan Optical
Japan Line
Jaido
Jaguar
Jacobs , Visconsi &AMP; Jacobs
Jacobs , Visconsi & Jacobs
JVC
JV Dialogue
JAL
J&B Scotch
J&AMP ; B Scotch
J . Walter Thompson
J . V . Dialogue
J . P . Morgan
J . E . Seagram
J . C. Penney
J &AMP; B Scotch
J & B Scotch
Iveco
Ivaco
Itri
Itoham Foods
Isuzu
Istituto Per La Ricostruzione Industriale
Island Development Bank
Island Creek Coal
Ishibashi Family
Isetan
Irving Azoff
Irvine Sensors
Ipoh Garden
Invexco .
Invexco
Investor 's Daily
Interstate Bakeries
Interserv
Interpore
International Tishman Speyer Properties
International Rectifier
International Paper
International Multifood
International Microelectronic Products
International Merchandise Mart
International Controls
International Business Machines
International Advertising Sales
Intermet
Interlink Cooperative
Interlake
Intergraph
Interco
Interbold
Interamics
Inter - University Micro Electronics Center
Intel
Integralintorg Foreign Trade Firm Integral Spc
Integral Spc
Int . Flavors &AMP; Fragrances
Int . Flavors & Fragrances
Institutes of The USSR Academy of Sciences
Institutes of The U . S . S . R . Academy of Sciences
Institute of Physical And Chemical Research
Inspiration Resources
Insilco
Inoue Rubber Indonesia
Inoue Mtp
Inoco
Innovpharm
Inland Steel
Injener
Ingersoll - Rand
Industrie Motornih Vozil
Industrias Mammi Ca
Industrias Mammi CA . Industrias Nipomex Del Centro
Industrial Technology Research Institute
Industrial Recovered Materials
Industrial Bank of Japan
Industrial Bank
Indonesian Development Bank
Indomobil Suzuki
Incacao
Inacomp
Imperial Holly
Imperial
Immunology Ventures
Immunex
Imer Nissei
Imec
Ilva
Illnois Tool Works
Ikarus
Ifa - Kombinat Nutzfahrzeuge
Idemitsu Kosan
Idemitsu
Ici Films
Icem
Ic Manufacturing Equipment Division
Ibusz
Ibc Vehicles
Iaf Biochem
ITT Rayonier
ITT
IBM Deutschland
IBM Corporation
IBM
I Waxman &AMP; Sons
I Waxman & Sons
I . Waxman &AMP; Sons
I . Waxman & Sons
Hyundai
Hypres
Hypermart Usa
Hybrid Memory Products
Hussman
Hungarian Foreignrade Bank
Hungarian Foreign Trade Bank
Hungarian Academy of Sciences
Hungaria - Oberoi
Hungarhotels
Humpuss
Hughes Space and Communications
Hughes Research Labs
Hughes Aircraft
Hughes
Huffy
Huels
Hudson Foods
Hudson Conway
Hubbell
Hubbard
Hua Tung
Hoya
Howmet Turbine Components
Houston Chronicle
Hotelecopy
Hormel
Hongkong Land And Great Eagle
Hongkong Land
Honeywell
Honey Well
Honda Motor
Honda
Holnam
Holland Sweetener
Holiday Inn Worldwide
Holiday Inn Crowne
Holiday Inn
Hogg Robinson Travel
Hogg - Robinson
Hoffmann - La Roche
Hoechst Celanese
Hoechst
Hoechest Celanese
Hodogaya Ashland
Hnsx
Hitachi Zosen
Hitachi Metals
Hitachi Maxell
Hitachi
Hispanica De Petroleos
Hino
Himont
Hicom
Hexatec Polymers
Hexatec
Hewlett - Packard
Hertz Penske
Hertz
Hershey Foods
Herman Miller
Henkel Kgaa
Henkel Hakusui
Henkel
Henderson Land
Hemodynamics
Hemlo
Hem Research
Heller
Heinz
Heavy Industry Corp of Malaysia
Heavy Industries Corp of Malaysia
Hearst Newspapers
Healey &AMP; Baker
Healey & Baker
Hdm Worldwide Direct
Hawaiian Electric
Havas Voyages
Havas Conseil
Hau Tung
Hasbro
Harvard
Hartmarx
Harsco
Harry Cullen
Harris Semiconductor
Harris Eda
Harley - Davidson
Hapag - Lloyd
Hanson Industries NA
Hanna
Hanil Stainless Steel
Hanil
Hanae Mori
Hampshire Instruments
Hampshire
Hamphsire Instruments
Hamon Sobelco
Halliburton
Hakuhodo
Hajdusaj
Haden Maclellan
HP
HNSX
HEM
HDM
HCM
H . J . Heinz
H . B . Fuller
Gwsc
Gunungcermai
Gulf Oil
Gulf Canada Products
Guinness Peat Aviation
Guilford Mills
Guangzhou Soap Factory
Guangzhou Economic &AMP; Technological Development District
Guangzhou Economic & Technological Development District
Gruppo Gft
Gruppo
Grupo Trasco
Grundstad Maritime Overseas
Grumman
Groupe De La Cite
Group of Seven
Greyhound
Greenpeace
Great Lakes Mortgage
Great Lakes Chemical
Great Amer . Mgmt . &AMP; Invest .
Great Amer . Mgmt . & Invest .
Grant
Grandmet
Grand Metropolitan
Grand - Met
Grafil
Grace Energy
Grace Cocoa World Press Division
Grace Cocoa
Governmental Overseas Economic Cooperation Fund
Government National Mortgage Association
Goulds Pumps
Gould National
Gould Ami
Goodyear Tire &AMP; Rubber
Goodyear Tire & Rubber
Goodyear
Goodrich
Goodman Fielder
Goldwell
Goldstar Industrial
Goldstar
Goldman Sachs
Goldman , Sachs
Golden Valley Microwave Foods
Golden Valley
Gold Kist
Gold Coast Suns
Gogo Tours
Goddard
Gmfanuc
Gm
Globex
Glaxo
Glatfelter
Glacier
Ginnie Mae
Gillette
Giken Sakata
Getac
Gerber Products
Georgia Tech
Georgia Pacific
Georgia Gulf
Georgia - Pacific
Geo . A . Hormel
Genus
Genrad
Genetics Institute
Genesis Microchip
General Signal
General Railway Signal Company
General Mills
General Instrument
General Foods
General Electric Silicones
General Electric
General Dynamics
Gencorp
Gefinor
Gazprom
Gaylord Container
Gatx Leasing
Gatx Capital
Gatx
Gasonics
Ganz Electrical Works
Ganz - Ansaldo
Gannett
Gamesa
GWSC
GTE
GPA
GMO
GM
GKN
GEC Plessey Semiconductors
GEC Plessey
GEC Alstrom
GEC
GE Silicones
GE Plastics
GE Capital
GE
GCA Ultratech
GCA
GAF
G M
G E Americom
G E
G . M .
G . E . Americom
G . E .
Fuztfu Construction
Furukawa Electric
Furukawa
Furman Selz
Fuller
Fujitsu General
Fujitsu
Fujisawa
Fujikoshi
Fuji Electric
Fuji Bank
Fuji
Fruit of the Loom
Fruit of The Loom
Frito - Lay
Friendship Simulation Centre
Friends Provident Life
Freeport - McMoran Energy Partners
Freeport - McMoran
Freddie Mac
Fraser &AMP; Neave
Fraser & Neave
Franco - Canadienne
France Telecom
Framatome
Fort Worth Star - Telegram
Fort Howard
Foreign Trade Bank
Ford Motor
Ford Microelectronics
Ford Lio Ho
Ford
Fokker
Fluorocarbon
Fluor
Fleetwood Enterprises
Five Star Beef
Fisons
First National Bank
First Mississippi
First Fidelity
First Brands
First Boston
First Automoble Works
Firestone
Finsider
Finmeccanica
Financial News Network
Fina
Fima
Field Publications
Fidelity Investments
Fidelity Communications
Fidelity
Fiatallis
Fiat
Fesco .
Fesco
Ferro
Federal National Mortgage Association
Federal Home Loan Mortgage Corporation
Federal Home Loan Mortgage Corp
Federal - Mogul
Fcmi
Fcie
Far East Oil Trading
Far East Oil And Trading
Fanuc
Fannie Mae
Familymart
Fairchild Defense
Fairchild
Fabryka Samochodow Osobowych
Fabryka Samochodow Osbowych
Fabryka Samochodow Malolitrazowych
FSO
FSM
FNN
FMC
FINA
FIMA
FHI
FEDERAL NATIONAL MORTGAGE ASSOCIATION
FEDERAL HOME LOAN MORTGAGE CORP
Exxon
Explonaft
Exim Bank
Exide
Evergreen
European Silicon Structures
European Lithography Innovation
Eurojet Turbo
Eurofighter
Eurodynamics
Eurocom
Etonwood Hong Kong
Etonwood
Ethyl
Etec
Est Surgelati
Ericsson - Ge Mobile Communications
Ericsson
Epitronics
Epicor
Enzo
Entree
Ente Nazionale Idrocarburi
Enrique Zobel
Enimont
Enichem Fibre
Enichem Elastomeri
Enichem
Engelhard
Enceratec
Enasa
Empresas Gamesa
Empire State Pipeline
Emerson Electric
Emcore
Elxsi
Elscint
Elisa
Elion
Eli Lilly
Elf Aquitaine
Elettrorava
Electrotech Equipments
Electronica Clarion Sa Du Cv
Electronica Clarion Sa . Du . Cv .
Electronic Joint Venture
Electrolux
Elders
Elaz
Elastogran
Ejip
Efisa
Effoa
Effjohn
Edward J Debartolo
Edward J . Debartolo
Edaran Otomobil Nasional
Ecuador Ngk Spark Plug
Echlin
Eaton
Eastman Kodak
Eastman
Eastern Steel Division
Earthwinds
EXXON
EVC
ETX
ENI
EJV
EJIP
EG&G
EG&AMP ; G
EG &AMP; G
EG & G
E Merck
E I Du Pont De Nemours
E . W . Scripps
E . Merck
E . I . Du Pont De Nemours
E - Systems
Dynasty Winery
DynAire
Dutch State Mines
Durable Electrical
Dupont Merck Pharmaceuticals
Dupont
Dunlop
Dun &AMP; Bradstreet
Dun & Bradstreet
Duke Power
Duke
Du Pont Merck Pharm .
Du Pont Merck
Du Pont De Nemours
Du Pont
Dresser - Rand
Dresser
Dr Pepper / Seven - Up
Dr Holdings Inc of Del
Dr Holdings Inc . of Del
Dow Jones
Dow Elanco .
Dow Elanco
Dow Corning
Dow Chemical
Dow - United Technologies Composite Products
Dov Riger
Doskocil
Donohue
Donnelley Directory
Donnelley Directories
Donnelley & Sons
Doner &AMP; Co . Donnelley
Doner & Co . Donnelley
Domtar
Domino Sugar
Domino Pizza
Domino 's Pizza
Dominion Textile
Dominion
Dofasco .
Dofasco
Dkp Electronics
Disney
Dirsb
Dina
Digital Equipment
Diebold
Dibrell Brothers
Diamond Waste
Diamond Star
Diamond Shamrock
Diamond - Star
Diafoil
Dexter Plastics
Dexter
Dexco Polymers
Devils Lake Sioux Manufacturing
Devils Lake Sioux
Development Bank
Deutsche Bundespost Telekom
Deutsch Bundespost Telekom
Detroit Lions
Detroit Diesel
Desaru
Dentsu , Young &AMP; Rubicam Partnerships
Dentsu , Young & Rubicam Partnerships
Dentsu
Denki Kogyo
Deluxe
Delta
Dell Computer
Delco
Del Monte
Degussa
Deere
Decisionbase Resources
Debartolo
Dean Foods
Ddb Needham Worldwide
Datacube
Data I
Data General
Darpa
Darchin
Danieli
Danaher
Dana
Dallas Times Herald
Dallas Cowboys
Dale W Lang
Dale W . Lang
Dale Lang
Daiwa Securities
Daiwa Lippo
Daiwa Europe
Daiwa Bank
Daiwa - Mkb
Daiwa
Daishinku
Daimler - Benz
Daimler
Daiichi Senko
Daiichi Katei Denki
Daiichi Kangyo Bank
Daihatsu Phranakorn
Daihatsu
Daido Steel
Daicel
Dai Nippon
Dai - Ichi Katei Denki
Dai - Ichi Kangyo Bank
Daewoo
Dactex Indonesia
DWG
DSM
DOW
DINA
DIC
DHL
DAF
D &AMP; S Plastics
D & S Plastics
Cyprus Minerals
Cypress Semiconductors
Cypress Semiconductor
Cypress
Cyanco .
Cyanco
Cvrd
Cvc Products
Customers
Cushman &AMP; Wakefield
Cushman & Wakefield
Curee
Cummins Engine
Cummins
Cullum
Csfb
Crystal Brands
Crown Cruise Line
Crown Cork &AMP; Seal
Crown Cork & Seal
Crown Central Petroleum
Crown
Crmi
Crimson
Creusot Loire
Credit Suisse First Boston
Credit Suisse
Credit Lyonnais
Cray Research
Crange
Cox News Services
Courtaulds Grafil
Courier
Courage
Coryo
Corporate Directions
Corning Glass Works
Corning Glass
Corning Asahi Video Products
Corning
Coors
Coopers &AMP; Ly - Brand Deloitte
Coopers & Ly - Brand Deloitte
Cooper Tire &AMP; Rubber
Cooper Tire & Rubber
Cooper Rolls
Cooper
Convesco .
Convesco
Conus Communications
Conus
Control Data
Continental Cablevision
Continental
Consumers Distributing
Consumer News And Business Channel
Consorzio Surgelati Italia
Consolidated Papers
Conserve Italia
Conrail
Conner Peripherals
Connecticut Mutual
Cone Mills
Conductus
Conagra
Comtrain
Computer Sciences
Computer City
Compuserve
CompuServe
Compaq Computer
Compannia Vale Do Rio Doce
Compania Siderurgica De Tubarao
Compania Manufacturera De Papeles Y Cartones
Companhia Vale Do Rio Doce - Cvrd
Companhia Vale Do Rio Doce
Compagnie Francaise Des Petroles
Commodore Cruise Line
Commodore
Commodity Exchange
Commercial Mexicana
Commerce Clearing House
Comincom
Combellga
Comalco .
Comalco
Columbia School of Public Health
Collagen
Colgate - Palmolive
Colgate
Coca Cola
Coca - Cola Enterprises
Coca - Cola
Coastal
Cnhtc
Cncdc
Cnbc
Cnaic
Cms Energy
Cluff Minerals
Clorox Coastal
Cliffs
Clesid
Clark Equipment
Clarion
Claiborne
Cl Air Leasing Cooperative Association
Cl Air
City of Leningrad
Citroen
Citizen Watch
Citizen
Citicorp .
Citicorp
Citibank
Citgo Petroleum
Ciputra
Cincinnati Stock Exchange
Cincinnati Milacron
Cigatam
Cie Generale Des Establissements Michelin
Cie Generale D ' Electricitie
Cie Financiere Michelin
Cie . Generale Des Establissements Michelin
Cie . Financiere Michelin
Ciba Geigy
Ciba Corning
Ciba - Geigy
Cia Vale Do Rio Doce
Chunghwaak
Chunghwa
Chujitsuya
Chugai
Chrysler
Chori
Chocolate Americas
Chiyoda Chemical Engineering and Construction
Chiyoda Chemical Engineering And Construction
Chiyoda
Chiquita Brands Intl .
Ching Fong
Chinese Ministry of Electronics Industry
Chinese Academy of Science
China Resources
China National Chemicals Import
China National
China Light And Power
China Great Wall
China General Plastics
China Distillery
Chicago White Sox
Chicago Mercantile Exchange
Chicago Board of Trade
Chicago Board Options Exchange
Chicago Bears
Chevron
Cherry Semiconductor
Chemische Werke Buna
Charoen Pokhpand
Charmant
Chapelle Darblay
Channar Joint Venture Project Pilbara Region
Cfp - Total
Cessna
Centurion Mines
Centurion
Centunion
Central Sari Metropolitan Leasing
Central Research Institute for Physics
Center For Advanced Microstructures and Devices
Centel Information Systems Division
Centel
Cenibra
Celulosa Arauco .
Celulosa Arauco
Celmar Industria De Celulose
Catoleum
Catic
Cathay
Caterpillar
Castrol
Cascades
Carters
Carter - Wallace
Carrian Nominee
Carrian
Carolco Paravision Television International VOF
Carolco Paravision Television International V . O . F .
Carolco .
Carolco
Carlisle
Carl Zeiss
Carena
Carbide
Capital Industry
Canon USA
Canon U . S . A .
Canon
Canfor
Candela Laser
Candela
Canadian Hunter
Campeau
Cambell Soup
Calsete Empress
Calmit Industrial Ltda .
Calmit Industrial Ltda
Call Interactive
California Jamar
Cahners
Cabot
Cable News Network
Cable And Wireless
Cable &AMP; Wireless
Cable & Wireless
CVRD
CSPA
CSFB
CSC
CSA
CRA
CNN
CNHTC
CNCDC
CNBC
CNB
CMS
CIA
CEP
CDI Transportation
CCI
CBS
C Itoh
C . S . P . A .
C . R . Bard
C . Itoh
Burroughs
Burr - Brown
Burns Fry
Burnet Realty
Burnet
Burmah
Burlington Resources
Burlington Indust . Capital
Burdines
Burda
Bundesbank
Buffalo Bills
Brunswick
Brown - Forman
Brown &AMP; Root
Brown & Root
British Telecom
British Sky Broadcasting
British Petroleum
British Nuclear Fuels
British Gas
British Airways
British Aerospace
Bristol - Myers Squibb
Brinson Partners
Brinson
Brina
Briggs &AMP; Stratton
Briggs & Stratton
Bridgestone
Brazil Petroleum
Bratislavske Automobilove Zavody
Bratislava Automobile Zavodi
Bratislava Auto Works
Braspetro
Braintree
Bozell
Bowater
Bovis
Boston Globe
Bosch
Borden
Boots
Bombardier
Boise Cascade
Boeing Aerospace And Electronics
Boeing
Boctc
Bnfl
Blue Cross Blue Shield
Blount
Bloomingdale
Bloomberg Business News
Blockbuster Video
Blockbuster
Block Drug
Black Caucus
Black &AMP; Decker
Black & Decker
Bitic
Birgenair
Birds Eye
Billy Hargis
Biin
Big Board
Bfgoodrich
Bf Goodrich
Bethlehem Steel
Bethlehem
Bethany Medical Center
Bertelsmann AG
Berliner Bank
Berlian Interniaga
Berkshire Hathaway
Berisford
Benz
Bennett Reisebureau
Bemis
Bellsouth
Bellcore
Bell Telephone
Bell System
Bell Atlantic
Bell &AMP; Howell
Bell & Howell
Beijing Municipality
Beijing First Commercial Bureau
Beijing American Express Center
Becton Dickinson
Beckman Instruments
Bechtel
Bcbs
Bbdo Worldwide
Bbdo
Bayer
Baxter
Bausch &AMP; Lomb
Bausch & Lomb
Baumaniere
Basf
Barum Tyres
Barum Puchov
Barum - Otrokovice
Barum
Baroid
Bard
Bapindo
Banta
Banque Indosuez
Bank of East Asia
Bank of Communications
Bank of China Shanghai Trust And Consultancy
Bank of China
Bank Pembangunan Indonesia
Bank Negara Indonesia
Bank International Indonesia
Bank Dagang Negara
Bank Central Asia
Bank Buana
Bangkok Bank
Bando Chemical
Bando
Bandag
Banco Santander
Balshine Foundation And George The Third And Son
Ball
Bakrie Brothers
Baker Hughes
Baker &AMP; Mckenzie
Baker & Mckenzie
Bain Venture Capital
Babolna
Babcock &AMP; Wilcox
Babcock & Wilcox
BTR Nylex
BTI
BT
BSKYB
BP Coal
BP
BOC
BNI
BNFL
BMW
BII
BHP
BHC
BF Goodrich
BCE
BCBS
BCA
BAT
B&AMP ; W
B F Goodrich
B . F . Goodrich
B & W
Ayer
Ayala
Avon Products
Avon Iec
Avions de Transport Regional
Avialat
Avery Dennison
Automobiles Peugeot
Automobile Works Eisenach
Automobile Peugeot
Automobil - Werk Eisenach
Autolatina
Autokonszern
Autoexportimport
Auto Vaz Service
Augat
Atochem
Atlantic Richfield
Ateq
Astropizza
Astra
Ast Research
Associated Press
Associated Finance Shanghai
Associated Finance
Aspen Semi - Conductor
Asm Lithography
Asm Epitaxy
Asian Development Bank
AsiaSat
Asia Pacific Pipe Investment
Ashurst Morris Crisp
Ashurst
Ashland Oil
Ashland
Asetco .
Asetco
Asean Bintulu Fertilizer
Asean
Asea Brown Boveri
Asea Brown Bover
Asea Brown
Asea - Brown Boveri
Asea
Ascii
Asarco .
Asarco
Asahi Glass
Asahi
Armstrong World Indust .
Armstrong Industries Singapore Pte .
Armstrong Industries Singapore Pte
Armstorng
Armco Steel
Armco
Arlington Securities
Arlington
Arizona Microchip
Arianespace
Argonne
Archer Technicoat
Archer - Daniels - Midland
Arcadian
Applied Materials
Apple Computers
Apple Computer
Apple College Information Network
Apple
Aphton
Aoki
Anzco .
Anzco
Anton Kajrich
Ansaldo
Anheuser - Busch
Anelva
Anders Wilhelmsen
Anchor Glass Container
Analogic
Analog Devices
Anacomp
Amtrak
Amper
Amoskeag
Amoco Chemical Company
Amoco Chemical
Amoco .
Amoco
Ammann Yanmar
Amgen
Ametek
Amerihost
American Telephone and Telegraph
American Telephone And Telegraph
American Stock Exchange
American Standard
American Maize - Products
American Home Products
American Greetings
American Express Vacations
American Express
American Cyanamid
American Continental Properties
American Chemical Society
American Brands
America Online
Amerada Hess
Amdahl
Amcol
Amax
Alusit
Alujain
Altera
Altair Technologies Gmbn
Alta Gold
Aloha Tower Associates
Allied Properties
Allied Breweries Nederland
Allied - signal
Allied - Signal Engineered Plastics
Allied - Signal
Alliant Techsystems
Allergan
Allen - Bradley
Allegheny Ludlum
All News Channel
Alitalia
Algsu
Alex . Brown
Aldyl
Alcom
Alcoa
Alchem
Alcatel Bell Telephone
Alcatel - Bell
Alcatel
Alcan Aluminum
Alberto Culver
Alas Helau
Akzo
Ajinomoto
Airbus Industrie
Airbus
Air Treads
Air Mike Express
Air Micronesia
Air Lanka
Agway
Agrisense
Agpol
Agip
Ag Associates
Ag . Associates
Afic
Affymax Research Inst
Aeromar
Aeroleasing
Aeroflot
Aerofirst
Aerocomplex
Aeritalia
Aer Rianta
Aeneas
Aemsa
Aekyung
Aeaechnology
Advo
Advanced Micro Devices
Advanced Display
Adolph Coors
Adetex
Adan Khashoggi
Adam Opel
Acustar
Acme
Achilles
Acer
Academy of Sciences
Abbott
Abb Robotics
Abacus
AT&T Microelectronics
AT&T
AT&AMP ; T Microelectronics
AT&AMP ; T
AT and T
AT And T
AT &AMP; T Microelectronics
AT &AMP; T
AT & T Microelectronics
AT & T
AST
ASM
ASC
AOL
ANA
AMSC
AMP
AMOCO
AMGEN
AMETEK
AMD
AMCOL
AMC
AMB
ALG
ALCOM
ALCOA
AG Processing
AFL-CIO
AEG
ADVO
ADB
ACME
ACCO
ABF
ABC
AB Volvo
AB . Volvo
3 M
20 th Century Fox
