Conner Peripherals
Connecticut Mutual
Cone Mills
Conductus
Conagra
Comtrain
Computer Sciences
Computer City
Compuserve
CompuServe
Compaq Computer
Compannia Vale Do Rio Doce
Compania Siderurgica De Tubarao
Compania Manufacturera De Papeles Y Cartones
Companhia Vale Do Rio Doce - Cvrd
Companhia Vale Do Rio Doce
Compagnie Francaise Des Petroles
Commodore Cruise Line
Commodore
Commodity Exchange
Commercial Mexicana
Commerce Clearing House
Comincom
Combellga
Comalco .
Comalco
Columbia School of Public Health
Collagen
Colgate - Palmolive
Colgate
Coca Cola
Coca - Cola Enterprises
Coca - Cola
Coastal
Cnhtc
Cncdc
Cnbc
Cnaic
Cms Energy
Cluff Minerals
Clorox Coastal
Cliffs
Clesid
Clark Equipment
Clarion
Claiborne
Cl Air Leasing Cooperative Association
Cl Air
City of Leningrad
Citroen
Citizen Watch
Citizen
Citicorp .
Citicorp
Citibank
Citgo Petroleum
Ciputra
Cincinnati Stock Exchange
Cincinnati Milacron
Cigatam
Cie Generale Des Establissements Michelin
Cie Generale D ' Electricitie
Cie Financiere Michelin
Cie . Generale Des Establissements Michelin
Cie . Financiere Michelin
Ciba Geigy
Ciba Corning
Ciba - Geigy
Cia Vale Do Rio Doce
Chunghwaak
Chunghwa
Chujitsuya
Chugai
Chrysler
Chori
Chocolate Americas
Chiyoda Chemical Engineering and Construction
Chiyoda Chemical Engineering And Construction
Chiyoda
Chiquita Brands Intl .
Ching Fong
Chinese Ministry of Electronics Industry
Chinese Academy of Science
China Resources
China National Chemicals Import
China National
China Light And Power
China Great Wall
China General Plastics
China Distillery
Chicago White Sox
Chicago Mercantile Exchange
Chicago Board of Trade
Chicago Board Options Exchange
Chicago Bears
Chevron
Cherry Semiconductor
Chemische Werke Buna
Charoen Pokhpand
Charmant
Chapelle Darblay
Channar Joint Venture Project Pilbara Region
Cfp - Total
Cessna
Centurion Mines
Centurion
Centunion
Central Sari Metropolitan Leasing
Central Research Institute for Physics
Center For Advanced Microstructures and Devices
Centel Information Systems Division
Centel
Cenibra
Celulosa Arauco .
Celulosa Arauco
Celmar Industria De Celulose
Catoleum
Catic
Cathay
Caterpillar
Castrol
Cascades
Carters
Carter - Wallace
Carrian Nominee
Carrian
Carolco Paravision Television International VOF
Carolco Paravision Television International V . O . F .
Carolco .
Carolco
Carlisle
Carl Zeiss
Carena
Carbide
Capital Industry
Canon USA
Canon U . S . A .
Canon
Canfor
Candela Laser
Candela
Canadian Hunter
Campeau
Cambell Soup
Calsete Empress
Calmit Industrial Ltda .
Calmit Industrial Ltda
Call Interactive
California Jamar
Cahners
Cabot
Cable News Network
Cable And Wireless
Cable &AMP; Wireless
Cable & Wireless
CVRD
CSPA
CSFB
CSC
CSA
CRA
CNN
CNHTC
CNCDC
CNBC
CNB
CMS
CIA
CEP
CDI Transportation
CCI
CBS
C Itoh
C . S . P . A .
C . R . Bard
C . Itoh
Burroughs
Burr - Brown
Burns Fry
Burnet Realty
Burnet
Burmah
Burlington Resources
Burlington Indust . Capital
Burdines
Burda
Bundesbank
Buffalo Bills
Brunswick
Brown - Forman
Brown &AMP; Root
Brown & Root
British Telecom
British Sky Broadcasting
British Petroleum
British Nuclear Fuels
British Gas
British Airways
British Aerospace
Bristol - Myers Squibb
Brinson Partners
Brinson
Brina
Briggs &AMP; Stratton
Briggs & Stratton
Bridgestone
Brazil Petroleum
Bratislavske Automobilove Zavody
Bratislava Automobile Zavodi
Bratislava Auto Works
Braspetro
Braintree
Bozell
Bowater
Bovis
Boston Globe
Bosch
Borden
Boots
Bombardier
Boise Cascade
Boeing Aerospace And Electronics
Boeing
Boctc
Bnfl
Blue Cross Blue Shield
Blount
Bloomingdale
Bloomberg Business News
Blockbuster Video
Blockbuster
Block Drug
Black Caucus
Black &AMP; Decker
Black & Decker
Bitic
Birgenair
Birds Eye
Billy Hargis
Biin
Big Board
Bfgoodrich
Bf Goodrich
Bethlehem Steel
Bethlehem
Bethany Medical Center
Bertelsmann AG
Berliner Bank
Berlian Interniaga
Berkshire Hathaway
Berisford
Benz
Bennett Reisebureau
Bemis
Bellsouth
Bellcore
Bell Telephone
Bell System
Bell Atlantic
Bell &AMP; Howell
Bell & Howell
Beijing Municipality
Beijing First Commercial Bureau
Beijing American Express Center
Becton Dickinson
Beckman Instruments
Bechtel
Bcbs
Bbdo Worldwide
Bbdo
Bayer
Baxter
Bausch &AMP; Lomb
Bausch & Lomb
Baumaniere
Basf
Barum Tyres
Barum Puchov
Barum - Otrokovice
Barum
Baroid
Bard
Bapindo
Banta
Banque Indosuez
Bank of East Asia
Bank of Communications
Bank of China Shanghai Trust And Consultancy
Bank of China
Bank Pembangunan Indonesia
Bank Negara Indonesia
Bank International Indonesia
Bank Dagang Negara
Bank Central Asia
Bank Buana
Bangkok Bank
Bando Chemical
Bando
Bandag
Banco Santander
Balshine Foundation And George The Third And Son
Ball
Bakrie Brothers
Baker Hughes
Baker &AMP; Mckenzie
Baker & Mckenzie
Bain Venture Capital
Babolna
Babcock &AMP; Wilcox
Babcock & Wilcox
BTR Nylex
BTI
BT
BSKYB
BP Coal
BP
BOC
BNI
BNFL
BMW
BII
BHP
BHC
BF Goodrich
BCE
BCBS
BCA
BAT
B&AMP ; W
B F Goodrich
B . F . Goodrich
B & W
Ayer
Ayala
Avon Products
Avon Iec
Avions de Transport Regional
Avialat
Avery Dennison
Automobiles Peugeot
Automobile Works Eisenach
Automobile Peugeot
Automobil - Werk Eisenach
Autolatina
Autokonszern
Autoexportimport
Auto Vaz Service
Augat
Atochem
Atlantic Richfield
Ateq
Astropizza
Astra
Ast Research
Associated Press
Associated Finance Shanghai
Associated Finance
Aspen Semi - Conductor
Asm Lithography
Asm Epitaxy
Asian Development Bank
AsiaSat
Asia Pacific Pipe Investment
Ashurst Morris Crisp
Ashurst
Ashland Oil
Ashland
Asetco .
Asetco
Asean Bintulu Fertilizer
Asean
Asea Brown Boveri
Asea Brown Bover
Asea Brown
Asea - Brown Boveri
Asea
Ascii
Asarco .
Asarco
Asahi Glass
Asahi
Armstrong World Indust .
Armstrong Industries Singapore Pte .
Armstrong Industries Singapore Pte
Armstorng
Armco Steel
Armco
Arlington Securities
Arlington
Arizona Microchip
Arianespace
Argonne
Archer Technicoat
Archer - Daniels - Midland
Arcadian
Applied Materials
Apple Computers
Apple Computer
Apple College Information Network
Apple
Aphton
Aoki
Anzco .
Anzco
Anton Kajrich
Ansaldo
Anheuser - Busch
Anelva
Anders Wilhelmsen
Anchor Glass Container
Analogic
Analog Devices
Anacomp
Amtrak
Amper
Amoskeag
Amoco Chemical Company
Amoco Chemical
Amoco .
Amoco
Ammann Yanmar
Amgen
Ametek
Amerihost
American Telephone and Telegraph
American Telephone And Telegraph
American Stock Exchange
American Standard
American Maize - Products
American Home Products
American Greetings
American Express Vacations
American Express
American Cyanamid
American Continental Properties
American Chemical Society
American Brands
America Online
Amerada Hess
Amdahl
Amcol
Amax
Alusit
Alujain
Altera
Altair Technologies Gmbn
Alta Gold
Aloha Tower Associates
Allied Properties
Allied Breweries Nederland
Allied - signal
Allied - Signal Engineered Plastics
Allied - Signal
Alliant Techsystems
Allergan
Allen - Bradley
Allegheny Ludlum
All News Channel
Alitalia
Algsu
Alex . Brown
Aldyl
Alcom
Alcoa
Alchem
Alcatel Bell Telephone
Alcatel - Bell
Alcatel
Alcan Aluminum
Alberto Culver
Alas Helau
Akzo
Ajinomoto
Airbus Industrie
Airbus
Air Treads
Air Mike Express
Air Micronesia
Air Lanka
Agway
Agrisense
Agpol
Agip
Ag Associates
Ag . Associates
Afic
Affymax Research Inst
Aeromar
Aeroleasing
Aeroflot
Aerofirst
Aerocomplex
Aeritalia
Aer Rianta
Aeneas
Aemsa
Aekyung
Aeaechnology
Advo
Advanced Micro Devices
Advanced Display
Adolph Coors
Adetex
Adan Khashoggi
Adam Opel
Acustar
Acme
Achilles
Acer
Academy of Sciences
Abbott
Abb Robotics
Abacus
AT&T Microelectronics
AT&T
AT&AMP ; T Microelectronics
AT&AMP ; T
AT and T
AT And T
AT &AMP; T Microelectronics
AT &AMP; T
AT & T Microelectronics
AT & T
AST
ASM
ASC
AOL
ANA
AMSC
AMP
AMOCO
AMGEN
AMETEK
AMD
AMCOL
AMC
AMB
ALG
ALCOM
ALCOA
AG Processing
AFL-CIO
AEG
ADVO
ADB
ACME
ACCO
ABF
AB Volvo
AB . Volvo
3 M
20 th Century Fox
