Zhongshan Electronics Plant
Zhang Jia Bian Toy Factory
Zenith Electronics
Zavodi Crvena Zastava
Zastava Kamioni
Zastava
Yueloong
Yue Loong
Young &AMP; Rubicam
Young & Rubicam
Yokohama Rubber
Yokogawa
Yeu Tyan
Yelaz
Yaohan
Yanmar
Yankees
Yamato Transport
Yamatake-Honeywell
Yamatake
Yamashita-Shinnihon Steamship
Yamanouchi Pharmaceutical
Yamaha Motor
Yamaha
Yakult
YS Line
Y E Data
Y.E. Data
Xerox
Wurns Technology
Wurns
Wrigley
World Press Division
World Press
World International Network
World Bank
Working Woman
Woolworth
Woolco
Wm. Jr. Wrigley
Witco
Wisconsin Dairies
Windbond
Winbond Electronics
Winaryo Sulistyo
Wimpey
Williams-Sonoma
Wickes Manufacturing
Wickes Cos
Wickes
Whitman
Whitewater West
Whitewater
White Sox
Whirpool
Whirlpool
Weyerhaeuser
Westvaco
Westmoreland Coal
Westlb
Westinghouse Science &AMP; Technology Center
Westinghouse Science & Technology Center
Westinghouse Electric
Westinghouse Broadcasting
Westinghouse
Westfield
Western Union
Western Motor Holdings
Western Mining
Western Digital
Westdeutsche Landesbank Girozentrale
West Point-Pepperell
West Point
West Palm Beach Tropics
Wessex Water
Wespec
Wellman
Weirton Steel
Wei Min Machinery Factory
Webcor
Waxman
Wavemat
Watkins-Johnson
Waste Management
Washington Redskins
Washington Post Service
Washington Post News Service
Washington Post
Waschmittelwork Genthin
Wartburg
Warner Electric
Warner Control Techniques
Warner Bros Records
Warner Bros International Theatres
Warner Bros. Records
Warner Bros. International Theatres
Warner Bros
Warner-Lambert
Walton Computers
Walters
Wallpapers To Go
WalMart
Wal-Mart
Wacoal
Wabco Westinghouse
WNYW-TV
W.R. Grace
Vulcan Materials
Volvo
Volkswagen
Volga Automotive Works
Vneshtorgreklama
Vneshtorgizdat
Vitromatic Sadecv
Vitromatic
Vitro Household Products
Vitro
Vitkovice
Vitesse Semiconductor
Vista Chemical
Vista
Viscodrive
Visa
Virgin
Vikay
Videoton
Viacom Satellite News
Viacom
Vetco Gray
Vespa
Venture One
Venture Capital Fund
Veeco Instruments
Veb Ifa-Kombinat Personenkraftwagen
Varta
Varian Associates
Varian Assoc
Varian
Van Ommeren Terminal Singapore
Van Ommeren Oil Terminal
Valujet
ValuJet
Valhi
Valero Energy
Vacuum Metallurgical
VW
VF
Usinor-Sacilor
Usinor
Urenco
Upjohn
UpJohn
Unviersal Toys
Unocal
Universal Press Syndicate
Universal Leaf Tobacco
Universal Health
Universal Foods
Universal
United Vertical Blinds
United Tractor
United Telecom
United States Surgical
United States Advanced Battery Consortium
United Silicon Structures
United Rail Car Partnership
United Motor Works
Unisys
Unistar Radio Networks
Uniroyal-Goodrich Tire
Uniroyal
Union Textile Enterprise
Union Texas Petroleum
Union Pacific
Union Oil
Union Offshore Exploration
Union Carbide Silicones
Union Carbide
Union Camp
Unilot
Unilever U.S.
Unilever
Uniden
Unicef
Unicao
Ultratech Stepper
Ultratech
Uhde
Ucb-Jsr Electronics
UTE
UTA
USX
UST
USS-Posco
USI Far East
USG
USAir
USA Today
US Sprint
UPS
UMW
UK Aea
UCC Investors Holding
UAL
U.S. Precious Metals
U.S. News &AMP; World Report
U.S. News & World Report
U.S. Memories
U-Lite
Tyson Foods
Tylan
Turbo-Union
Tungsram
Tsmc
Trusthouse Forte
Trust Arktic Ugol
Tropicana
Tropel
Triquint Semiconductor
Trinova
Tribune Productions
Tribune Broadcasting
Tribune
Tri Valley Growers
Trasco.
Trasco
Transvik
Trans - Media Resources
Trabant
Toys R Us
Toys 'R' Us
Toys "R" Us
Toyota Tsusho
Toyota Motor
Toyota Industrial Equipment
Toyota
Toyoda Automatic Loom Works
Toyo Tire
Toyo Menka Kaisha
Toyo Menka
Tower Records
Total Petroleum
Toshiba America
Toshiba
Tosco
Toray
Topix
Tong Il
Tomen
Tokyu
Tokyo Stock Exchange
Tokyo Electron
Tokai Bank
Tohoku Semiconductor
Tochigi Fuji Industrial
Tochigi Fuji
Tmmc
Tisza
Tishman Speyer Properties
Tishman Speyer
Tishman Development &AMP; Acquisition Fund
Tishman Development & Acquisition Fund
Tishman
Tioxide
Timken
Times Mirror
Time Warner
Tidar Niaga Kharisma
Tian An Development
Thorn Emi
Thorn Apple Valley
Thorn
Thomson-Csf
Thomas Edison
Thomas &AMP; Betts
Thomas & Betts
Thiokol
Thermo Electron
The Rotarian
The Promus Cos
The Pritzker Family
The Phoenix Gazette
The Independent
The Flying Kangaroo
The Boston Globe
The Arizona Republic
Textron
Texas Rangers
Texas Pacific
Texas Instruments
Texaco Usa
Texaco
Tesoro Petroleum
Terex
Tenneco Soda Ash
Tenneco
Temple-Inland
Temasek Holdings
Telefunken
Telefon Ab L M Ericsson
Telefon Ab L.M. Ericsson
Teledyne
Telecom Australia
Telecom
Tele-Commmunications
Telco
Tektronix
Teijin
Tecumseh Products
Technicas Reunidas
Technical University of Chemnitz
Technical Equipment Service Associates
Tecdis
Teamsters
Tcf Bank Savings Fsb
Tcf Bank
Tcby Enterprises
Tcby
Tbwa Advertising
Tbwa
Taurus
Tass
Tasaki
Tandem Computers
Tanaka Malaysia
Tambrands
Tam Gospodarska Vozila Maribor
Takarabune Confectionery
Taiyo Oil
Taiyo Computer Center
Taiyo
Taiwan Vespa
Taiwan Submicron Consortium
Taiwan Semiconductor Manufacturing
Taiwan Semiconductor Consortium
Taiwan Q P
Taiwan Q.P.
Taiwan Nissei
Taiwan Familymart
Taiwan Electrical And Mechanical Engineering Service
Taipower
Taigene
Taesong Bank
TWA
TRW
TNT Aeroflot Express
TNT
TG Soda Ash.
TG Soda Ash
TCI
Szamilk
Swedishamerican Hospital
Swedishamerican
Swedish Telecom
Svgl
Svg Lithography
Suzuki Motor
Super Octanos Ca
Super Octanos
Sunset
Sunkei
Sundstrand
Sunbeam / Oster
Sun Microsystems
Sun Hung Kai
Sun-Times
Sun-Diamond Growers
Summa
Sumitomo Rubber
Sumitomo Naugatuck
Sumitomo Mill
Sumitomo Metal Mining Electronics
Sumitomo Metal
Sumitomo Electrical
Sumitomo Electric
Sumitomo Bank
Sumitomo
Sukab
Subaru
Strauss Associates
Strascina &AMP; Partners
Strascina & Partners
Strascina
Stora
Stone Container
Stone Bridge
Steyr-Daimler-Puch Fahrzeugtechnik
Steyr-Daimler-Puch
Stewart &AMP; Stevenson Svcs
Stewart & Stevenson Svcs
Stet
Sterling Inoac
Sterling Health
Sterling Engineering Products
Sterling Engineered
Sterling Drug
Stelco
Steirerobst
State of Israel Bonds
Star Enterprise
Stanley Works
Stanhome
Standard Register
Standard Products
Standard Motor
Standard Elektrik Lorenz
Standard Commercial
Standard Chartered
Stac
St Luke's Hospital
St. Luke's Hospital
St. Joe Paper
Sriyuwono
Sri Yuwono
Sputtered Films
Spti
Sprint
Spinindo Mitradaya
Spinindo
Speedfam
Spectrum Cvd
Space Software Italia
Southwestern Bell
Southern International Films
South China Morning Post
Sortec
Sony
Sonoco Products
Societe Generale
Societe Europeene des Satellites
Societa Agro-Industriale Di Sviluppo Srl
Snko
Snecma
Snap-On Tools
Smithfields Foods
Smith Corona Acer
Smith Barney, Harris Upham
Smith Barney
Smec
Slovak State Savings Bank
Slhe
Skoda
Skala-Co Op
Skala-Co. Op
Sipex
Sioux Tribe
Sioux Manufacturing
Sinotrans
Singapore Telecom
Sin Kean Boon-Sanwa
Simpson Paper
Sime Darby
Sime
Siliconix
Silicon Graphics
Silgan
Signetics
Siemens Medical
Siemens-Asea
Siemens
Sidley &AMP; Austin
Sidley & Austin
Sidley
Siderbras
Siam Tsuchiya
Siam Electrical Parts
Showa Leasing
Showa Denko
Showa-Savoie
Short Brothers
Shoei
Shiroki
Shinko Electric
Shin Lan
Shimadzu
Sherwin-Williams
Sheraton
Shelley M Zeiger
Shelley M. Zeiger
Shell UK
Shell Oil
Shell Italia
Shell Chemicals UK
Shell
Sheldahl
Shearson Lehman Hutton
Shearson Lehman Brothers
Shearson
Sheaffer
Sharp
Shanghai Branch of The Construction Bank of China
Sgs-Thomson Microelectronics
Sgs-Thompson
Sg Warburg
Sequa
Senshukai
Semicoa Semiconductors
Semi-Tech Microelectronics
Semi-Tech
Sembawang Shipyard
Sematech
Selm
Selectronik
Sekisui America
Seiko Epson
Seiko Electronics
Seiko-Epson
Seibu
Security Pacific National Bank
Secim
Seattle Post-Intelligencer
Seat
Sears Roebuck
Sears
Seamless Pipe Indonesia Jaya
Sealy Holdings
Sealed Air
Seagram
Scriven
Scripps
Scott Paper
Schwarzheide
Schulman
Schottenstein Stores
Schott Glaswerke
Schering-Plough
Schal
Savannah Foods &AMP; Indust.
Savannah Foods & Indust.
Sava Kranj
Saudi Refining
Saturama
Satic
Sara Lee
Sanyo Special Steel
Sanyang
Sanwu
Sanwa Bank
Sanshin Kogyo
Sanofi Winthrop
Sanofi
Sanluis
Sanfu
Sandoz
Sandomierz
Sandia National Labs
San Francisco Examiner
San Francisco Chronicle
San Francisco 49 ers
San Esu
San-Fu
Samsung General Chemical
Samsung Electronics
Samsung
Sammi
Salvador Caetano
Salman
Salim
Salick
Salgotarjan Iron And Steel Works
Sakata
Sailor
Sahlen
Safety-Kleen
Sabretech
Sabreliner
SabreTech
Saab
SONY
SES
S&AMP ; W Berisford
S & W Berisford
Ryobi
Rubbermaid
Royal Signals &AMP; Radar Establishment
Royal Signals & Radar Establishment
Royal Admiral
Rover
Ron Arnold
Rome Air Development Center
Rolls-Royce
Rollerblade
Rohr
Rohm &AMP; Haas
Rohm & Haas
Rockwell
Rockford Memorial Hospital
Rockford Memorial
Robertson-Ceco
Robert Bosch
Ripasa Sa Celulose E Papel
Rio Doce
Ricoh
Riceland Foods
Riber
Rhone-Poulenc Rorer
Rhone-Poulenc
Reynolds Metals
Reynolds &AMP; Reynolds
Reynolds & Reynolds
Reynolds
Rexfor
Reuters
Republic Glass
Republic-Asahi
Repsol
Renault
Remy Martin
Reliance Electric
Regie Nationale Des Usines Renault
Regie Des Telegraphes Et Telephones
Regenex
Regency
Red Sox
Reader's Digest Assn
Reader's Digest
Raytheon
Raychem
Rassini Sa De Cv
Rassini Sa. De. Cv.
Rassini-Nhk Torsion Bars Sa De Cv
Rassini-Nhk Torsion Bars Sa. De. Cv.
Rassini
Rank Xerox
Rank Organization
Rambus of Mountain View
Ramada Renaissance
Ramada
Ram Broadcasting
Ralston Purina
Railway Systems Division
Railtrack
Racal Electronics
Raba Hungarian Railway Carriage And Machine Works
Raba
RJR Nabisco Holdings
RCA
R.R. Donnelley &AMP; Sons
R.R. Donnelley & Sons
Quest
Queen's University
Quebecor
Quantum Chemical
Quantum
Quanex
Quality Spring
Quality Semiconductor
Quaker State
Quaker Oats
Quaker
Qantas
Q.P.
Puna Geothermal Ventures
Ptk Ds Indonesia
Pta Indonesia
Psk Tec
Prudential Global Real Estate Investment Program
Proton UK
Proton Cars
Proton
Prospect Motor
Promus
Proler
Prodome Ltda
Prodome
Prodigy
Procter &AMP; Gamble
Procter & Gamble
Procigo
Pritzker
Primestar
Price Waterhouse
Pressmans
Pressman
Premier Advertiser Sales
Premier
Precision Castparts
Pratt And Whitney
Pratt &AMP; Whitney
Pratt & Whitney
Prairie Farms Dairy
Potomac Lakes
Potlatch
Port of Singapore Authority
Poong Sung Electric
Polyplastics
Polylithics
Polydex
Polycon
Polyair
Polish State Car Production Corporation
Polaroid
Pohang
Ply Gem
Plessey
Plastics Recycling Alliance
Plastic Recycling Alliance
Pizza Hut
Pittway
Pittsburgh Pirates
Pittsburgh Pirate
Pitney Bowes
Pirelli
Pirates
Pinault
Pilkington
Pilgrim's Pride
Piaggio
Physics Technology Institute
Phoenix Suns
Phillips Petroleum
Phillips-Van Heusen
Phillips
Philips Components-Signetics
Philips Components
Philips
Philip Pilevsky
Philip Morris
Phelps Dodge
Pharmatec
Pfizer
Peugot
Peugeot
Petrosynthese
Petronas Carigari
Petronas
Petroleum National
Petroleosde Venezuela
Petroleo Brasileiro
Petrokimia
Peter K Nevitt
Peter K. Nevitt
Perwaja Trengganu Sdn Bd
Perwaja Trengganu Sdn. Bd.
Perusahaan Sepadu
Pertamina
Perstorp Polyols
Permodalan Nasional
Perkin-Elmer
Pepsico
PepsiCo
Pentair
Penske
Pennzoil
Penn State
Peninsular And Oriental Steam Navigation
Pecom-Nec
Pechiney International
Pechiney
Peat Marwick
Pearle
Pearce Developments
Peake
Paul Schwalbe
Paul Revere
Parsytec
Pars-Datas Ii
Parkway Regional Medical Center
Parker Hannifin
Paravision
Paramount Domestic Television
Paramount
Papst
Panavia
Panasonic
PanAmSat
Pan American
Pan Am
Palmo Holdings
Palmco.
Palmco
Pall
Paktank Singapore Tank Storage
Paktank International
Paktank Europe
PaineWebber
Paine Webber
Pactel
Pacificorp
Pacific Microelectronics Centre
Pacific Industrial
Pacific Dunlop
Paccar
PAS
P&AMP ; O
P&AMP ; G
P V Wallcoverings
P T Mitsubishi Krama Yudha Motors And Manufacturing
P T Asuransi Tokio Marine Indonesia
P.V. Wallcoverings
P.T. Mitsubishi Krama Yudha Motors And Manufacturing
P.T. Asuransi Tokio Marine Indonesia
P.H. Glatfelter
P & O
P & G
Oxychem
Oxiquimica
Oxford Instruments
Oxfam
Owens-Corning Fiberglass
Owens-Corning Fiberglas
Owens
Overseas Economic Cooperation Fund
Outboard Marine
Otsuka Shokai
Otis
Osaka Gas
Oryx Energy
Ortho
Orogil
Orogel
Orioles
Orenstein And Koppel
Orbis
Optical Coating
Open Systems Satellite
Opel
Onoda Northwest
Onoda
Onex
Omron Tateisi
Omron
Omnitel
Omnirel Corportion
Omnicom
Olivetti
Olin
Olamtel
Oki Semiconductor
Oki Electric Industry
Oki Electric
Okamoto
Ogilvy &AMP; Mather Worldwide
Ogilvy &AMP; Mather
Ogilvy & Mather Worldwide
Ogilvy & Mather
Ogilvy
Ocean Spray Cranberries
Occidental Petroleum
Occidental Chemical
Occidental
Oberoi
Obayashi Gumo
Oak-Mitsui
O Vneshtorgreklama
O Licensintorg
O Data Kiki
Nynex Information Resources
Nynex
Ny State Univ
Nvryan
Nv Philips
Nurtanio
Nummi
Nucor
Novespace
Novellus
Nova J V
Nova J.V.
Nova-Permafab Jv
Norton
Northrop
Northern Telecom
Northern Star
Northeast Semiconductor
North West Water
North Star
North American Philips
Nortek
Norris Communications
Norplex
Noritake
Norinco
Nordiko Usa
Nordiko
Noranda
Nongsa Permai
Nomura Securities
Nomura Investment Bank Hungary
Nomura Indonesia
Nomura
Nmb Semiconductor
Nivac
Nitta-Moore
Nissin Sugar
Nissin Food
Nissin Electric
Nissin
Nissho Iwai
Nissei
Nissan Diesel
Nissan
Nipro
Nippondenso Capital Sdndhd
Nippondenso Capital
Nippon Telegraph And Telephone
Nippon Suisan Kaisha
Nippon Steel
Nippon Sheet Glass
Nippon Sanso
Nippon Oil
Nippon Motorola Micro Electronics
Nippon Motorola
Nippon Mining
Nippon Light Metal
Nippon Fire And Marine
Nippon Electric
Nippon Abs
Nioc
Nikon Precision Korea
Nikon
Nikkon Kokkan
Nikkei
Nichiro Gyogyo Kaisha
Nichirin
Nichimen
Nhk Television Network
Nhk Spring
Ngk Spark Plug
Nexas
Newsweek
News Corp.
News America Publishing
News-Corp.
Newmont Mining
Newell
Newbridge
New York Yacht Club
New York Times Syndicate
New York Times Special Features
New York Times News Service
New York Times
New York Stock Exchange
New York Post
New York Daily News
New United Motor Manufacturing
New Cci
Networld
Netcom
Nestle Korea
Nestle
Neste
Nerco
Nederlandse Coca-Cola Bottelmaatschappij
Nederlandsche Middenstandsbank
Nchip
Natl. Coop. Refinery Assn.
National Steel
National Starch
National Service Indust.
National Semiconductor
National Oilwell
National Factory For Can Ends
National Directorate of Mines
National Centre For Telecommunications Research
National Bank
National Automobile Dealers Association Used Car Guide
National Auto Auction Association
National Australia Travel
Nation of Islam
Nathan's
Nastra
Nasdaq Stock Market
Nasdaq Stock Exchange
Nasdaq
Nasco
Narong Seafood
Namib Air
Nalfloc
Nalco Chemical
Nalco
Nacco
Na Degerstrom
Na. Degerstrom
NYTimes News Service
NYSE
NWA
NTT
NKK
NFL
NEC
NBC
NATO
NASDAQ
N V Philips
N M Rothschild &AMP; Sons
N M Rothschild & Sons
N.Y. Times News Service
N.V. Philips
N.M. Rothschild &AMP; Sons
N.M. Rothschild & Sons
Murphy Oil
Mtex Puerto Rico
Mtex
Mount Sinai Medical Center
Mount Sinai
Motorola
Mossoviet
Moscow City Council Health Department
Mortorola
Moody's
