Montor Performance Plastics
Montedison
Monsanto
Molex
Mohebi Trading Overseas
Mobil
Mitsui Trust And Banking
Mitsui Petrochemical
Mitsui Mining
Mitsui Bank
Mitsui
Mitsubishi Motor
Mitsubishi Mining
Mitsubishi Kasei
Mitsubishi Electronics America
Mitsubishi Electronics
Mitsubishi Electric UK
Mitsubishi Electric
Mitsubishi Buana Bank
Mitsubishi Bank
Mitsubishi
Mitsubish Electric
Miti
Mitchell Energy &AMP; Devel.
Mitchell Energy & Devel.
Mitas
Mitac
Mips
Minorco
Minnesota Mining &AMP; Mfg.
Minnesota Mining & Mfg.
Minnesota Mining
Minebea
Mine Safety
Millipore
Miller Anderson
Miller , Anderson &AMP; Sherrerd
Miller , Anderson & Sherrerd
Mikroelektronik Und Technologie Gesellschaft
Mid-America Dairymen
Microtest
Microsoft
Micron Technology And Advanced Micro Devices
Michelin
Miami Indian Tribe
Mexico Nissho-Iwai
Metro Air Moscow
Metro Air Cargo
Metrika
Methode
Metbelosa
Metaphor
Metallgesellschaft
Messerschmitt-Bolkow-Blohm
Merrill Lynch Realty
Merrill Lynch
Meridian
Meredith
Mercury Marine
Merck
Mercedes-Benz
Mercedes
Mentrix
Megadata
Medtronic
Medserv
Media General
Mechanics Warehouse
Mead
Mcnc
Mca Tv
McGraw-Hill
McDonnell Douglas
McDonnell-Douglas
McDonalds
McDonald's
McDermott
McCormick
Mazda Tooling
Mazda
Maytag
Mayo Foundation
Mayer Steel Pipe
Maxxam
Maxwell Satellite Communications
Maxwell
Maxus Energy
Maxtor
Maxtopix
Maxicare
Maxell
Mattra
Mattel Usa
Mattel
Matsushita Electric Industrial
Matsushita Electric
Matsushita
Matsuhsita
Matra Communication
Matra
Matilda Publications
Materials Research
Mastercard
Massport
Maserati
Masco
Mary Kay
Maruti Udyog
Marubeni
Martin Marietta
Marstellar
Marriott
Marines Corps
Marines
Marine Midland Automotive
Marine Midland
Marietta
Marflet
Marconi Electronic Devices
Mapco
Manville
Manix Manufacturing
Manetek
Mando Machinery
Man Nutzfahrzeuge
Mammi
Malaysian Heavy Industry Public Corporation
Malaysian Fibreboard
Makro
Magyar Kuelkereskedelmi Bank
Magma Copper
Magma
Macon Iron &AMP; Paper Stock
Macon Iron & Paper Stock
Machine Isuzu Indonesia
Macao Toys
MTV
MERRILL LYNCH
MCI
M&AMP ; T Harshaw
M&AMP ; G
M.A. Hanna
M & T Harshaw
M & G
Lyondell Petrochemical
Luzon Petrochemical
Luxottica
Lukens
Lufthansa
Lucky-Goldstar
Lubrizol
Louisiana Land &AMP; Explor.
Louisiana Land & Explor.
Louisiana-Pacific
Louis Piancone
Louis Dreyfus
Los Angeles Times
Los Angeles Daily News
Loral
Lonrho
Longview Fibre
Long Term Credit Bank
Long Island Rail Road
Long-Term Credit Bank
Lone Star Northwest
Lone Star
Logovaz
Loctite
Lockheed Commercial Aircraft Center
Lockheed
Local Interests
Lm Ericsson
Lloyd's
Liz Claiborne
Lisa Enterprises
Lincoln Electric
Lilly
Lien Hwa
Liem Sioe Liong
Liem
Licensintorg
Liberty Public
Libbey Owens Ford
Levi Strauss Associates
Levi Strauss
Leslie Fay
Lesieur-Cotelle
Lepton
Leiti
Leica Cambridge
Leica
Leggett &AMP; Platt
Leggett & Platt
Lee Kovel
Lcac
Lawson Mardon
Lawrence Livermore Lab
Lawrence Gordon
Lauga
Latvia Directorate of Civil Aviation
Largo Entertainment
Largo
Land Rover Santana
Land O' Lakes
Lambda Physilk
Lambda Physik
Lambda
Lamb-Weston
Lam Research
Laid Back Enterprises
Lafarge
Lacufa
Lachema
La Moderna
La Franco-Canadienne Des Papiers
La-Z-Boy Chair
LTV Steel
LTCB
LSS Holdings
LSI Logic
L' Oreal
Kyowo Hakko
Kyowa
Kyocera
Kureha Chemical Industry
Kuozoi Motorsons And Chassis
Kuozoi
Kumpulan Perangsang
Kuhlman
Kufpec
Kubota
Krypton
Krupp
Krasnaya Zarya
Krakatau Steel
Krakatau
Koyo Selko
Kopin
Konoike
Komatsubara
Komatsu Indonesia
Komatsu
Kodarna
Kodak
Kobe Steel
Kobe Mill
Knt News Wire
Knight Ridder-Tribune Venture
Knight-Ridder-Tribune
Knight-Ridder
Kmart
Kline
Kitagawa Usa
Kitagawa
Kimberly-Clark
Kiic
Kids ' R ' Us
Kids " R " Us
Khmer Rouge
Khashoggi
Kftcic
Key Technology Research Center
Kerr-McGee
Kentucky Fried Chicken
Kennametal
Kenmare Resources
Kenmare
Kelly
Kellwood
Kellogg
Keener
Kayex
Kawasaki Steel
Kawasaki And Nissho Iwai Partnership
Kaufman &AMP; Broad
Kaufman & Broad
Karl Suss America
Kansai Paint
Kansai Electric
Kanematsu Gosho
Kanebo
Kaman
Kalimantan Steel
Kajima
KPMG Peat Marwick
KGB
KFC
KDD
K mart
K Mart
K K Yeung
K.K. Yeung
K-Swiss
Jui Li
Judicial Conference of the U.S.
Jostens
Joshin
Jones Lang Wootton
Joint European Submicron Silicon Program
Joint European Submicron Silicon Initiative
Joint European Sub-Micron Silicon Initiative
Joint Consumer Health
Johnson Line
Johnson Controls
Johnson &AMP; Johnson
Johnson & Johnson
John Deere
John Brown
Jindo Rus Cooperative
Jindo
Jetborne
Jessi
Jeol
Jelczanskie Zaklady Samochodowe
Jelcz
Jefferson Smurfit
Jaya Nusa Pradana
Jaya Nusa
Japex
Japan Storage Battery
Japan Storage
Japan Optical
Japan Line
Jaido
Jaguar
Jacobs , Visconsi &AMP; Jacobs
Jacobs , Visconsi & Jacobs
JVC
JV Dialogue
JAL
J&B Scotch
J&AMP ; B Scotch
J. Walter Thompson
J.V. Dialogue
J.P. Morgan
J.E. Seagram
J.C. Penney
J &AMP; B Scotch
J & B Scotch
Iveco
Ivaco
Itri
Itoham Foods
Isuzu
Istituto Per La Ricostruzione Industriale
Island Development Bank
Island Creek Coal
Ishibashi Family
Isetan
Irving Azoff
Irvine Sensors
Ipoh Garden
Invexco.
Invexco
Investor's Daily
Interstate Bakeries
Interserv
Interpore
International Tishman Speyer Properties
International Rectifier
International Paper
International Multifood
International Microelectronic Products
International Merchandise Mart
International Controls
International Business Machines
International Advertising Sales
Intermet
Interlink Cooperative
Interlake
Intergraph
Interco
Interbold
Interamics
Inter-University Micro Electronics Center
Intel
Integralintorg Foreign Trade Firm Integral Spc
Integral Spc
Int. Flavors &AMP; Fragrances
Int. Flavors & Fragrances
Institutes of The USSR Academy of Sciences
Institutes of The U.S.S.R. Academy of Sciences
Institute of Physical And Chemical Research
Inspiration Resources
Insilco
Inoue Rubber Indonesia
Inoue Mtp
Inoco
Innovpharm
Inland Steel
Injener
Ingersoll-Rand
Industrie Motornih Vozil
Industrias Mammi Ca
Industrias Mammi CA. Industrias Nipomex Del Centro
Industrial Technology Research Institute
Industrial Recovered Materials
Industrial Bank of Japan
Industrial Bank
Indonesian Development Bank
Indomobil Suzuki
Incacao
Inacomp
Imperial Holly
Imperial
Immunology Ventures
Immunex
Imer Nissei
Imec
Ilva
Illnois Tool Works
Ikarus
Ifa-Kombinat Nutzfahrzeuge
Idemitsu Kosan
Idemitsu
Ici Films
Icem
Ic Manufacturing Equipment Division
Ibusz
Ibc Vehicles
Iaf Biochem
ITT Rayonier
ITT
IBM Deutschland
IBM Corporation
IBM
I Waxman &AMP; Sons
I Waxman & Sons
I. Waxman &AMP; Sons
I. Waxman & Sons
Hyundai
Hypres
Hypermart Usa
Hybrid Memory Products
Hussman
Hungarian Foreignrade Bank
Hungarian Foreign Trade Bank
Hungarian Academy of Sciences
Hungaria-Oberoi
Hungarhotels
Humpuss
Hughes Space and Communications
Hughes Research Labs
Hughes Aircraft
Hughes
Huffy
Huels
Hudson Foods
Hudson Conway
Hubbell
Hubbard
Hua Tung
Hoya
Howmet Turbine Components
Houston Chronicle
Hotelecopy
Hormel
Hongkong Land And Great Eagle
Hongkong Land
Honeywell
Honey Well
Honda Motor
Honda
Holnam
Holland Sweetener
Holiday Inn Worldwide
Holiday Inn Crowne
Holiday Inn
Hogg Robinson Travel
Hogg-Robinson
Hoffmann-La Roche
Hoechst Celanese
Hoechst
Hoechest Celanese
Hodogaya Ashland
Hnsx
Hitachi Zosen
Hitachi Metals
Hitachi Maxell
Hitachi
Hispanica De Petroleos
Hino
Himont
Hicom
Hexatec Polymers
Hexatec
Hewlett-Packard
Hertz Penske
Hertz
Hershey Foods
Herman Miller
Henkel Kgaa
Henkel Hakusui
Henkel
Henderson Land
Hemodynamics
Hemlo
Hem Research
Heller
Heinz
Heavy Industry Corp of Malaysia
Heavy Industries Corp of Malaysia
Hearst Newspapers
Healey &AMP; Baker
Healey & Baker
Hdm Worldwide Direct
Hawaiian Electric
Havas Voyages
Havas Conseil
Hau Tung
Hasbro
Harvard
Hartmarx
Harsco
Harry Cullen
Harris Semiconductor
Harris Eda
Harley-Davidson
Hapag-Lloyd
Hanson Industries NA
Hanna
Hanil Stainless Steel
Hanil
Hanae Mori
Hampshire Instruments
Hampshire
Hamphsire Instruments
Hamon Sobelco
Halliburton
Hakuhodo
Hajdusaj
Haden Maclellan
HP
HNSX
HEM
HDM
HCM
H.J. Heinz
H.B. Fuller
Gwsc
Gunungcermai
Gulf Oil
Gulf Canada Products
Guinness Peat Aviation
Guilford Mills
Guangzhou Soap Factory
Guangzhou Economic &AMP; Technological Development District
Guangzhou Economic & Technological Development District
Gruppo Gft
Gruppo
Grupo Trasco
Grundstad Maritime Overseas
Grumman
Groupe De La Cite
Group of Seven
Greyhound
Greenpeace
Great Lakes Mortgage
Great Lakes Chemical
Great Amer. Mgmt. &AMP; Invest.
Great Amer. Mgmt. & Invest.
Grant
Grandmet
Grand Metropolitan
Grand-Met
Grafil
Grace Energy
Grace Cocoa World Press Division
Grace Cocoa
Governmental Overseas Economic Cooperation Fund
Government National Mortgage Association
Goulds Pumps
Gould National
Gould Ami
Goodyear Tire &AMP; Rubber
Goodyear Tire & Rubber
Goodyear
Goodrich
Goodman Fielder
Goldwell
Goldstar Industrial
Goldstar
Goldman Sachs
Goldman , Sachs
Golden Valley Microwave Foods
Golden Valley
Gold Kist
Gold Coast Suns
Gogo Tours
Goddard
Gmfanuc
Gm
Globex
Glaxo
Glatfelter
Glacier
Ginnie Mae
Gillette
Giken Sakata
Getac
Gerber Products
Georgia Tech
Georgia Pacific
Georgia Gulf
Georgia-Pacific
Geo. A. Hormel
Genus
Genrad
Genetics Institute
Genesis Microchip
General Signal
General Railway Signal Company
General Mills
General Instrument
General Foods
General Electric Silicones
General Electric
General Dynamics
Gencorp
Gefinor
Gazprom
Gaylord Container
Gatx Leasing
Gatx Capital
Gatx
Gasonics
Ganz Electrical Works
Ganz-Ansaldo
Gannett
Gamesa
GWSC
GTE
GPA
GMO
GMB
GM
GKN
GEC Plessey Semiconductors
GEC Plessey
GEC Alstrom
GEC
GE Silicones
GE Plastics
GE Capital
GE
GCA Ultratech
GCA
GAF
G M
G E Americom
G E
G.M.
G.E. Americom
G.E.
Fuztfu Construction
Furukawa Electric
Furukawa
Furman Selz
Fuller
Fujitsu General
Fujitsu
Fujisawa
Fujikoshi
Fuji Electric
Fuji Bank
Fuji
Fruit of the Loom
Fruit of The Loom
Frito-Lay
Friendship Simulation Centre
Friends Provident Life
Freeport-McMoran Energy Partners
Freeport-McMoran
Freddie Mac
Fraser &AMP; Neave
Fraser & Neave
Franco-Canadienne
France Telecom
Framatome
Fort Worth Star-Telegram
Fort Howard
Foreign Trade Bank
Ford Motor
Ford Microelectronics
Ford Lio Ho
Ford
Fokker
Fluorocarbon
Fluor
Fleetwood Enterprises
Five Star Beef
Fisons
First National Bank
First Mississippi
First Fidelity
First Brands
First Boston
First Automoble Works
Firestone
Finsider
Finmeccanica
Financial News Network
Fina
Fima
Field Publications
Fidelity Investments
Fidelity Communications
Fidelity
Fiatallis
Fiat
Fesco.
Fesco
Ferro
Federal National Mortgage Association
Federal Home Loan Mortgage Corporation
Federal Home Loan Mortgage Corp
Federal-Mogul
Fcmi
Fcie
Far East Oil Trading
Far East Oil And Trading
Fanuc
Fannie Mae
Familymart
Fairchild Defense
Fairchild
Fabryka Samochodow Osobowych
Fabryka Samochodow Osbowych
Fabryka Samochodow Malolitrazowych
FSO
FSM
FNN
FMC
FINA
FIMA
FHI
FEDERAL NATIONAL MORTGAGE ASSOCIATION
FEDERAL HOME LOAN MORTGAGE CORP
Exxon
Explonaft
Exim Bank
Exide
Evergreen
European Silicon Structures
European Lithography Innovation
Eurojet Turbo
Eurofighter
Eurodynamics
Eurocom
Etonwood Hong Kong
Etonwood
Ethyl
Etec
Est Surgelati
Ericsson-Ge Mobile Communications
Ericsson
Epitronics
Epicor
Enzo
Entree
Ente Nazionale Idrocarburi
Enrique Zobel
Enimont
Enichem Fibre
Enichem Elastomeri
Enichem
Engelhard
Enceratec
Enasa
Empresas Gamesa
Empire State Pipeline
Emerson Electric
Emcore
Elxsi
Elscint
Elisa
Elion
Eli Lilly
Elf Aquitaine
Elettrorava
Electrotech Equipments
Electronica Clarion Sa Du Cv
Electronica Clarion Sa. Du. Cv.
Electronic Joint Venture
Electrolux
Elders
Elaz
Elastogran
Ejip
Efisa
Effoa
Effjohn
Edward J Debartolo
Edward J. Debartolo
Edaran Otomobil Nasional
Ecuador Ngk Spark Plug
Echlin
Eaton
Eastman Kodak
Eastman
Eastern Steel Division
Earthwinds
EXXON
EVC
ETX
ENI
EJV
EJIP
EG&G
EG&AMP ; G
EG &AMP; G
EG & G
E Merck
E I Du Pont De Nemours
E.W. Scripps
E. Merck
E.I. Du Pont De Nemours
E-Systems
Dynasty Winery
DynAire
Dutch State Mines
Durable Electrical
Dupont Merck Pharmaceuticals
Dupont
Dunlop
Dun &AMP; Bradstreet
Dun & Bradstreet
Duke Power
Duke
Du Pont Merck Pharm.
Du Pont Merck
Du Pont De Nemours
Du Pont
Dresser-Rand
Dresser
Dr Pepper / Seven-Up
Dr Holdings Inc of Del
Dr Holdings Inc. of Del
Dow Jones
Dow Elanco.
Dow Elanco
Dow Corning
Dow Chemical
Dow-United Technologies Composite Products
Dov Riger
Doskocil
Donohue
Donnelley Directory
Donnelley Directories
Donnelley & Sons
Doner &AMP; Co. Donnelley
Doner & Co. Donnelley
Domtar
Domino Sugar
Domino Pizza
Domino's Pizza
Dominion Textile
Dominion
Dofasco.
Dofasco
Dkp Electronics
Disney
Dirsb
Dina
Digital Equipment
Diebold
Dibrell Brothers
Diamond Waste
Diamond Star
Diamond Shamrock
Diamond-Star
Diafoil
Dexter Plastics
Dexter
Dexco Polymers
Devils Lake Sioux Manufacturing
Devils Lake Sioux
Development Bank
Deutsche Bundespost Telekom
Deutsch Bundespost Telekom
Detroit Lions
Detroit Diesel
Desaru
Dentsu , Young &AMP; Rubicam Partnerships
Dentsu , Young & Rubicam Partnerships
Dentsu
Denki Kogyo
Deluxe
Delta
Dell Computer
Delco
Del Monte
Degussa
Deere
Decisionbase Resources
Debartolo
Dean Foods
Ddb Needham Worldwide
Datacube
Data I
Data General
Darpa
Darchin
Danieli
Danaher
Dana
Dallas Times Herald
Dallas Cowboys
Dale W Lang
Dale W. Lang
Dale Lang
Daiwa Securities
Daiwa Lippo
Daiwa Europe
Daiwa Bank
Daiwa-Mkb
Daiwa
Daishinku
Daimler-Benz
Daimler
Daiichi Senko
Daiichi Katei Denki
Daiichi Kangyo Bank
Daihatsu Phranakorn
Daihatsu
Daido Steel
Daicel
Dai Nippon
Dai-Ichi Katei Denki
Dai-Ichi Kangyo Bank
Daewoo
Dactex Indonesia
DWG
DSM
DOW
DINA
DIC
DHL
DAF
D &AMP; S Plastics
D & S Plastics
Cyprus Minerals
Cypress Semiconductors
Cypress Semiconductor
Cypress
Cyanco.
Cyanco
Cvrd
Cvc Products
Customers
Cushman &AMP; Wakefield
Cushman & Wakefield
Curee
Cummins Engine
Cummins
Cullum
Csfb
Crystal Brands
Crown Cruise Line
Crown Cork &AMP; Seal
Crown Cork & Seal
Crown Central Petroleum
Crown
Crmi
Crimson
Creusot Loire
Credit Suisse First Boston
Credit Suisse
Credit Lyonnais
Cray Research
Crange
Cox News Services
Courtaulds Grafil
Courier
Courage
Coryo
Corporate Directions
Corning Glass Works
Corning Glass
Corning Asahi Video Products
Corning
Coors
Coopers &AMP; Ly-Brand Deloitte
Coopers & Ly-Brand Deloitte
Cooper Tire &AMP; Rubber
Cooper Tire & Rubber
Cooper Rolls
Cooper
Convesco.
Convesco
Conus Communications
Conus
Control Data
Continental Cablevision
Continental
Consumers Distributing
Consumer News And Business Channel
Consorzio Surgelati Italia
Consolidated Papers
Conserve Italia
Conrail
