AFGHANISTAN
AFRIQUE
ALBANIA
ALBANIE
ALDERNEY 
ALGERIA
ALGÈRIE
ALLEMAGNE
AMERICA
AMÈRIQUE
AMÈRIQUES
AMERICAN SAMOA
ANDORRA
ANDORRE
ANGLETERRE
ANGLO-NORMANDES 
ANGOLA
ANGUILLA
ANTIGUA AND BARBUDA
ANTIGUA ET BARBUDA
ANTILLES 
ANTILLES NÈERLANDAISES
ARABIE SAOUDITE
ARGENTINA
ARGENTINE
ARMÈNIE
ARUBA
ATOLL DE JOHNSTON
ATOLL DE PALMYRA
AUSTRALIA
AUSTRALIE
AUSTRIA
AUTRICHE
AZERBADJAN
BAHAMAS
BAHRAIN
BAHREÔN 
BANGLADESH
BARBADE
BARBADOS
BASSAS
BASSAS DA INDIA
BELARUS
BELAU
BELGIQUE
BELGIUM
BELIZE
BENIN
BERMUDA
BERMUDES
BHOUTAN
BHUTAN
BHUTAN 
BIELORUSSIE
BIRMANIE
BOLIVIA
BOLIVIE
BORA 
BOSNIA
BOSNIE
BOTSWANA
BRAZIL
BRITAIN
BRITISH INDIAN OCEAN TERRITORY
BRUNEI
BRÈSIL
BULGARIA
BULGARIE
BURKINA
BURKINA FASO
BURMA
BURUNDI
BÈLARUS
BÈNIN
CAMBODGE
CAMBODIA
CAMEROON
CAMEROUN
CANADA
CAPVERT
CAPE VERDE
CENTRAFRICAINE
CENTRAL AFRICAN REPUBLIC
CHAD
CHILE
CHILI
CHINA
CHINE
CHYPRE
COLOMBIA
COLOMBIE
COMORES
COMOROS
CONGO
CORÈE
COSTA RICA
CROATIA
CROATIE
CUBA
CYPRUS
CZECHOSLOVAKIA
CÙTE
DANEMARK
DENMARK
DJIBOUTI
DOMINICA
DOMINICAINE
DOMINICAN REPUBLIC
DOMINIQUE
EAST GERMANY
ECUADOR
EGYPT
EL SALVADOR
EMIRATES
EQUATORIAL GUINEA
ESPAGNE
ESTONIA
ESTONIE
ETHIOPIA
FEDERATED STATES OF MICRONESIA
FIDJI
FIJI
FINLAND
FINLANDE
FRANCE
FRENCH GUIANA
FRENCH POLYNESIA
FRENCH SOUTHERN AND ANTARCTIC LANDS
GABON
GAMBIA
GAMBIE
GAZA STRIP
GERMAN DEMOCRATIC REPUBLIC
GERMANY
GHANA
GIBRALTAR
GIBRALTAR 
GREAT BRITAIN
GREECE
GREENLAND
GRENADA
GRENADE
GROENLAND
GRËCE
GUADELOUPE
GUAM
GUATEMALA
GUERNESEY 
GUERNSEY
GUINEA
GUINÈE
GUINÈE ÈQUATORIALE
GUINÈE-BISSAU
GUYANA
GUYANE
GUYANE FRANÁAISE
GÈORGIE
HAITI
HAÔTI
HERM
HOLLAND
HONDURAS
HONG KONG
HONGRIE
HUNGARY
ICELAND
INDE
INDIA
INDONESIA
INDONÈSIE
IRAK
IRAN
IRAQ
IRAQ - SAUDIA ARABIA NEUTRAL ZONE
IRELAND
IRLANDE
ISLANDE
ISLANDS
ISLE OF MAN
ISRAEL
ISRAÎL
ITALIE
ITALY
IVORY COAST
JAMAICA
JAMAÔQUE
JAN MAYEN
JAPAN
JAPON
JERSEY
JERSEY (UK) VOIR JERSEY
JOHNSTON ATOLL
JORDAN
JORDANIE
KATAR
KAZAKHIE
KAZAKHSTAN
KENYA
KINGMAN REEF
KINGMAN REEF 
KIRGHIZIE
KIRGHIZISTAN
KIRIBATI
KOREA
KOWEÔT 
KUWAIT
LAOS
LATVIA
LEBANON
LESOTHO
LETTONIE
LIBAN
LIBERIA
LIBYA
LIBYE
LIBÈRIA
LIECHTENSTEIN
LITHUANIA
LITHUANIE
LITUANIE
LUXEMBOURG
MACAO (PO)
MACAU
MACÈDOINE
MADAGASCAR
MALAISIE
MALAWI
MALAYSIA
MALDIVES
MALI
MALTA
MALTE
MAROC
MARTINIQUE
MAURICE
MAURITANIA
MAURITANIE
MAURITIUS
MAURÈTANIE
MAYOTTE
MEXICO
MEXIQUE
MICRONÈSIE
MIQUELON (FR)
MOLDAVIE
MONACO
MONGOLIA
MONGOLIE
MONTENEGRO
MONTSERRAT
MOROCCO
MOZAMBIQUE
MYANMAR
NZ
NAMIBIA
NAMIBIE
NAURU
NEPAL
NETHERLANDS
NETHERLANDS ANTILLES
NEVIS
NEW CALEDONIA
NEW ZEALAND
NICARAGUA
NIGER
NIGERIA
NIUE
NORMANDES
NORTH KOREA
NORVËGE
NORWAY
NOUVELLE-CALÈDONIE
NOUVELLE-GUINÈE
NOUVELLE-ZÈLANDE
NÈPAL
OMAN
OUGANDA
OUZBÈKISTAN
PAKISTAN
PALAU
PALESTINE
PALMYRA ATOLL
PANAMA
PAPOUA
PAPOUASIE
PAPUA NEW GUINEA
PARAGUAY
PERU
PHILIPPINES
POLAND
POLOGNE
POLYNÈSIE
POLYNÈSIE FRANÁAISE
POLYNÈSIE FRANÁAISE
PORTO RICO
PORTUGAL
PUERTO RICO
PÈROU
QATAR
QATAR 
REUNION
ROMANIA
ROUANDA
ROUMANIE
ROYAUME
ROYAUME-UNI
RUANDA 
RUSSIA
RUSSIE
RWANDA
RÈPUBLIQUE
RÈPUBLIQUE TCHËQUE
SAHARA OCCIDENTAL
SAINT KITTSET
SAINT VINCENT
SAINT-PIERREET
SAINTE-HLËNE
SAINTE-LUCIE
SAMOA
SAMOA AMÈRICAINES
SAMOA OCCIDENTALES
SAN MARINO
SAO TOME AND PRINCIPE
SAO TOMÈ ET  PRINCIPE
SAUDI ARABIA
SENEGAL
SERBIE ET MONTÈNÈGRO
SEYCHELLES
SIERRA LEONE
SINGAPORE
SINGAPOUR
SLOVAQUIE
SLOVÈNIE
SOMALIA
SOMALIE
SOUAZILAND
SOUDAN
SOUTH
SOUTH AFRICA
SOUTH KOREA
SOVIET UNION
SPAIN
SRI LANKA
SRILANKA
ST.BARTHÈLEMY
SUDAN
SUISSE
SURINAM (GUYANE
SURINAME
SUËDE
SVALBARD
SVALBARD (NO)
SWAZILAND
SWEDEN
SWITZERLAND
SYRIA
SYRIE
SÈNÈGAL
TADJIKISTAN
TAIWAN
TANZANIA
TANZANIE
TAÔWAN
TCHAD
TCHËCOSLOVAQUIE
THAILAND
THAÔLANDE
THE NETHERLANDS
TIBET
TOGO
TOKELAU
TONGA
TRINIDAD AND TOBAGO
TRINITÈ ET TOBAGO
TRUST TERRITORY OF THE PACIFIC
TUNISIA
TUNISIE
TUNÈSIE
TURKEY
TURKMÈNISTAN
TURQUIE
TUVALU
U . K .
U . S .
U . S . A .
U . S . S . R .
UAE
UK
US
USA
USSR
UGANDA
UKRAINE
UNITED ARAB EMIRATES
UNITED KINGDOM
UNITED STATES
UNITED STATES OF AMERICA
URUGUAY
VANUATU
VATICAN
VATICAN CITY
VENEZUELA
VIETNAM
VIËTNAM
WALLIS & FUTUNA 
WALLIS AND FUTUNA
WEST BANK
WEST GERMANY
WESTERN SAHARA
WESTERN SAMOA
YOUGOSLAVIE
YUGOSLAVIA
YÈMEN
ZAIRE
ZAMBIA
ZAMBIE
ZAÔRE
ZIMBABWE
THE NETHERLANDS
…GYPTE
…QUATEUR
…TATS-UNIS
…THIOPIE
ŒLE CLIPPERTO
ŒLE EUROPA
ŒLE HOWLAND
ŒLE JARVIS
ŒLE JUAN DE NOVA
ŒLE NAVASSA
ŒLE NORFOLK
ŒLE TROMELIN 
ŒLE DE MAN 
ŒLE DE NOÎL
ŒLE DE P‚QUE
ŒLE DE WAKE
ŒLE DE LA RÈUNION
ŒLES
ŒLES ASHMORE ET CARTIER
ŒLES BAKER ET HOWLAND
ŒLES BOUVET 
ŒLES CAÔMANS 
ŒLES COCOS
ŒLES COOK 
ŒLES FÈROÈ 
ŒLES GLORIEUSES
ŒLES HEARD ET  MCDONALD 
ŒLES MALOUINES
ŒLES MARIANNE DU NORD 
ŒLES MARSHALL
ŒLES MIDWAY 
ŒLES PITCAIRN
ŒLES SALOMON
ŒLES SPRATLY
ŒLES TURKS ET CAICOS
ŒLES VIERGES AMÈRICAINES
ŒLES VIERGES BRITANNIQUES
ŒLES DE LA MER DE  CORAIL 
ŒLES FRANÁAISES 
