Luen Group
Tung Group
Arellano Felix cartel
big brothers
Cali cartel
Cali mafia
Cartel del Norte del Valle
Chu Lien Pang
coca mafia
cocaine cartel
cocaine mafia
Colonia Dignida
cocaine organization
Cosa Nostra
criminal organisation
criminal organization
Dai-Lo´s
drug cartel
drug clan
drug organization
drug syndicate
EPL
ETA
FARC
heroin mafia
heroin syndicate
Jairo-Echeveria
Jaime Garcia Garcia
Juarez Cartel
Kon´s Big Circle
La Cosa Nostra
LCN
little brothers
Loge P2
Los Galleros
mafia
Mafia
Mansur Clan
Medelin cartel
Medellin cartel
M-19
MRTA
Moon Sect
NCO
NF
North Coast Cartel
narcoguerrilla
narcotics cartel
narcotics distribution gang
narcotics syndicate
narcotrafficking organization
Northern Cauca Valley traffickers
ring
Russen-Mafia
Sacra Corona Unita
Sai-Lo´s
Scientology
Sendero Luminoso
secret organisation
Sei Hoi
Sicilian Mafia
smuggling ring
Sun Yee On
syndicate
The 14K Triad
Big Circle Gang
Flaming Eagles
Four Seas Gang
United Bamboo Gang
Tijuana Cartel
Tijuana drug cartel
triad
Triaden
Urdinola Grajales
Vaticano
Wo Group
Wo Hop To
Wo Shing Wo
Wo Sing Wo
Yakuza
Zhenglongbang