
Acidhead
Addict
Baron
Boss
Capo
Carrier
Chef De La Mafia
Chef de la Mafia
Chef de la mafia
Clandestine Chemist
Coca Farmer
Coca Treader
Criminal
Criminel
Criminelle
Dealer
Distributeur
Distributor
Doper
Dopé
DopéE
Drogué
DroguéE
Drug Addict
Drug Baron
Drug Billionaire
Drug Boss
Drug Chief
Drug Consumer
Drug Courier
Drug Czar
Drug Head
Drug Leader
Drug Lord
Drug Mafioso
Drug Mob
Drug Producer
Drug Suspect
Drug Tourist
Druggie
Druglord
Ex-Addict
Fumeur
Glue Sniffer
Gluey
Godfather
Grower
Hitman
Junkie
King
Kingpin
Lord
Mafia Boss
Mafia Chief
Mafia Godfather
Mafia Hitman
Mafia Leader
Mafia Man
Mafia Member
Mafia boss
Mafia chief
Mafia hitman
Mafia man
Mafia member
Mafiosa
Mafiosi
Mob
Money Launderer
Narcotics Criminal
Narcotics Trafficker
Needle Addict
Producer
Producteur
Pusher
Refiner
Regular User
Smoker
Smuggler
Sniffer
Taker
Tecato
Trafficker
Trafiquant
Trafiquante
Transporteur
User
acidhead
addict
baron
boss
capo
carrier
clandestine chemist
coca farmer
coca treader
criminal
criminel
criminelle
dealer
distributeur
distributor
doper
dopé
dopée
drogué
droguée
drug addict
drug baron
drug billionaire
drug boss
drug chief
drug consumer
drug courier
drug czar
drug head
drug leader
drug lord
drug mafioso
drug mob
drug producer
drug suspect
drug tourist
druggie
druglord
ex-addict
fumeur
glue sniffer
gluey
grower
hitman
junkie
king
kingpin
lord
mafia leader
mob
money launderer
narcotics criminal
narcotics trafficker
needle addict
producer
producteur
pusher
refiner
regular user
smoker
smuggler
sniffer
taker
tecato
trafficker
trafiquant
trafiquante
transporteur
