
(+)-2-amino-1-phenylpropane
1 Estradiol
1-fenyl-2-butylamin
1-fenyl-2-propane
1-methyl-4-phenyl-1,2,3,5,6-thetrahydroperidin
13-m
2CB:Bromo
3-0-acetyltetrahydro-7alpha-(1-hydroxy-1-methylbutyl)-6,14-endoetheno-oripavine
3-Methyl-Phentanyl
3-acetoxy-6-dimethylamino-4,4-diphenylheptane
3-allyl--methyl-4-phenyl-4-propionoxypiperidine
45-minute psychosis
5-allyl-5-(1 - methylbutyl) barbituric acid
51st anniversary bike ride blotter
8-angled elephant
Acapulco gold
Accro
Accupril
Acetaminoiphen/Codeine
Acetaminophen
Achat
Acide
Acide lysergique dièthylamide
Acyclovir
Acétone
Adalat CC
Adam
Adam
Adlat CC
Afghan
Afghan black
Air ball
Albuterol
Albuterol Aerosol
Alcaloïde
Alendronate
Almodipine
Alprazolam
Alprazolam
Altace
Amlodipine
Amobarbital-Secobarbital
Amoxicallin
Amoxicillin
Amoxil
Amoxixillin/Clavul
Amphés
Amphétamine
Ampicillin
Amylnitrate
Amytal
Angel dust
Angolan
Ansopal
Apolo coca
Arkansas red
Atenolol
Atropine
Atrovent
Augmentin
Augumentin Anate
Aurora Borealis
Azithromycin
Azmacort
Azmacortsol
Bactroban
Banisteria Caapi Drink
Banisteriopsis caapi
Beclomethasone
Beconase AQ
Belladone
Bensodiazepine
Benzedrine
Benzodiazépine
Benzyl-Methyketone
Benzédrine
Biphetamine
Bisoprolol/HCTZ
Blanche
Bolivian high
Bromazepam
Bromo-Mescaline
Bromton´s coctail
Buddha sticks
Cactus peyotl
Cambodian green
Cambodian red
Came
Canadian black
Cannabis
Cannabis Indica
Cannabis Ruderalis
Cannabis Sativa
Capoten
Captopril
Carbamazepine
Cardizem
Cardizem CD
Cardura
Carisoprodol
Cefadroxil
Cefixime
Cefprozil
Ceftin
Cefuroxime
Cefzil
Cephalexin
Champignons magiques
Chanvre
Chicago bulls
China white
Chinese H
Chinese dragon
Chinese heroin
Chinese red
Chlorhydrate de cocaïne
Chnouf
Cimetidine
Ciprofloxacin
Clonazepam
Clonazépam
Coca
Cocaïne
Cocaïne-base
Coco
Codéine
Colombian cocaine
Colombian gold
Colombian heroin
Columbian red
Concentrations en THC
Crack
Cristal
Crystal
Cyclobenzaprine
Cycrin
D-meth
D-methamphetamine
DMT
DMT
DOM
Darpisal
Darvocent
Daypro
Delta-9-tetrahydrocannabinol
Deltasone
Demeral
Demerol
Demulen 1/35
Depakote
Desogen
Desogestrel/Ethinyl Estradiol
Dexamyl
Dexédrine
Diacétylmorphine
Diazepam
Diazépam
Diclofenac
Dicyclomine
Diethylpropion
Dificultan
Diflucan
Digoxin
Dilacor XR
Dilantin
Dilaudid
Dimethyltryptamine
Direx
Divalproex
Dope
Dorzolamide
Dot
Doxazosin
Doxycycline
Doxycycline Hyclate
Drogue
Drogues dures
Durban brown
Durban hash
Duricef
Dyazide
Ecstacy
Ecstacy coctail
Ecstacy drug
Ecstasy
Edrisal
Efferox
Effexor
Enalapril
Epadu
Erythrocin Stearate
Erythromycin
Erythroxylon Coca
Erythrozylon Coca Lamark
Estazolam
Estrace
Estraderm
Estradiol
Famotidine
Fenfluramine
Feuille de coca
Flonase
Florida snow
Floxin
Fluconazole
Flunnitrazapam
Fluoxetine
Flurazépam
Fluticasone
Fluvastatin
Fosamax
Fosinopril
Freebase
Furosemide
Gamma Hydroxy Butyrate
Glipizide
Glorie du matin
Glucophage
Glucotrol XL
Glyburide
Grass
H
HC1
Halazepam
Halcion
Hallucinogèn
Haschich
Haschisch
Haschish
Hash
Herbe
Huile de hasch
Human Insulin
Human Insulin-NPH
Humulin
Humulin N
Humulin R
Hydrochlorothiazid
Hydrochlorothiazide
Hydrocodone
Hydrocodone w/APAP
Hydrocodone/APAP
Hydromorphone
Hytrin
Héro
Héroine brune
Héroïne
Imdur
Indic
Ipratropium
Isobutyl nitrite
Isosorbide Mononit
Joint
Ketalar
Ketoprofen
Kif
Klonopin
Kétamine
L-Norgestral/Etinyl Estradiol
L-Norgestrel/Ethin
LSD
LSD
LSD blotter
LSD dose
LSD drink
LSD mixture
LSD pill
LSD preparation
LSD tab
LSD variant
LSD-capsule
LSD-powder
Lanoxin
Lansoprazole
Lasix
Lebanese
Lescol
Levothyroxine
Levoxyl
Limitrex
Liquid X
Lisinopril
Lo/Ovral
Lodine
Lopressor
Lorabid
Loracarbef
Loratadine
Loratidine/Pseudoe
Lorazepam
Losartan
Losetrin-FE
Lotrisone
Lovastatin
Lysergic acid amide
Lysergic acid dietylamide
MDA
MDA
MDE
MDEA
MDMA
MDMA
MMDA
Mandrax
Maoxixillin
Marijuana
Medroxyprogesteron
Medroxyprogesterone
Meperidin
Meperidine
Mescaline
Metformin
Methylphenidate
Methylpredinisolone
Methylprednisolone
Metoprolol Tartrate
Metroprolon Tartlate
Mexican red
Mometasone
Moroccan
Morphine
Mupirocin
Métamphétamine
Méthadone
Méthylphénidate
Méthédrine
Nabumetone
Nalorphine
Nalorphinhydrochlorid
Naproxen
Nembutal
Neomycin/Polymx/HC
Nepalese
Netherweed
Nifedipine
Nitrazépam
Nitro-Dur
Nitrofurantoin
Nitroglycerin
Nitrostat
Nizatidine
Norethindrone
Norethindrone/EthinylEstradiol
Norgestimate/Ethinyl Estradiol
Norgestral/Ethinyl Estradiol
Norgestrel/Ethinyl Estradiol
Normorphine
Norpipanone
Norvasc	
Ofloxacin
Olfloxacin
Omeprazole
Opiacés
Opium
Ortho Tri-Cyclenyll
Ortho-Cept
Ortho-Cyclen
Ortho-Novum
Ortho-Novum 7/7/7
Oxaprozin
Oxazépam
Oxycodone/APAP
PCP
PCP
PCP base
PCP capsule
PCP cigarette
PCP derivative
PCP synthesis
Pakistani black
Panama gold
Panama red
Paroxetine
Paxil
Pentoxifylline
Percodan
Peruvian flake
Peyote button
Phencyclidine
Phenergan
Phenetylline
Phentermine
Phentermine
Phenytoin
Plant de cannabis
Pondimin
Pot
Potassium Chloride
Poudre
Poudre Blanche
Poudre Blanche
Pravachol
Pravastatin
Prazépam
Prednisone
Premarin
Prempro
Prevacid
Prilosec
Principen
Prinivil
Procardia XL
Promethazine
Promethazine/Codeine
Propacet 100
Propoxyphene N/APA
Propoxyphene-N/APAP
Propoxyphène
Propulsid
Proventil Aerosol
Prozac
Psilocybine
Psychotrope
Quazépam
Ramipril
Ranitidine
Relafen
Retin-A
Risperidone
Ritalin
Ritalina
Rohypnol
Roxicet
Russian stickles
STP
STP
Salmeterol
Seconal
Seldane
Seldane-D
Semelles de haschish
Sertraline
Simvastatin
Speed
Stesolid Dumex
Stesolid Novum Dumex
Stimulants
Stupéfiant
Stupéfiants médicaux
Substance
Sumatriptan
Sumycin
Supergrass
Suprax
THC
THC
Tegretol
Temazepam
Tenormin
Terazol
Terazosin
Terconazole
Terfenadine
Terfenadine/Pseudoephedrine
Tetracycline
Timolol
Timoptic
Toprol-XL
Tramadol
Trental
Tretinoin
Tri-Leven
Triamcinolone aerosol
Triamterene/HCTZ
Triazolam
Triazolam NM Pharma
Trimeth/Sulfameth
Trimox
Triphasil
Triphasilyl Estradiol
Tropol-XL
Trusopt
Tuinal
Témazépam
Valium Novum Roche
Valium Roche
Vancenase AQ
Vanceril
Venlafaxine
Verapamil
Verapamil SR
Verelan
Vesparax
Warfarin
Weckamine
X
XTC
XTC
Xanax
Zantac
Zen
Zithromax
a-Methyltryptamin
abolic
abstract circles
acapulco gold
accro
accupril
ace
acetaminoiphen/codeine
acetaminophen
acetan hydride
acetic acid
acetic acid anhydride
acetic acid hydride
acetorphine
acetorphine hydrochloride
acetyldihydrocodeine hydrocloride
acetyldihydrocodeinone
acetylmetahdol
acetylmethadol
achat
acid
acide
acide lysergique dièthylamide
acyclovir
acétone
adalat cc
adam
adam
addictive drug
additive
adlat cc
afghan
afghan black
air ball
albuterol
albuterol aerosol
alcaloide
alcaloïde
alcohol
alcoholic beverage
alendronate
alfacetylmetadol
alfameprodin
alfamethadol
alfametyltiofenatyl	1	n
alimentary
alkaloid
allobarbital
allylprodine
allylprodine hydrochloride
almodipine
alopam a.l.
alpha-1,3-dimethyl-4-phenyl-4-propoonoxypiperidine
alpha-3-acetoxy-6-dimrthylamino-4,4-diphenyl-heptane
alpha-3-rthyl-1-methyl-4-phenyl-4-propionoxypiperidine
alpha-6-dimethylamino-4,4-diphenyl-3-heptanol
alpha-et
alpha-prodine
alphacetylmethadol
alphacetylmethadol hydrocloride
alphameprodine
alphametadol
alphaprodine
alphaprodine hydrochloride
alphentanyl
alprazolam
alprazolam
altace
amfepramone
amidone
amino-acid preparation
amlodipine
ammoniac
ammoniumchloride
amobarbital
amobarbital resinate
amobarbital sodium
amobarbital-secobarbital
amoxicallin
amoxicillin
amoxil
amoxixillin/clavul
amphephramone
amphepramone
amphepramone glutamate
amphepramone hydrochloride
amphetamine
amphetamine acerylsalicylate
amphetamine adipate
amphetamine aspartate
amphetamine capsule
amphetamine derivative
amphetamine drink
amphetamine for intravenous use
amphetamine for smoking
amphetamine mixture
amphetamine pill
amphetamine powder
amphetamine preparation
amphetamine stimulant
amphetamine sulphate
amphlet sulphat
amphrepramone hydrochloride
amphés
amphétamine
amphétamine
amphétamines
ampicillin
amyl nitrite
amylnitrate
amylnitrite
amyltriptyline
amytal
anadrol
analgesic
analgestic preparation
anatrofin
andrenochrome
angel dust
angel dust
angolan
ansopal
antidote
antifreeze
apache
aphrodisiac
apodorm a.l.
apolo coca
apomorphine
apozepam a.l.
apple jacks
arkansas red
atarax
ataraxic drug
atenolol
atonium
atrophy
atropine
atrovent
augmentin
augumentin anate
aurora borealis
azithromycin
azmacort
azmacortsol
b-Hydroxy-3-Methyl Thiophentanyl
bactroban
baking soda
bale
banisteria caapi drink
banisteriopsis caapi
barbital
barbiturate
barbiturate capsule
barbiturate dosis
barbiturate drink
barbiturate group
barbiturate mixture
barbiturate pill
baserock
bazoka
beclomethasone
beconase aq
belladone
belladonna
belladonna preparation
bensodiazepine
bensoylmetylekgonine
bensyl morphine
benzedrine
benzedrine capsule
benzedrine pill
benzene
benzodiazepin
benzodiazépine
benzokaine
benzophetamine
benzyl-methyketone
benzédrine
besitramid
betacetylmetadol
betahydroxi-3-metylfentanyl
betahydroxifentanyl
betameprodin
betametadol
betaprodin
betel nut
biphetamine
bisoprolol/hctz
black Russian
black hasch
black hash
blanche
blond Lebanese
blotter
blotter acid
blotter cube
blue acid
blue microdot
blue vials
bolasterone
bolivian high
brom-dom
bromazepam
bromazepame
brome
bromo-mescaline
bromton´s coctail
brown Morocco
brown rocks
brown sugar
brown weed
buddha sticks
businessman´s LSD
businessman´s special
businessman´s trip
butalbital
cactus peyotl
calcium hydroxide
cambodian green
cambodian red
came
canadian black
cannabinol
cannabis
cannabis
cannabis balls
cannabis cigarette
cannabis crystals
cannabis derivatives
cannabis drink
cannabis indica
cannabis mixture
cannabis oil
cannabis pill
cannabis plant
cannabis preparation
cannabis product
cannabis resin
cannabis ruderalis
cannabis sativa
cannabis seed
cannabis tea
cannabis tincture
capoten
captagon
captagone pill
captopril
carbamazepine
cardizem
cardizem cd
cardura
carisoprodol
cat
cat valium
caustic soda
cefadroxil
cefixime
cefprozil
ceftin
cefuroxime
cefzil
central stimulant
central stimulant injection
central stimulating preparations
central stimulating substance
cephalexin
champignons magiques
chanvre
chicago bulls
china white
chinese dragon
chinese h
chinese heroin
chinese red
chloral hydrate
chloralhydrate drink
chlorhydrate de cocaïne
chnouf
chrystal meth 
cimetidine
ciprofloxacin
clonazepam
clonazépam
coca
coca base
coca crop
coca leaf
coca leaf ball
coca paste
coca paste cigarette
coca plant
coca preparation
coca tea
cocaine
cocaine HC1
cocaine HCL
cocaine base
cocaine cigarette
cocaine derivative
cocaine dosis
cocaine drops
cocaine hydrochloride
cocaine hypocloride
cocaine intoxication
cocaine liquid
cocaine load
cocaine mixture
cocaine paste
cocaine powder
cocaine variant
cocaïne
cocaïne
cocaïne-base
coco
codeine
codeine derivative
codeine mixture
codeine pill
codéine
colombian cocaine
colombian gold
colombian heroin
columbian red
concentrations en thc
controlled substance
cooked cocaine
crack
crack
crack meth
crack rock
crank
cristal
crude opium
crystal
crystal
crystal joint
crystal meth
cyclobenzaprine
cycrin
d-meth
d-methamphetamine
d1-methamphetamine
dark Moroccan
darpisal
darvocent
daypro
debut drug
delta-9-tetra-hydrocannabinol
delta-9-tetrahydrocannabinol
delta-9-thc
deltasone
demeral
demerol
demulen 1/35
depakote
derivative
designer drug
designer opiate
desogen
desogestrel/ethinyl estradiol
desomofron
desoxyn
dexamphetamine
dexamyl
dexedrine
dexedrine pill
dexedrine praparation
dexten
dextroamphetamine	1	vb
dextromoramide
dexédrine
diacetylmorphine
diacetylpropion
diacétylmorphine
diakliumklorazepat
diamorphine
diampromid
diazepam
diazepam a.l.
diazepam fermenta
diazépam
diclofenac
dicyclomine
diethylamide
diethylpropion
diethyltryptamine
dietyltambuten
dificultan
diflucan
digoxin
dihydrocodeine
dihydromorfin
dilacor xr
dilantin
dilaudid
diluted drug
dilutive substance
dimenoxadol
dimepheptanol
dimethoxybromamphetamaine
dimethylmorphine
dimethyltryptamine
dimethyltryptamine
dimetyltiambuten
dinabol
dioxafetylbutyrat
dioxymethamphetamine
dipipanon
direx
disco biscuits
divalproex
dmt
dmt
dom
dope
dope
dorzolamide
dose of consumption
dot
doxazosin
doxycycline
doxycycline hyclate
drogue
drogues dures
drug	2	vb
drug class
drug coctail
drug injection
drug mixture
drug molecules
drug relevant chemical
drug type
dumozolam dumez
durabolin
durban brown
durban hash
duricef
duromine
durophet-M
dyazide
dymethzine
early pearl
early skunk
ecstacy
ecstacy coctail
ecstacy drug
ecstacy pill
ecstacy tablet
ecstasy
edrisal
efferox
effexor
enalapril
epadu
ephedrine
ephedrone
ergotamine
erythoxylum coca ipadu
erythrocin stearate
erythromycin
erythroxylon coca
erythroxylum
erythroxylum novogranatese
erythrozylon coca lamark
eskatrol
estazolam
estazolam
estrace
estraderm
estradiol
ethylamine
ethylene ether
ethylmorphine
ethylphenycetone
etklorvynol
etrophine
fake PCP
fake STP
fake cocaine
fake drug
fake injection
false cocaine
famotidine
fanacetin
fanmetyralin
fenadoxon
fenamproid
fenazocin
fenfluramine
fenkamfamin
fenmetrazin
fenommorfan
fenproporex
fentermin
feuille de coca
flatin
flonase
florida snow
floxin
fluconazole
fludiazepam
fluintrazepam nm pharma
flunitrazepam
flunnitrazapam
fluoxetine
flurazepam
flurazépam
fluticasone
fluvastatin
fortalgesic
fosamax
fosinopril
freebase
freebase
furosemide
gamma hydroxy butyrate
gay men´s drug
glipizide
glorie du matin
glucophage
glucotrol xl
glutethimide
glyburide
granular heroin
grass
h
habit forming drugs
hail
halazepam
halcion
halcion upjohn
hallucinogen
hallucinogenic alkaloide
hallucinogenic cactus
hallucinogenic coctail
hallucinogenic mixture
hallucinogenic mushroom
hallucinogenic plant
hallucinogenic powder
hallucinogenic preparation
hallucinogenic seeds
hallucinogenic snuff
hallucinogenic substance
hallucinogenic tea
hallucinogèn
haschich
haschisch
haschisch
haschish
hash
hash
hash bar
hash dose
hash mixture
hash oil
hash pill
hash powder
hash subsitute
hash sweets
hash tea
hashish
hc1
head drug
hemp
hemp plant
herb
herbal ecstacy
herbe
heroin
heroin base
heroin capsule
heroin cargo
heroin hydrochloride
heroin injection
heroin mixture
heroin packet
heroin pill
heroin preparation
heroin product
heroin sachet
heroin tincture
homegrown
horse
hot heroin
huile de hasch
human insulin
human insulin-nph
humulin
humulin n
humulin r
hydriotic acid
hydrochloric acid
hydrochloride
hydrochlorothiazid
hydrochlorothiazide
hydrocodone
hydrocodone w/apap
hydrocodone/apap
hydrogen peroxide
hydromorphine
hydromorphone
hydronorphinol
hydrophonic
hydroxilamine
hydroxytyramine
hyproplaunics
hyproponic mushrooms
hytrin
héro
héroine brune
héroïne
héroïne
ice
illicit drug
imdur
imipramine
indic
inhalant
injectable dose
injectable metadone
injection dose
injection heroin
injection mixture
injection preparation
intoxicant
ipratropium
isobutyl nitrite
isomerzier
isosorbide mononit
joint
junk
karfentanil
kat
kat plant
kat preparation
katin
katinone
kerosene
kerosine
ketalar
ketamine
ketoprofen
khat
khat plant
khat tea
kif
kinin
kinin solution
klobasam
klonitazen
klonopin
kétamine
l-norgestral/etinyl estradiol
l-norgestrel/ethin
lanoxin
lansoprazole
lasix
laudanum
lebanese
lefetamine
legal coca
legal speed
lescol
lethal quantity of heroin
levometadone
levometamfetamin
levothyroxine
levoxyl
librium
librium capsule
librium roche
lidocaine
limitrex
liquid cannabis
liquid ecstacy
liquid x
lisinopril
lo/ovral
lobelia
local grass
lodine
look-alike drugs
lopressor
lorabid
loracarbef
loratadine
loratidine/pseudoe
lorazepam
lormetazepam
losartan
losetrin-fe
lotrisone
lovastatin
love drug
love pill
lsd
lsd
lsd blotter
lsd dose
lsd drink
lsd mixture
lsd pill
lsd preparation
lsd tab
lsd variant
lsd-capsule
lsd-powder
lysergic acid
lysergic acid amide
lysergic acid dietylamide
lysergyredietytamid
magic mushroom
mandrax
mandrax mixture
mandrax pill
maoxixillin
marduuf
marijuana
marijuana
marijuana cigarette
marijuana mixture
marijuana oil
maxibolin
mda
mda
mde
mdea
mdma
mdma
medroxyprogesteron
medroxyprogesterone
meperidin
meperidine
meprobamate
mescal buttons
mescaline
mescaline
mescaline capsule
mescaline pills
mescaline trip
metabolite
metadone
metadone pill
metamphetamine
metformin
meth
methadone
methadone drink
methadone pill
methamphetamine
methamphetamine mix
methamphetamine pill
methamphetamine powder
methaqualone
methcathinone
methedrine
methyl derivate
methyl phenylpropane
methylamine
methylcetylcetone
methyldioxyamphetamine
methylinedioxymethamphetamine
methylphenidate
methylpredinisolone
methylprednisolone
methyltestosterone
metoprolol tartrate
metroprolon tartlate
metylendioximetamfetamin
metylethylacetone
metylfenidate
mexican red
mind-altering substance
mmda
mometasone
mood-altering drug
morferidin
morning glory seeds
moroccan
morphine
morphine
morphine base
morphine derivative
morphine extractor
morphine injection
morphine pill
morphine preparation
morphinesulphat
mupirocin
métamphétamine
méthadone
méthylphénidate
méthédrine
n-etyl mda
n-hydroxamfetamin
nabumetone
nalorphine
nalorphinhydrochlorid
naproxen
narcotic drink
narcotic drug
narcotic pill
narcotic plant
narcotic powder
narcotic preparation
narcotics
narcotics substance
natural hallucinogen
nebutal capsule
nembutal
nembutal injection
nembutane capsule
neomycin/polymx/hc
nepalese
netherweed
neuroleptic drug
niederweit
nifedipine
nitrazepam kabi
nitrazépam
nitro-dur
nitrofurantoin
nitroglycerin
nitrostat
nitrous oxide
nizatidine
nodular
nonbarbiturate sedative
norcodieine
norethindrone
norethindrone/ethinylestradiol
norgestimate/ethinyl estradiol
norgestral/ethinyl estradiol
norgestrel/ethinyl estradiol
norlevofranol
normetadon
normorphine
norpipanone
norvasc	
nutmeg
oaxacan
ofloxacin
olfloxacin
omeprazole
opiacés
opiate
opiate ampoule
opiated hash
opioide
opium
opium
opium balls
opium drink
opium mixture
opium pill
opium poppy
opium preparation
opium smuggling
opium tea
opium tincture
opium wine
opoid
orange barrels
ortho tri-cyclenyll
ortho-cept
ortho-cyclen
ortho-novum
ortho-novum 7/7/7
over the counter drugs
overdose
oxacan-tops
oxaprozin
oxazepam pharbita/bota
oxazépam
oximorfon
oxycodone/apap
oxykodon
painkiller
pakistani black
panama gold
panama red
pangonadalot
panormanix
parabolin
paracetamol
paroxetine
paxil
pcp
pcp
pcp base
pcp capsule
pcp cigarette
pcp derivative
pcp synthesis
pentoxifylline
percodan
peruvian flake
pervitin
pethidine
pethin derivative
petidine
peyote
peyote button
peyote cactus
pharmaceutical amphetamine
pharmaceutical cocaine
pharmaceutical drugs
pharmaceutical phentanyle derivative
pharmaceutical substance
phenacetin
phencyclidine
phencyclidine
phenergan
phenetylline
phenmetrazine
phenobarbital
phenobarbital preparation
phenolftaline
phenomenon
phentanyle
phentanyle derivative
phentermine
phentermine
phenylacetone
phenylacetyl acid
phenytoin
pill
piperidine
piperonal
plant de cannabis
polamidone
pondimin
poor man´s pot
poppy
poppy seed capsule
pot
pot
potassium chloride
potassium cyanide
potassiumpermanganate
poudre
poudre blanche
poudre blanche
pravachol
pravastatin
prazépam
prednisone
preludin
preludin pill
premarin
prempro
prevacid
prilosec
primobolan
principen
prinivil
procardia xl
promethazine
promethazine/codeine
propacet 100
propoxyphene n/apa
propoxyphene-n/apap
propoxyphène
propulsid
proventil aerosol
provilon
prozac
pseudocaine
pseudoepherdrine
psilocin
psilocybe subaeruginosa
psilocybine
psilocybine
psilocybine preparation
psychedelic mushroom
psychoactive drug
psychoactive substances
psycholeptics
psychotrope
psychotropic
psychotropic drug
psychotropic substance
pyribenzamine mixture
quazépam
ramipril
ranitidine
raw coca base
raw marijuana
raw morphin base
raw opium
red Lebanese
relafen
retin-a
risperidone
ritalin
ritalina
ritaline
rohypnol
rohypnol roche
roxicet
russian stickles
salmeterol
secobarbital
seconal
sedative
seed
seed packet
seed-case
sekobarbital
seldane
seldane-d
semelles de haschish
semi-synthetic drugs
sertraline
sex drug
simvastatin
sinsimilla
skunk
smoking heroin
smoking opium
snow
sobril kabi
sodium carbonate
soft drug
solanum
solution for injection
solvent
speed
speed
speed ball
speedball
steroid
stesolid dumex
stesolid novum dumex
stimulant
stimulants
stimulating drug
stimulating substances
stp
stp
street intoxicant
stupéfiant
stupéfiant
stupéfiants
stupéfiants médicaux
substance
substance
sulfuric acid
sulphuric acid
sumatriptan
sumycin
super skunk
super weed
supergrass
supergrass
suprax
synthetic cocaine
synthetic drugs
synthetic hallucinogen
synthetic heroin
synthetic opiate
synthetic psilocybine
synthetic tht
talwin-pyribenzamine mixture
tegretol
temazepam
tenormin
terazol
terazosin
terconazole
terfenadine
terfenadine/pseudoephedrine
tetracycline
tetrahydrocannabinol
thai stick
thc
thc
therobolin
timolol
timoptic
tincture
toprol-xl
toxic substances
tramadol
tranq
tranquilizer
transmittor substance
trental
tretinoin
tri-leven
triamcinolone aerosol
triamterene/hctz
triazolam
triazolam nm pharma
trimeth/sulfameth
trimox
triphasil
triphasilyl estradiol
tropacocaine
trophobolene
tropol-xl
trujillococa
trusopt
tuinal
tuinal capsule
témazépam
uppies
ups
valium novum roche
valium pill
valium roche
valorone
valorone N
vancenase aq
vanceril
venlafaxine
verapamil
verapamil sr
verelan
vesparax
vinylbital
warfarin
washed coca paste
water-soluble LSD
weak drug
weckamine
weed
winstrol v
x
xanax
xanor upjohn
xtc
xtc
xylene
xylocaine
xylole
yage
zantac
zen
zithromax
Ácides sulfurique
Éphedra
Éphédrine
