Aaron
Abbo
Abel
Abraham
Acacio
Ada
Adamadele
Adolf
Adolphe
Adrien
Agatha
Agnes
Agniezka
Agustin
Ahmed
Aidan
Aimee
Aki
Alain
Alanalbert
Alberto
Aldo
Alecalex
Alexander
Alexandra
Alexandre
Alfred
Alfredo
Ali
Alice
Alicia
Aline
Alison
Alvaro
Alvin
Amanda
Amid
Amy
Anatole
Anatoli
Andre
Andre
Andrea
Andrea
Andree
Andrei
Andrew
Andrzej
Andy
Angela
Angele
Angelo
Anita
Ann
Anna
Annabel
Annabella
Annabelle
Anne
Annie
Anny
Anouk
Anthea
Anthony
Antoine
Antoni
Antonia
Antonio
Antony
Ariane
Arlette
Armen
Armin
Arnaud
Arnold
Arsene
Arsinee
Arthur
Arturo
Asankoul
Assia
Attilio
Audrey
Auggie
Auguste
Aurelie
Ayesha
Bae
Bakary
Barbara
Barbra
Barney
Barry
Basilbeatrice
Beatrice
Belinda
Bella
Bembol
Ben
Benjamin
Benoit
Bernadette
Bernard
Bernardo
Bernhard
Bert
Bertrand
Beryl
Bess
Beth
Betsy
Bette
Betty
Bill
Billie
Billy
Birdy
Blount
Bob
Bobbyboris
Boumediene
Brad
Brenda
Brian
Bridget
Brigitte
Bruce
Bruno
Bryan
Bud
Buddy
Burtcab
Caitlin
Camille
Carla
Carlo
Carlos
Carmine
Carol
Carole
Caroline
Carolyn
Carriecary
Catherine
Cathy
Cecil
Cecilia
Cecily
Cedric
Cedric
Celia
Celine
Cesar
Chaka
Charlie
Charlotte
Cher
Cherry
Cheungchiara
Chloe
Chretien
Chris
Christel
Christian
Christiane
Christina
Christine
Christophe
Christopher
Chuck
Cissie
Claire
Clara
Clare
Clark
Claud
Claude
Claudia
Clement
Clement
Clementine
Clifford
Clint
Clive
Colette
Colin
Coline
Connie
Constance
Constant
Constantin
Cori
Corine
Corinna
Corinne
Corycountcurtis
Cynthia
Cyril
Dai
Daisy
Damien
Dan
Daniel
Daniele
Daniele
Danielle
Danny
Dany
Daphne
Daphne
Darnell
David
Davor
Deborah
Deepa
Deirdredeng
Denis
Denise
Dennis
Denys
Denzel
Deran
Derek
Desmond
Diana
Diane
Dick
Didier
Dina
Dinah
Dino
Diop
Dizzy
Djillali
Dolly
Domidominic
Dominique
Don
Donald
Donna
Donogh
Donovan
Dora
Doreen
Doris
Dorithea
Dorothee
Dorothy
Doug
Douglas
Duke
Duncan
Dustin
Ed
Eddie
Eddy
Edgar
Edith
Edouard
Edward
Edwin
Eileen
Elaine
Eldar
Eleanor
Elia
Elie
Elisa
Elisabeth
Eliza
Elizabeth
Ellen
Elsie
Elvira
Elvire
Elvis
Emile
Emily
Emir
Emma
Emmanuelle
Enoch
Enrico
Enrique
Enzoeric
Erica
Erik
Ernest
Ethelettore
Euguene
Eunice
Eva
Eve
Evelyn
Evelyne
Ezra
Fabien
Fabienne
Fabrice
Fanny
Fanta
Fatima
Fats
Faye
Federico
Fedor
Felix
Feodor
Fernand
Fernando
Fettouma
Fidel
Fiona
Fiorella
Firmine
Flora
Florence
Florent
Florenzfran
Frances
Francesca
Francis
Francisco
Franck
Franco
Francois
Francoise
Frank
Franklin
Frans
Fred
Freda
Freddy
Frederic
Frederick
Frederico
Frederique
Fredric
Friedrich
Fritz
Gabriel
Gabriele
Gabriella
Gabrielle
Gaelegarcia
Gareth
Garfield
Gary
Gavin
Gaygeena
Geert
Gefforey
Gena
Gene
Genevieve
Georg
George
Georges
Georgina
Gerald
Geraldine
Geraldo
Gerard
Gerard
Gertie
Gertrude
Gian
Carlo
Gianfranco
Gilbert
Giles
Gill
Gilles
Gillian
Gina
Ginnie
Gino
Giorgio
Giovanni
Giulia
Giulietta
Giuseppe
Gizella
Gjon
Gladys
Glen
Glenn
Gloria
Godfrey
G=D6ran
Gordon
Grace
Graham
Greg
Gregory
Greta
Griffith
Guennady
Guo
Gustaf
Gustave
Guy
Gwen
Gwendoline
Han
Hankhans
Harold
Harriet
Harry
Harvey
Hazel
Heather
Helen
Helena
Helena
Helene
Helmut
Henri
Henrik
Henrique
Henry
Herbert
Herve
Hilary
Hilda
Hillary
Horace
Hortense
Howard
Hubert
Hugh
Hugo
Hugues
Humphrey
Ian
Ida
Idrissa
Iggy
Igor
Ildiko
Illinois
Ines
Ines
Ingrid
Ira
Irene
Irene
Irina
Iri
Isaac
Isaach
Isabel
Isabella
Isabelle
Ivan
Ivens
Ivor
Ivy
Izzy
Jack
Jackie
Jacob
Jacqueline
Jacques
James
Jan
Jane
Janet
Janice
Janna
Jaromir
Jason
Jay
Jean
Jeanne
Jeannot
Jeff
Jeffery
Jeffrey
Jennifer
Jenny
Jeremy
Jeroen
Jerome
Jerome
Jerome
Jerry
Jerzy
Jesper
Jesse
Jessica
Jesus
Jill
Jim
Jimmy
Jiri
Jirina
Joan
Joanna
Joanne
Joao
Joaquim
Jocelyn
Jodie
Joe
Joel
Johan
Johann
Johanna
Johanne
John
Johnny
Jolly
Jon
Jonas
Jonathan
J=D6rg
Jorge
Joris
Jose
Josef
Joseph
Josephine
Josephine
Joshua
Josiane
Josse
Joyce
Juan
Judas
Judith
Judy
Jules
Julia
Julian
Julie
Julien
Juliet
Juliette
Justin
Kadour
Kalifa
Karel
Karen
Karim
Karin
Karine
Karl
Kate
Katharine
Katherina
Katherine
Kathleen
Kathy
Kay
Keith
Kelly
Ken
Kenneth
Kevin
Khaled
Kim
King
Kitty
Klaus
Kris
Kristina
Krzysztof
Kurt
Ladislao
Ladislav
Lambert
Lane
Larissa
Larrylaslo
Laura
Laure
Laurence
Laurent
Laurie
Lawrence
Lazare
Lee
Lenny
Leo
Leo
Leon
Leon
Leonard
Leonardo
Leonid
Lesley
Leslie
Lester
Lewis
Li
Liam
Liang
Lilah
Lilian
Lily
Linda
Linnea
Lino
Lionel
Lisa
Liz
Liza
Lloyd
Loislopez
Lorna
Lothaire
Lou
Louis
Louise
Luc
Lucas
Luchino
Lucia
Lucy
Ludovic
Ludvik
Ludwig
Luigi
Luis
Luke
Lutherlydia
Lynn
Lys
Mabelmacha
Mack
Madeleine
Madelenine
Madge
Magda
Malcolm
Malcom
Malik
Mamie
Mandy
Manika
Manjira
Manoel
Manuel
Mao
Marc
Marcel
Marceline
Marcello
Marcia
Marco
Margaret
Margarethe
Margarita, Location City
Margery
Margie
Marguerite
Maria
Marian
Marianne
Marie
Marielle
Marilyn
Mario
Marion
Marj
Marja
Marjoe
Marjorie
Mark
Marlee
Marlene
Marlon
Marlowe
Marshall
Martha
Marthe
Martin
Marty
Maruchka
Marymassimo
Mathieu
Matt
Matthew
Maud
Maureen
Maurice
Maurizio
Mavis
Max
Maxime
Maxine
May
Mayameg
Melmercedes
Meredith
Meryl
Michael
Michael
Michel
Michele
Michele
Micheline
Michelle
Mick
Mickey
Midred
Miguel
Mika
Mike
Mikhail
Miles
Millicent
Milly
Milt
Mimi
Mira
Miranda
Mireille
Miriam
Mohamed
Moira
Molly
Momo
Monique
Montgomery
Mookie
Morgan
Morton
Moussamrinal
Muriel
Murray
Myra
Myriam
Nadine
Naky
Nancy
Nando
Nanni
Naomi
Natalia
Natalie
Nathalie
Nathaniel
Neal
Ned
Neil
Nelly
Neville
Nicholas
Nick
Nicola
Nicolas
Nicole
Nicoletta
Niels
Nigel
Nikita
Nilita
Nils
Nina
Nino
Niven
Noel
Nola
Nora
Norma
Noshka
Odile
Ole
Olive
Oliver
Olivia
Olivier
Omar
Ornella
Orson
Oscar
Oswald
Oumar
Palo
Pam
Pamela
Paolo
Pascal
Pascale
Pat
Patrice
Patricia
Patrick
Patt
Paul
Paula
Paulette
Paulina
Pauline
Pea
Pearl
Pedro
Pee
Peg
Pen
Penelope
Pepin
Percy
Perhan
Peter
Phil
Philip
Philippa
Philippe
Phillip
Phoebe
Phyllis
Pier
Piero
Pierre
Pino
Polly
Priscilla
Quan
Quentin
Rachel
Radoslav
Ralph
Randal
Randolph
Raoul
Raphael
Raphaelle
Raquel
Ray
Raymond
Rebecca
Red
Reg
Reginald
Regis
Regis
Reizl
Remy
Rene
Renee
Renny
Rex
Rhett
Richard
Ripley
Ritarob
Robert
Roberto
Robin
Roca
Rocco
Rodney
Roger
Roland
Roman
Romuald
Romy
Ron
Ronald
Rosalie
Rosalind
Rosanna
Rosie
Rowan
Rowdy
Roxanne
Roy
Rudolf
Rupert
Russ
Russell
Ruth
Ruy
Sabine
Sacha
Sady
Sal
Sally
Sam
Samantha
Sammy
Samuel
Sandra
Sandrine
Sandy
Sanjiv
Sarah
Saran
Satyajit
Savion
Scarlett
Scott
Seamus
Sean
Sebastien
Serge
Sergio
Serguei
Shabana
Sharon
Shawnee
Sheila
Shelley
Shirley
Sidi
Sidney
Sigmund
Sigorney
Silvaine
Silvana
Silvia
Simon
Simone
Sissi
Sonia
Sophia
Sophie
Soriba
Souleymane
Spike
Stan
Stanley
Stef
Stefania
Stella
Stephane
Stephanie
Stephanie
Stephen
Steve
Steven
Stewart
Stuart
Susan
Susie
Suzanne
Suzzy
Sven
Svevo
Sy
Sydney
Sylvester
Sylvia
Sylvie
Talia
Tania
Tatiana
Taumaturgo
Tcheky
Tchelley
Ted
Terence
Teresa
Terry
Tess
Tex
Theodore
Theresa
Therese
Thierry
Thomas
Tieu
Tim
Timon
Timothy
Tina
Toby
Tom
Tomas
Tommy
Tonino
Tony
Toto
Tracy
Trevor
Trudie
Trudy
Truong
Tseula
Ullrich
Ulrich
Ulysse
Valentin
Valentine
Valeria
Valeria
Valerie
Van
Vanessa
Vassili
Veit
Vera
Vera
Vernon
Veronica
Veronique
Vicky
Victor
Victoria
Vincent
Vincente
Viola
Virginie
Virna
Vitin
Vito
Vittorio
Vivian
Vivien
Vivienne
Vlad
Vladimir
Volker
Vsevolod
Vuong
Walt
Walter
Wayne
Wee
Wendell
Wendy
Werner
Wes
Whoopy
Wilfred
Wilhelm
Will
Willem
William
Willy
Wim
Winifred
Winnie
Winona
Witek
Woody
Xavier
Yang
Yann
Yaphet
Yohji
Youri
Youssef
Yves
Yvonne
Zarah
Zhang
Zoe
Zoya