the House
the Fed
naval operations
White House
Unicef
U . S. Naval Academy
The House
The Fed
Small Business Administration
Senate
Securities and Exchange Commission
Secret Service
Sandia National Labs
Sandia National Laboratory
Sandia National Laboratories
Sandia
SEC
Postal Service
Police
police
Pentagon
Parliament
PENTAGON
Navy
Naval Research Labs
Naval Research Laboratory
Naval Research Laboratories
Naval Research Lab
Naval Operations
Naval Academy
Naval
National Weather Service
National Transportation Safety Board
National Space Development Agency of Japan
National Space Development Agency Of Japan
National Ocean Service
National Mediation Service
National Mediation Board
National Labor Relations Board
National Guard
National Conference of State Legislatures
National Conference of State Legislators
National Bureau of Economic Research
National Aeronautics and Space Administration
NTSB
NRL
NCSL
NAVY
NASDA
NASA
N . A . S . D . A .
L'Agence Spatiale Canadienne
L' Agence Spatiale Canadienne
L ' Agence Spatiale Canadienne
Jet Propulsion Labs
Jet Propulsion Laboratory
Jet Propulsion Laboratories
JPL
Italian Space Agency
Internal Revenue Service
IRS
Housing and Urban Development
Home Office
HUD
Guard
Goddard Space Flight Center
GOP
Financial Accounting Standards Board
Federal Reserve Bank
Federal Reserve
Federal Mediation and Conciliation Service
Federal Energy Regulatory Commission
Federal Emergency Management Agency
Federal Communications Commission
Federal Bureau of Investigation
Federal Aviation Administration
FDIC
FBI
FAA
Defense Advanced Research Projects Agency
DOT
Court of Appeals
Congressional Black Caucus
Congress
Coast Guard
Circuit Court of Appeals
Chamber of Commerce and Industry
Chamber of Commerce
Canadian Space Agency
Canada Post
CSA
C . S . A .
Army Corps of Engineers
Army Corps
Army
Air Force
Aeronautica Civil
Advanced Research Projects Agency
ASI
ARMY
AIR FORCE
A . S . I .
