Voice
Utilities
Tours
Times
Television
Télévision
Telegraph
Technology
Technologie
Technologies
TV
Systems
Stores
Magasins
Stock Exchange
State Police
Star
Services
Securities
Science and Technology
Savings
Rouge
Reserve
Research
Recherche
Rescue
Regulation
Régulation
Register
Records
Radio
Protection
Power
Post
Pictures
Pharmaceutical
Pharmaceutiques
Petroleum
Perspective
Paper
Pact
Organization
Optical
Oil
Petrole
News Service
News
National
Motors
Motor
Mining
Mercantile Exchange
Media
Markets
Marketing
Marine
Management
Gestion
Machines
Loan
Lighting
Leap
Investments
Investissements
Interstate
Insurance
Assurance
Institute of Technology
Industries
Industriale
Illuminating
Holdings
Globe
Giants
Genetic
General
Général
Générale
Gas
First
Fire Rescue
Financial
Federal
Fédéral
Express
Examiner
Equitable
Enterprises
Enterprise
Engineering
Energy
Energie
Electricity
Electric
Electriques
Education
Drilling
Drew
Distance
Development
Department Store
Data
Cost
Corps
Containers
Computer
Communications
Chronicle
Chemicals
Care
Capital
Brands
Boat Company
Boats
Bancorp
Aviation
Associates
Aircraft
Affairs
Affaires
Acquisition
ASSOCIATES
