WORKERS
workers
Workers
Travailleurs
university
UNIVERSITY
University
Université
université
Syndicat
syndicat
union
Union
UNION
trust
Trust
TRUST
Subcommittee
subcommittee
SUBCOMMITTEE
State University
STATE UNIVERSITY
state university
Squadron
squadron
SQUADRON
Society
Société
SOCIETY
society
société
societe
Societe
SERVICE
Service
service
School
school
SCHOOL
usine
USINE
Usine
PLANT
Plant
plant
Party
PARTY
party
PARTNERSHIP
Partnership
partnership
Partenariat
partenariat
PARTENARIAT
Partners
partners
partenaires
Partenaires
PARTENAIRES
PARTNERS
OFFICE
Office
office
BUREAU
Bureau
bureau
Observatoire
observatoire
OBSERVATOIRE
Observatory
OBSERVATORY
observatory
museum
MUSEUM
Museum
musèe
Musèe
MUSEE
Ministry
ministry
MINISTRY
Ministère
ministère
MINISTERE
MAGAZINE
magazine
Magazine
LABORATORY
Laboratory
laboratory
laboratories
Laboratories
LABORATORIES
laboratoires
Laboratoires
Laboratoire
laboratoire
LABORATOIRES
LABORATOIRE
institutes
INSTITUTES
Institutes
INSTITUTE
institute
Institute
Institut
INSTITUT
institut
Hotels
hotels
HOTELS
HOTEL
Hotel
hotel
hospital
Hospital
HOSPITAL
hopital
Hopital
HOPITAL
corporation
Corporation
CORPORATION
guild
GUILD
Guild
Group
GROUP
group
groupe
Groupe
GROUPE
Fund
fund
FUND
caisse
Caisse
CAISSE
friends
Friends
FRIENDS
FOUNDATION
Foundation
foundation
federation
FEDERATION
Federation
fédération
Fédération
FEDERATION
Estate
ESTATE
estate
Etat
état
ETAT
Division
division
DIVISION
DIRECTORATE
directorate
Directorate
DEPARTMENT
Department
department
département
Département
DEPARTEMENT
Council
COUNCIL
council
Conseil
CONSEIL
conference
CONFERENCE
Conference
Conférence
CONFERENCE
conférence
Community
community
COMMUNITY
COMMITTEE
committee
Committee
COMMISSION
Commission
commission
COLLEGE
College
college
collège
Collège
COLLEGE
clinic
Clinic
CLINIC
clinique
Clinique
CLINIQUE
CHURCH
Church
church
Eglise
église
EGLISE
Center
center
CENTER
Centre
CENTRE
bureau
Bureau
BUREAU
BROTHERHOOD
brotherhood
Brotherhood
BOARD
board
Board
BANK
Bank
bank
banque
Banque
BANQUE
authority
Authority
AUTHORITY
autorité
Autorité
AUTORITE
ASSOCIATION
Association
association
AGENCE
Agence
agence
AGENCES
Agences
agences
AGENCY
Agency
agency
agencies
AGENCIES
Agencies
administration
Administration
ADMINISTRATION

