BILDAD

BILAL

BIALY

BHEKI

BHAVEN

BHANU

BHALTAIR

BEVIS

HEINZ

HEINTZ

HEINRICH

HEIKO

HEDLEY

HEDEON

HECTOR

BO

BERTRAND

BERTRAM

BERTOK

BERTIN

BERT

BERNIE

BERNHARD

BERND

BERNARD

BERNAL

BERNABE

BERK

BERHAN

BERGREN

BERGER

BEREK

BENTLEY

BENT

BENOIT

BENNY

BENNO

BENNIE

BENNETT

BENJI

BENJAMIN

BENEDICT

BEN

BEMOSSED

BEM

BELTRAN

BELLO

BELDON

BEHRAM

BEDRICH

BECK

BECHTEL

BEAUREGARD

BEAUMONT

BEAU

BAYLEY

BAVOL

BAUL

BAUDOUIN

BASTIEN

BASTIAN

BASILIO

BASIL

BASHAM

BARTRAM

BARTOSZ

BARTON

BARTOLOMIY

BARTLOMIEJ

BARTHOLOMIEU

BARTHOLOMEW

BARTHOLO

BARTEK

BART

BARRY

BARRON

BARRET

BARON

BARNIE

BARNEY

BARNARD

BARNABY

BARNABAS

BARN

BARDON

BARDO

BANE

BANA-BARNA

BALTO

BALTHAZAR

BALTAZAR

BALFOUR

BALDWIN

BALDRIC

BAL

BAKR

BAHMAN

AZUKA

AZI

AZFAR

AZAD

AYLWIN

AYAZ

AXEL

AVRAHAM

AVI

AVERIL

AVEL

AVEDIG

AURELIUS

AUREK

AUGUSTUS

AUGUSTIN

AUGIE

AUDVARD

AUDRIC

AUDREY

AUDLEY

AUBERT

AUBERON

ATTILA

ATSUSHI

ATSUHIKO

ATMAN

ATHOL

ATHEEL

ASTOR

ASTEVEAN

ASKER

ASIF

ASHUR

ASHTON

ASHTAD

ASHLIN

ASHER

ASH

ARVID

ARUN

ARTURO

ARTUR

ARTIN

ARTHURO

ARTHUR

ARTE

ARSLAN

ARRI

ARPAD

ARON

ARNOLD

ARNIE

ARNE

ARMONDO

ARMON

ARMIN

ARMANTI

ARMANDO

ARMAND

ARMAN

ARLEY

ARKIN

ARKELL

ARKADY

ARKADI

ARISTIDE

ARIES

ARIAN

ARI

ARES

AREN

ARDON

ARDEN

ARCY

ARCHIE

ARCHIBALD

ARCHER

AQUILES

APOLLONIOS

APENIMON

AODH

ANZHEL

ANURAG

ANTONY

ANTONIO

ANTON

ANTOINE

ANTHONY

ANSGAR

ANSELM

ANNAN

ANKA

ANIOL

ANIBAL

ANGUS

ANGHARED

ANGELO

ANEURIN

ANESTES

ANDY

ANDRéS

ANDRZEJ

ANDRIQUE

ANDREW

ANDRES

ANDREJ

ANDREI

ANDREAS

ANDRE

ANDRAS

ANDERSON

ANDERS

ANATOLE

ANAND

ANACLETO

AMOS

AMON

AMLAN

AMIT

AMIR

AMIN

AMILCAR

AMIEL

AMENI

AMEER

AMBROSE

AMARDAD

AMAR

AMANDO

AMAL

AMADO

AMADIS

AMADEUS

AMADEO

ALYN

ALWYN

ALWIN

ALVIS

ALVIN

ALVERTOS

ALVAR

ALTON

ALTER

ALTAIR

ALROY

ALRIK

ALPO

ALPHONSE

ALOYSIUS

ALONSO

ALON

ALOK

ALOIS

ALNATH

ALMON

ALMERIC

ALLEN

ALLAN

ALIX

ALISTER

ALISTAR

ALISTAIR

ALIPHONT

ALIM

ALICK

ALHIM

ALGERNON

ALGAR

ALFWINE

ALFREDO

ALFRED

ALFONSO

ALFERRAL

ALF

ALEXANDRE

ALEXANDR

ALEXANDER

ALESSANDRO

ALESER

ALEKSANDR

ALEKSANDER

ALEK

ALEJANDRO

ALEIN

ALED

ALEC

ALDY

ALDOUS

ALDO

ALDIS

ALDER

ALDEN

ALBY

ALBRECHT

ALBIN

ALBIE

ALBERTO

ALBERT

ALBAN

ALASTER

ALASTAIR

ALASDAIR

ALARIC

ALAND

ALAN

ALAIN

ALA

AL-HAMRA

AL

AKULE

AKIRA

AKIO

AKIM

AKIL

AKIKO

AKHIL

AKAR

AKANDO

AJIT

AJAY

AJANI

AIDAN

AHREN

AHMIK

AHMED

AHMAD

AHIR

AHIL

AHDIK

AHARON

AHANU

AGUSTIN

AGUSTEK

AGNI

AGLER

AGATHON

AFFONSO

AERON

AENGUS

AENEAS

AEGRI

ADRIEN

ADRIAN

ADRI

ADOR

ADON

ADOM

ADOLPHUS

ADOLPHO

ADOLPH

ADOLF

ADNI

ADMON

ADLI

ADLER

ADLAI

ADIV

ADIR

ADIN

ADIL

ADIGUN

ADHAMH

ADEN

ADEMOLA

ADEL

ADAR

ADAM

ADALIAH

ADALBERT

ADAL

ADAIR

ACTON

ACHMAD

ACHILLES

ACAYIB

ACAR

ABSALOM

ABRASAX

ABRAM

ABRAHAM

ABNER

ABINASH

ABHNER

ABHISHEK

ABEL

ABE

ABDULLAH

ABDULLA

ABDUL

ABDEL

ABBOT

ABBE

AARON

AAREN

