HECK
HEBERT
HEBER
HEATH
HAYWOOD
HAYDYN
HAYDEN
HAVELOCK
HASTIN
HASSEL
HASKELL
HASKEL
HASIN
HASHIR
HASHIM
HASAN
HASAD
HARVIE
HARVEY
HARTMUT
HARRY
HARRISON
HAROUN
HAROLD
HARMON
HARMAN
HARLOWE
HARLEY
HARLAN
HARI
HARDING
HARDIMAN
HARBERT
HARB
HARALDO
HARALD
HARALAMBIE
HAO
HANUMAN
HANSEL
HANS
HANRAOI
HANNIBAL
HANNES
HANK
HANIF
HANIBAL
HANDY
HAMPTON
HAMP
HAMON
HAMMOND
HAMLIN
HAMISH
HAMILTON
HAMILL
HAMIL
HAMID
HAMDEL
HAMAL
HAM
HALIM
HALIL
HALE
HAL
HAKON
HAKEM
HAKEEM
HAKAN
HAIME
HAIDER
HADRY
HADRIAN
HADDEN
HADAR
HABIB
HABAIER
GYORGY
GUY
GUTO
GUSTOVO
GUSTIN
GUSTAVO
GUSTAVE
GUSTAV
GUSTAF
GUSTACIO
GUS
GUNTHER
GUNTER
GUNNY
GUNNERSON
GUNNER
GUNNAR
GUNN
GUNDERSON
GUN
GULLERMO
GULIANNO
GUITTIERE
GUIMING
GUILLO
GUILLERMO
GUILLAUME
GUIDO
GUGLIELMO
GUGIELMO
GUAYO
GUALTERIO
GRZEGORZ
GRUFFYDD
GRUFFUDD
GROVER
GROVE
GROSVENOR
GRIMES
GRIGORI
GRIFFITH
GRIFFIN
GRIFF
GRENVILLE
GREGORY
GREGOR
GREGG
GREG
GRAY
GRATIEN
GRANVILLE
GRANTLEY
GRANTLAND
GRANT
GRAM
GRAHAME
GRAHAM
GRAEME
GRADY
GOYO
GOWON
GOVINDAN
GOVAD
GOTTHILF
GOTTFRIED
GOTTFRIDH
GOTLIEB
GOSHOVEN
GORTON
GORGEOUS
GORDY
GORDON
GORDIE
GORDEN
GORAN
GOPINATH
GONZO
GONZALEZ
GONZALES
GOMER
GOEL
GODFRY
GODFREY
GLYNN
GLYN
GLEN
GIUSTO
GIUSEPPE
GIULIANO
GITTA
GIROLAMO
GIRAUD
GIOVANNI
GIOTTO
GILLIS
GILLIAM
GILLESPIE
GILES
GILBERT
GIL
GIERMO
GIDON
GIDEON
GIDE
GIANNINI
GIANNI
GIANNES
GIAMO
GIACOMO
GEYO
GERWULF
GERVAISE
GERTIE
GERT
GERRY
GERRIE
GERONTIUS
GERONIMO
GEROME
GEROLD
GERNOT
GERMAIN
GERIK
GERHARD
GEREK
GERBEN
GERAUD
GERARDO
GERARD
GERALDO
GERALD
GER
GEORGY
GEORGI
GEORGES
GEORGE
GEORG
GEORDIE
GEOFFROY
GEOFFROI
GEOFFREY
GEOFF
GENO
GENNARO
GENE
GELO
GELLERT
GEFFREY
GEERT
GEBHARD
GAYLORD
GAYLOR
GAYLER
GAWAYNE
GAWAIN
GAVIN
GAVEN
GAV
GAUTIER
GAUTHIER
GAUTAM
GAUDI
GASPAR
GARY
GARTH
GARRY
GARRICK
GARRETT
GARRETH
GARRET
GARNET
GARNER
GARFIELD
GARETH
GAREK
GARDNER
GAR
GAMALIEL
GALT
GALLOWAY
GALLARD
GALEN
GAIUS
GAHIJI
GABRIEL
GABE
FYODOR
FYNN
FULTON
FRODE
FRITZ
FRITS
FRIEDRICH
FRIEDHOLD
FRIEDHELM
FREDRIK
FREDI
FREDERICK
FREDERICH
FREDDY
FREDDIE
FRED
FRAVARDIN
FRASIER
FRASER
FRANZ
FRANSISC
FRANS
FRANKY
FRANKO
FRANKLIN
FRANKIE
FRANK
FRANCOIS
FRANCO
FRANCISCO
FRANCHOT
FRANCESCO
FRANC
FOUNTAIN
FOUNT
FOTIOS
FOSTER
FOSS
FORRESTER
FORREST
FORESTER
FONZIE
FONZ
FLYNN
FLOYD
FLORIAN
FLIP
FLINT
FLETCHER
FLETCH
FISK
FION
FINN
FINLEY
FINLAY
FINGAL
FINEAS
FINBAR
FIN
FILIPPO
FILIP
FILANDER
FIDO
FIDEL
FESTUS
FESS
FERRIS
FERNANDO
FERMIN
FERMI
FERIS
FERGUSON
FERGUS
FERGHUS
FERDINAND
FEODOR
FELIX
FELIPPE
FELIPE
FELIP
FELINO
FELIKS
FELIKE
FELICIANO
FELICE
FEDOR
FAYETTE
FAXON
FARUK
FARRIS
FARRELL
FAN
FAIZEL
FAIZ
FAISAL
FAIRLEIGH
FABIO
FABIAN
FABER
EZRA
EZHNO
EZER
EZEKIEL
EZAR
EVERT
EVERHARD
EVERETT
EVERARDO
EVANDER
EVAN
EV
EUSTACE
EUGENIO
EUGENE
ETU
ETHMER
ETHAN
ETAN
ESTIVIDO
ESTIFANO
ESTEBAN
ESTAVAN
ESSIEN
ESRA
ESPIRIDION
ESMOND
ESHKOL
ERWIN
ERVIN
ERSKIN
ERROL
ERNST
ERNIE
ERNESTO
ERNEST
ERLE
ERIK
ERICO
ERICK
ERICH
ERIC
ERI
ERHARD
EREK
ERBERTO
ERASMUS
EPHRAIM
EOIN
ENYETO
ENRIQUE
ENRICO
ENOS
ENOCH
ENNIO
ENLI
ENGEL
ENEAS
EMRYS
EMORY
EMOK
EMMITT
EMMETT
EMMET
EMMANUEL
EMLYN
EMILS
EMILIO
EMILE
EMIL
EMIDIO
EMERY
EMERSON
EMANUEL
EMAN
ELY
ELWOOD
ELWIN
ELVIS
ELTON
ELSU
ELROY
ELRIC
ELRAD
ELOY
ELOF
ELMO
ELMER
ELMAR
ELLWOOD
ELLIS
ELLIOT
ELKI
ELISHA
ELIJAH
ELIAS
ELFRED
ELEMAR
ELEK
ELDRIDGE
ELDRED
ELDON
ELDEN
ELDAD
ELBERT
EKKEHARDT
EIRAN
EINAR
EILWYN
EIKE
EGOR
EGG
EGBERT
EFRAIM
EFIM
EDZKO
EDWIN
EDWARD
EDUARDO
EDUARD
EDRIC
EDO
EDMUNDSON
EDMUND
EDMOND
EDMON
EDLIN
EDKO
EDISON
EDGARS
EDGAR
EDDY
EDDIE
ED
ECKHARD
ECKERT
ECKERD
ECKBERT
ECK
EBERTO
EBERT
EBERHARD
EBENEZER
EARNEST
EARL
EANRUIG
EAMONN
EAMON
DYRE
DYLANNE
DYLAN
DYL
DYAMI
DWIGHT
DWAYNE
DWANE
DWAIN
DUY
DUSTIN
DUSTEN
DURWARD
DURRIL
DURRIKEN
DURAND
DURAN
DUNSTAN
DUNK
DUNHAM
DUNCAN
DUNC
DUMAN
DUMAKA
DUKARAI
DUIG
DUG
DUFF
DUDLEY
DUDE
DUDDLEY
DUD
DUANE
DRYSTAN
DRU
DRISKOLL
DRISCOLL
DREW
DRAYTON
DRAKE
DRAGOS
DRACHEN
DOYLE
DOUGLASS
DOUGLAS
DOUGIE
DOUG
DORRELL
DORIAN
DONOVON
DONOVAN
DONOHUE
DONNIE
DONNELLY
DONNELL
DONLEY
DONATO
DONARD
DONALT
DONALDO
DONALD
DONAHUE
DON
DOMINIC
DOMINGO
DOM
DOLPH
DOLF
DOLAN
DODGE
DOBY
DOBRY
DOBROMIL
DOBROGOST
DOBIE
DOBBS
DOB
DMITRIY
DMITRI
DIXON
DIRK
DIREK
DIONYS
DION
DIODORE
DINO
DIMO
DIMITRI
DILWYN
DILLWYN
DILLON
DILBERT
DIGLIO
DIGGORY
DIGBY
DIETRICH
DIETMAR
DIETER
DIERK
DIEGO
DIEDERICK
DIEDERICH
DICTA
DICKY
DICKSON
DICKIE
DICKENS
DICK
DICHALI
DEXTER
DEX
DEWEY
DEW
DEVEN
DESMOND
DERRICK
DERREK
DERMOT
DERIK
DEREK
DEON
DENZIL
DENZEL
DENYS
DENTON
DENNY
DENNIS
DENIZ
DENIS
DENHOLM
DENES
DENE
DEN
DEMYAN
DEMOTHI
DEMETRIUS
DELMORE
DELMAR
DELL
DELBERT
DELANO
DEL MAR
DEL
DEEPESH
DEEPAK
DEEMER
DEDERICK
DECLAN
DECKER
DEANE
DEAN
DEWITT
DAWSON
DAWID
DAWAYNE
DAVON
DAVIS
DAVIDEK
DAVIDDE
DAVID
DAVE
DAT
DARYLE
DARYL
DARRYL
DARREN
DARRELL
DARLING
DARLIN
DARL
DARIUS
DARIN
DARIEN
DAREO
DARDEN
DANYON
DANYLKO
DANTE
DANNY
DANNIE
DANNE
DANKO
DANIIL
DANIELEK
DANIEL
DANE
DANDY
DAN
DAMON
DAMIEN
DAMIAN
DAMEK
DAME
DALTON
DALI
DALEY
DALAL
DAL
DAIN
DAGWOOD
DAG
DAFYYD
DAFYDD
DABNEY
DABID
D ' ARCY
CZESLAW
CZCIBOR
CYRUS
CYRILL
CYRIL
CYREK
CY
CUTHBERT
CURTIS
CURT
CURCIO
CULLEN
CRISTOBAL
CRISTIAN
CRISPUS
CRISPIN
CRAIG
COSMO
CORWIN
CORT
CORNELIUS
CORMAC
CORKY
CORIN
CORDELL
CORBIN
COOPER
CONSTANTINOS
CONSTANTINE
CONSTANTIN
CONRAD
CONNOR
CONLETH
CONAN
COLUMBA
COLTON
COLTER
COLON
COLMAN
COLLINS
COLLIN
COLIN
COLEMAN
COLE
COLBY
COINNEACH
CNUT
CLYDE
CLIVE
CLINTON
CLINT
CLIFTON
CLIFFY
CLIFFORD
CLIFF
CLEVONNE
CLETO
CLETES
CLERK
CLEMENTE
CLEMENT
CLEMENS
CLEM
CLEANTH
CLAYTON
CLAY
CLAUS
CLAUDIUS
CLAUDIO
CLAUDE
CLAUD
CLARKE
CLARK
CLARENCE
CLANCY
CLADIO
CISCO
CIRILL
CID
CICERO
CIARAN
CHUNG
CHUCKY
CHUCK
CHRISTOPHER
CHRISTOPH
CHRISTIAN
CHRISTAO
CHRIST
CHRETIEN
CHOU
CHIP
CHIOKE
CHIK
CHICO
CHICK
CHIAH
CHI
CHET
CHESMU
CHESLEY
CHESLAV
CHEN
CHE
CHAZ
CHAY
CHAUVIN
CHAUNCY
CHAUNCEY
CHASESTON
CHARLTON
CHARLEY
CHARLES
CHANNING
CHANEY
CHANE
CHANDLER
CHAL
CHAIWAT
CHAIM
CHAD
CESLOVAS
CESAR
CEMAL
CELYN
CEDRIC
CECIL
CEBASTIAN
CEARBHALL
CATHOL
CATALIN
CASTOR
CASTEL
CASPER
CASPAR
CASIMIR
CASHEL
CARVEL
CARTER
CARSWELL
CARSON
CARMIT
CARLUCHO
CARLTON
CARLOS
CARLO
CARLETON
CARLE
CARL
CAREW
CAPPI
CANUTE
CANTON
CAN
CAMRON
CAMPBELL
CAMLO
CAMERON
CAMERINO
CALVIN
CALV
CALUT
CALUM
CALO
CALLUM
CALEB
CALDER
CAL
CAIUS
CAISEAL
CAIN
CAHIL
CADWALLADER
CADFAEL
CADEN
CADEL
CADDY
BYRON
BYRNE
BYRN
BURTON
BURT
BURR
BURNE
BURKHARD
BURIAN
BUD
BUCKY
BUCKMINSTER
BUCK
BRYRONY
BRYNE
BRYCE
BRYANT
BRYAN
BRUNS
BRUNO
BRUIN
BRUCE
BROWNING
BROWN
BRONTE
BRONSON
BRONISLAW
BRODY
BRODNEY
BRODERICK
BROCK
BROC
BRITTON
BRIDGER
BRICE
BRIAN
BRET
BRENTON
BRENT
BRENDAN
BRENCIS
BRAYDEN
BRANNON
BRANDT
BRANDON
BRANDEIS
BRANDAN
BRAND
BRAM
BRAHMA
BRADY
BRADSHAW
BRADLEY
BRADLEE
BRADEN
BRADBURN
BRAD
BOZYDAR
BOZ
BOYD
BOYCE
BOWMAN
BOWLE
BOUR
BOTAN
BORISLAV
BORIS
BORIA
BORGHILD
BORG
BOR
BONITO
BONDI
BOND
BOLESLAW
BOHDAN
BOGUSLAW
BOGUMIL
BOGDAN
BODOG
BODI
BODDU
BODAWAY
BOBUSH
BOBA
BOB
BLAZEJ
BLAISE
BLAIR
BJöRN
BJORNE
BJORN
BJOERN
BIPIN
BINYONG
BING
BILY
BILL

