Özge
Íde
Zéphyrine
Zàn
Zytka
Zuzu
Zuzi
Zuzeth
Zuzela
Zuzanna
Zuzana
Zuwena
Zuljeta
Zuleika
Zuleica
Zula
Zubaidah
Zubaida
Zsuzsánna
Zsuzsanna
Zsazsa
Zsa Zsa
Zoë
Zozi
Zosia
Zorina
Zoraida
Zora
Zonta
Zola
Zoila
Zohra
Zoheret
Zofie
Zofia
Zoe
Zlata
Zivanka
Zitomíra
Zitomira
Zitkala - Sa
Zita
Zirah
Ziracuny
Zipporah
Zinovia
Zinobiya
Zinnia
Zinaida
Zina
Zimriah
Zilvia
Zilpha
Zilpah
Zillah
Zil
Zihna
Zigana
Zia
Zhì
Zhi
Zhenjian
Zhané
Zhane
Zevida
Zeresh
Zerdali
Zeraldina
Zera
Zephyrine
Zephyra
Zenobja
Zenobia
Zenevieva
Zenda
Zenana
Zenaide
Zenaida
Zena
Zemorah
Zemira
Zelpah
Zelma
Zelie
Zelia
Zelfa
Zelenka
Zelda
Zel
Zehira
Zehava
Zehara
Zefiryn
Zeborah
Zea
Zdeslava
Zbyhnêva
Zbyhneva
Zaza
Zaynab
Zaylie
Zayit
Zawadi
Zarya
Zarita
Zarina
Zarifa
Zaray
Zarah
Zara
Zannah
Zanna
Zaneta
Zaneda
Zandra
Zaltana
Zalika
Zaleya
Zakiyya
Zakiya
Zakelina
Zakah
Zaira
Zainabu
Zainab
Zahrah
Zahra
Zahara
Zafira
Zadee
Zada
Zabrina
Yín
Yí
Yvonne
Yvette
Yuè
Yusra
Yunlong
Yumiko
Yuliya
Yukiko
Yukie
Yuki
Yukari
Yue
Yu
Ysonde
Ysolda
Yseult
Ysanne
Ysabel
Yrenia
Yoya
Yow
Yovela
Young - Soon
Young - Il
Yoshino
Yoshiko
Yoshi
Yoshe
Yosefa
Yori
Yonkela
Yonina
Yolyvette
Yolette
Yolathe
Yolanta
Yolande
Yolanda
Yoko
Yokkako
Yoki
Yoela
Yocheved
Yochana
Ynez
Ynes
Yin
Yi
Yevetha
Yeva
Yetta
Yeshara
Yerusha
Yepa
Yenta
Yenene
Yendelela
Yemina
Yemima
Yelena
Yelda
Yekaterina
Yejide
Yehudit
Ye
Yawa
Yasuko
Yasu
Yasmine
Yasmin
Yasmeen
Yasiman
Yashwina
Yashodhara
Yashna
Yashila
Yarmilla
Yarkona
Yardeniya
Yardena
Yanaha
Yana
Yamuna
Yamka
Yamini
Yamina
Yaluta
Yakira
Yael
Yachne
Yachi
Yaara
Yaa
Xylia
Xuan
Xiopara
Xinh
Xin
Ximena
Xilonen
Xiao - Xing
Xiao - Niao
Xenia
Xena
Xaviera
Xantho
Xanthe
Xandrine
Xandra
Wyvonne
Wyome
Wynonna
Wynne
Wynn
Wynelle
Wyn
Wylma
Wyetta
Wyanet
Wiyaka - Wastewin
Witashnah
Wisia
Wioletta
Winona
Winnifred
Winnie - Comac
Winnie
Winifred
Winema
Winda
Wilma
Willow
Willette
Willeta
Willemyn
Willann
Willamina
Willamena
Willabelle
Willa
Wilimina
Wilima
Wilhemine
Wilhemina
Wilhema
Wilfreda
Wiktoria
Wihakayda
Wigburg
Wiebke
Widad
Wichasta
Wicahpi Wakan
Wicahpi Isnala
Wicahpi
Wibeke
Whoopi
Weronikia
Wenonah
Wenona
Wendy
Wendie
Wendi
Wendeline
Wenda
Wehinahpay
Weetamoo
Weeko
Weayaya
Waynoka
Waylahskise
Wauna
Watseka
Wasula
Washta
Waseme
Warri
Wapin '
Wanita
Waneta
Wanda
Wanaka
Wana ' aonani
Wana ' ao
Waltraud
Walidah
Walida
Walentya
Wakenda
Wakanda
Wakana
Wajiha
Waipshwa
Wahchintonka
Wafiyya
Wafa
Wachiwi
Václava
Vyvian
Vyomika
Vyoma
Vrinda
Vrijeda
Vreni
Vondila
Vonda
Vladislava
Vladimíra
Vladimira
Vivyan
Vivita
Vivienne
Viviana
Vivian
Viveka
Viveca
Vivaca
Viv
Vittoria
Vitoria
Vita
Visolela
Viridia
Virginie
Virginia
Virgee
Vira
Viorica
Violetta
Violeta
Violet
Viole
Violante
Viola
Vinya
Vinette
Vincenta
Vina
Vimala
Vilma
Vilhelmina
Viktoria
Vikky
Vikkie
Viki
Vikaheilala
Vika
Vik
Vigdis
Viera
Vidya
Vidonia
Victoriya
Victorine
Victoria
Victoire
Vicky
Vickie
Vicki
Vica
Viatrix
Viatricia
Vianna
Vianca
Vi
Vevina
Vesta
Veronique
Veronika
Veronica
Vernetta
Vernesta
Vernadine
Verna
Verla
Verity
Verina
Verify
Verena
Vera
Veola
Venus
Venetia
Venessa
Veneranda
Venceslava
Velvina
Velvet
Velsie
Velora
Velma
Velinde
Velinda
Velia
Veleslava
Velda
Vegenia
Vega
Veera
Vedis
Veda
Veata
Vatusia
Vasundhara
Vasilisa
Vashti
Varvara
Varuna
Varsha
Varonika
Varinka
Varina
Varenka
Varaza
Varana
Vara
Vanya
Vanora
Vanna
Vanja
Vanika
Vania
Vani
Vanessa
Vandelia
Vandani
Vanda
Vanalika
Vanaja
Vana
Vamana
Valory
Valora
Valma
Vally
Valli
Valinda
Valida
Valetta
Valeska
Valery
Valeriya
Valerie
Valeria
Valentina
Valentia
Valenda
Valeda
Vale
Valdis
Valda
Valaree
Vailea
Vaclava
Vachya
Uwimana
Uvonda
Utina
Ute
Utako
Uta
Ut
Ushriya
Ushmil
Ushi
Usha
Uschi
Urszula
Ursy
Ursulina
Ursula
Ursola
Ursley
Ursel
Ursa
Urmi
Uriela
Urbi
Urbana
Uranja
Urania
Upala
Unquie
Unn
Unity
Unice
Uness
Undine
Una
Umniya
Umm
Umiko
Umeko
Umeki
Umeeka
Ume
Umayma
Umali
Uma
Um - Kalthum
Ulyssia
Ulu
Ulryka
Ulrike
Ulrika
Ulla
Ulina
Ularia
Ulami
Ula
Ujvala
Ujila
Ujala
Udiya
Uchenna
Tzofia
Tzivya
Tzili
Tzigana
Tzeviya
Tzemicha
Tzeira
Tzahala
Tzafra
Tzadika
Tyrene
Tyra
Tyna
Tyffany
Tyfany
Tyche
Tyana
Twyla
Tuyet
Tusla
Tusajigwe
Tusa
Tupper
Tulsi
Tulip
Tulinagwe
Tulia
Tulann
Tulani
Tula
Tukiyo
Tukiko
Tuhina
Tuesday
Tualau
Tua
Tsuruko
Tsunou
Tsula
Tsuhgu
Tsomah
Tríona
Trudy
Trudie
Truda
Trixie
Trix
Trista
Triska
Trisha
Trish
Tripta
Triona
Trinidad
Trini
Trinh
Trina
Tricia
Tria
Tri
Tresiliana
Tresha
Tresa
Trella
Treise
Trecia
Treasure
Trava
Tracy
Tracie
Traci
Tracey
Tracee
Tovia
Totsi
Tosya
Toski
Tosia
Toshi
Toshala
Toril
Tori
Torhild
Torah
Tora
Tookayo
Tooka
Tonya
Tonja
Toni
Tomina
Tomazja
Tomasa
Tolikna
Tolga
Toletta
Toivo
Toiresa
Toireasa
Toini
Tohuia
Tobe
Tiwa
Tivona
Tivian
Titilayo
Titia
Tishra
Tisha
Tish
Tisa
Tirzah
Tirza
Tirtha
Tirion
Tira
Tiponya
Tina
Timothea
Timotha
Till
Tilda
Tigris
Tiffany
Tiff
Tifara
Tiberia
Tiara
Tia
Thyra
Thurayya
Thomasina
Thetis
Theresa
Theophilia
Theophania
Theone
Theodosia
Theodora
Thena
Themba
Thema
Thelma
Thekla
Thea
Thao
Thandiwe
Thana '
Thaleia
Thalassa
Thais
Thaddea
Tevy
Tessi
Tessa
Tess
Tesia
Teshuah
Teryn
Terryl
Terri
Terra
Terilee
Teriah
Teri
Terezinha
Tereza
Teressa
Teresita
Teresina
Teresia
Teresa
Tera
Tephania
Teodora
Tenuvah
Tenisha
Tenecia
Temyka
Tempest
Temira
Temina
Teleza
Teleri
Tekla
Tekahionwake
Tegwen
Teena
Tedra
Teddie
Teddi
Teda
Teasag
Teamhair
Teal
Tcu Mana
Tazu
Tayanita
Tawny
Tawnie
Tawia
Tavi
Taura
Taulaki
Tatiana
Tasya
Tassos
Tasnima
Tasina
Tasida
Tashina
Tashanee
Tasha
Tasarla
Taryn
Tarunika
Tarla
Tarja
Tarika
Taria
Tareen
Taravia
Tarani
Tarana
Taralynn
Taral
Tara
Tapasya
Tané
Tanya
Tanvi
Tansy
Tannishtha
Tanith
Tanisha
Taniesha
Tanicha
Tania
Taneshea
Tanesha
Taneisha
Tane
Tanaya
Tamzen
Tamson
Tamsin
Tamrika
Tamohara
Tammy
Tammie
Tammi
Tamineh
Tamiko
Tamika
Tamica
Tami
Tamayo
Tamary
Tamara
Tamanna
Tamaleni
Tamako
Tamaki
Tamah
Tama
Talya
Talulla
Talula
Talma
Tally
Tallulah
Tallula
Tallou
Tallie
Talitha
Talise
Taliba
Talia
Taletta
Tale
Talaya
Talasi
Tala
Takiyah
Takenya
Takeko
Takayren
Takala
Tajuana
Taiwo
Taisiya
Taipa
Taima
Tahiyya
Tahirah
Tahcawin
Tahanee
Taghrid
Taegan
Tadita
Tadewi
Taci
Tabitha
Tabita
Tabia
Tabby
Tabatha
Tab
TaLisa
T ' anay
Sèarlait
Syona
Sylvia
Sylvana
Sylva
Syenna
Syeira
Sydnie
Sybille
Sybilla
Sybil
Swarup
Swanhilda
Svetlana
Svetla
Sveta
Svea
Svanni
Svanhild
Suzy
Suzume
Suzuki
Suzu
Suzie
Suzetta
Suzanne
Suzannah
Suzanna
Suzamni
Sutki
Susie
Sushobhana
Sushanti
Suse
Susanne
Susannah
Susanna
Susana
Susan
Surya
Surina
Suri
Surendra
Suraya
Surata
Suragana
Suny
Sunshine
Sunny
Sunniva
Sunita
Sunil
Sung
Sundari
Sunayana
Sunah
Sun - Hi
Summer
Sumiko
Suma
Suleta
Suleima
Suleika
Sulakhna
Sula
Suky
Sukie
Sukhtej
Suji
Sujata
Suhailah
Sugi
Suela
Sue
Sudhakara
Sudarshana
Subira
Stormy
Stina
Stesha
Stephána
Stephanie
Stephania
Stephana
Steph
Stellara
Stella
Steffy
Steffie
Stefanie
Stefania
Stefana
Stef
Stanislava
Stacy
Stacie
Stacia
Staci
Stacey
Srivatsan
Sriram
Sri
Sree
Spring
Spica
Speranza
Soshannah
Sorrel
Sorel
Soreka
Sorcha
Sora
Sophy
Sophronia
Sophie
Sophia
Sopheary
Soon - Bok
Sooketoo
Sook - Joo
Sonya
Sonje
Sonja
Sonia
Sonel
Sondya
Sondra
Sonal
Sona
Sommer
Soma
Solveig
Solimar
Soliel
Soledad
Solange
Solana
Sofronia
Sofi
Socorra
Socks
Sobeslava
Slyvie
Slyvia
Sloan
Slaine
Skye
Sky
Siu
Situla
Siti
Sitala
Sita
Sissy
Sissie
Sissey
Sisley
Sisika
Sisi
Siri
Sioned
Siobhan
Sinopa
Sineenuch
Sinead
Sindy
Sinako
Simplicia
Simone
Simona
Simi
Silvia
Silver
Silvana
Silpe
Silly
Silivia
Sile
Siko
Sihu
Sigrun
Sigrid
Sigourney
Signy
Signa
Sigismonda
Sigele
Sierre
Sierra
Sieghild
Siegfrida
Sidra
Sidony
Sibyl
Sibongile
Sibila
Sibeta
Sibelan
Sibeal
Siany
Siani
Sian
Shyla
Shyama
Shy - Anne
Shuwani
Shura
Shumana
Shukura
Shrilekha
Shoushan
Shoshannah
Shoshana
Shona
Shobhana
Shobha
Shlay
Shizuyo
Shizuko
Shizu
Shirral
Shirley
Shirleen
Shirin
Shiri
Shirell
Shireen
Shiree
Shira
Shiow - Chen
Shinya
Shinji
Shina
Shimona
Shika
Shigeshi
Shifrah
Shifa
Shieryl
Shiela
Shevon
Sheryl
Sherry
Sherrie
Sherri
Sherilyn
Sheridon
Sheridan
Sheri Lynn
Sheri
Shereen
Sheraz
Shenna
Shenandoah
Shelly
Shellie
Sheliya
Shelena
Shelavya
Shelagh
Shela
Shekeda
Sheina
Sheilah
Sheilagh
Sheila
Sheherazade
Sheena
Sheela
Sheba
Sheauga
Shaynah
Shayleen
Shayla
Shawnee
Shawna
Shawannah
Shawana
Shavonda
Shaunda
Shauna
Shasta
Shashin
Shashibala
Shashi
Sharyl
Sharon
Sharna
Sharlotte
Sharlon
Sharleen
Sharise
Sharifa
Shari
Sharda
Sharanee
Sharama
Sharai
Sharada
Shapira
Shanthi
Shantelle
Shantal
Shantaina
Shantae
Shanta
Shannah
Shanna
Shaniya
Shanique
Shaningo
Shani
Shanee
Shandra
Shanasa
Shana
Shammara
Shamira
Shamika
Shameika
Shameena
Shalviya
Shalvah
Shalonvia
Shalonda
Shaleela
Shakuntala
Shakti
Shakonda
Shakiyla
Shaina
Shaila
Shahnaz
Shahira
Shahina
Shahar
Shafiqa
Shachariya
Setsuko
Setsu
Setepania
Seshadri
Serita
Serenity
Serena
Seren
Seraphine
Seraphina
Serafina
Septima
Semeicha
Selma
Selina
Selima
Selene
Selena
Selda
Seki
Sekelaga
Sekanina
Seiko
Sedna
Seda
Secunda
Sebastiana
Searlait
Scout
Schwanhild
Scenanki
Scarlett
Scarlet
Sawni
Sawa
Savitri
Savina
Savena
Savannah
Saura
Saumitra
Sauda
Satyarupa
Satoshi
Satoria
Satinka
Sassacus
Saskia
Sasagu
Saronna
Sarol
Sarojini
Saroja
Sarma
Sarita
Saril
Sari
Saravanan
Sarat
Saraswati
Sarala
Sarah
Sarafina
Sarada
Sara
Sapphire
Sapphira
Sapata
Sanyogita
Sanya
Sanuye
Sanura
Santuzza
Santavana
Sanjana
Saniyya
Sangita
Sandyha
Sandra
Sandi
Sanchia
Sananda
Sana
Samya
Samjuana
Samina
Samhaoir
Sameh
Samara
Samantha
Saloma
Salma
Sally
Salihah
Salena
Salamandrina
Salama
Salali
Sala
Sakura
Saki
Sakari
Sakae
Saiphin
Saidah
Sai
Sahpooly
Sahara
Sagitta
Sage
Sagara
Saga
Safiyya
Safia
Saeed
Saed
Sadzi
Sadira
Sadie
Sadella
Sade
Sachiko
Sachi
Sacajawae
Sabriyya
Sabrina
Sabra
Sable
Sabina
Sabia
Sabetha
Sabella
Sabah
Saba
Saada
Régine
Ryba
Rya
Ruzena
Ruwaydah
Ruth
Ruta
Rusalka
Ruqayya
Rupinder
Ruperta
Rupal
Rumiko
Rukmini
Rukiya
Rufina
Rudra
Ruchika
Ruchi
Ruby
Rubina
Ruana
Rozsa
Rozene
Rozele
Rozalia
Roza
Roz
Roxy
Roxie
Roxanne
Roxanna
Roxann
Roxana
Rowyn
Rowena
Roswitha
Rostislava
Roslyn
Rosita
Rosina
Rosie
Roshanara
Rosetta
Rosemere
Rosemary
Roselle
Roselani
Roseanne
Rose Angel
Rose - Marie
Rose
Roschan
Rosarita
Rosanne
Rosana
Rosamund
Rosamond
Rosamaria
Rosalyn
Rosaline
Rosalinda
Rosalind
Rosalie
Rosalia
Rosaleen
Rosalba
Rosabella
Rosabel
Rosa
Ros
Ronni
Ronna
Roniya
Ronda
Romana
Romaine
Rolanda
Rokuko
Roksana
Roisin
Rois
Rohini
Rohana
Roderica
Rocio
Rochelle
Robyn
Robeta
Roberta
Robena
Roanna
Rivka
Riva
Ritzpah
Ritsa
Ritika
Rita
Rissa
Rishona
Risha
Risa
Riona
Rinatya
Rina
Rimona
Rikuyo
Riku
Rikki
Riju
Rihana
Riesa
Rida
Ricki
Rickena
Richelle
Riccarda
Rica
Ria
Rhonda
Rhode
Rhoda
Rhiannon
Rheba
Rheanna
Rhea Silva
Rhea
Reyna
Rexella
Rexanne
Reveka
Revaya
Reva
Reuma
Resi
Reseda
Rephaela
Renée
Renita
Renia
Renee
Renata
Renae
Rena
Ren
Remaziah
Reine
Reina
Reichana
Rei
Rehema
Reginy
Regine
Regina
Regan
Reene
Reena
Rebekka
Rebekah
Rebeccanne
Rebecca
Rayya
Rayna
Raylene
Raya
Rawni
Rawiya
Ravija
Ravenna
Ratri
Rati
Rathnait
Rasia
Rashida
Rasheda
Rasha
Raschelle
Raquel
Ranya
Ranjana
Ranita
Ranielle
Rania
Rani
Rane
Randelle
Randa
Rana
Ran
Ramona
Ramla
Ramana
Ramaa
Raku
Rakel
Rajya
Rajnandini
Rajata
Rajani
Rajalakshmi
Raja
Raizel
Raisa
Raine
Raina
Rain
Raiko
Raicheal
Rai
Rahela
Ragnhild
Ragna
Raghda
Rafya
Raeleen
Radoslava
Radomira
Radmilla
Radinka
Radhiya
Radha
Rachelle
Racheline
Rachel
Rachav
Rachael
Rabi ' ah
Raanana
Ra ' Keisha
Ra ' Idah
Quintina
Quintana
Quinna
Quilla
Querida
Quentilla
Quenna
Quenby
Queenie
Queena
Queen
Quanna
Quanda
Quah Ah
Pyrrha
Puta
Purnima
Purificación
Purificacion
Pulupaki
Pukana
Pualani
Puakea
Puakai
Pua
Ptolema
Psyche
Prunella
Prudencia
Prudence
Protima
Priya
Priscylla
Priscilla
Prisca
Primrose
Presentación
Presentacion
Presencia
Premlata
Prema
Preciosa
Pratibha
Prarthana
Prairie
Pragyata
Posala
Portia
Poppy
Pomaika ' i
Polyxena
Pollyanna
Pollyam
Polly
Polina
Poli
Polete
Pokii
Pocahontas
Pixy
Pita
Piroska
Pippy
Pippa
Pipkins
Pinquana
Pineki
Pilisi
Pilipa
Piliki
Pilaka
Pikka
Pierrette
Pierina
Pia
Phyllis
Phylicia
Phurba
Photine
Phoebe
Philomena
Phillis
Phillida
Philippa
Philene
Philantha
Philana
Phemia
Phelisiana
Phebe
Pheakkley
Phanessa
Phaidra
Phaedra
Petulia
Petula
Petronilla
Petronilha
Petronela
Petrina
Petra
Peta
Persis
Persephone
Perpetua
Perla
Peresila
Pepper
Pepita
Peony
Pentea
Penny
Pennington
Penina
Peni
Penelope
Pelipa
Peliah
Pelcia
Pelagiya
Pelagia
Peigi
Peggy
Pegah
Peg
Pefilia
Pedzi
Pebbles
Pearl
Pazia
Pavla
Pavana
Pausha
Paulita
Pauline
Paulina
Paulette
Paula
Patty
Pattie
Patti
Patsy
Patrizia
Patricia
Patrice
Patience
Patia
Pati
Paterekia
Pateizia
Pasua
Pascuala
Pascale
Parvani
Parthenie
Parthenia
Parky
Paraskeva
Paradise
Papina
Paolina
Paola
Panyin
Panya
Panthea
Pansy
Panola
Panna
Pangiota
Pandora
Pandita
Pandasala
Pamela
Pam
Paloma
Pallas
Palila
Paka
Paili
Paige
Page
Padraigin
Padmavati
Padmasundara
Padma
Pacifica
Paciencia
Paavani
Paavana
Ozera
Oya
Ovelia
Ourania
Otylia
Ottila
Ottavia
Otilie
Osyka
Oskana
Oskaloosa
Oseye
Orthia
Ortensia
Orsolya
Orseline
Orpah
Ornice
Ormonda
Orlenda
Orlena
Orlaine
Orla
Orithyia
Orinda
Orilla
Oriette
Oriana
Orelia
Oredola
Ora
Oprah
Ophelia
Opaline
Opalina
Opal
Oonagh
Oona
Onida
Oni
Onella
Oneida
Onawa
Onaiwah
Ona
Omusupe
Omusa
Omorose
Ominotago
Omena
Omemee
Omekao
Omana
Omada
Oma
Olympia
Olympe
Olufemi
Oliwja
Olivia
Olivette
Olive
Olisa
Olimpiada
Olicia
Oliana
Olia
Olga
Olesia
Olenka
Olena
Oldriska
Olayinka
Olaug
Olathe
Olaniyi
Olabisi
Oktawja
Oksana
Okrika
Okalani
Ojinjintka
Ojasvee
Oheo
Ofra
Ofilia
Ofelja
Ofelia
Ofa
Odiya
Odina
Odile
Odila
Odette
Odessa
Odelia
Ode
Oddveig
Octavia
Oceana
Obioma
Nyura
Nysa
Nye
Nydia
Nurya
Nunzia
Nunciata
Numa
Nukuluve
Nuha
Nudar
Nuala
Ntsekhe
Novia
Nova
Nourbese
Noura
Normina
Norma
Norlene
Noriyuki
Norita
Norine
Noriko
Noreen
Norberta
Noranne
Norah
Nora
Noor
Nonyameko
Nonooktowa
Nonie
Nona
Nomusa
Nomble
Nombese
Nombeko
Nomalanga
Nollaig
Nolcha
Nola
Noirin
Noemie
Noelle
Noella
Noelani
Nobuyuki
Nobantu
Nneka
Nkosazana
Njemile
Niva
Niu
Nituna
Nitsa
Nitara
Nita
Nisse
Nissa
Nishiyo
Nishiko
Nishie
Nishi
Nisha
Niranjana
Niobe
Ninovan
Ninon
Ninochka
Niniane
Ninia
Ninette
Ninel
Nina
Nimesha
Nimah
Nima
Nilsine
Nikoleta
Nikola
Nikki
Niki
Nikeesha
Nika
Nihal
Nicolette
Nicoleta
Nicole
Nicola
Nickie
Nicia
Nichole
Nichola
Nichele
Niccola
Nibal
Niamh
Niabi
NiYa
Ni ' matu - Allah
Nguyet
Ngozi
Ngoc
Nezika
Neysa
Neviah
Neves
Nevara
Neva
Nettie
Netta
Netia
Netaniah
Netana
Nest
Nessa
Nesiah
Nerys
Nerthus
Nerissa
Neriah
Nera
Nepa
Neoma
Nenet
Nemesio
Nemera
Nelly
Nellie
Nelli
Nella
Nell
Nelita
Nelina
Nelia
Nelda
Nel
Nekoma
Neka
Neima
Neilina
Nehanda
Neha
Neenah
Neema
Neelay
Nediva
Nedaviah
Neda
Neci
Nechona
Neche
Nechama
Necedah
Nazira
Nazihah
Nayana
Nawal
Nauasia
Natya
Natsuyo
Natsuko
Natsu
Natka
Natille
Natia
Nathifa
Nathalie
Nathalia
Natesa
Natasja
Natasha
Nataniela
Nataniah
Natane
Natalya
Nataliya
Natalina
Natalie
Natalia
Natala
Nata
Nasya
Nastenka
Nastassja
Nastassia
Nastasia
Nastalya
Nasrin
Nashota
Nashira
Naseem
Nascha
Narmada
Naresha
Naren
Nara
Naomi
Naoko
Nanye - Hi
Nanyamka
Nanise
Naniahiahi
Nani
Nanette
Naneta
Naneki
Nandana
Nancy
Nance
Nanala
Nanabah
Nana
Nan
Nampeyo
Namono
Namara
Nalukea
Nalin
Najwa
Najla
Najiba
Najia
Najat
Nailah
Nai ' a
Nahla
Nahida
Nahara
Nagida
Nafshiya
Naeemah
Nadzieja
Nadyan
Nadya
Nadira
Nadine
Nadida
Nadia
Nadezhda
Nadezda
Nada
Nabila
Nabiha
Naarah
Naamiah
Naamah
Na ' ima
Na ' ila
N ' ura
Myung - Ok
Myung - Hee
Myrtle
Myrna
Myriam
Myra
Myfanwy
My - Khanh
My
Mwanajuma
Mwanahamisi
Mwajuma
Muteteli
Muriel
Murdag
Murasaki
Mura
Munirah
Muna
Mun - Hee
Muminah
Muliya
Muirne
Muirgheal
Muireann
Muireall
Muika
Muhterem
Muhayya
Mudiwa
Moweaqua
Motoko
Moshie
Morwenna
Morowa
Moriyo
Moriya
Moriko
Moriah
Mori
Morgwen
Moreen
Morasha
Morainn
Mora
Monta
Monna
Monisha
Monique
Monika
Monifa
Monica
Moneka
Mona
Mon
Momone
Molly
Moira
Moina
Mohini
Mohana
Mohala
Moani
Moananani
Moana
Mliss
Mizuko
Miyuki
Miyo
Miulana
Mitzi
Mitsuko
Mitsu
Mitra
Mitena
Misty
Missy
Misoka
Miskaela
Mishaila
Misha
Misao
Misae
Miryam
Miroslawa
Miroslava
Miriama
Miriam
Mirena
Mireio
Miranda
Mirabelle
Mirabella
Mira
Miquela
Minnie
Minnehaha
Ming
Minette
Minerva
Mineko
Mindy
Minami
Minako
Mina
Min
Mimiteh
Miloslava
Millie
Millicent
Milla
Milka
Milisena
Milimili
Mililani
Mili
Milena
Mildred
Milcah
Milagros
Mila
Mikka
Mikilana
Mikiko
Mikie
Miki
Mikazuki
Mikayla
Mikala
Mika
Miguela
Migisi
Migina
Mieu
Mieko
Midori
Micki
Michiyo
Michiko
Michelyne
Michelle
Michela
Michalina
Michaiah
Michaela
Micaela
Mica
Miary
Mia
Mi - Ok
Mi - Hi
Mi - Cha
Meuy
Mette
Meta
Mesi
Meryl
Mersera
Merryanne
Merry
Merrielle
Merletta
Merla
Merima
Merelina
Mercy
Merav
Meorah
Meoquanee
Meonah
Meng
Menasha
Mena
Melphine
Melony
Melody
Melodie
Melitta
Melissa
Melisa
Melinda
Melina
Melice
Melia
Meli
Melba
Melaniya
Melanie
Meirona
Meiriona
Meira
Meinwen
Mei - Zhen
Mei - Xing
Mei - Lien
Mei - Hua
Mei
Mehli
Mehira
Mehal
Meghan
Megan
Meg
Meenatchi
Meena
Mee - Yon
Mee - Kyong
Medina
Medea
Mecislava
Mechola
Meaghan
Meadow
Mead
Me Jeong
Me ' Shell
Mckenna
Mazhira
Mayumi
Maysa
Mayim
Maygan
Maybel
Mayalen
Maya
May
Maxine
Maximilla
Maxie
Mawusi
Mawiyah
Mavis
Maurya
Maurini
Maureen
Maura
Maudlin
Maudlidi
Maudisa
Maude
Maud
Matylda
Matsuyo
Matsuko
Matsu
Matriona
Matrika
Matoaka
Matilda
Mathilde
Mathilda
Masumi
Massima
Maskini
Masilo
Masika
Mashavu
Masha
Masela
Masami
Masalina
Masago
Masa
Maríandre
Maryvonne
Marygrace
Maryanne
Marya
Mary Lou
Mary
Marwa
Marva
Martine
Martina
Marthe
Martha
Marta
Marshan
Marsha
Marsaili
Marona
Marnina
Marnie
Marni
Marlyn
Marlo
Marlis
Marlene
Marlena
Marla
Marketa
Marjorie
Marjolaine
Marjani
Marja
Mariya
Marita
Maristela
Marissa
Marisol
Marisha
Marisa
Maris
Marina
Marilyn
Marilena
Marilee
Mariko
Marika
Marijke
Marija
Marigold
Marietta
Mariella
Mariel
Marie - Jose
Marie
Maribeth
Maribel
Marianne
Mariandre
Mariana
Marian
Mariamne
Mariam
Mariah
Mariabella
Maria
Mari Jo
Mari
Marguerite
Margot
Margo
Margita
Margie
Margi
Margherita
Margery
Margea
Marge
Margarta
Margarite
Margarita
Margarethe
Margaret
Marea
Mare
Marcy
Marcille
Marciannette
Marcianna
Marcia
Marci
Marcelline
Marcella
Marceline
Marcelina
Marcela
Maravilla
Maratina
Marata
Maranela
Marah
Maraea
Maraalika
Mara
Mapuana
Mapiya
Manya
Manwangopath
Manuela
Mansi
Manon
Manjusha
Manjulika
Manjika
Manikarnika
Mangena
Mandy
Mandisa
Mandi
Mandara
Manawale ' a
Manalani
Manaali ' i
Mana ' olankeiki
Mana ' olana
Mana ' o ' i ' o
Mamiko
Mamie
Mamakiaeh
Mama
Malvina
Maluhia
Mallaidh
Malkosha
Malka
Malina
Malika
Malia
Malgorzata
Maleah
Malcolmina
Malavika
Malati
Malalani
Malak
Mala
Makiko
Makawee
Makanamaika ' i
Makanaakua
Makaleka
Makadisa
Maka ' alohi
Maka
Majd
Maja
Maiya
Maiteryi
Maisie
Mairsile
Mairona
Mairi
Mairead
Maire
Maira
Mailse
Maille
Maika ' i
Maidie
Maiba
Maia
Mai Ly
Mai
Mahwah
Maho
Mahira
Mahima
Mahika
Mahi
Mahesa
Mahaska
Mahasin
Mahalia
Mahalath
Mahala
Maha
Magnolia
Maggie
Magena
Magdolna
Magdalene
Magdalena
Magdala
Magda
Magaskawee
Magan
Magali
Magaidh
Maeve
Maegan
Maedra
Mae
Madonna
Madiha
Madhur
Madhulekha
Madhavi
Madge
Madelyn
Madeline
Madeliene
Madeleine
Madailein
Mada
Machi
Macaria
MacKenzie
Mabel
Maayan
Léontine
Léonore
Léonne
Léonie
Lyris
Lynna
Lynn Anne
Lynn
Lynette
Lynelle
Lyndsley
Lydie
Lydia
Lyda
Lycia
Luzia
Luz
Lutricia
Lute
Lusela
Luseane
Lurette
Lupita
Lupe
Luned
Luna
Lumusi
Luminosa
Lulu
Lujza
Lujayn
Luisa
Luigseach
Luigina
Ludwika
Ludovica
Ludmila
Lucza
Lucyna
Lucy
Lucretia
Lucja
Lucita
Lucinde
Lucinda
Lucina
Lucille
Lucilla
Lucienne
Lucianna
Lucia
Lucetta
Lucerne
Luce
Lubomira
Luba
Luanna
Luana
Luan
Louise
Louisa
Louella
Lottie
Lotte
Losana
Losaki
Losa
Lorrie
Lorraine
Lorna
Lorinda
Lori
Loretta
Lorena
Lorelei
Loreen
Lore
Lora
Lonna
Lone
Lolita
Lola
Lokomaika ' inani
Lokomaika ' i
Lois
Lofn
Lizzie
Lizolet
Liza
Liz
Livna
Litonya
Lissa
Lisha
Lisette
Lisbet
Lisanne
Lisabeth
Lisa
Liora
Lior
Linnie
Linnette
Linnea
Linit
Linh
Ling
Linette
Lindy
Linda
Lina
Lin Lin
Lin
Lily
Lilo
Lilly
Lilli
Lilith
Lilike
Lilika
Liliane
Liliana
Lilian
Lilia
Lili
Lile
Lilavati
Lila
Lihwa
Ligia
Lieselotte
Liesel
Liesa
Lien - Hua
Lien
Lidwina
Lidiya
Lida
Licia
Liberada
Libena
Libe
Libby
Libania
Lianne
Liane
Liana
Lian
Liadan
Lia
Li
Leyi
Lexy
Lexine
Lexi
Lexa
Lewanna
Levona
Leviah
Levana
Letycja
Leto
Letizia
Letitia
Leticia
Lesieli
Lesia
Leopolda
Leontine
Leonore
Leonora
Leonor
Leonne
Leoncia
Leonarda
Leona
Leolani
Leokadia
Leocadia
Lenusya
Lenore
Lenora
Lenice
Lena
Lelia
Leisi
Leisha
Leilani
Leila
Leiko
Leigh
Leiana
Lei
Lehua
Leena
Leela
Lee Ann
Leda
Lechsinska
Leanne
Leanna
Leandra
Lealiki
Leah
Lea - Ellan
Lea
LeAnne
Layla
Lawn
Lawahiz
Lavone
Lavon
Lavita
Lavinia
Lavina
Laverne
Lauryn
Laurinda
Laurie
Lauretta
Laurenza
Laurentia
Laurene
Laurel
Laureen
Laure
Lauralynn
Lauralee
Laura
Laufeia
Latoya
Latonya
Latona
Latisha
Lateefa
Latasha
Lata
Lashaunda
Lashauna
Larshell
Larrina
Lark
Larissa
Larisa
Lareyna
Lara
Laniuma
Lanie
Langikula
Laneesha
Lanakila
Lana
Lan
Lamya
Lamis
Lalita
Lalika
Lalage
Lala
Lakshmi
Lakshana
Laksha
Lakia
Laken
Lakeisha
Lajini
Lajili
Laila
Lahonda
Lagina
Ladonna
Ladelle
Ladean
Ladawn
Lacy
Lachina
Lachelle
Labhaoise
LaWuan
LaTika
L ' Abana
Käethe
Kyung - Soon
Kyra
Kyoko
Kynthia
Kylie
Kyla
Kyalamboka
Kwanita
Kwaniesha
Kwamina
Kveta
Kusum
Kushali
Kunto
Kunthea
Kunigonde
Kunani
Kumari
Kulya
Kulwa
Kulukulutea
Kulsoom
Kuliraga
Kulani
Kukua
Kuali ' i
Kuali
Ksenya
Ksenia
Krystyna
Krystjana
Krystal
Krysta
Krysia
Krisztina
KristyAnna
Kristy
Kristina
Kristin
Kristie
Kristi
Kristen
Kristal
Krista
Krissy
Krislyn
Kotha
Kostya
Korren
Kornelia
Korinna
Korina
Kori
Korenelia
Kore
Kordelja
Kora
Kooskooskia
Konstanczia
Komal
Koma
Kolour
Koloe
Kolina
Kolenya
Kolab
Kokumo
Kohinoor
Kodelia
Kneshia
Knasgowa
Klotild
Klesa
Klementyna
Klementina
Klavdiya
Klaudija
Klaudia
Klarysa
Klarybel
Klarisza
Klarissa
Klarika
Klara
Kjerstin
Kitty
Kitra
Kissa
Kismet
Kishori
Kishi
Kisha
Kisakye
Kisa
Kirsty
Kirstin
Kirsti
Kirsten
Kirsi
Kiritina
Kiriah
Kiri
Kiran
Kira
Kinta
Kinshasha
Kinitia
Kimmie
Kimmi
Kimimela
Kimi
Kimbra
Kimberly
Kimberlin
Kimberlee
Kimaya
Kimama
Kilia
Kiley
Kiku
Kikilia
Kikelia
Kifimbo
Kieu
Kierstyn
Kierce
Kiera
Kielekea
Kiele
Kichi
Kibibi
Kiara
Kiana
Khristina
Khloe
Khatijah
Khara
Khapkhaponimi
Khalila
Khalida
Khadija
Kezia
Kewanee
Ketziah
Ketzia
Keturah
Ketina
Ketifa
Kessie
Kessem
Kesia
Kesi
Keshia
Keshet
Kesava
Kes
Kerstin
Kerrie
Kerri
Keri
Kerensa
Keren
Kerem
Kerani
Keolakupaianaha
Keola
Keohi
Kenna
Kenia
Kendra
Kelsi
Kellie
Kelley
Kelila
Kelia
Keletina
Keleka
Kelda
Kelalani
Kekilia
Keke
Keisha
Keilah
Keikikalani
Keiki
Kei
Kehinde
Kehachiwinga
Kefira
Keezheekoni
Keelynn
Keelin
Keeley
Keehabah
Keeaola
Kedma
Kealoha
Kealani
Keahdinekeah
Kea
Ke ' alohi
Kazuyo
Kazimiera
Kaylynn
Kayley
Kayleigh
Kayleen
Kayla
Kaya
Kay
Kawena ' ula
Kawena
Kawaimomona
Kawa
Kavindra
Kaveri
Kausalya
Kauluwehi
Kaulana
Kau - au - ointy
Katyayani
Katya
Katura
Katrya
Katrina
Katren
Katla
Katja
Katina
Katie
Kathy
Kathryn
Kathleen
Kathie
Katherine
Kathe
Katharina
Kath
Katerina
Katelin
Kate
Katarzyna
Katarina
Kataniya
Kata
Kat
Kasturba
Kassia
Kassandra
Kasota
Kasinda
Kasienka
Kasi
Kasa
Karuna
Karren
Karpura
Karolyn
Karoline
Karolina
Karolaina
Karola
Karneetsa
Karmiti
Karmil
Karma
Karly
Karlotta
Karli
Karlene
Karla
Karina
Karin
Karena
Karen
Karayan
Karas
Kara
Kapua ' ula
Kapua
Kaponianani
Kaori
Kanya
Kantimati
Kanti
Kanta
Kanoa
Kannitha
Kanjanaa
Kaniqua
Kanika
Kanestie
Kaneesha
Kandi
Kanara
Kanani
Kamoana
Kamla
Kamilla
Kamika
Kamelia
Kameli
Kameko
Kamata
Kamaria
Kamaniya
Kamanika
Kamalika
Kamala
Kalysta
Kalyca
Kalyani
Kaluwa
Kalpana
Kalote
Kalota
Kalonice
Kalola
Kallole
Kalliyan
Kallisto
Kalliroe
Kalliope
Kallie
Kalita
Kaliska
Kaliona
Kalino
Kalini
Kalinda
Kalina
Kalilinoe
Kalilea
Kalila
Kalika
Kaligenia
Kalidas
Kali
Kalaudina
Kalaudia
Kalani
Kalana
Kalamela
Kalama
Kalalika
Kalala
Kakra
Kakielekea
Kakalina
Kajsa
Kaiya
Kaitlin
Kaitchkma - Winema
Kaimalie
Kailyn
Kaili
Kailash
Kaia
Kahoku
Kahlua
Kagiso
Kagami
Kaethe
Kaemoxmith
Kaelyn
Kadiah
Kacia
Kachina
Kaat
Kaasu
Kaanan
Kaamilee
Ka ' aona
K ' Sea
Jyotsna
Jyotsana
Jyoti
Jyllian
Jutta
Justyna
Justine
Justina
Juniper
Junia
June
Jun
Jumoke
Jumapili
Jumana
Juljana
Juliette
Julieta
Juliet
Julienne
Julie
Julianne
Julianna
Julianja
Juliana
Julia
Juli
Juhi
Judyta
Judy
Judith
Judita
Judit
Jubilee
Juanita
Juana
Jozsefa
Jozefina
Jozefa
Joyous
Joyita
Joyce
Joy
Jowanda
Josselyn
Joss
Josie
Josephine
Josephina
Josepha
Josefa
Josee
Jorie
Jordie
Jordana
Joquina
Jonova
Jonna
Jonie
Joline
Joletta
Jolene
Joleen
Jolanta
Jolanda
Jolan
Johna
Johanna
Johana
Joetta
Joelle
Jodie
Jodi
Jodha
Jocelyn
Joceline
Jocasta
Joanne
Joanna
Joan
Jivanta
Jirina
Jinny
Jinnat
Jinelle
Jindriska
Jinan
Jin - Kyong
Jillian
Jill
Jijabai
Jia
Jezreel
Jezebel
Jewel
Jetty
Jette
Jetta
Jethra
Jessica
Jessamine
Jessa
Jerushah
Jerusha
Jerrilynn
Jerri
Jensine
Jenny
Jennifer
Jennie
Jenni
Jenna
Jenine
Jenifari
Jenessa
Jenelle
Jendayi
Jena
Jen
Jemsa
Jemma
Jemina
Jemimah
Jemima
Jellybean
Jelena
Jekaterina
Jeina
Jecoliah
Jeannine
Jeannie
Jeanne
Jeanine
Jeanie
Jeanette
Jeana
Jazmin
Jayvanti
Jayti
Jayne
Jayna
Jayma
Jaylene
Jayashree
Jayanti
Jayamala
Jaya
Jawahir
Jaustin
Jathibiyya
Jaswinder
Jassamyn
Jasmine
Jasmin
Jaroslava
Jarnsaxa
Jarmila
Jarka
Jarita
Japhet
Japera
Jany
Janoah
Jannike
Janne
Jannah
Janna
Janita
Janis
Janine
Janina
Janileny
Janikaa
Janie
Janice
Janey
Janet
Janelle
Janel
Jane
Janan
Janaki
Janae
Jana
Jamilla
Jamila
Jamika
Jamesina
Jamay
Jalitaa
Jalini
Jalinda
Jalila
Jaleesa
Jaleen
Jalaneeli
Jalajaa
Jala '
Jakova
Jain
Jai
Jaha
Jae - Hwa
Jadwiga
Jadella
Jadelia
Jade
Jada
Jacynth
Jacqui
Jacqueline
Jacoba
Jaclyn
Jackelyn
Jackeline
Jacinthe
Jacinte
Jacinta
Jacinda
Jacaranda
Jacalyn
Jaamini
JaNhea
Izegbe
Izdihar
Izabella
Izabel
Iza
Iwona
Iwilla
Iwalani
Iwa
Ivy
Ivria
Ivonne
Ivey - Lynn
Iverem
Ivelisse
Ivana
Iusitina
Iune
Iuliana
Iulia
Iulalia
Iuile
Iuginia
Iudita
Iuana
Ituha
Itinsa
Itiah
Isra
Isolde
Isoke
Ismene
Ismat
Isla
Isis
Isidora
Isibeal
Ishiko
Ishi
Ishana
Isha
Iseult
Iseabail
Isaura
Isamu
Isadora
Isabelle
Isabelita
Isabel
Isabeau
Isa
Irma
Irisa
Iris
Irina
Irenee
Irene
Irena
Iphigeneia
Iosepine
Ionia
Ione
Iona
Iolanthe
Iolanda
Iolana
Iola
Ioke
Ioanna
Io ' ana
Io
Inoa
Inny
Inis
Ingrid
Ingegerd
Ingeborg
Inge
Inga
Inez
Inette
Inessa
Ines
Ine
Indrayani
Indranee
Indra
Indira
Inaya
Inas
Inanna
Ina
In ' am
Imogene
Imogen
Immacolata
Imma
Imen
Imelda
Iman
Imala
Imako
Imagina
Imae
Ima
Ilvira
Ilse
Ilsa
Ilona
Ilka
Ilia
Ilesha
Ilene
Ileana
Ilaria
Ilana
Ila
Ikuseghan
Ikuko
Iku
Ihsan
Ifigenia
Ifetayo
Ife
Ifama
Ienipa
Ieda
Idriya
Idris
Idra
Idowu
Idony
Idonia
Idonea
Idona
Idolina
Idette
Idesta
Ides
Idelle
Idalina
Idalia
Idaa
Ida
Ichchani
Ibtisam
Ibtihaj
Ibby
Ianthe
Iantha
Ianete
I ' tidal
Hyunwoo
Hyun - Ok
Hyun - Ae
Hypatia
Hyoun
Hyo - Sonn
Hyacinthe
Hyacinth
Hwa - Young
Huynh
Huyana
Husniya
Husn
Hurriyyah
Huong
Humita
Huluava
Hulda
Hui - Fang
Huguette
Hughina
Huette
Hue
Huda
Huberta
Huata
Huali
Hua
Hoshiyo
Hoshiko
Hoshi
Hortensia
Hortense
Hortencia
Horacia
Hope
Honovi
Honour
Honoria
Honorata
Honey
Honekakala
Holomakani
Holly
Hollie
Hola
Hokulani
Hokuaonani
Hokuao
Hoku ' alohi
Hoalohanani
Hoalohalani
Hoaka
Hoa
Ho - Sook
Ho ' olana
Hlin
Hjordis
Hiwahiwakeiki
Hiva
Hisolda
Hisayo
Hisano
Hisako
Hisae
Hisa
Hiroko
Hirena
Hiral
Hipakeiki
Hinda
Hind
Himani
Hillevi
Hillary
Hildegard
Hilda
Hilary
Hilaria
Hilalia
Hikuleo
Hikmat
Hieronymus
Hideyo
Hide
Hiba
Hiawassee
Hialeah
Hesther
Hester
Hesper
Hersilia
Hermione
Hermine
Hermina
Hermia
Herlindis
Hera
Hephzibah
Henryka
Henriqueta
Henrike
Henrietta
Hendrika
Hembadoon
Hemali
Heloise
Helmine
Helia
Helge
Helga
Helene
Helena
Helen
Helana
Helaine
Helah
Heike
Heidrun
Heidi
Heide
Hee - Young
Hedwiga
Hedwig
Hedvika
Hedviga
Hedvig
Hediah
Hedia
Hedda
Heda
Hebe
Heather
Hazel
Hayley
Hayfa
Hayat
Haya
Hawa
Hava
Haunani
Haulani
Haukea
Hau ' oli
Hattie
Hatsu
Hathor
Hateya
Hasna
Hasina
Hasika
Hasanati
Hasana
Harumi
Haruko
Harue
Haru
Harshika
Harshida
Harsha
Harrietta
Harriet
Harmony
Harmonia
Harita
Hariata
Haralda
Haqikah
Hantaywee
Hansine
Hansila
Hansika
Hansa
Hannah
Hanna
Hanka
Haniyya
Hanita
Hanifa
Hanh
Hang
Hanako
Hanae
Hanaa
Hana
Hamida
Hamako
Hama
Halona
Halolani
Hallie
Halley
Halina
Halima
Haley
Haleigh
Haleakua
Haldis
Halcyone
Halcyon
Halapua
Hala
Hakumele
Hajnal
Hajna
Hajar
Haiwee
Haimi
Haidi
Haidee
Hagne
Hagia
Hagan
Hafsah
Haemi
Hae - Won
Hadya
Hadley
Hadiya
Hadi
Hadassah
Hachi
Habibah
Habiba
Ha ' iku
Györgyi
Gypsy
Gyorgyi
Gyanda
Gwyneth
Gwenyth
Gwenola
Gwenllian
Gwenhwyfar
Gwenfrewi
Gweneth
Gweneal
Gwendolyn
Gwendoline
Gwendolen
Gwenda
Gwen
Gustava
Gunnhild
Gunilla
Gundula
Gunda
Gull
Gulielma
Guinevere
Guillermina
Guillelmina
Guilhermma
Gudrun
Guadalupe
Gráinne
Griselda
Griet
Gretel
Grete
Gretchen
Greta
Gressa
Grazyna
Graziella
Grazia
Gratia
Grania
Grainne
Gracja
Graciela
Gracie
Grace
Gozala
Goya
Gosling
Goloria
Goldina
Goldie
Goldarina
Golda
Goitsemedime
Godiva
Godeliva
Gobnata
Gobnait
Glynn
Glynis
Glory
Gloriana
Gloria
Glenys
Glennette
Glenna
Glenda
Gladys
Gladiola
Gladi
Gjuzel
Gizem
Gizella
Givola
Giustina
Giuseppina
Giulietta
Giulia
Giuditta
Gitika
Gitel
Gitanjali
Gitana
Gita
Gislaug
Giselle
Gisela
Gisa
Giovanna
Gioconda
Ginny
Ginnie
Ginneh
Ginger
Ginevra
Ginelle
Gina
Gin
Gimra
Gillian
Giliah
Gilda
Gilbertina
Gilberta
Gilanah
Giladah
Gilada
Gigi
Giborah
Gianna
Gianina
Giacinta
Gia
Ghufran
Ghita
Ghislaine
Ghislain
Ghaliya
Gevirah
Geva
Gerushah
Gertruida
Gertrudes
Gertrude
Gertruda
Gertrud
Gertraud
Gerta
Gersemi
Gerlinde
Geri
Gerda
Gerd
Geralyn
Geraldine
Geralda
Georgine
Georgina
Georgie
Georgianna
Georgia
Georgette
Georgeta
Georgeanne
Georgeanna
Geona
Geogiana
Genoveva
Gennisheyo
Genista
Genevra
Genevieve
Genesee
Generosa
Genea
Genaida
Gena
Gen
Gemma
Gemina
Gelya
Gelsomina
Gelilah
Gefjun
Gefen
Geela
Gazit
Gazelle
Gayora
Gaynor
Gayle
Gayla
Gaye
Gayan
Gay
Gavrilla
Gavrila
Gavriela
Gauri
Garuda
Garnette
Garima
Ganesa
Gambhira
Galya
Galina
Galilani
Galiena
Gali
Gale
Galatea
Galadriel
Gala
Gaila
Gail
Gaia
Gafna
Gaetane
Gaenor
Gacquetta
Gabrielle
Gabriella
Gabriell
Gabriela
Fuyuko
Fuyu
Fusileka
Fusi
Funsani
Fulvia
Fulumirani
Fulla
Fulangi
Fulande
Fujiko
Fuensanta
Fryderyka
Fryda
Friederike
Friedelinde
Friede
Frieda
Frida
Freya
Freida
Freferika
Frederique
Frederica
Freda
Frayda
Franziska
Frantiska
Francziska
Francoise
Francises
Francine
Francina
Franci
Francesca
Frances
Franca
Fran
Fotina
Fortunata
Fortuna
Foluke
Flower
Florenza
Florenz
Florentyna
Florentina
Florens
Florencia
Florence
Floramaria
Floralia
Flora
Floella
Flo
Fleur
Flavia
Flannery
Fisi
Fipe
Fiorella
Fionnuala
Fionnghuala
Fiona
Finola
Fineongo
Finella
Fineeva
Fina
Filomena
Filippa
Filipina
Filikitata
Filia
Fihaki
Fifi
Fieliki
Fidelma
Fidelja
Fidelia
Fidela
Fiammetta
Fialka
Ffraid
Ffleur
Fetuu
Fernanda
Fern
Ferida
Ferdinanda
Feodoriya
Fenyang
Fenia
Feng
Fenella
Felorena
Felora
Felixa
Felina
Felicity
Felicite
Felicie
Felicia
Feigel
Feige
Feidhelm
Fedosya
Fedora
Fayza
Fayth
Fayruz
Fayola
Fayina
Faye
Fay
Fawziyya
Fawn
Faustyna
Faustina
Fausta
Faunia
Fauna
Fatuimoana
Fatma
Fatin
Fatima
Fathiyya
Farrah
Farina
Fariha
Farida
Fardoos
Farakika
Faraji
Faoiltiarna
Fanya
Fanua
Fanny
Fang - hua
Fang
Falakika
Fakih
Fakapelea
Faiva
Faith
Fahimee
Fahima
Fae
Fabiola
Fabienne
Fabiana
Fabia
Ewelina
Ewangelina
Ewa
Evzenie
Evrim
Evlaliya
Evita
Evina
Evie
Evgeniya
Evfemiya
Evette
Evelyn
Evellia
Evelina
Evelien
Eveleen
Eve
Evdokiya
Evanthe
Evani
Evangeline
Evangelia
Evanegelina
Evalina
Evadne
Eva
Euzebia
Eutropia
Euphenia
Euphemia
Eunike
Eunika
Eunice
Euna
Eun - Young
Eulalja
Eulalia
Eugenie
Eugenia
Eufenja
Eufemia
Eudosia
Eudora
Eubh
Etta
Etsuyo
Etsuko
Etsu
Etni
Etiennette
Ethna
Ethete
Etheldreda
Ethel
Ethalyn
Etenia
Etela
Etel
Etain
Eszter
Esyllt
Estrella
Esther
Estera
Ester
Estephania
Estelle
Estella
Estebana
Espiridiana
Esperanza
Esmeralda
Esmee
Esi
Eshe
Eshana
Esetera
Esenia
Erzsebet
Ernesztina
Ernestine
Ernesta
Ernest
Erna
Ermina
Erma
Erisha
Erina
Erin
Erika
Erica
Erianthe
Erendira
Erela
Epifania
Eoghania
Enyonyam
Enya
Enriqua
Enrica
Enomwoyi
Enola
Engracia
Enfys
Enfiania
Eneida
Encarnacion
Enakai
Ena
Emunah
Emon
Emmylou
Emmie
Emmeline
Emmanuelle
Emma
Emily
Emilia
Emerenzia
Emerenciana
Emerald
Emer
Emeny
Emeline
Emelinda
Emelia
Emelda
Emel
Emalinda
Emalia
Elzbieta
Elyse
Elvira
Elva
Eluned
Elspet
Elsie
Else
Elsa
Elpida
Eloise
Eloisa
Elma
Ellinor
Ellie
Ellice
Elli
Ellena
Ellen
Elle
Ella
Elke
Elizabeth
Eliza
Elissa
Elisheba
Elise
Elisabeth
Elisabeta
Elisabet
Elisa
Eliora
Elinor
Elina
Elin
Elili
Eliezra
Eliavah
Elianora
Eliane
Eliana
Elfreda
Elfleda
Elfa
Eleuthera
Eleu
Elettra
Eleri
Eleonore
Eleonor
Elena
Elen
Elektra
Eleftheria
Electra
Electa
Eleanor
Elba
Elama
Elakshi
Elaine
Ela
Ekaterina
Eithne
Eistir
Eirwen
Eirene
Eireen
Eireann
Eira
Einmyria
Eimile
Eimhear
Eilona
Eilis
Eilidh
Eileithyia
Eileen
Eileanor
Eilah
Eiddwen
Eibhlin
Ehawee
Ehani
Eglah
Efrata
Efia
Effie
Effemy
Efah
Edyta
Edwina
Edvige
Eduarda
Ednah
Edna
Edmee
Edith
Ediah
Edenia
Edena
Eden
Edelmira
Ede
Edana
Eda
Echo
Ecaterina
Ebun
Ebony
Ebba
Eavan
Eartha
Earlene
Earleen
Eanna
Eamhair
Ealga
Ealasaid
Eadaoin
Eabha
E ' epa
Düriye
Dziko
Dyvette
Dymphna
Dyani
Dwynwen
Duscha
Dusana
Duriye
Durga
Dumia
Dulcinea
Dulcie
Dulce
Dularee
Drusilla
Drisana
Draupadi
Drahomira
Downett
Dowanhowee
Doveva
Dove
Doto
Dosya
Dorothya
Dorothy
Dorothee
Dorothea
Dorotea
Dorota
Dorolinda
Doris
Dorinnia
Dorinda
Dorina
Dorie
Doria
Doretta
Dores
Doreka
Doreen
Dorean
Dora
Donya
Donoma
Donnag
Donna
Donella
Dondi
Donatella
Donata
Donalda
Domitilla
Domino
Dominika
Dolores
Dolly
Doli
Doireann
Dofi
Dobroslava
Dobromira
Dobromila
Dobrila
Dmyphnah
Dixie
Divya
Divonah
Disa
Dionne
Dionisa
Dione
Dinah
Dina
Dimona
Dilys
Dilwen
Dija
Dieu - Kiem
Diet
Diederike
Diantha
Dianna
Diane
Diana
Dhavala
Dharitri
Dharinee
Dhara
Dhanadaa
Dezba
Deyanira
Devorgilla
Devorah
Devnet
Devin
Devika
Devi
Devasha
Devanee
Deval
Devaki
Devahuti
Deva
Destiny
Destina
Desta
Desiree
Dervila
Deolinda
Denise
Denell
Dena
Demi
Demetria
Delyth
Delwyn
Delphinia
Delphine
Delphia
Deloris
Delores
Della
Delja
Delilah
Delicia
Delia
Delfina
Delaney
Dela
Deitra
Deirdre
Deidre
Deianira
Deena
Deema
Deeann
Decla
Decembra
Debra
Deborah
Debby
Debbie
Deb
Deavon
Deanne
Deanna
Deandra
Dayo
Dayna
Dayanita
Dayaa
Dawn
Davina
Datiah
Dasha
Darshelle
Darsha
Darsey
Darpitaa
Darlonna
Darlene
Darleen
Darla
Darie
Darice
Daria
Darenda
Darcee
Darbi
Darah
Dara
Daphne
Dao - ming
Danya
Danuta
Danniela
Dannah
Danna
Danita
Danika
Danielle
Daniela
Danica
Daniah
Dania
Danette
Danell
Danean
Danae
Danacia
Damiana
Damia
Damhnait
Damayanti
Damaris
Damalis
Dalya
Dalili
Dalila
Dalibora
Dakarai
Daisy
Dai
Dahlia
Dagny
Dagna
Dagmar
Daffodil
Daciana
Da - xia
D ' Arcy
Czenzi
Cytherea
Cyrille
Cyrene
Cyra
Cypria
Cynthia
Cyntheria
Cynth
Cynsa
Cyndy
Cyndie
Cyndi
Cyndel
Cynara
Cymone
Cyma
Cyd
Cybille
Cybill
Cybil
Cybele
Crystal
Cruza
Cristy
Cristiona
Cristina
Cristen
Crissy
Crissie
Cricket
Cressie
Cressida
Cressa
Crescentia
Creirwy
Cozette
Courteney
Cosima
Coseta
Corynn
Corona
Cornilia
Cornie
Cornelle
Cornella
Cornelia
Cornela
Corn
Corliss
Corinne
Corinna
Corine
Corina
Cori
Corette
Coretta
Corene
Coreen
Cordula
Cordelia
Corazon
Coralie
Coral
Corah
Cora
Consuelo
Consuela
Constanze
Constanza
Constantine
Constantina
Constantia
Constancy
Constance
Constacia
Consolata
Consolacion
Consilia
Conseja
Conny
Connie - Lynne
Connie
Concordia
Conchobarre
Concetta
Concepcion
Con
Colombina
Colombe
Colomba
Colly
Colline
Collette
Colleen
Colie
Colette
Coletta
Colene
Colena
Coleen
Colanda
Cohila
Coelfinnia
Cocheta
Coahoma
Clytie
Clovia
Clotilda
Clothilde
Clorinda
Clo
Cliodhna
Clio
Cleopatra
Cleo
Clementine
Clemencia
Clemence
Clematia
Clea
Claudine
Claudina
Claudia
Claudette
Clary
Clarrissa
Clarotte
Clarivel
Clarita
Clarissa
Clarisa
Clarine
Clarinda
Clarina
Clarin
Clarice
Claribel
Clarey
Clareta
Clarenda
Clare
Clarabelle
Clara
Clairette
Claire
Cissy
Cissie
Cipriana
Cinzia
Cinthia
Cinofila
Cinnamon
Cindy
Cindra
Cindie
Cindi
Cinda
Cilla
Cilka
Cilicia
Cili
Cilehe
Cierra
Ciera
Ciel
Cicily
Cicely
Ciarra
Ciara
Ciannait
Chung - Cha
Chung - Ae
Chunbai
Chumani
Chuma
Chulda
Chula
Chuki
Chu Hua
Chryste
Chrystal
Chryssa
Chrysanta
Christy
Christinha
Christine
Christina
Christin
Christie
Christianne
Christiane
Christiana
Christelle
Christel
Christal
Christabel
Christa
Chrissy
Chrissie
Chrispy
Chrislyne
Choyo
Choon - Hee
Choomia
Chonsie
Cholena
Chola
Choko
Cho
Chloris
Chloe
Chizuko
Chizu
Chiyoko
Chiyo
Chitsa
Chita
Chiriga
Chipo
Chinue
Chin - Sun
Chimene
Chimalis
Chilali
Chiku
Chikako
Chika
Chichi
Chiba
Chiara
Chevonne
Chesna
Cheryll
Cheryl
Cherry
Chermona
Cherlyn
Cherish
Cherise
Cherisa
Cherilyn
Cheril
Cherie
Cheri
Chere
Cher
Chenoa
Chenia
Chemdiah
Chemda
Chelsey
Chelsea
Chelle
Chel
Cheiron
Cheifa
Cheftziya
Chedra
Chazona
Chazmin
Chaya
Chavi
Chava
Chausiku
Chau
Chastity
Chasina
Chasida
Chasia
Chashmona
Charyl
Charumati
Charu
Charron
Charnette
Charna
Charmion
Charmian
Charmaine
Charmain
Charly
Charlotte
Charlotta
Charlot
Charline
Charlina
Charlie
Charlene
Charleen
Charlaine
Charla
Charity
Charita
Charissa
Charisma
Charise
Charis
Chapawee
Chapa
Chaonaine
Chanya
Chantrea
Chantou
Chantil
Chanterelle
Chantel
Chantal
Channary
Channa
Chanit
Chanina
Chania
Chanel
Chandrjaa
Chandrima
Chandrakanta
Chandra
Chandni
Chandi
Chandelle
Chandani
Chanda
Chan
Chameli
Chamania
Chalese
Chalcedony
Chaitra
Chaitali
Chahna
Chafsiya
Chaanach
Cevanna
Cerise
Ceridwen
Ceres
Cerella
Cendrine
Celvia
Cella
Celinee
Celine
Celinde
Celinda
Celina
Celie
Celia
Celestyna
Celestyn
Celestine
Celestina
Celeste
Celesta
Celene
Celena
Cele
Celandine
Celadonia
Ceiteag
Ceit
Cecina
Cecily
Cecilie
Cecilia
Cecile
Cecelia
Ceccarella
Cecca
Ceara
Cayoya
Caye
Cavanna
Catriona
Catrina
Catrin
Catrena
Catlin
Catlee
Catie
Cathy
Cathwg
Cathweg
Cathryn
Cathlin
Cathleen
Cathie
Catherine
Catharine
Catharina
Cath
Caterina
Cate
Catava
Catarina
Catalina
Cat
Castalia
Cassie
Cassia
Cassarah
Cassandre
Cassandra
Casiphia
Carys
Caryl
Carsten
Carry
Carrola
Carrol
Carrie
Caroon
Caron
Carolyn
Caroline
Carolina
Caroliana
Carola
Carol
Caro
Carny
Carniela
Carnia
Carni
Carna
Carmy
Carmiya
Carmita
Carmina
Carmilina
Carmie
Carmia
Carmencita
Carmen
Carmella
Carmelita
Carmelina
Carmeli
Carmela
Carmel
Carmea
Carmania
Carma
Carly
Carlotta
Carlota
Carlita
Carling
Carline
Carlin
Carlie
Carley
Carlene
Carlen
Carleigh
Carlee
Carlana
Carla
Carita
Carissa
Carisa
Carine
Carina
Carin
Carilla
Cari
Caresse
Caren
Cara
Caprice
Capri
Caparina
Cantara
Candy
Canducha
Candra
Candita
Candis
Candie
Candida
Candice
Candi
Candelaria
Candee
Candace
Canaedea
Cammy
Cammie
Camille
Camilla
Camila
Cami
Camella
Camelia
Calumina
Caltha
Callista
Callirrhoe
Calligenia
Callifae
Callie
Calli
Calle
Calla
Caliopa
Calida
Caleigh
Caledonia
Calantha
Calandra
Caitriona
Caitria
Caitlin
Caitir
Cait
Cairistiona
Cainwen
Caimile
Cai
Cadi
Cacilia
Caci
Cachay
Cabalina
Byhalia
Buthayna
Buseje
Bunny
Bunmi
Buffy
Bua
Bryony
Brynhild
Brylieva
Brygid
Brunhilde
Brunette
Brunella
Bruna
Bronwen
Bronislava
Brittian
Brittany
Britta
Britney
Brites
Briseis
Brigitte
Brigida
Brighid
Brigantia
Brieanna
Bridget
Bride
Brianne
Brianna
Briann
Briana
Bretislava
Brenna
Brenda
Breeda
Branwen
Brandy
Brandi
Brande
Braelyn
Bozidara
Boupha
Borgny
Borbala
Bonnie
Bonita
Bong - Cha
Bona
Boleslawa
Bolanile
Bolade
Boinaiv
Bohdana
Boguslawa
Bogumila
Bogdana
Bodil
Bobo
Bobina
Bobbie
Boadicea
Blythe
Blossom
Blodwen
Bliss
Blathnaid
Blath
Blanka
Blanche
Blanca
Blair
Blahe
Bjork
Bithynia
Bithiah
Birigita
Birgitta
Birgit
Birdie
Bira
Bionda
Binyamina
Binali
Bina
Billie Jo
Bilhah
Bidina
Bidelia
Bich
Bibiane
Bibi
Bianca
Bhumika
Bhuma
Bhictoria
Bhavika
Bharati
Bhanumati
Bhamini
Bevin
Beverlyn
Beverly
Beverley
Bev
Beulah
Betya
Betulah
Betula
Betuel
Betty
Bettina
Betsy
Betsabe
Betrys
Bethel
Bethany
Bethan
Beth
Beta
Bet
Bessie
Bess
Beryl
Beruchiya
Berthe
Bertha
Berta
Berrin
Bernita
Bernice
Berneen
Bernardine
Bernadette
Bereta
Berent
Berenike
Berenice
Berenadeta
Berecyntia
Berdine
Berachah
Bente
Benita
Benigna
Benedykta
Benedikta
Benedetta
Belva
Belle
Bella
Belinda
Beliarosa
Belia
Bela
Bejide
Beitiris
Beitidh
Beeja
Bedriska
Bedelia
Becky
Becki
Bechira
Becca
Bebhinn
Beatrix
Beatrissa
Beatrice
Beathag
Beatha
Beate
Beatarisa
Beata
Bearnas
Bea
Bayo
Batzra
Batya
Batini
Bathshua
Bathsheba
Bathilda
Bateseba
Bat
Bastienne
Basma
Basima
Basila
Bashiyra
Barran
Barkait
Barika
Bari
Barbro
Barbora
Barbie
Barbara
Baptiste
Baptista
Bano
Banita
Banhi
Banan
Bambina
Bambi
Balinka
Balbina
Bakura
Bakul
Bakara
Bairbre
Bahira
Bahija
Bahati
Bahaar
Badriyyah
Baderinwa
Bachiko
Bacall
Baba
Baako
Azucena
Azuba
Aziza
Azaria
Ayumi
Ayoola
Ayoluwa
Ayoka
Ayofemi
Ayodele
Ayobunmi
Ayesha
Ayelet
Ayameko
Ayako
Ayah
Avra
Avila
Avia
Aveza
Aveline
Avani
Ava
Aurore
Aurora
Aurelia
Aure
Aura
Auina
Augusteen
Augusta
Auguseta
Audra
Audere
Aude
Aubrey
Athena
Athanasia
Athalia
Atarah
Atalante
Asya
Astrithr
Astrid
Astra
Aster
Astaroth
Asta
Assunta
Assumpta
Aspasia
Asmee
Asma
Asisya
Ashura
Ashni
Ashling
Asha
Asenath
Asenata
Asceline
Asako
Asabi
Arunika
Aruna
Artia
Artemisia
Arlie
Arlene
Arielle
Arieh
Arianne
Arianna
Ariane
Ariadne
Aria
Aretha
Arete
Arana
Aran
Aradhana
Aracelis
Arabella
Ara
Apsara
April
Apple
Apphia
Apollonia
Apolline
Aphrodite
Aphrael
Aperila
Aolani
Aoi
Anya
Anusheela
Anura
Anuli
Anuhea
Anuerin
Antonia
Antonella
Antoinette
Antje
Antheia
Anthea
Anselma
Annunziata
Annmarie
Annitta
Annis
Annie
Annick
Annette
Annessa
Annemarie
Annella
Anneli
Anne
Annalisa
Annaliese
Annalee
Annabeth
Annabelle
Annabel
Anna
Ann
Anke
Anitara
Anita
Anisha
Anise
Anima
Anila
Aniko
Anike
Aniana
Ania
Ani
Angèle
Angyalka
Angie
Angelique
Angelina
Angeliki
Angelika
Angelica
Angele
Angela
Angel
Anganaa
Anezka
Anemone
Anela
Andromede
Andromeda
Andrine
Andriana
Andria
Andrea
Andra
Andela
Anatonia
Anatolia
Anatasia
Anastazie
Anastasia
Analise
Anala
Anais
Anadaria
Ana
Amy - Sue
Amy
Amparo
Amoli
Amity
Amisha
Amira
Aminah
Amina
Amilee
Amiela
Amidah
Amice
Amethyst
Amelina
Amelia
Amee
Ambrosina
Ambrosia
Ambre
Ambika
Amberlee
Amber
Amaryllis
Amarjaa
Amariah
Amaranth
Amarante
Amanda
Amana
Amalia
Amala
Amadi
Ama
Alzbeta
Alyssa
Alyson
Alysen
Aluna
Althena
Althea
Althaia
Alpha
Alona
Aloka
Aloisia
Alohilani
Alohanani
Alohalani
Alma
Allyson
Ally
Allison
Allie
Allegria
Allegra
Allannah
Alke
Alitzah
Alissa
Alison
Alisha
Alisa
Aline
Alinda
Alina
Alile
Alida
Alicia
Alice
Alfreda
Alexine
Alexia
Alexandria
Alexandra
Alexa
Aletia
Alethea
Alessia
Alessandra
Alessa
Alesa
Alena
Alema
Alekanederina
Alei
Alecx
Alebeta
Alease
Aldora
Alcinda
Alba
Alaula
Alastriona
Alastrina
Alannis
Alannah
Alana
Alala
Alake
Alaina
Alaba
Akwokwo
Akwete
Akua
Akosua
Akilina
Akilah
Akhila
Akemi
Akeakamai
Akasuki
Akanke
Akamai
Akala
Akako
Akahele
Akahana
Aka ' ula
Aka
Ajeya
Ajalaa
Aja
Aiyetoro
Aisha
Airyn
Airina
Aingeal
Ainanani
Ainalani
Ainakea
Aina
Aimiliona
Aimee
Ailis
Ailianna
Aileen
Aiko
Aikaterine
Aigneis
Aifric
Aideen
Ahyana
Ahulani
Ahonui
Ahilya
Ahavah
Ahalya
Ah - lam
Agnieszka
Agnes
Agnella
Aghna
Ageneti
Agathe
Agatha
Agata
Agalia
Afua
Afryea
Afiya
Afafa
Aesha
Aerin
Aeola
Aemilia
Aegea
Adzo
Adrienne
Adrianne
Adrianna
Adriana
Adria
Adowa
Adorable
Adora
Adonia
Adira
Adiel
Adia
Adhita
Adhika
Adesina
Adesimbo
Adeola
Adeline
Adelina
Adeleke
Adele
Adelaida
Adela
Adedagbo
Adebola
Addy
Addolorata
Addiel
Adara
Adamma
Adaline
Adalina
Adalheid
Adalgisa
Adah
Ada
Achsah
Achava
Achala
Acenith
Acantha
Acacia
Abiona
Abimbola
Abilene
Abikanile
Abihail
Abigayil
Abigail
Abiela
Abidemi
Abichayil
Abha
Abeo
Abeni
Abena
Abelia
Abeke
Abeje
Abegaila
Abebi
Abby
Abbie
Abbey
Abayomi
Abana
Abaigeal
Abagbe
Ababuo
Aba
Aaliyah
