SEUMAS

SETH

SESSYLT

SESILIUM

SERGIO

SERGE

SEPTIMUS

SEPPEL

SEPP

SEOSAIDH

SENWE

SENTHILKUMAR

SENON

SEM

SELVESTRE

SELMAR

SELIM

SELBY

SELBASTIANO

SEKER

SEIF

SEGRERICO

SEGEL

SEFANO

SEF

SEETHARAM

SEBASTIENE

SEBASTIEN

SEBASTIANOS

SEBASTIANO

SEBASTIAN

SEANN

SEAN

SEAMUS

SEAIAN

SCUIT

SCOTTY

SCOTTIE

SCOTTI

SCOTT

SCOTIE

SCOT

SCHUYLER

SCHROEDER

SCHINDLER

SAYAKA

SAVVAS

SAVAS

SAVALUS

SAUVEUR

SAURAV

SAURABH

SAUL

SATISH

SARTAN

SAROSH

SAROJIN

SARNGIN

SARGENT

SARGE

SARAD

SANSON

SANJEEV

SANJAY

SANI

SANGDRAX

SANDOR

SANDON

SANDERS

SANDER

SANDEEP

SANAT

SAMURU

SAMUELO

SAMUELE

SAMUEL

SAMOUEL

SAMMY

SAMMON

SAMIR

SAMI

SAMEIN

SAMEER

SAMARESH

SALVATORE

SALVALUS

SALVADORE

SALVADOR

SALUSTIANO

SALUD

SALOS

SALOMON

SALMON

SALMAN

SALMALIN

SALIM

SALIH

SAL

SAKIMA

SAILBHEASTAR

SAIFUL

SAIDUR

SAHEN

SAHALE

SADANAND

SACHAR

SACCO

SACARIAS

SABURO

SABRIAM

RYSZARD

RYLAND

RYDELL

RYAN

RUYEN

RUY

RUTTY

RUTHERFORD

RUTGER

RUSTY

RUSSELL

RUSSEL

RUSS

RUSHI

RURIK

RURICH

RUPRECHT

RUPO

RUPERTO

RUPERT

RUNAKO

RULF

RUJELIO

RUGINO

RUGGIERO

RUGGERO

RUFUS

RUFO

RUFIO

RUFINUS

RUFINO

RUFFO

RUFERTO

RUFEO

RUFE

RUDYARD

RUDY

RUDRO

RUDOLPHUS

RUDOLPHO

RUDOLPH

RUDOLF

RUDO

RUDIGER

RUDGERD

RUDDY

RUDD

RUBERTO

RUBEN

RUBBEN

RUAIRI

RUAIRDHRI

ROYDON

ROYD

ROYCE

ROYALE

ROYAL

ROY

ROWLAND

ROWE

ROVERTO

ROUVIN

ROTH

ROSS

ROSMER

RORY

RORIE

ROPPON

ROOSEVELT

RONNY

RONNIE

RONAN

RONALDO

RONALD

ROMNEY

ROMINO

ROMEO

ROMARICO

ROMANO

ROMANCE

ROMAN

ROMAIN

ROLPH

ROLON

ROLO

ROLLY

ROLLON

ROLLO

ROLLINS

ROLLIN

ROLLIE

ROLLAND

ROLLAN

ROLFE

ROLF

ROLDAN

ROLANDO

ROLAND

ROJELIO

ROI

ROHIT

ROHIN

ROHELIO

ROGUERIO

ROGERS

ROGERO

ROGERIO

ROGER

ROGELIO

ROG

ROELAND

RODRIGO

RODRICK

RODREGO

RODOLPH

RODOLFO

RODNEY

RODMAN

RODIN

RODHLANN

RODGERS

RODGER

RODGE

RODERICK

RODERICH

RODERIC

RODDY

RODDIE

RODAS

RODALFO

ROD

ROCKY

ROCK

ROCCO

ROBSON

ROBINSON

ROBI

ROBERTSON

ROBERTO

ROBERT

ROBBY

ROBBIE

ROBB

ROBAR

ROB

ROAR

ROAN

ROALD

RIZZO

RIZWAN

RITCHIE

RISTO

RIQUI

RIQUERTO

RION

RIOBARD

RIO

RINGO

RINGAN

RINALDO

RIMRIL

RIMON

RIMINGTON

RILEY

RIKS

RIKARD

RIIK

RIDLEY

RICORDIO

RICO

RICKY

RICKERT

RICK

RICHIE

RICHI

RICHERD

RICHART

RICHARDSON

RICHARD

RICH

RICCIARDO

RICCARDO

RICARDO

RIC

RHYS

RHYDDERCH

RHODRI

RHETT

REZSO

REYNOLD

REYNALDOS

REYNALDO

REYMUNDO

REYMOND

REYHAN

REYES

REY

REXFORD

REX

REUVEN

REUEL

REUBIN

REUBEN

RESHAM

RENZO

RENOUF

RENENET

RENE

RENDOR

RENAUT

RENAUD

RENATO

RENARD

RENALDO

REMINGTON

REISS

REINWALD

REINOLD

REINHOLD

REINHARD

REINER

REINALDOS

REINALDO

REINALD

REIN

REIMUND

REID

REICO

REGULO

REGNAULT

REGNAULD

REGIS

REGINMUNT

REGINALD

REGGY

REGGIE

REGES

REG

REESE

REES

REED

REECE

REDVERS

REDOLFO

REDMUND

REDMOND

REDE

REDDY

REDD

REDBERT

RED

REAMONN

READE

READ

RAZI

RAYNOLD

RAYNER

RAYMOND

RAYKE

RAY

RAVIV

RAVID

RAVI

RAULO

RAULIO

RAUL

RASTUS

RASTISLAV

RASMUS

RASHNE

RASHMI

RASHID

RASHADI

RASHAD

RAPIER

RAPHAEL

RAOUL

RANULF

RANON

RANDOLPH

RANDOLF

RANDLE

RANDIE

RANDEY

RANDELL

RANDALL

RAND

RAMSEY

RAMSDEN

RAMSAY

RAMON

RAMMAN

RAMESH

RAMEO

RALPHIE

RALPH

RALF

RALDAN

RAJIV

RAJIB

RAJAN

RAINI

RAIMUNDO

RAIMUND

RAIMONT

RAIMONDO

RAIDEN

RAHUL

RAHMET

RAHMAN

RAHEEM

RAGNAR

RAGHNALL

RAG

RAFIUDDIN

RAFI

RAFFAELLO

RAFFAEL

RAFF

RAFE

RAFAYIL

RAFALEK

RAFAL

RAFAEL

RAEBURN

RADZIMIERZ

RADOSLAW

RADOSLAV

RADOMIL

RADMAN

RADEK

RACHO

RABIN

RABI

RABBIE

RABAN

RAB

QUOC-AN

QUITO

QUIRIN

QUIQUI

QUIQUE

QUINTON

QUINTIN

QUINT

QUINLAN

QUINITUS

QUINCY

QUINA

QUILLERMO

QUILLAN

QUILL

QUICO

QUENTIN

QUAN

QUAASHIE

QIANG

QASIM

PYOTR

PURVIS

PURSEY

PURDY

PUDGE

PUCK

PUAY

PRZEMEK

PRESTON

PREM

PRASHANT

PRANAS

PRAKASH

PRABHAKAR

POWA

POV

PORFIRIO

PONSO

PONCHO

POLIN

POL

PLESIDO

PLATON

PLATO

PLASIO

PLACIDO

PLACI

PLACEDO

PJOTR

PIUS

PITRICIO

PITO

PITER

PIRRO

PIQUIN

PIPPO

PIPITO

PIP

PIOTR

PINON

PINOCCHIO

PILLAN

PILIB

PILAR

PILAN

PIETRO

PIETER

PIET

PIERS

PIERROT

PIERRE

PIERO

PIERIN

PIERCE

PIEDRO

PICO

PIAS

PHUONG

PHOTIOS

PHINEAS

PHILLIP

PHILIPPOS

PHILIPPE

PHILIP

PHILANDER

PHIL

PHELIS

PEYTON

PEYO

PETRUSCHA

PETRUS

PETRUCCIO

PETROS

PETRONIUS

PETRONIO

PETRIE

PETRICK

PETR

PETIE

PETEY

PETERS

PETER

PETE

PESACH

PERSHING

PERSEUS

PERRY

PERRIN

PERO

PERNELL

PERNEL

PERKIN

PERIQUIN

PERICO

PEREGRINE

PERCY

PERCIVAL

PERCIFULL

PERCEVAL

PERCE

PER

PEPPO

PENTTI

PENJANI

PELOTA

PELO

PEERS

PEDRO

PEDRAN

PEDR

PEDER

PEDDY

PEARSON

PEARCE

PEADAIR

PAYTON

PAYAT

PAXTON

PAWLEY

PAWEL

PAVLO

PAVLIN

PAVEL

PAVEK

PAVA

PAULUS

PAULUM

PAULTJE

PAULOT

PAULOS

PAULO

PAULLIN

PAULIUS

PAULINO

PAULIE

PAULICO

PAUL

PATWIN

PATTON

PATTISON

PATTIN

PATRIZIUS

PATRITIO

PATRIN

PATRICK

PATRICIO

PATRICIANO

PATAMON

PASSIFULL

PASQUAL

PASCOE

PASCHELL

PASCHALL

PASCAL

PARZIVAL

PARTHOLON

PARTHALON

PARSIFAL

PARSEFAL

PARRISH

PARRIS

PARNELL

PARNEL

PARLAN

PARKER

PAQUIN

PAPPLONE

PAPPLO

PAPLO

PAPILLONG

PAOLO

PAOLINO

PAOLI

PANZO

PANKAJ

PANFILO

PANDELO

PANCHOLO

PANCHO

PANCHITO

PALLATON

PALADIN

PALACIDO

PAL

PAKI

PADRUIG

PADRIG

PADRAIG

PADRAIC

PADEN

PADDY

PADDINGTON

PACO

PACKY

PABOLO

PABLO

PABLINO

PABIS

PAAVO

OZZIE

OZ

OWUDUNNI

OWEN

OWAYNE

OWAIN

OVID

OVE

OURAY

OTTORINO

OTTON

OTTOMAN

OTTO

OTTAH

OTONIEL

OTONE

OTO

OTMAN

OTIS

OTHONEIL

OTHOM

OTHO

OTHELLO

OTELLO

OTADAN

OSWIN

OSWELL

OSWALD

OSSY

OSSIE

OSSIAN

OSRIC

OSMOND

OSMIN

OSMANS

OSMAN

OSKAR

OSEEP

OSCAR

OSBORNE

OSBORN

OSBERT

OSAMU

ORVILLE

ORVIE

ORV

ORUNJAN

ORSON

ORSINO

ORRIN

ORMOND

ORLONDO

ORLAND

ORJI

ORITO

ORIS

ORION

ORIOLE

ORIN

ORIEN

OREN

OREL

ORDANDO

ORBAN

ORAZIO

ORASIO

ORAL

ORACIO

OPIE

OON-GIL

ONOFREDO

ONOFRE

ONFROI

ONFREDO

ONDRO

ONDREJ

ONANI

ONAN

OMERO

OMER

OMAR

OLWEN

OLORUN

OLLY

OLLIE

OLLEY

OLIVO

OLIVIER

OLIVERIO

OLIVER

OLIVA

OLIN

OLES

OLERY

OLEG

OLAV

OLAF

OKON

OKO

OIGHRIG

OHIN

OHANNES

OHANKO

OGüN

OGUN

OGDUN

OGDON

OGDEN

OFFIN

OFER

ODYSSEUS

ODON

ODOM

ODOARDO

ODO

ODISSAN

ODION

ODINUM

ODINAN

ODIN

ODELL

ODAY

OCTAVIUS

OCTAVIAN

OBRAM

OBERON

OBADIAH

OBA

OAKLEY

O'NEIL

NUSAIR

NURI

NUR ADIBA

NUMPS

NUMAIR

NOY

NOWLES

NOWELL

NOWEL

NORT

NORRIS

NORMY

NORMIE

NORMAND

NORMAN

NORM

NORBERT

NOLL

NOLDY

NOLAND

NOLAN

NOE

NODIN

NOD

NOBUTAKA

NOBLE

NOBBY

NOAM

NOAH

NNAMDI

NIX

NIVEN

NITIS

NITIN

NISSIM

NISHU

NIONIOS

NIMBUS

NILSON

NILS

NILO

NILES

NIKOLOS

NIKOLAUS

NIKOLAOS

NIKOLAI

NIKOLAAS

NIKO

NIKLAS

NIKKY

NIKITA

NIKHIL

NIK

NIGEL

NIGAN

NIELSON

NIELS

NIEL

NICOLUM

NICOLAUS

NICOLAS

NICOLAO

NICOLAI

NICOLAAS

NICODEMUS

NICO

NICKOLAUS

NICKLAS

NICK

NICHOLAS

NICHOL

NICCOLO

NICCOLINI

NICANOR

NICABAR

NIBRAS

NIBAW

NIALL

NIAL

NEWTON

NEWLIN

NEVIN

NEVILLE

NEVILE

NEVIL

NETO

NESTOR

NERON

NERMIN

NEPTUNE

NEPTER

NEPER

NEN

NELSON

NELS

NELO

NELEK

NEIRIN

NEILL

NEIL

NEHRU

NEERAJ

NEELAM

NEEL

NEDDY

NEDDIE

NED

NECOLAS

NECHO

NEALSON

NEALL

NEALEY

NEALE

NEAL

NEACAIL

NAYATI

NAWAT

NAVEED

NAV

NATTY

NATILIO

NATHANIEL

NATHANEAL

NATHAN

NATE

NATANIEL

NATANEAL

NATAN

NATALE

NATAL

NAT

NASSER

NARD

NARAIN

NANO

NANDOR

NANDO

NANDIN

NANDA

NAMIR

NAMID

NALREN

NALDO

NAHUM

NAHMA

NAHELE

NAGID

NADO

NADER

NABIL

NAB

MYRON

MYLES

MURUGANANDAN

MURTHY

MURTAGH

MURRY

MURRAY

MURDOCH

MURDO

MUNROW

MUNROE

MUNRO

MUNDY

MUNDEK

MUNDA

MULL

MUHAMMAD

MOZES

MOZE

MOYES

MOY

MOTEGA

MOSWEN

MOSTYN

MOSSIMO

MOSS

MOSIE

MOSHEH

MOSHE

MOSES

MOSE

MORVEN

MORTON

MORTIMER

MORTIE

MORTEN

MORT

MORSE

MORRISS

MORRISON

MORRIS

MORRICE

MORRELL

MORREL

MORLEY

MORITZ

MORICZ

MOREY

MOREL

MORDIKAI

MORDECAI

MOORE

