Khloe
Khatijah
Khara
Khapkhaponimi
Khalila
Khalida
Khadija
Kezia
Kewanee
Ketziah
Ketzia
Keturah
Ketina
Ketifa
Kessie
Kessem
Kesia
Kesi
Keshia
Keshet
Kesava
Kes
Kerstin
Kerrie
Kerri
Keri
Kerensa
Keren
Kerem
Kerani
Keolakupaianaha
Keola
Keohi
Kenna
Kenia
Kendra
Kelsi
Kellie
Kelley
Kelila
Kelia
Keletina
Keleka
Kelda
Kelalani
Kekilia
Keke
Keisha
Keilah
Keikikalani
Keiki
Kei
Kehinde
Kehachiwinga
Kefira
Keezheekoni
Keelynn
Keelin
Keeley
Keehabah
Keeaola
Kedma
Kealoha
Kealani
Keahdinekeah
Kea
Ke ' alohi
Kazuyo
Kazimiera
Kaylynn
Kayley
Kayleigh
Kayleen
Kayla
Kaya
Kay
Kawena ' ula
Kawena
Kawaimomona
Kawa
Kavindra
Kaveri
Kausalya
Kauluwehi
Kaulana
Kau - au - ointy
Katyayani
Katya
Katura
Katrya
Katrina
Katren
Katla
Katja
Katina
Katie
Kathy
Kathryn
Kathleen
Kathie
Katherine
Kathe
Katharina
Kath
Katerina
Katelin
Kate
Katarzyna
Katarina
Kataniya
Kata
Kat
Kasturba
Kassia
Kassandra
Kasota
Kasinda
Kasienka
Kasi
Kasa
Karuna
Karren
Karpura
Karolyn
Karoline
Karolina
Karolaina
Karola
Karneetsa
Karmiti
Karmil
Karma
Karly
Karlotta
Karli
Karlene
Karla
Karina
Karin
Karena
Karen
Karayan
Karas
Kara
Kapua ' ula
Kapua
Kaponianani
Kaori
Kanya
Kantimati
Kanti
Kanta
Kanoa
Kannitha
Kanjanaa
Kaniqua
Kanika
Kanestie
Kaneesha
Kandi
Kanara
Kanani
Kamoana
Kamla
Kamilla
Kamika
Kamelia
Kameli
Kameko
Kamata
Kamaria
Kamaniya
Kamanika
Kamalika
Kamala
Kalysta
Kalyca
Kalyani
Kaluwa
Kalpana
Kalote
Kalota
Kalonice
Kalola
Kallole
Kalliyan
Kallisto
Kalliroe
Kalliope
Kallie
Kalita
Kaliska
Kaliona
Kalino
Kalini
Kalinda
Kalina
Kalilinoe
Kalilea
Kalila
Kalika
Kaligenia
Kalidas
Kali
Kalaudina
Kalaudia
Kalani
Kalana
Kalamela
Kalama
Kalalika
Kalala
Kakra
Kakielekea
Kakalina
Kajsa
Kaiya
Kaitlin
Kaitchkma - Winema
Kaimalie
Kailyn
Kaili
Kailash
Kaia
Kahoku
Kahlua
Kagiso
Kagami
Kaethe
Kaemoxmith
Kaelyn
Kadiah
Kacia
Kachina
Kaat
Kaasu
Kaanan
Kaamilee
Ka ' aona
K ' Sea
Jyotsna
Jyotsana
Jyoti
Jyllian
Jutta
Justyna
Justine
Justina
Juniper
Junia
June
Jun
Jumoke
Jumapili
Jumana
Juljana
Juliette
Julieta
Juliet
Julienne
Julie
Julianne
Julianna
Julianja
Juliana
Julia
Juli
Juhi
Judyta
Judy
Judith
Judita
Judit
Jubilee
Juanita
Juana
Jozsefa
Jozefina
Jozefa
Joyous
Joyita
Joyce
Joy
Jowanda
Josselyn
Joss
Josie
Josephine
Josephina
Josepha
Josefa
Josee
Jorie
Jordie
Jordana
Joquina
Jonova
Jonna
Jonie
Joline
Joletta
Jolene
Joleen
Jolanta
Jolanda
Jolan
Johna
Johanna
Johana
Joetta
Joelle
Jodie
Jodi
Jodha
Jocelyn
Joceline
Jocasta
Joanne
Joanna
Joan
Jivanta
Jirina
Jinny
Jinnat
Jinelle
Jindriska
Jinan
Jin - Kyong
Jillian
Jill
Jijabai
Jia
Jezreel
Jezebel
Jewel
Jetty
Jette
Jetta
Jethra
Jessica
Jessamine
Jessa
Jerushah
Jerusha
Jerrilynn
Jerri
Jensine
Jenny
Jennifer
Jennie
Jenni
Jenna
Jenine
Jenifari
Jenessa
Jenelle
Jendayi
Jena
Jen
Jemsa
Jemma
Jemina
Jemimah
Jemima
Jellybean
Jelena
Jekaterina
Jeina
Jecoliah
Jeannine
Jeannie
Jeanne
Jeanine
Jeanie
Jeanette
Jeana
Jazmin
Jayvanti
Jayti
Jayne
Jayna
Jayma
Jaylene
Jayashree
Jayanti
Jayamala
Jaya
Jawahir
Jaustin
Jathibiyya
Jaswinder
Jassamyn
Jasmine
Jasmin
Jaroslava
Jarnsaxa
Jarmila
Jarka
Jarita
Japhet
Japera
Jany
Janoah
Jannike
Janne
Jannah
Janna
Janita
Janis
Janine
Janina
Janileny
Janikaa
Janie
Janice
Janey
Janet
Janelle
Janel
Jane
Janan
Janaki
Janae
Jana
Jamilla
Jamila
Jamika
Jamesina
Jamay
Jalitaa
Jalini
Jalinda
Jalila
Jaleesa
Jaleen
Jalaneeli
Jalajaa
Jala '
Jakova
Jain
Jai
Jaha
Jae - Hwa
Jadwiga
Jadella
Jadelia
Jade
Jada
Jacynth
Jacqui
Jacqueline
Jacoba
Jaclyn
Jackelyn
Jackeline
Jacinthe
Jacinte
Jacinta
Jacinda
Jacaranda
Jacalyn
Jaamini
JaNhea
Izegbe
Izdihar
Izabella
Izabel
Iza
Iwona
Iwilla
Iwalani
Iwa
Ivy
Ivria
Ivonne
Ivey - Lynn
Iverem
Ivelisse
Ivana
Iusitina
Iune
Iuliana
Iulia
Iulalia
Iuile
Iuginia
Iudita
Iuana
Ituha
Itinsa
Itiah
Isra
Isolde
Isoke
Ismene
Ismat
Isla
Isis
Isidora
Isibeal
Ishiko
Ishi
Ishana
Isha
Iseult
Iseabail
Isaura
Isamu
Isadora
Isabelle
Isabelita
Isabel
Isabeau
Isa
Irma
Irisa
Iris
Irina
Irenee
Irene
Irena
Iphigeneia
Iosepine
Ionia
Ione
Iona
Iolanthe
Iolanda
Iolana
Iola
Ioke
Ioanna
Io ' ana
Io
Inoa
Inny
Inis
Ingrid
Ingegerd
Ingeborg
Inge
Inga
Inez
Inette
Inessa
Ines
Ine
Indrayani
Indranee
Indra
Indira
Inaya
Inas
Inanna
Ina
In ' am
Imogene
Imogen
Immacolata
Imma
Imen
Imelda
Iman
Imala
Imako
Imagina
Imae
Ima
Ilvira
Ilse
Ilsa
Ilona
Ilka
Ilia
Ilesha
Ilene
Ileana
Ilaria
Ilana
Ila
Ikuseghan
Ikuko
Iku
Ihsan
Ifigenia
Ifetayo
Ife
Ifama
Ienipa
Ieda
Idriya
Idris
Idra
Idowu
Idony
Idonia
Idonea
Idona
Idolina
Idette
Idesta
Ides
Idelle
Idalina
Idalia
Idaa
Ida
Ichchani
Ibtisam
Ibtihaj
Ibby
Ianthe
Iantha
Ianete
I ' tidal
Hyunwoo
Hyun - Ok
Hyun - Ae
Hypatia
Hyoun
Hyo - Sonn
Hyacinthe
Hyacinth
Hwa - Young
Huynh
Huyana
Husniya
Husn
Hurriyyah
Huong
Humita
Huluava
Hulda
Hui - Fang
Huguette
Hughina
Huette
Hue
Huda
Huberta
Huata
Huali
Hua
Hoshiyo
Hoshiko
Hoshi
Hortensia
Hortense
Hortencia
Horacia
Hope
Honovi
Honour
Honoria
Honorata
Honey
Honekakala
Holomakani
Holly
Hollie
Hola
Hokulani
Hokuaonani
Hokuao
Hoku ' alohi
Hoalohanani
Hoalohalani
Hoaka
Hoa
Ho - Sook
Ho ' olana
Hlin
Hjordis
Hiwahiwakeiki
Hiva
Hisolda
Hisayo
Hisano
Hisako
Hisae
Hisa
Hiroko
Hirena
Hiral
Hipakeiki
Hinda
Hind
Himani
Hillevi
Hillary
Hildegard
Hilda
Hilary
Hilaria
Hilalia
Hikuleo
Hikmat
Hieronymus
Hideyo
Hide
Hiba
Hiawassee
Hialeah
Hesther
Hester
Hesper
Hersilia
Hermione
Hermine
Hermina
Hermia
Herlindis
Hera
Hephzibah
Henryka
Henriqueta
Henrike
Henrietta
Hendrika
Hembadoon
Hemali
Heloise
Helmine
Helia
Helge
Helga
Helene
Helena
Helen
Helana
Helaine
Helah
Heike
Heidrun
Heidi
Heide
Hee - Young
Hedwiga
Hedwig
Hedvika
Hedviga
Hedvig
Hediah
Hedia
Hedda
Heda
Hebe
Heather
Hazel
Hayley
Hayfa
Hayat
Haya
Hawa
Hava
Haunani
Haulani
Haukea
Hau ' oli
Hattie
Hatsu
Hathor
Hateya
Hasna
Hasina
Hasika
Hasanati
Hasana
Harumi
Haruko
Harue
Haru
Harshika
Harshida
Harsha
Harrietta
Harriet
Harmony
Harmonia
Harita
Hariata
Haralda
Haqikah
Hantaywee
Hansine
Hansila
Hansika
Hansa
Hannah
Hanna
Hanka
Haniyya
Hanita
Hanifa
Hanh
Hang
Hanako
Hanae
Hanaa
Hana
Hamida
Hamako
Hama
Halona
Halolani
Hallie
Halley
Halina
Halima
Haley
Haleigh
Haleakua
Haldis
Halcyone
Halcyon
Halapua
Hala
Hakumele
Hajnal
Hajna
Hajar
Haiwee
Haimi
Haidi
Haidee
Hagne
Hagia
Hagan
Hafsah
Haemi
Hae - Won
Hadya
Hadley
Hadiya
Hadi
Hadassah
Hachi
Habibah
Habiba
Ha ' iku
Györgyi
Gypsy
Gyorgyi
Gyanda
Gwyneth
Gwenyth
Gwenola
Gwenllian
Gwenhwyfar
Gwenfrewi
Gweneth
Gweneal
Gwendolyn
Gwendoline
Gwendolen
Gwenda
Gwen
Gustava
Gunnhild
Gunilla
Gundula
Gunda
Gull
Gulielma
Guinevere
Guillermina
Guillelmina
Guilhermma
Gudrun
Guadalupe
Gráinne
Griselda
Griet
Gretel
Grete
Gretchen
Greta
Gressa
Grazyna
Graziella
Grazia
Gratia
Grania
Grainne
Gracja
Graciela
Gracie
Grace
Gozala
Goya
Gosling
Goloria
Goldina
Goldie
Goldarina
Golda
Goitsemedime
Godiva
Godeliva
Gobnata
Gobnait
Glynn
Glynis
Glory
Gloriana
Gloria
Glenys
Glennette
Glenna
Glenda
Gladys
Gladiola
Gladi
Gjuzel
Gizem
Gizella
Givola
Giustina
Giuseppina
Giulietta
Giulia
Giuditta
Gitika
Gitel
Gitanjali
Gitana
Gita
Gislaug
Giselle
Gisela
Gisa
Giovanna
Gioconda
Ginny
Ginnie
Ginneh
Ginger
Ginevra
Ginelle
Gina
Gin
Gimra
Gillian
Giliah
Gilda
Gilbertina
Gilberta
Gilanah
Giladah
Gilada
Gigi
Giborah
Gianna
Gianina
Giacinta
Gia
Ghufran
Ghita
Ghislaine
Ghislain
Ghaliya
Gevirah
Geva
Gerushah
Gertruida
Gertrudes
Gertrude
Gertruda
Gertrud
Gertraud
Gerta
Gersemi
Gerlinde
Geri
Gerda
Gerd
Geralyn
Geraldine
Geralda
Georgine
Georgina
Georgie
Georgianna
Georgia
Georgette
Georgeta
Georgeanne
Georgeanna
Geona
Geogiana
Genoveva
Gennisheyo
Genista
Genevra
Genevieve
Genesee
Generosa
Genea
Genaida
Gena
