Heck

Hebert

Heber

Heath

Haywood

Haydyn

Hayden

Havelock

Hastin

Hassel

Haskell

Haskel

Hasin

Hashir

Hashim

Hasan

Hasad

Harvie

Harvey

Hartmut

Harry

Harrison

Haroun

Harold

Harmon

Harman

Harlowe

Harley

Harlan

Hari

Harding

Hardiman

Harbert

Harb

Haraldo

Harald

Haralambie

Hao

Hanuman

Hansel

Hans

Hanraoi

Hannibal

Hannes

Hank

Hanif

Hanibal

Handy

Hampton

Hamp

Hamon

Hammond

Hamlin

Hamish

Hamilton

Hamill

Hamil

Hamid

Hamdel

Hamal

Ham

Halim

Halil

Hale

Hal

Hakon

Hakem

Hakeem

Hakan

Haime

Haider

Hadry

Hadrian

Hadden

Hadar

Habib

Habaier

Gyorgy

Guy

Guto

Gustovo

Gustin

Gustavo

Gustave

Gustav

Gustaf

Gustacio

Gus

Gunther

Gunter

Gunny

Gunnerson

Gunner

Gunnar

Gunn

Gunderson

Gun

Gullermo

Gulianno

Guittiere

Guiming

Guillo

Guillermo

Guillaume

Guido

Guglielmo

Gugielmo

Guayo

Gualterio

Grzegorz

Gruffydd

Gruffudd

Grover

Grove

Grosvenor

Grimes

Grigori

Griffith

Griffin

Griff

Grenville

Gregory

Gregor

Gregg

Greg

Gray

Gratien

Granville

Grantley

Grantland

Grant

Gram

Grahame

Graham

Graeme

Grady

Goyo

Gowon

Govindan

Govad

Gotthilf

Gottfried

Gottfridh

Gotlieb

Goshoven

Gorton

Gorgeous

Gordy

Gordon

Gordie

Gorden

Goran

Gopinath

Gonzo

Gonzalez

Gonzales

Gomer

Goel

Godfry

Godfrey

Glynn

Glyn

Glen

Giusto

Giuseppe

Giuliano

Gitta

Girolamo

Giraud

Giovanni

Giotto

Gillis

Gilliam

Gillespie

Giles

Gilbert

Gil

Giermo

Gidon

Gideon

Gide

Giannini

Gianni

Giannes

Giamo

Giacomo

Geyo

Gerwulf

Gervaise

Gertie

Gert

Gerry

Gerrie

Gerontius

Geronimo

Gerome

Gerold

Gernot

Germain

Gerik

Gerhard

Gerek

Gerben

Geraud

Gerardo

Gerard

Geraldo

Gerald

Ger

Georgy

Georgi

Georges

George

Georg

Geordie

Geoffroy

Geoffroi

Geoffrey

Geoff

Geno

Gennaro

Gene

Gelo

Gellert

Geffrey

Geert

Gebhard

Gaylord

Gaylor

Gayler

Gawayne

Gawain

Gavin

Gaven

Gav

Gautier

Gauthier

Gautam

Gaudi

Gaspar

Gary

Garth

Garry

Garrick

Garrett

Garreth

Garret

Garnet

Garner

Garfield

Gareth

Garek

Gardner

Gar

Gamaliel

Galt

Galloway

Gallard

Galen

Gaius

Gahiji

Gabriel

Gabe

Fyodor

Fynn

Fulton

Frode

Fritz

Frits

Friedrich

Friedhold

Friedhelm

Fredrik

Fredi

Frederick

Frederich

Freddy

Freddie

Fred

Fravardin

Frasier

Fraser

Franz

Fransisc

Frans

Franky

Franko

Franklin

Frankie

Frank

Francois

Franco

Francisco

Franchot

Francesco

Franc

Fountain

Fount

Fotios

Foster

Foss

Forrester

Forrest

Forester

Fonzie

Fonz

Flynn

Floyd

Florian

Flip

Flint

Fletcher

Fletch

Fisk

Fion

Finn

Finley

Finlay

Fingal

Fineas

Finbar

Fin

Filippo

Filip

Filander

Fido

Fidel

Festus

Fess

Ferris

Fernando

Fermin

Fermi

Feris

Ferguson

Fergus

Ferghus

Ferdinand

Feodor

Felix

Felippe

Felipe

Felip

Felino

Feliks

Felike

Feliciano

Felice

Fedor

Fayette

Faxon

Faruk

Farris

Farrell

Fan

Faizel

Faiz

Faisal

Fairleigh

Fabio

Fabian

Faber

Ezra

Ezhno

Ezer

Ezekiel

Ezar

Evert

Everhard

Everett

Everardo

Evander

Evan

Ev

Eustace

Eugenio

Eugene

Etu

Ethmer

Ethan

Etan

Estivido

Estifano

Esteban

Estavan

Essien

Esra

Espiridion

Esmond

Eshkol

Erwin

Ervin

Erskin

Errol

Ernst

Ernie

Ernesto

Ernest

Erle

Erik

Erico

Erick

Erich

Eric

Eri

Erhard

Erek

Erberto

Erasmus

Ephraim

Eoin

Enyeto

Enrique

Enrico

Enos

Enoch

Ennio

Enli

Engel

Eneas

Emrys

Emory

Emok

Emmitt

Emmett

Emmet

Emmanuel

Emlyn

Emils

Emilio

Emile

Emil

Emidio

Emery

Emerson

Emanuel

Eman

Ely

Elwood

Elwin

Elvis

Elton

Elsu

Elroy

Elric

Elrad

Eloy

Elof

Elmo

Elmer

Elmar

Ellwood

Ellis

Elliot

Elki

Elisha

Elijah

Elias

Elfred

Elemar

Elek

Eldridge

Eldred

Eldon

Elden

Eldad

Elbert

Ekkehardt

Eiran

Einar

Eilwyn

Eike

Egor

Egg

Egbert

Efraim

Efim

Edzko

Edwin

Edward

Eduardo

Eduard

Edric

Edo

Edmundson

Edmund

Edmond

Edmon

Edlin

Edko

Edison

Edgars

Edgar

Eddy

Eddie

Ed

Eckhard

Eckert

Eckerd

Eckbert

Eck

Eberto

Ebert

Eberhard

Ebenezer

Earnest

Earl

Eanruig

Eamonn

Eamon

Dyre

Dylanne

Dylan

Dyl

Dyami

Dwight

Dwayne

Dwane

Dwain

Duy

Dustin

Dusten

Durward

Durril

Durriken

Durand

Duran

Dunstan

Dunk

Dunham

Duncan

Dunc

Duman

Dumaka

Dukarai

Duig

Dug

Duff

Dudley

Dude

Duddley

Dud

Duane

Drystan

Dru

Driskoll

Driscoll

Drew

Drayton

Drake

Dragos

Drachen

Doyle

Douglass

Douglas

Dougie

Doug

Dorrell

Dorian

Donovon

Donovan

Donohue

Donnie

Donnelly

Donnell

Donley

Donato

Donard

Donalt

Donaldo

Donald

Donahue

Don

Dominic

Domingo

Dom

Dolph

Dolf

Dolan

Dodge

Doby

Dobry

Dobromil

Dobrogost

Dobie

Dobbs

Dob

Dmitriy

Dmitri

Dixon

Dirk

Direk

Dionys

Dion

Diodore

Dino

Dimo

Dimitri

Dilwyn

Dillwyn

Dillon

Dilbert

Diglio

Diggory

Digby

Dietrich

Dietmar

Dieter

Dierk

Diego

Diederick

Diederich

Dicta

Dicky

Dickson

Dickie

Dickens

Dick

Dichali

Dexter

Dex

Dewey

Dew

Deven

Desmond

Derrick

Derrek

Dermot

Derik

Derek

Deon

Denzil

Denzel

Denys

Denton

Denny

Dennis

Deniz

Denis

Denholm

Denes

Dene

Den

Demyan

Demothi

Demetrius

Delmore

Delmar

Dell

Delbert

Delano

Del Mar

Del

Deepesh

Deepak

Deemer

Dederick

Declan

Decker

Deane

Dean

DeWitt

Dawson

Dawid

Dawayne

Davon

Davis

Davidek

Davidde

David

Dave

Dat

Daryle

Daryl

Darryl

Darren

Darrell

Darling

Darlin

Darl

Darius

Darin

Darien

Dareo

Darden

Danyon

Danylko

Dante

Danny

Dannie

Danne

Danko

Daniil

Danielek

Daniel

Dane

Dandy

Dan

Damon

Damien

Damian

Damek

Dame

Dalton

Dali

Daley

Dalal

Dal

Dain

Dagwood

Dag

Dafyyd

Dafydd

Dabney

Dabid

D ' arcy

Czeslaw

Czcibor

Cyrus

Cyrill

Cyril

Cyrek

Cy

Cuthbert

Curtis

Curt

Curcio

Cullen

Cristobal

Cristian

Crispus

Crispin

Craig

Cosmo

Corwin

Cort

Cornelius

Cormac

Corky

Corin

Cordell

Corbin

Cooper

Constantinos

Constantine

Constantin

Conrad

Connor

Conleth

Conan

Columba

Colton

Colter

Colon

Colman

Collins

Collin

Colin

Coleman

Cole

Colby

Coinneach

Cnut

Clyde

Clive

Clinton

Clint

Clifton

Cliffy

Clifford

Cliff

Clevonne

Cleto

Cletes

Clerk

Clemente

Clement

Clemens

Clem

Cleanth

Clayton

Clay

Claus

Claudius

Claudio

Claude

Claud

Clarke

Clark

Clarence

Clancy

Cladio

Cisco

Cirill

Cid

Cicero

Ciaran

Chung

Chucky

Chuck

Christopher

Christophe

Christoph

Christian

Christao

Christ

Chretien

Chou

Chip

Chioke

Chik

Chico

Chick

Chiah

Chi

Chet

Chesmu

Chesley

Cheslav

Chen

Che

Chaz

Chay

Chauvin

Chauncy

Chauncey

Chaseston

Charlton

Charley

Charles

Channing

Chaney

Chane

Chandler

Chal

Chaiwat

Chaim

Chad

Ceslovas

Cesar

Cemal

Celyn

Cedric

Cecil

Cebastian

Cearbhall

Cathol

Catalin

Castor

Castel

Casper

Caspar

Casimir

Cashel

Carvel

Carter

Carswell

Carson

Carmit

Carlucho

Carlton

Carlos

Carlo

Carleton

Carle

Carl

Carew

Cappi

Canute

Canton

Camron

Campbell

Camlo

Cameron

Camerino

Calvin

Calv

Calut

Calum

Calo

Callum

Caleb

Calder

Cal

Caius

Caiseal

Cain

Cahil

Cadwallader

Cadfael

Caden

Cadel

Caddy

Byron

Byrne

Byrn

Burton

Burt

Burr

Burne

Burkhard

Burian

Bud

Bucky

Buckminster

Buck

Bryrony

Bryne

Bryce

Bryant

Bryan

Bruns

Bruno

Bruin

Bruce

Browning

Brown

Bronte

Bronson

Bronislaw

Brody

Brodney

Broderick

Brock

Broc

Britton

Bridger

Brice

Brian

Bret

Brenton

Brent

Brendan

Brencis

Brayden

Brannon

Brandt

Brandon

Brandeis

Brandan

Brand

Bram

Brahma

Brady

Bradshaw

Bradley

Bradlee

Braden

Bradburn

Brad

Bozydar

Boz

Boyd

Boyce

Bowman

Bowle

Bour

Botan

Borislav

Boris

Boria

Borghild

Borg

Bor

Bonito

Bondi

Bond

Boleslaw

Bohdan

Boguslaw

Bogumil

Bogdan

Bodog

Bodi

Boddu

Bodaway

Bobush

Boba

Bob

Blazej

Blaise

Blair

Björn

Bjorne

Bjorn

Bjoern

Bipin

Binyong

Bing



