Seumas
Seth
Sessylt
Sesilium
Sergio
Serge
Septimus
Seppel
Sepp
Seosaidh
Senwe
Senthilkumar
Senon
Sem
Selvestre
Selmar
Selim
Selby
Selbastiano
Seker
Seif
Segrerico
Segel
Sefano
Sef
Seetharam
Sebastiene
Sebastien
Sebastianos
Sebastiano
Sebastian
Seann
Sean
Seamus
Seaian
Scuit
Scotty
Scottie
Scotti
Scott
Scotie
Scot
Schuyler
Schroeder
Schindler
Sayaka
Savvas
Savas
Savalus
Sauveur
Saurav
Saurabh
Saul
Satish
Sartan
Sarosh
Sarojin
Sarngin
Sargent
Sarge
Sarad
Sanson
Sanjeev
Sanjay
Sani
Sangdrax
Sandor
Sandon
Sanders
Sander
Sandeep
Sanat
Samuru
Samuelo
Samuele
Samuel
Samouel
Sammy
Sammon
Samir
Sami
Samein
Sameer
Samaresh
Salvatore
Salvalus
Salvadore
Salvador
Salustiano
Salud
Salos
Salomon
Salmon
Salman
Salmalin
Salim
Salih
Sal
Sakima
Sailbheastar
Saiful
Saidur
Sahen
Sahale
Sadanand
Sachar
Sacco
Sacarias
Saburo
Sabriam
Ryszard
Ryland
Rydell
Ryan
Ruyen
Ruy
Rutty
Rutherford
Rutger
Rusty
Russell
Russel
Russ
Rushi
Rurik
Rurich
Ruprecht
Rupo
Ruperto
Rupert
Runako
Rulf
Rujelio
Rugino
Ruggiero
Ruggero
Rufus
Rufo
Rufio
Rufinus
Rufino
Ruffo
Ruferto
Rufeo
Rufe
Rudyard
Rudy
Rudro
Rudolphus
Rudolpho
Rudolph
Rudolf
Rudo
Rudiger
Rudgerd
Ruddy
Rudd
Ruberto
Ruben
Rubben
Ruairi
Ruairdhri
Roydon
Royd
Royce
Royale
Royal
Roy
Rowland
Rowe
Roverto
Rouvin
Roth
Ross
Rosmer
Rory
Rorie
Roppon
Roosevelt
Ronny
Ronnie
Ronan
Ronaldo
Ronald
Romney
Romino
Romeo
Romarico
Romano
Romance
Roman
Romain
Rolph
Rolon
Rolo
Rolly
Rollon
Rollo
Rollins
Rollin
Rollie
Rolland
Rollan
Rolfe
Rolf
Roldan
Rolando
Roland
Rojelio
Roi
Rohit
Rohin
Rohelio
Roguerio
Rogers
Rogero
Rogerio
Roger
Rogelio
Rog
Roeland
Rodrigo
Rodrick
Rodrego
Rodolph
Rodolfo
Rodney
Rodman
Rodin
Rodhlann
Rodgers
Rodger
Rodge
Roderick
Roderich
Roderic
Roddy
Roddie
Rodas
Rodalfo
Rod
Rocky
Rock
Rocco
Robson
Robinson
Robi
Robertson
Roberto
Robert
Robby
Robbie
Robb
Robar
Rob
Roar
Roan
Roald
Rizzo
Rizwan
Ritchie
Risto
Riqui
Riquerto
Rion
Riobard
Rio
Ringo
Ringan
Rinaldo
Rimril
Rimon
Rimington
Riley
Riks
Rikard
Riik
Ridley
Ricordio
Rico
Ricky
Rickert
Rick
Richie
Richi
Richerd
Richart
Richardson
Richard
Rich
Ricciardo
Riccardo
Ricardo
Ric
Rhys
Rhydderch
Rhodri
Rhett
Rezso
Reynold
Reynaldos
Reynaldo
Reymundo
Reymond
Reyhan
Reyes
Rey
Rexford
Rex
Reuven
Reuel
Reubin
Reuben
Resham
Renzo
Renouf
Renenet
Rene
Rendor
Renaut
Renaud
Renato
Renard
Renaldo
Remington
Reiss
Reinwald
Reinold
Reinhold
Reinhard
Reiner
Reinaldos
Reinaldo
Reinald
Rein
Reimund
Reid
Reico
Regulo
Regnault
Regnauld
Regis
Reginmunt
Reginald
Reggy
Reggie
Reges
Reg
Reese
Rees
Reed
Reece
Redvers
Redolfo
Redmund
Redmond
Rede
Reddy
Redd
Redbert
Red
Reamonn
Reade
Read
Razi
Raynold
Rayner
Raymond
Rayke
Ray
Raviv
Ravid
Ravi
Raulo
Raulio
Raul
Rastus
Rastislav
Rasmus
Rashne
Rashmi
Rashid
Rashadi
Rashad
Rapier
Raphael
Raoul
Ranulf
Ranon
Randolph
Randolf
Randle
Randie
Randey
Randell
Randall
Rand
Ramsey
Ramsden
Ramsay
Ramon
Ramman
Ramesh
Rameo
Ralphie
Ralph
Ralf
Raldan
Rajiv
Rajib
Rajan
Raini
Raimundo
Raimund
Raimont
Raimondo
Raiden
Rahul
Rahmet
Rahman
Raheem
Ragnar
Raghnall
Rag
Rafiuddin
Rafi
Raffaello
Raffael
Raff
Rafe
Rafayil
Rafalek
Rafal
Rafael
Raeburn
Radzimierz
Radoslaw
Radoslav
Radomil
Radman
Radek
Racho
Rabin
Rabi
Rabbie
Raban
Rab
Quoc - An
Quito
Quirin
Quiqui
Quique
Quinton
Quintin
Quint
Quinlan
Quinitus
Quincy
Quina
Quillermo
Quillan
Quill
Quico
Quentin
Quan
Quaashie
Qiang
Qasim
Pyotr
Purvis
Pursey
Purdy
Pudge
Puck
Puay
Przemek
Preston
Prem
Prashant
Pranas
Prakash
Prabhakar
Powa
Pov
Porfirio
Ponso
Poncho
Polin
Pol
Plesido
Platon
Plato
Plasio
Placido
Placi
Placedo
Pjotr
Pius
Pitricio
Pito
Piter
Pirro
Piquin
Pippo
Pipito
Pip
Piotr
Pinon
Pinocchio
Pillan
Pilib
Pilar
Pilan
Pietro
Pieter
Piet
Piers
Pierrot
Pierre
Piero
Pierin
Pierce
Piedro
Pico
Pias
Phuong
Photios
Phineas
Phillip
Philippos
Philippe
Philip
Philander
Phil
Phelis
Peyton
Peyo
Petruscha
Petrus
Petruccio
Petros
Petronius
Petronio
Petrie
Petrick
Petr
Petie
Petey
Peters
Peter
Pete
Pesach
Pershing
Perseus
Perry
Perrin
Pero
Pernell
Pernel
Perkin
Periquin
Perico
Peregrine
Percy
Percival
Percifull
Perceval
Perce
Per
Peppo
Pentti
Penjani
Pelota
Pelo
Peers
Pedro
Pedran
Pedr
Peder
Peddy
Pearson
Pearce
Peadair
Payton
Payat
Paxton
Pawley
Pawel
Pavlo
Pavlin
Pavel
Pavek
Pava
Paulus
Paulum
Paultje
Paulot
Paulos
Paulo
Paullin
Paulius
Paulino
Paulie
Paulico
Paul
Patwin
Patton
Pattison
Pattin
Patrizius
Patritio
Patrin
Patrick
Patricio
Patriciano
Patamon
Passifull
Pasqual
Pascoe
Paschell
Paschall
Pascal
Parzival
Partholon
Parthalon
Parsifal
Parsefal
Parrish
Parris
Parnell
Parnel
Parlan
Parker
Paquin
Papplone
Papplo
Paplo
Papillong
Paolo
Paolino
Paoli
Panzo
Pankaj
Panfilo
Pandelo
Pancholo
Pancho
Panchito
Pallaton
Paladin
Palacido
Pal
Paki
Padruig
Padrig
Padraig
Padraic
Paden
Paddy
Paddington
Paco
Packy
Pabolo
Pablo
Pablino
Pabis
Paavo
Ozzie
Oz
Owudunni
Owen
Owayne
Owain
Ovid
Ove
Ouray
Ottorino
Otton
Ottoman
Otto
Ottah
Otoniel
Otone
Oto
Otman
Otis
Othoneil
Othom
Otho
Othello
Otello
Otadan
Oswin
Oswell
Oswald
Ossy
Ossie
Ossian
Osric
Osmond
Osmin
Osmans
Osman
Oskar
Oseep
Oscar
Osborne
Osborn
Osbert
Osamu
Orville
Orvie
Orv
Orunjan
Orson
Orsino
Orrin
Ormond
Orlondo
Orland
Orji
Orito
Oris
Orion
Oriole
Orin
Orien
Oren
Orel
Ordando
Orban
Orazio
Orasio
Oral
Oracio
Opie
Oon - Gil
Onofredo
Onofre
Onfroi
Onfredo
Ondro
Ondrej
Onani
Onan
Omero
Omer
Omar
Olwen
Olorun
Olly
Ollie
Olley
Olivo
Olivier
Oliverio
Oliver
Oliva
Olin
Oles
Olery
Oleg
Olav
Olaf
Okon
Oko
Oighrig
Ohin
Ohannes
Ohanko
Ogün
Ogun
Ogdun
Ogdon
Ogden
Offin
Ofer
Odysseus
Odon
Odom
Odoardo
Odo
Odissan
Odion
Odinum
Odinan
Odin
Odell
Oday
Octavius
Octavian
Obram
Oberon
Obadiah
Oba
Oakley
O'Neil
Nusair
Nuri
Nur Adiba
Numps
Numair
Noy
Nowles
Nowell
Nowel
Nort
Norris
Normy
Normie
Normand
Norman
Norm
Norbert
Noll
Noldy
Noland
Nolan
Noe
Nodin
Nod
Nobutaka
Noble
Nobby
Noam
Noah
Nnamdi
Nix
Niven
Nitis
Nitin
Nissim
Nishu
Nionios
Nimbus
Nilson
Nils
Nilo
Niles
Nikolos
Nikolaus
Nikolaos
Nikolai
Nikolaas
Niko
Niklas
Nikky
Nikita
Nikhil
Nik
Nigel
Nigan
Nielson
Niels
Niel
Nicolum
Nicolaus
Nicolas
Nicolao
Nicolai
Nicolaas
Nicodemus
Nico
Nickolaus
Nicklas
Nick
Nicholas
Nichol
Niccolo
Niccolini
Nicanor
Nicabar
Nibras
Nibaw
Niall
Nial
Newton
Newlin
Nevin
Neville
Nevile
Nevil
Neto
Nestor
Neron
Nermin
Neptune
Nepter
Neper
Nen
Nelson
Nels
Nelo
Nelek
Neirin
Neill
Neil
Nehru
Neeraj
Neelam
Neel
Neddy
Neddie
Ned
Necolas
Necho
Nealson
Neall
Nealey
Neale
Neal
Neacail
Nayati
Nawat
Naveed
Nav
Natty
Natilio
Nathaniel
Nathaneal
Nathan
Nate
Nataniel
Nataneal
Natan
Natale
Natal
Nat
Nasser
Nard
Narain
Nano
Nandor
Nando
Nandin
Nanda
Namir
Namid
Nalren
Naldo
Nahum
Nahma
Nahele
Nagid
Nado
Nader
Nabil
Nab
Myron
Myles
Muruganandan
Murthy
Murtagh
Murry
Murray
Murdoch
Murdo
Munrow
Munroe
Munro
Mundy
Mundek
Munda
Mull
Muhammad
Mozes
Moze
Moyes
Moy
Motega
Moswen
Mostyn
Mossimo
Moss
Mosie
Mosheh
Moshe
Moses
Mose
Morven
Morton
Mortimer
Mortie
Morten
Mort
Morse
Morriss
Morrison
Morris
Morrice
Morrell
Morrel
Morley
Moritz
Moricz
Morey
Morel
Mordikai
Mordecai
Moore
