Özge

Íde

Zéphyrine

Zàn

Zytka

Zuzu

Zuzi

Zuzeth

Zuzela

Zuzanna

Zuzana

Zuwena

Zuljeta

Zuleika

Zuleica

Zula

Zubaidah

Zubaida

Zsuzsánna

Zsuzsanna

Zsazsa

Zsa Zsa

Zoë

Zozi

Zosia

Zorina

Zoraida

Zora

Zonta

Zola

Zoila

Zohra

Zoheret

Zofie

Zofia

Zoe

Zlata

Zivanka

Zitomíra

Zitomira

Zitkala - Sa

Zita

Zirah

Ziracuny

Zipporah

Zinovia

Zinobiya

Zinnia

Zinaida

Zina

Zimriah

Zilvia

Zilpha

Zilpah

Zillah

Zil

Zihna

Zigana

Zia

Zhì

Zhi

Zhenjian

Zhané

Zhane

Zevida

Zeresh

Zerdali

Zeraldina

Zera

Zephyrine

Zephyra

Zenobja

Zenobia

Zenevieva

Zenda

Zenana

Zenaide

Zenaida

Zena

Zemorah

Zemira

Zelpah

Zelma

Zelie

Zelia

Zelfa

Zelenka

Zelda

Zel

Zehira

Zehava

Zehara

Zefiryn

Zeborah

Zea

Zdeslava

Zbyhnêva

Zbyhneva

Zaza

Zaynab

Zaylie

Zayit

Zawadi

Zarya

Zarita

Zarina

Zarifa

Zaray

Zarah

Zara

Zannah

Zanna

Zaneta

Zaneda

Zandra

Zaltana

Zalika

Zaleya

Zakiyya

Zakiya

Zakelina

Zakah

Zaira

Zainabu

Zainab

Zahrah

Zahra

Zahara

Zafira

Zadee

Zada

Zabrina

Yín

Yí

Yvonne

Yvette

Yuè

Yusra

Yunlong

Yumiko

Yuliya

Yukiko

Yukie

Yuki

Yukari

Yue

Yu

Ysonde

Ysolda

Yseult

Ysanne

Ysabel

Yrenia

Yoya

Yow

Yovela

Young - Soon

Young - Il

Yoshino

Yoshiko

Yoshi

Yoshe

Yosefa

Yori

Yonkela

Yonina

Yolyvette

Yolette

Yolathe

Yolanta

Yolande

Yolanda

Yoko

Yokkako

Yoki

Yoela

Yocheved

Yochana

Ynez

Ynes

Yin

Yi

Yevetha

Yeva

Yetta

Yeshara

Yerusha

Yepa

Yenta

Yenene

Yendelela

Yemina

Yemima

Yelena

Yelda

Yekaterina

Yejide

Yehudit

Ye

Yawa

Yasuko

Yasu

Yasmine

Yasmin

Yasmeen

Yasiman

Yashwina

Yashodhara

Yashna

Yashila

Yarmilla

Yarkona

Yardeniya

Yardena

Yanaha

Yana

Yamuna

Yamka

Yamini

Yamina

Yaluta

Yakira

Yael

Yachne

Yachi

Yaara

Yaa

Xylia

Xuan

Xiopara

Xinh

Xin

Ximena

Xilonen

Xiao - Xing

Xiao - Niao

Xenia

Xena

Xaviera

Xantho

Xanthe

Xandrine

Xandra

Wyvonne

Wyome

Wynonna

Wynne

Wynn

Wynelle

Wyn

Wylma

Wyetta

Wyanet

Wiyaka - Wastewin

Witashnah

Wisia

Wioletta

Winona

Winnifred

Winnie - Comac

Winnie

Winifred

Winema

Winda

Wilma

Willow

Willette

Willeta

Willemyn

Willann

Willamina

Willamena

Willabelle

Willa

Wilimina

Wilima

Wilhemine

Wilhemina

Wilhema

Wilfreda

Wiktoria

Wihakayda

Wigburg

Wiebke

Widad

Wichasta

Wicahpi Wakan

Wicahpi Isnala

Wicahpi

Wibeke

Whoopi

Weronikia

Wenonah

Wenona

Wendy

Wendie

Wendi

Wendeline

Wenda

Wehinahpay

Weetamoo

Weeko

Weayaya

Waynoka

Waylahskise

Wauna

Watseka

Wasula

Washta

Waseme

Warri

Wapin '

Wanita

Waneta

Wanda

Wanaka

Wana ' aonani

Wana ' ao

Waltraud

Walidah

Walida

Walentya

Wakenda

Wakanda

Wakana

Wajiha

Waipshwa

Wahchintonka

Wafiyya

Wafa

Wachiwi

Václava

Vyvian

Vyomika

Vyoma

Vrinda

Vrijeda

Vreni

Vondila

Vonda

Vladislava

Vladimíra

Vladimira

Vivyan

Vivita

Vivienne

Viviana

Vivian

Viveka

Viveca

Vivaca

Viv

Vittoria

Vitoria

Vita

Visolela

Viridia

Virginie

Virginia

Virgee

Vira

Viorica

Violetta

Violeta

Violet

Viole

Violante

Viola

Vinya

Vinette

Vincenta

Vina

Vimala

Vilma

Vilhelmina

Viktoria

Vikky

Vikkie

Viki

Vikaheilala

Vika

Vik

Vigdis

Viera

Vidya

Vidonia

Victoriya

Victorine

Victoria

Victoire

Vicky

Vickie

Vicki

Vica

Viatrix

Viatricia

Vianna

Vianca

Vi

Vevina

Vesta

Veronique

Veronika

Veronica

Vernetta

Vernesta

Vernadine

Verna

Verla

Verity

Verina

Verify

Verena

Vera

Veola

Venus

Venetia

Venessa

Veneranda

Venceslava

Velvina

Velvet

Velsie

Velora

Velma

Velinde

Velinda

Velia

Veleslava

Velda

Vegenia

Vega

Veera

Vedis

Veda

Veata

Vatusia

Vasundhara

Vasilisa

Vashti

Varvara

Varuna

Varsha

Varonika

Varinka

Varina

Varenka

Varaza

Varana

Vara

Vanya

Vanora

Vanna

Vanja

Vanika

Vania

Vani

Vanessa

Vandelia

Vandani

Vanda

Vanalika

Vanaja

Vana

Vamana

Valory

Valora

Valma

Vally

Valli

Valinda

Valida

Valetta

Valeska

Valery

Valeriya

Valerie

Valeria

Valentina

Valentia

Valenda

Valeda

Vale

Valdis

Valda

Valaree

Vailea

Vaclava

Vachya

Uwimana

Uvonda

Utina

Ute

Utako

Uta

Ut

Ushriya

Ushmil

Ushi

Usha

Uschi

Urszula

Ursy

Ursulina

Ursula

Ursola

Ursley

Ursel

Ursa

Urmi

Uriela

Urbi

Urbana

Uranja

Urania

Upala

Unquie

Unn

Unity

Unice

Uness

Undine

Una

Umniya

Umm

Umiko

Umeko

Umeki

Umeeka

Ume

Umayma

Umali

Uma

Um - Kalthum

Ulyssia

Ulu

Ulryka

Ulrike

Ulrika

Ulla

Ulina

Ularia

Ulami

Ula

Ujvala

Ujila

Ujala

Udiya

Uchenna

Tzofia

Tzivya

Tzili

Tzigana

Tzeviya

Tzemicha

Tzeira

Tzahala

Tzafra

Tzadika

Tyrene

Tyra

Tyna

Tyffany

Tyfany

Tyche

Tyana

Twyla

Tuyet

Tusla

Tusajigwe

Tusa

Tupper

Tulsi

Tulip

Tulinagwe

Tulia

Tulann

Tulani

Tula

Tukiyo

Tukiko

Tuhina

Tuesday

Tualau

Tua

Tsuruko

Tsunou

Tsula

Tsuhgu

Tsomah

Tríona

Trudy

Trudie

Truda

Trixie

Trix

Trista

Triska

Trisha

Trish

Tripta

Triona

Trinidad

Trini

Trinh

Trina

Tricia

Tria

Tri

Tresiliana

Tresha

Tresa

Trella

Treise

Trecia

Treasure

Trava

Tracy

Tracie

Traci

Tracey

Tracee

Tovia

Totsi

Tosya

Toski

Tosia

Toshi

Toshala

Toril

Tori

Torhild

Torah

Tora

Tookayo

Tooka

Tonya

Tonja

Toni

Tomina

Tomazja

Tomasa

Tolikna

Tolga

Toletta

Toivo

Toiresa

Toireasa

Toini

Tohuia

Tobe

Tiwa

Tivona

Tivian

Titilayo

Titia

Tishra

Tisha

Tish

Tisa

Tirzah

Tirza

Tirtha

Tirion

Tira

Tiponya

Tina

Timothea

Timotha

Till

Tilda

Tigris

Tiffany

Tiff

Tifara

Tiberia

Tiara

Tia

Thyra

Thurayya

Thongvan

Thomasina

Thetis

Theresa

Theophilia

Theophania

Theone

Theodosia

Theodora

Thena

Themba

Thema

Thelma

Thekla

Thea

Thao

Thandiwe

Thana '

Thaleia

Thalassa

Thais

Thaddea

Tevy

Tessi

Tessa

Tess

Tesia

Teshuah

Teryn

Terryl

Terri

Terra

Terilee

Teriah

Teri

Terezinha

Tereza

Teressa

Teresita

Teresina

Teresia

Teresa

Tera

Tephania

Teodora

Tenuvah

Tenisha

Tenecia

Temyka

Tempest

Temira

Temina

Teleza

Teleri

Tekla

Tekahionwake

Tegwen

Teena

Tedra

Teddie

Teddi

Teda

Teasag

Teamhair

Teal

Tcu Mana

Tazu

Tayanita

Tawny

Tawnie

Tawia

Tavi

Taura

Taulaki

Tatiana

Tasya

Tassos

Tasnima

Tasina

Tasida

Tashina

Tashanee

Tasha

Tasarla

Taryn

Tarunika

Tarla

Tarja

Tarika

Taria

Tareen

Taravia

Tarani

Tarana

Taralynn

Taral

Tara

Tapasya

Tané

Tanya

Tanvi

Tansy

Tannishtha

Tanith

Tanisha

Taniesha

Tanicha

Tania

Taneshea

Tanesha

Taneisha

Tane

Tanaya

Tamzen

Tamson

Tamsin

Tamrika

Tamohara

Tammy

Tammie

Tammi

Tamineh

Tamiko

Tamika

Tamica

Tami

Tamayo

Tamary

Tamara

Tamanna

Tamaleni

Tamako

Tamaki

Tamah

Tama

Talya

Talulla

Talula

Talma

Tally

Tallulah

Tallula

Tallou

Tallie

Talitha

Talise

Taliba

Talia

Taletta

Tale

Talaya

Talasi

Tala

Takiyah

Takenya

Takeko

Takayren

Takala

Tajuana

Taiwo

Taisiya

Taipa

Taima

Tahiyya

Tahirah

Tahcawin

Tahanee

Taghrid

Taegan

Tadita

Tadewi

Taci

Tabitha

Tabita

Tabia

Tabby

Tabatha

Tab

TaLisa

T ' anay

Sèarlait

Syona

Sylvia

Sylvana

Sylva

Syenna

Syeira

Sydnie

Sybille

Sybilla

Sybil

Swarup

Swanhilda

Svetlana

Svetla

Sveta

Svea

Svanni

Svanhild

Suzy

Suzume

Suzuki

Suzu

Suzie

Suzetta

Suzanne

Suzannah

Suzanna

Suzamni

Sutki

Susie

Sushobhana

Sushanti

Suse

Susanne

Susannah

Susanna

Susana

Susan

Surya

Surina

Suri

Surendra

Suraya

Surata

Suragana

Suny

Sunshine

Sunny

Sunniva

Sunita

Sunil

Sung

Sundari

Sunayana

Sunah

Sun - Hi

Summer

Sumiko

Suma

Suleta

Suleima

Suleika

Sulakhna

Sula

Suky

Sukie

Sukhtej

Suji

Sujata

Suhailah

Sugi

Suela

Sue

Sudhakara

Sudarshana

Subira

Stormy

Stina

Stesha

Stephána

Stephanie

Stephania

Stephana

Steph

Stellara

Stella

Steffy

Steffie

Stefanie

Stefania

Stefana

Stef

Stanislava

Stacy

Stacie

Stacia

Staci

Stacey

Srivatsan

Sriram

Sri

Sree

Spring

Spica

Speranza

Soshannah

Sorrel

Sorel

Soreka

Sorcha

Sora

Sophy

Sophronia

Sophie

Sophia

Sopheary

Soon - Bok

Sooketoo

Sook - Joo

Sonya

Sonje

Sonja

Sonia

Sonel

Sondya

Sondra

Sonal

Sona

Sommer

Soma

Solveig

Solimar

Soliel

Soledad

Solange

Solana

Sofronia

Sofi

Socorra

Socks

