SOBESLAVA

SLYVIE

SLYVIA

SLOAN

SLAINE

SKYE

SKY

SIU

SITULA

SITI

SITALA

SITA

SISSY

SISSIE

SISSEY

SISLEY

SISIKA

SISI

SIRI

SIONED

SIOBHAN

SINOPA

SINEENUCH

SINEAD

SINDY

SINAKO

SIMPLICIA

SIMONE

SIMONA

SIMI

SILVIA

SILVER

SILVANA

SILPE

SILLY

SILIVIA

SILE

SIKO

SIHU

SIGRUN

SIGRID

SIGOURNEY

SIGNY

SIGNA

SIGISMONDA

SIGELE

SIERRE

SIERRA

SIEGHILD

SIEGFRIDA

SIDRA

SIDONY

SIBYL

SIBONGILE

SIBILA

SIBETA

SIBELAN

SIBEAL

SIANY

SIANI

SIAN

SHYLA

SHYAMA

SHY-ANNE

SHUWANI

SHURA

SHUMANA

SHUKURA

SHRILEKHA

SHOUSHAN

SHOSHANNAH

SHOSHANA

SHONA

SHOBHANA

SHOBHA

SHLAY

SHIZUYO

SHIZUKO

SHIZU

SHIRRAL

SHIRLEY

SHIRLEEN

SHIRIN

SHIRI

SHIRELL

SHIREEN

SHIREE

SHIRA

SHIOW-CHEN

SHINYA

SHINJI

SHINA

SHIMONA

SHIKA

SHIGESHI

SHIFRAH

SHIFA

SHIERYL

SHIELA

SHEVON

SHERYL

SHERRY

SHERRIE

SHERRI

SHERILYN

SHERIDON

SHERIDAN

SHERI LYNN

SHERI

SHEREEN

SHERAZ

SHENNA

SHENANDOAH

SHELLY

SHELLIE

SHELIYA

SHELENA

SHELAVYA

SHELAGH

SHELA

SHEKEDA

SHEINA

SHEILAH

SHEILAGH

SHEILA

SHEHERAZADE

SHEENA

SHEELA

SHEBA

SHEAUGA

SHAYNAH

SHAYLEEN

SHAYLA

SHAWNEE

SHAWNA

SHAWANNAH

SHAWANA

SHAVONDA

SHAUNDA

SHAUNA

SHASTA

SHASHIN

SHASHIBALA

SHASHI

SHARYL

SHARON

SHARNA

SHARLOTTE

SHARLON

SHARLEEN

SHARISE

SHARIFA

SHARI

SHARDA

SHARANEE

SHARAMA

SHARAI

SHARADA

SHAPIRA

SHANTHI

SHANTELLE

SHANTAL

SHANTAINA

SHANTAE

SHANTA

SHANNAH

SHANNA

SHANIYA

SHANIQUE

SHANINGO

SHANI

SHANEE

SHANDRA

SHANASA

SHANA

SHAMMARA

SHAMIRA

SHAMIKA

SHAMEIKA

SHAMEENA

SHALVIYA

SHALVAH

SHALONVIA

SHALONDA

SHALEELA

SHAKUNTALA

SHAKTI

SHAKONDA

SHAKIYLA

SHAINA

SHAILA

SHAHNAZ

SHAHIRA

SHAHINA

SHAHAR

SHAFIQA

SHACHARIYA

SETSUKO

SETSU

SETEPANIA

SESHADRI

SERITA

SERENITY

SERENA

SEREN

SERAPHINE

SERAPHINA

SERAFINA

SEPTIMA

SEMEICHA

SELMA

SELINA

SELIMA

SELENE

SELENA

SELDA

SEKI

SEKELAGA

SEKANINA

SEIKO

SEDNA

SEDA

SECUNDA

SEBASTIANA

SEARLAIT

SCOUT

SCHWANHILD

SCENANKI

SCARLETT

SCARLET

SAWNI

SAWA

SAVITRI

SAVINA

SAVENA

SAVANNAH

SAURA

SAUMITRA

SAUDA

SATYARUPA

SATOSHI

SATORIA

SATINKA

SASSACUS

SASKIA

SASAGU

SARONNA

SAROL

SAROJINI

SAROJA

SARMA

SARITA

SARIL

SARI

SARAVANAN

SARAT

SARASWATI

SARALA

SARAH

SARAFINA

SARADA

SARA

SAPPHIRE

SAPPHIRA

SAPATA

SANYOGITA

SANYA

SANUYE

SANURA

SANTUZZA

SANTAVANA

SANJANA

SANIYYA

SANGITA

SANDYHA

SANDRA

SANDI

SANCHIA

SANANDA

SANA

SAMYA

SAMJUANA

SAMINA

SAMHAOIR

SAMEH

SAMARA

SAMANTHA

SALOMA

SALMA

SALLY

SALIHAH

SALENA

SALAMANDRINA

SALAMA

SALALI

SALA

SAKURA

SAKI

SAKARI

SAKAE

SAIPHIN

SAIDAH

SAI

SAHPOOLY

SAHARA

SAGITTA

SAGE

SAGARA

SAGA

SAFIYYA

SAFIA

SAEED

SAED

SADZI

SADIRA

SADIE

SADELLA

SADE

SACHIKO

SACHI

SACAJAWAE

SABRIYYA

SABRINA

SABRA

SABLE

SABINA

SABIA

SABETHA

SABELLA

SABAH

SABA

SAADA

RéGINE

RYBA

RYA

RUZENA

RUWAYDAH

RUTH

RUTA

RUSALKA

RUQAYYA

RUPINDER

RUPERTA

RUPAL

RUMIKO

RUKMINI

RUKIYA

RUFINA

RUDRA

RUCHIKA

RUCHI

RUBY

RUBINA

RUANA

ROZSA

ROZENE

ROZELE

ROZALIA

ROZA

ROZ

ROXY

ROXIE

ROXANNE

ROXANNA

ROXANN

ROXANA

ROWYN

ROWENA

ROSWITHA

ROSTISLAVA

ROSLYN

ROSITA

ROSINA

ROSIE

ROSHANARA

ROSETTA

ROSEMERE

ROSEMARY

ROSELLE

ROSELANI

ROSEANNE

ROSE ANGEL

ROSE-MARIE

ROSE

ROSCHAN

ROSARITA

ROSANNE

ROSANA

ROSAMUND

ROSAMOND

ROSAMARIA

ROSALYN

ROSALINE

ROSALINDA

ROSALIND

ROSALIE

ROSALIA

ROSALEEN

ROSALBA

ROSABELLA

ROSABEL

ROSA

ROS

RONNI

RONNA

RONIYA

RONDA

ROMANA

ROMAINE

ROLANDA

ROKUKO

ROKSANA

ROISIN

ROIS

ROHINI

ROHANA

RODERICA

ROCIO

ROCHELLE

ROBYN

ROBETA

ROBERTA

ROBENA

ROANNA

RIVKA

RIVA

RITZPAH

RITSA

RITIKA

RITA

RISSA

RISHONA

RISHA

RISA

RIONA

RINATYA

RINA

RIMONA

RIKUYO

RIKU

RIKKI

RIJU

RIHANA

RIESA

RIDA

RICKI

RICKENA

RICHELLE

RICCARDA

RICA

RIA

RHONDA

RHODE

RHODA

RHIANNON

RHEBA

RHEANNA

RHEA SILVA

RHEA

REYNA

REXELLA

REXANNE

REVEKA

REVAYA

REVA

REUMA

RESI

RESEDA

REPHAELA

RENéE

RENITA

RENIA

RENEE

RENATA

RENAE

RENA

REN

REMAZIAH

REINE

REINA

REICHANA

REI

REHEMA

REGINY

REGINE

REGINA

REGAN

REENE

REENA

REBEKKA

REBEKAH

REBECCANNE

REBECCA

RAYYA

RAYNA

RAYLENE

RAYA

RAWNI

RAWIYA

RAVIJA

RAVENNA

RATRI

RATI

RATHNAIT

RASIA

RASHIDA

RASHEDA

RASHA

RASCHELLE

RAQUEL

RANYA

RANJANA

RANITA

RANIELLE

RANIA

RANI

RANE

RANDELLE

RANDA

RANA

RAN

RAMONA

RAMLA

RAMANA

RAMAA

RAKU

RAKEL

RAJYA

RAJNANDINI

RAJATA

RAJANI

RAJALAKSHMI

RAJA

RAIZEL

RAISA

RAINE

RAINA

RAIN

RAIKO

RAICHEAL

RAI

RAHELA

RAGNHILD

RAGNA

RAGHDA

RAFYA

RAELEEN

RADOSLAVA

RADOMIRA

RADMILLA

RADINKA

RADHIYA

RADHA

RACHELLE

RACHELINE

RACHEL

RACHAV

RACHAEL

RABI'AH

RAANANA

RA'KEISHA

RA'IDAH

QUINTINA

QUINTANA

QUINNA

QUILLA

QUERIDA

QUENTILLA

QUENNA

QUENBY

QUEENIE

QUEENA

QUEEN

QUANNA

QUANDA

QUAH AH

PYRRHA

PUTA

PURNIMA

PURIFICACIóN

PURIFICACION

PULUPAKI

PUKANA

PUALANI

PUAKEA

PUAKAI

PUA

PTOLEMA

PSYCHE

PRUNELLA

PRUDENCIA

PRUDENCE

PROTIMA

PRIYA

PRISCYLLA

PRISCILLA

PRISCA

PRIMROSE

PRESENTACIóN

PRESENTACION

PRESENCIA

PREMLATA

PREMA

PRECIOSA

PRATIBHA

PRARTHANA

PRAIRIE

PRAGYATA

POSALA

PORTIA

POPPY

POMAIKA'I

POLYXENA

POLLYANNA

POLLYAM

POLLY

POLINA

POLI

POLETE

POKII

POCAHONTAS

PIXY

PITA

PIROSKA

PIPPY

PIPPA

PIPKINS

PINQUANA

PINEKI

PILISI

PILIPA

PILIKI

PILAKA

PIKKA

PIERRETTE

PIERINA

PIA

PHYLLIS

PHYLICIA

PHURBA

PHOTINE

PHOEBE

PHILOMENA

PHILLIS

PHILLIDA

PHILIPPA

PHILENE

PHILANTHA

PHILANA

PHEMIA

PHELISIANA

PHEBE

PHEAKKLEY

PHANESSA

PHAIDRA

PHAEDRA

PETULIA

PETULA

PETRONILLA

PETRONILHA

PETRONELA

PETRINA

PETRA

PETA

PERSIS

PERSEPHONE

PERPETUA

PERLA

PERESILA

PEPPER

PEPITA

PEONY

PENTEA

PENNY

PENNINGTON

PENINA

PENI

PENELOPE

PELIPA

PELIAH

PELCIA

PELAGIYA

PELAGIA

PEIGI

PEGGY

PEGAH

PEG

PEFILIA

PEDZI

PEBBLES

PEARL

PAZIA

PAVLA

PAVANA

PAUSHA

PAULITA

PAULINE

PAULINA

PAULETTE

PAULA

PATTY

PATTIE

PATTI

PATSY

PATRIZIA

PATRICIA

PATRICE

PATIENCE

PATIA

PATI

PATEREKIA

PATEIZIA

PASUA

PASCUALA

PASCALE

PARVANI

PARTHENIE

PARTHENIA

PARKY

PARASKEVA

PARADISE

PAPINA

PAOLINA

PAOLA

PANYIN

PANYA

PANTHEA

PANSY

PANOLA

PANNA

PANGIOTA

PANDORA

PANDITA

PANDASALA

PAMELA

PAM

PALOMA

PALLAS

PALILA

PAKA

PAILI

PAIGE

PAGE

PADRAIGIN

PADMAVATI

PADMASUNDARA

PADMA

PACIFICA

PACIENCIA

PAAVANI

PAAVANA

OZERA

OYA

OVELIA

OURANIA

OTYLIA

OTTILA

OTTAVIA

OTILIE

OSYKA

OSKANA

OSKALOOSA

OSEYE

ORTHIA

ORTENSIA

ORSOLYA

ORSELINE

ORPAH

ORNICE

ORMONDA

ORLENDA

ORLENA

ORLAINE

ORLA

ORITHYIA

ORINDA

ORILLA

ORIETTE

ORIANA

ORELIA

OREDOLA

ORA

OPRAH

OPHELIA

OPALINE

OPALINA

OPAL

OONAGH

OONA

ONIDA

ONI

ONELLA

ONEIDA

ONAWA

ONAIWAH

ONA

OMUSUPE

OMUSA

OMOROSE

OMINOTAGO

OMENA

OMEMEE

OMEKAO

OMANA

OMADA

OMA

OLYMPIA

OLYMPE

OLUFEMI

OLIWJA

OLIVIA

OLIVETTE

OLIVE

OLISA

OLIMPIADA

OLICIA

OLIANA

OLIA

OLGA

OLESIA

OLENKA

OLENA

OLDRISKA

OLAYINKA

OLAUG

OLATHE

OLANIYI

OLABISI

OKTAWJA

OKSANA

OKRIKA

OKALANI

OJINJINTKA

OJASVEE

OHEO

OFRA

OFILIA

OFELJA

OFELIA

OFA

ODIYA

ODINA

ODILE

ODILA

ODETTE

ODESSA

ODELIA

ODE

ODDVEIG

OCTAVIA

OCEANA

OBIOMA

NYURA

NYSA

NYE

NYDIA

NURYA

NUNZIA

NUNCIATA

NUMA

NUKULUVE

NUHA

NUDAR

NUALA

NTSEKHE

NOVIA

NOVA

NOURBESE

NOURA

NORMINA

NORMA

NORLENE

NORIYUKI

NORITA

NORINE

NORIKO

NOREEN

NORBERTA

NORANNE

NORAH

NORA

NOOR

NONYAMEKO

NONOOKTOWA

NONIE

NONA

NOMUSA

NOMBLE

NOMBESE

NOMBEKO

NOMALANGA

NOLLAIG

NOLCHA

NOLA

NOIRIN

NOEMIE

NOELLE

NOELLA

NOELANI

NOBUYUKI

NOBANTU

NNEKA

NKOSAZANA

NJEMILE

NIVA

NIU

NITUNA

NITSA

NITARA

NITA

NISSE

NISSA

NISHIYO

NISHIKO

NISHIE

NISHI

NISHA

NIRANJANA

NIOBE

NINOVAN

NINON

NINOCHKA

NINIANE

NINIA

NINETTE

NINEL

NINA

NIMESHA

NIMAH

NIMA

NILSINE

NIKOLETA

NIKOLA

NIKKI

NIKI

NIKEESHA

NIKA

NIHAL

NICOLETTE

NICOLETA

NICOLE

NICOLA

NICKIE

NICIA

NICHOLE

NICHOLA

NICHELE

NICCOLA

NIBAL

NIAMH

NIABI

NIYA

NI'MATU-ALLAH

NGUYET

NGOZI

NGOC

NEZIKA

NEYSA

NEVIAH

NEVES

NEVARA

NEVA

NETTIE

NETTA

NETIA

NETANIAH

NETANA

NEST

NESSA

NESIAH

NERYS

NERTHUS

NERISSA

NERIAH

NERA

NEPA

NEOMA

NENET

NEMESIO

NEMERA

NELLY

NELLIE

NELLI

NELLA

NELL

NELITA

NELINA

NELIA

NELDA

NEL

NEKOMA

NEKA

NEIMA

NEILINA

NEHANDA

NEHA

NEENAH

NEEMA

NEELAY

NEDIVA

