MOON - SUK
MONTY
MONTGOMERY
MONTE
MONTAGUE
MONTAGU
MONROE
MONRO
MONET
MOLIMO
MOJAG
MOHAN
MOHAMMED
MOHAMMAD
MOE
MITCHELL
MITCHEL
MITCH
MISU
MIROSLAW
MIROSLAV
MIRKO
MIRIT
MINGO
MINGDONG
MINGAN
MING - FANG
MIMIS
MILTON
MILT
MILOS
MILOGOST
MILO
MILLS
MILKO
MILES
MILAP
MIL
MIKKEL
MIKHAIL
MIKHAEL
MIKEL
MIKE
MIKAEL
MIGUELITO
MIGUEL
MIGAEL
MIECZYSLAW
MICKY
MICKEL
MICK
MICHIEL
MICHELE
MICHEL
MICHEIL
MICHAIL
MICHAEL
MICALAO
MICAJAH
MIC
MEYER
MEW
MEURIZ
MEURIG
MESTIPEN
MESSIMO
MERWYN
MERVYN
MERVIN
MERTIN
MERRITT
MERRIPEN
MERRICK
MERLIN
MERED
MENZ
MENSAH
MENKER
MENDELEY
MELVYN
MELVIN
MELVILLE
MELVERN
MELOR
MEIR
MEHTAR
MEHMET
MEHDI
MECHTILDE
MCCULLOUGH
MCCULLOUCH
MCCULLOCK
MCCULLAGH
MAYON
MAYO
MAYER
MAXWELL
MAXIO
MAXINO
MAXIMUS
MAXIMINO
MAXIMILLIAN
MAXIMILIEN
MAXIMILIANUS
MAXIMILIANO
MAXIMILIAN
MAXIME
MAXIM
MAX
MAURY
MAURSIO
MAUROSIO
MAURO
MAURIZIO
MAURITS
MAURIE
MAURICIO
MAURICE
MAUREO
MAUR
MATYAS
MATTY
MATTIEU
MATTIE
MATTHIAS
MATTHIA
MATTHEW
MATTHEUS
MATTHES
MATTHEO
MATTHAUS
MATTHAEUS
MATTEO
MATTE
MATT
MATS
MATOPE
MATO
MATHIEU
MATHIAS
MATHEW
MATHEO
MATEUSZ
MATEO
MATEJO
MATEJ
MATA
MAT
MASUD
MASSIMILANO
MASSEY
MASOU
MASLIN
MASIAL
MASHRUK
MASCIMO
MASAMO
MASAMITSU
MASAHIRO
MARVIN
MARVEN
MARVE
MARV
MARUT
MARTY
MARTON
MARTINICINO
MARTIN
MARTIJN
MARTIE
MARTEN
MARTEL
MARTAINN
MART
MARSILIO
MARSHAL
MARSH
MARRIM
MARR
MARQUITOS
MARON
MARNIN
MARMADUKE
MARLY
MARLON
MARLIN
MARKUS
MARKOS
MARKELL
MARK
MARIUS
MARIO
MARIN
MARID
MARIANO
MAREK
MARCUS
MARCOS
MARCO
MARCIUS
MARCIAL
MARCELLUS
MARCELINO
MARCEL
MARC
MARAR
MAOLMUIRE
MANUS
MANUEL
MANU
MANSUR
MANSOOR
MANSAH
MANSA
MANNY
MANLIO
MANIPI
MANFRED
MANDRILL
MANDO
MANDER
MANDEK
MANCO
MANCHU
MANCHO
MAMO
MALON
MALIK
MALCOLM
MALACHY
MALACHI
MAL
MAKSIM
MAKIS
MAKAN
MAITLAND
MAIRAV
MAIMUN
MAIK
MAHLOM
MAHIR
MAGNUS
MAGGIO
MAELMORE
MADS
MADOG
MADOC
MADHUJIT
MACK
MACISIMI
MACIEJ
MACE
MACALIANO
MACKEIGHRY
MACKEEFRY
MAC
LYRON
LYNWOOD
LYNDON
LYLE
LYELL
LYEL
LUTZ
LUTHERIO
LUTHER
LUTERIS
LUNT
LUKYAN
LUKE
LUKAS
LUIZ
LUISTER
LUIS
LUIGI
LUDWIK
LUDWIG
LUDVIG
LUDOVIC
LUCJAN
LUCIUS
LUCIANO
LUCIAN
LUCAS
LUBOMIR
LOYD
LOWTHER
LOWENHARD
LOWELL
LOWE
LOVRE
LOVELL
LOUIS
LOUIE
LOUDON
LOU
LOTHAR
LORNE
LORENZO
LORENS
LORD
LORANZIO
LORANT
LORAN
LONNY
LONATO
LOMAN
LOEW
LOE
LODOVICO
LODEWIJK
LODEWICK
LLYWELYN
LLOYD
LLEWELYN
LLEWELLYN
LIWANU
LIU
LITO
LIONELLO
LIONEL
LIONARDO
LIO
LINWOOD
LINUS
LINN
LINK
LINFRED
LINDON
LINDEN
LIKO
LIANG
LIAM
LEX
LEWIS
LEWIE
LEW
LEVY
LEVI
LESZEK
LESTER
LEROY
LERON
LEONID
LEONHARD
LEONE
LEONCIO
LEONARDUS
LEONARDO
LEONARD
LEON
LEO
LENZ
LENSAR
LENOX
LENNY
LENNOX
LENNOR
LENNO
LENNIE
LENNARD
LENN
LENHART
LENCI
LEN
LEMUEL
LEMOINE
LEM
LELAND
LEIT
LEIF
LEFTY
LEELAND
LEEGRANT
LECHITO
LECH
LEBEN
LEANDER
LEANARDO
LEALAND
LEAF
LAWSON
LAWS
LAWRY
LAWRENCE
LAWREN
LAVI
LAURENZ
LAURENTIUS
LAURENT
LAURENS
LAURENCE
LAURAN
LAUNCELOT
LAUNCE
LAUENTO
LARSON
LARS
LARRY
LARRIE
LARRANCE
LARKIN
LANU
LANI
LANGUNDO
LANGSTON
LANGDON
LANDON
LANCE
LAMONT
LAMOND
LAMMOND
LAMEL
LAMBERT
LAMAR
LALO
LAL
LAIRD
LAINE
LAFREDO
LAFAYETTE
LADO
LADD
LAD
LACHLAN
LABID
LABAN
LAVELLE
LAMARR
KYRYLO
KYROS
KYRILLOS
KYRIL
KYRIAKOS
KYLER
KWESI
KWAZI
KWASI
KWAN
KWAME
KWAM
KWAKU
KUZIH
KURTIS
KURT
KUPER
KUMARAVEL
KUMAR
KULEN
KRZYSZTOF
KRZYS
KRYS
KRUIN
KRITOS
KRISTOPHER
KRISTOFFER
KRISTOFER
KRISTOF
KRISTO
KRISTIAN
KRISTER
KRISS
KRISPIN
KRIKOR
KREG
KOVAR
KOSTI
KOSTAS
KOSEI
KORUDON
KOREY
KORB
KONTAR
KONRAD
KONDRAD
KONANE
KOLYA
KOKUDZA
KNUT
KNUD
KNOTON
KLIMENT
KLIMEK
KLEMO
KLEMENT
KLEMENS
KLEMENIS
KLEMEN
KLAVDU
KLAUS
KLAUDIUSZ
KLAMENCAS
KLAAS
KIZZA
KIYOSHI
KIVI
KITO
KISTUR
KISTNA
KIRK
KIRILL
KIRIL
KIRBY
KIRAL
KIPLING
KIP
KINGSLEY
KING
KIMO
KILLIAN
KILIAN
KIL
KIKO
KIJIKA
KIERAN
KIEL
KIBBE
KHVYADOS
KHRYSTOFOR
KHRYSTIYIYAN
KHRISTOFOROS
KHRISTIAN
KHORDAD
KHARALD
KHARALAMBOS
KHALLIL
KEVIN
KEVEN
KESTER
KESSE
KESIN
KESAR
KERWIN
KERSEN
KERS
KERN
KERMIT
KENYON
KENT
KENRICK
KENNIE
KENNEY
KENNETH
KENN
KENICHI
KENDRICK
KENDRIC
KENAN
KEN
KELVIN
KELSIE
KELSAY
KELEMEN
KELE
KELCEY
KELBY
KELASH
KEIZO
KEITH
KEIR
KEIGHRY
KEENAN
KEEGAN
KEEFE
KEDEM
KEDDY
KEDAR
KEB
KEANU
KEAHI
KAZUTAKA
KAZIMIERZ
KAYNE
KAYIN
KAU
KATSUJI
KATRICK
KASPER
KASPAR
KASIMIR
KASIM
KASIB
KASHIF
KASEKO
KAROLIS
KAROLEK
KAROL
KARMEL
KARLIK
KARL
KARIME
KARIM
KARIF
KAREEM
KARCH
KANTU
KANE
KAMIL
KAMEL
KALVIN
KALUS
KALOOSH
KALMAN
KALKIN
KALIQ
KALEB
KALE
KALB
KAITLYN
KAINE
KAIN
KAENAN
KADIR
KADIN
KADAR
KABIL
JUSTO
JUSTIVO
JUSTINO
JUSTINIAN
JUSTIN
JUSTICE
JUST
JURI
JURGEN
JURATE
JUNO
JUMAH
JULLE
JULIUS
JULIO
JULIAN
JULES
JUDD
JUDAS
JUDAH
JUBAL
JUAN
JOV
JOURDAN
JOUNI
JOTHAM
JOSIAH
JOSIA
JOSHUA
JOSH
JOSEPH
JOSE
JORJI
JORI
JORGY
JORGE
JORG
JORDYN
JORDI
JORAN
JOQUIN
JONSON
JONES
JONATHON
JONATHAN
JONAS
JONAM
JONAH
JONA
JON
JOLON
JOHNSON
JOHNS
JOHNNY
JOHNNIE
JOHNIE
JOHN
JOHANNES
JOHANN
JOHANAN
JOHAN
JOEY
JOEL
JOE
JOCK
JOBE
JOAQUIN
JOAQUIM
JOAO
JOANNES
JOACHIM
JIVIN
JIRO
JIMMY
JIMMIE
JIMI
JIM
JIHO
JIE
JIBBEN
JIAN - JIN
JIAN
JETHRO
JESUS
JESU
JESSE
JESS
JESPER
JESITO
JERZY
JERVIS
JERRY
JERROME
JERROD
JERRIE
JERONIMO
JEROME
JERM
JEREMY
JEREMIAH
JEREME
JERED
JER
JEPTHA
JEPHTHAH
JEOFFROI
JENS
JELLOW
JEHAN
JEFFRY
JEFFREY
JEFFERSON
JEFFERS
JEFFEREY
JEFF
JEEVES
JEDRZEJ
JEDREK
JEDIDIAH
JED
JEB
JEAN - PAUL
JAYE
JAYANT
JAY
JAVIS
JAVIN
JAVIER
JAVAS
JASPER
JASON
JASCHA
JAS
JARVIS
JARRED
JAROSLAW
JAROSLAV
JARON
JAROMIR
JAROGNIEW
JARI
JARETT
JAREK
JARED
JAPHETH
JANSEN
JANOS
JANINE
JANICK
JANEK
JAN - HARM
JAMISON
JAMIL
JAMEY
JAMESON
JAMES
JAL
JAKOB
JAKE
JAIRY
JAHI
JAGO
JAGGER
JAFET
JAFAR
JACQUES
JACQUE
JACOB
JACKY
JACKSON
JACK
JACINTO
JACIAN
JABRIL
JABEZ
JABA
JAAN
JAAFAR
IZZY
IZZIE
IZUMI
IZSU
IZRAIL
IZRAELIUS
IZAAK
IWAN
IVOR
IVON
IVO
IVES
IVAR
IVANOVITCH
IVAN
ITZHAK
ISTU
ISIDORE
ISHMAEL
ISAIAH
ISAIA
ISADOR
ISACC
ISAC
ISAAK
ISAAC
IRWYN
IRWIN
IRWAN
IRVING
IRVINE
IRVIN
IRV
IRA
IOSEPH
IOEL
IOANNES
IOAN
IOAKIM
INTEUS
INRIQUES
INNOKENTI
INIKO
INIGO
INGOLF
INGMAR
INGHAM
INGEMAR
INERMO
INDERPREET
IMMAUEL
IMMANUEL
IMAMU
ILYA
ILIIA
ILDEFONSO
ILAN
IKE
IGOR
IGNAZIO
IGNATIUS
IGNAC
IGGY
IGASHO
IGANTOV
IFOR
ICO
IBRAHIM
IAN
IAIN
IAGO
HYWEL
HYMAN
HUZAIFA
HUW
HUU
HUTE
HUTCHINSON
HUTCH
HUSAIN
HURLEY
HUNG
HUMPHREY
HUMFREY
HUMBERTO
HUMBERT
HULIN
HUGO
HUGIBERT
HUGHIE
HUGHES
HUGH
HUEY
HUDSON
HUBERTO
HUBERT
HUBBARD
HUB
HOYT
HOYLE
HOWIE
HOWI
HOWELL
HOWEL
HOWARD
HOUMAN
HOTAKA
HOSEA
HORST
HORMAZED
HORMAZD
HORIS
HORENTIO
HORATIO
HORACIO
HORACE
HOOPER
HOOP
HOOD
HOMER
HOLT
HOLLINS
HOLLINGS
HOLLES
HOLLEB
HOLIC
HOLGER
HOLDEN
HOIREABARD
HOIBEARD
HOHAN
HODGKINS
HODGES
HODGE
HOBBES
HOBARD
HOB
HNATOCHKO
HJALMAR
HISOKA
HIRUS
HIRSH
HIRSCH
HIROSHI
HIROMI
HIRAM
HINUN
HINRICH
HINKO
HIMANSHU
HILMAR
HILLEL
HILFREDO
HIERONYMOS
HIERONYM
HIERMO
HICKS
HEYWOOD
HEWIE
HEWETT
HEWES
HEWART
HEW
HESUS
HERVEY
HERVE
HERSH
HERSCHEL
HERSCH
HERRIBERTO
HERONIM
HERON
HERO
HERNANDO
HERMON
HERMANN
HERMAN
HERM
HERIBERTO
HERI
HEREMIAS
HERBIE
HERBERTO
HERBERT
HERB
HENRY
HENRIK
HENRICO
HENRI
HENREY
HENNING
HENK
HENGKY
HENDRIK
HENDERSON
HEMANT
HELMUT
HELKI
HELGE
HELAKU
HEKTOR

