Zyrillus
Zygmunt
Zwi
Zuhayr
Zubin
Zuberi
Zsigmond
Zotom
Zorya
Zomeir
Zoltan
Zolly
Zollie
Zlavador
Zlatan
Ziyad
Ziya
Ziven
Zivan
Ziv
Zitomir
Zitkaduta
Zipkiyah
Zinte
Zinova
Zinan
Zimri
Zimran
Zimon
Zikomo
Ziggy
Zig
Zhuang
Zhu
Zhong
Zhiyu
Zhihua
Zhanmiao
Zevulun
Zevid
Zevadiah
Zevachiah
Zevach
Zev
Zeus
Zethus
Zerika
Zerem
Zerachia
Zerach
Zephyrus
Zephyr
Zephaniah
Zeph
Zenzel
Zenos
Zenon
Zenobios
Zeno
Zemariah
Zelimir
Zeki
Zeke
Zeheb
Zehariah
Zeeman
Zedekiah
Zed
Zecharya
Zechariah
Zebulun
Zebulon
Zebedee
Zebadiah
Zeb
Zdzislaw
Zdeslav
Zdenek
Zbyhnev
Zbigniew
Zayd
Zavior
Zavier
Zavdiel
Zavad
Zarek
Zareb
Zaquarias
Zane
Zander
Zamir
Zameer
Zakur
Zaki
Zakariyya
Zakarij
Zakarias
Zakai
Zak
Zaid
Zahur
Zahir
Zahid
Zahavi
Zahair
Zafar
Zaed
Zackry
Zack
Zachery
Zachary
Zacharjasz
Zacharie
Zacharias
Zachariah
Zachaios
Zach
Zacchaeus
Zaccaria
Zacaris
Zacario
Zacariaz
Zacarias
Zac
Yvon
Yves
Yvaine
Yuyu
Yuyo
Yuval
Yutu
Yusuke
Yusuf
Yussuf
Yushua
Yusef
Yury
Yuriy
Yuri
Yure
Yunus
Yunis
Yulius
Yukio
Yucel
Yubo
YuHsin
Yu - Fai
Yssach
Ysaye
Ysac
Ysaax
Ysaac
Yoyo
Yoyi
Young
Youkioma
Yoseph
Yosef
Yorick
Yorath
Yoomtis
Yoni
Yonatan
Yonas
Yonah
Yohanan
Yoel
Yochanan
Ynyr
Ymir
Yitzhak
Yitzchak
Yitro
Yisrael
Yishmael
Yishachar
Yisha
Yirmeyahu
Yirmeyah
Yevgeniy
Yeshayahu
Yerik
Yeriel
Yered
Yen
Yemon
Yehudah
Yehoyakim
Yehoshua
Yehosha
Yehonatan
Yehochanan
Yedidiah
Yechezkel
Yazid
Yayo
Yasuo
Yasuhiro
Yassen
Yasir
Yasin
Yashaskar
Yash
Yasahiro
Yasah
Yarin
Yarev
Yared
Yarden
Yarb
Yao
Yanoach
Yannis
Yannic
Yann
Yang
Yancy
Yanai
Yan
Yamut
Yamin
Yamal
Yale
Yakov
Yakim
Yakez
Yakecen
Yakar
Yahya
Yaholo
Yafeu
Yadin
Yadid
Yaar
Yaakov
Ya ' qub
Xun
Ximon
Xietian
Xiaobing
Xever
Xerxes
Xerex
Xenos
Xeno
Xayvion
Xavier
Xaver
Xan
Xabier
Xabiel
Wystan
Wynton
Wynono
Wymond
Wylie
Wyatt
Wuyi
Wunand
Wullie
Wuliton
Wulfric
Wright
Wouter
Woody
Woodrow
Woodie
Wood
Wolfram
Wolfgang
Wolf
Wojciech
Wlodzislaw
Wlodzimierz
Wlodek
Wladyslaw
Witold
Wislaw
Winward
Winton
Winthrop
Winter
Winston
Winn
Wingi
Winfried
Winfield
Wimund
Wim
Wilu
Wilson
Wilny
Wilmot
Wilmer
Willy
Willis
Williamson
William
Willi
Willet
Willem
Willard
Will
Wilkes
Wilhelm
Wilfried
Wilfrid
Wilfred
Wiley
Wildon
Wilder
Wilbur
Wilbert
Wilanu
Wil
Wielislaw
Wieland
Wichado
Wicent
Weston
Westley
Westleigh
Wesley
Wesh
Wes
Werner
Wenzel
Wendell
Wende
Wenceslas
Wen
Wemilo
Wemilat
Welch
Welby
Weed
Webster
Webber
Webbe
Webb
Wayne
Waylon
Waylen
Wawrzyniec
Watty
Watson
Watkin
Waterio
Wat
Wasif
Wasi
Warrick
Warren
Warner
Wariner
Warder
Warden
Wardell
Ward
Wapi
Walton
Walther
Walters
Walter
Walt
Walsh
Wally
Wallis
Wallie
Wallache
Wallace
Walker
Waldo
Walden
Wald
Walache
Wakiza
Wade
Waclaw
Waban
Vyacheslav
Vural
Voytek
Voravit
Von
Volodymyr
Volker
Vlado
Vladlen
Vladislav
Vladimir
Vladilen
Vlach
Vizente
Vittorio
Vitorio
Vito
Vite
Vitaliy
Vishnu
Vishal
Visent
Virror
Virgilio
Virgil
Virge
Vipin
Vinod
Vinny
Vinnie
Vinn
Vincze
Vincente
Vincent
Vince
Vinal
Vin
Viltoriano
Vilmar
Viljo
Vili
Vilhelm
Vildor
Vikentij
Vijay
Vihelm
Vignesh
Viggo
Vifforiano
Viet
Vidrik
Vidal
Vida
Victro
Victorino
Victorianas
Victor
Victoir
Victo
Vico
Vick
Vicho
Viche
Vicenzo
Vicenz
Vicenty
Vicentius
Vicente
Vicencio
Vic
Vernon
Verney
Verne
Vernavela
Vernaldos
Vernaldo
Vern
Vergil
Vered
Venya
Venudhar
Venu
Venjamin
Veniamin
Venedictos
Vencel
Velden
Veicente
Vazul
Vaughn
Vaughan
Vasyltso
Vasska
Vassilyij
Vassily
Vasin
Vasiliy
Vasilis
Vasilios
Vas
Vartolomeiu
Vartolomei
Vartan
Varrick
Vareck
Varden
Vanni
Vann
Vanka
Vance
Van
Valmy
Valin
Valentino
Valentin
Valentijn
Valente
Valen
Valdemar
Vahe
Vadin
Vadim
Vaclav
Uzoma
Uwe
Uval
Utz
Uthman
Ussulo
Usman
Urvan
Ursul
Ursuelo
Urson
Urso
Urlando
Urien
Uriel
Uriah
Uri
Urbanus
Urbano
Urban
Urbaine
Umesh
Umberto
Ulysses
Ultan
Ulrich
Ulric
Ulmar
Ulises
Ulick
Ulf
Ulandus
Uland
Uinsionn
Uillioe
Uilliam
Uilleam
Ugon
Ugolino
Ugo
Udo
Ude
Uberto
Ualtar
Tzu - chin
Tyson
Tyrone
Tyrome
Tymon
Tyler
Tyehimba
Tyee
Tybalt
Ty
Tuto
Tuta
Turlough
Turlogh
Turi
Tupi
Tunu
Tung
Tully
Tullio
Tukuli
Tudyr
Tudur
Tudor
Tucker
Tuck
Tuan
Trystan
Truxton
Troy
Tristram
Tristem
Tristan
Tristam
Trimoteo
Trey
Trevor
Trev
Trent
Trefor
Travis
Trav
Tranter
Tovi
Tovano
Totoya
Toshio
Tory
Torsten
Torrey
Torrence
Torquil
Tore
Tord
Tor
Topwe
Topi
Tony
Tonio
Tonico
Tong
Tonek
Toncho
Tomoyuki
Tomotaka
Tomoichiro
Tomoaki
Tommy
Tommie
Tomlin
Tomito
Tomi
Tomaz
Tomaso
Tomash
Tomasens
Tomas
Toman
Toma
Tom
Toli
Tolek
Tola
Tokahi
Tohon
Todoro
Todorko
Todor
Todd
Tod
Toby
Tobias
Tobbar
Tobalito
Tobal
Tivon
Titus
Tito
Tiong
Tiomoid
Tino
Timur
Timoty
Timothy
Timotheus
Timotheos
Timothee
Timoteus
Timoteo
Timon
Timofei
Timo
Timmy
Timmie
Timiteo
Timiro
Timin
Timex
Timeus
Timeto
Timeen
Timateo
Tim
Tilo
Tilden
Tijen
Tiger
Tieodoro
Tiennot
Tielman
Tidzio
Ticho
Tibs
Thorsten
Thorburn
Thor
Thompson
Thomesito
Thomas
Thoma
Thom
Thierry
Thiago
Theron
Theophilus
Theodorus
Theodoros
Theodoric
Theodore
Theodor
Theoderic
Theobald
Theo
Thematheo
Theirry
Theador
Thayne
Thanos
Thanh
Thaine
Thady
Thaddy
Thaddeus
Thaddeo
Thaddaus
Thad
Tewdwr
Tewdwer
Teva
Tev
Teuvo
Tetris
Terumi
Terris
Terrill
Terrence
Terrell
Terrel
Terrance
Tero
Teres
Tererso
Terentilo
Terencio
Terenciano
Terence
Tercero
Terance
Teofilo
Teodoro
Teodocio
Teodero
Tente
Temotio
Temani
Teman
Tem
Telly
Telem
Telek
Teemofe
Tedi
Teddy
Ted
Tecumseh
Tearlach
Tearach
Tazari
Tayor
Tayib
Tawno
Tavo
Tavito
Tavis
Taurin
Tauno
Tau
Tatton
Tatsuya
Tatsu
Tate
Tas
Tarrus
Tarquin
Taro
Tarn
Tariq
Tarintino
Tarek
Taras
Tano
Tanner
Taner
Tanek
Tandy
Tamid
Tamar
Taman
Talman
Talli
Taliesin
Tales
Takuji
Takis
Takayuki
Takashi
Taj
Tait
Taison
Tahir
Taghi
Tadzi
Tadi
Tadhg
Tadeusz
Tadeo
Tad
Tabor
Tabo
Tabib
Taavetti
Szymon
Szczesny
Szczepan
Syril
Sylvester
Sylvesdre
Sylbestrio
Syed
Syd
Sy
Sworn
Sven
Suti
Suresh
Suraj
Suman
Sultan
Sudi
Subir
Subhani
Styg
Stuart
Stu
Strom
Stori
Stoffel
Stirling
Stiobhan
Stiggur
Stewart
Steward
Stew
Stevin
Steven
Steve
Steuart
Sterling
Stepka
Stephen
Stephanus
Stephanos
Stephan
Steffen
Stefano
Stefan
Steaphan
Starr
Starling
Stanly
Stanley
Stanleigh
Stanlee
Stanislaw
Stanislav
Stanislaus
Stane
Stancio
Stan
Srulka
Srinivas
Sreko
Srdjan
Srdan
Spofforth
Spofford
Spiridion
Spenser
Spence
Sped
Sosimo
Sophronio
Sonny
Songan
Somhairle
Solon
Solomon
Solly
Sollie
Solamh
Solaman
Sol
Sohil
Sofronio
Sofian
Socrates
Sobieslaw
Sly
Slevin
Slawomir
Slavik
Slane
Slade
Skylar
Sivan
Siva
Sirol
Sirilio
Sipatu
Siomonn
Siobhan
Singh
Sinclair
Simpson
Simpkins
Simon
Simeon
Simen
Simao
Sim
Silvio
Silvestro
Silvestre
Silvester
Silverio
Silvanus
Silvano
Silvain
Silas
Sigurd
Sigmund
Sigmond
Sigismundus
Sigismundo
Sigismund
Sigismond
Sigfrid
Sigamond
Sig
Siegmund
Sieglinde
Sieghard
Siegfried
Sidonius
Sidney
Siddharth
Sidath
Sid
Sicilio
Shyenti
Shul
Shu - Hung
Shrihas
Sholto
Sholom
Shlomo
Shiro
Shino
Shing
Shimshon
Shimon
Sherman
Sherm
Sheridan
Sherborn
Sheratan
Shengdar
Shen
Shemuel
Shem
Shelton
Shelomoh
Sheldon
Shehrevar
Sheehan
Sheard
Shay
Shawn
Shaw
Shaun
Sharif
Shaquille
Shanon
Shankar
Shane
Shandar
Shamus
Shamir
Shameel
Shalom
Shahriyar
Shahak
Shah
Shafayet
Shad
Shabbeedur
Seymour
Seymore
Sextus
Sevilen
Sevastian
Seumus
Seumas
Seth
Sessylt
Sesilium
Sergio
Serge
Septimus
Seppel
Sepp
Seosaidh
Senwe
Senthilkumar
Senon
Sem
Selvestre
Selmar
Selim
Selby
Selbastiano
Seker
Seif
Segrerico
Segel
Sefano
Sef
Seetharam
Sebastiene
Sebastien
Sebastianos
Sebastiano
Sebastian
Seann
Sean
Seamus
Seaian
Scuit
Scotty
Scottie
Scotti
Scott
Scotie
Scot
Schuyler
Schroeder
Schindler
Sayaka
Savvas
Savas
Savalus
Sauveur
Saurav
Saurabh
Saul
Satish
Sartan
Sarosh
Sarojin
Sarngin
Sargent
Sarge
Sarad
Sanson
Sanjeev
Sanjay
Sani
Sangdrax
Sandor
Sandon
Sanders
Sander
Sandeep
Sanat
Samuru
Samuelo
Samuele
Samuel
Samouel
Sammy
Sammon
Samir
Sami
Samein
Sameer
Samaresh
Salvatore
Salvalus
Salvadore
Salvador
Salustiano
Salud
Salos
Salomon
Salmon
Salman
Salmalin
Salim
Salih
Sal
Sakima
Sailbheastar
Saiful
Saidur
Sahen
Sahale
Sadanand
Sachar
Sacco
Sacarias
Saburo
Sabriam
Ryszard
Ryland
Rydell
Ryan
Ruyen
Ruy
Rutty
Rutherford
Rutger
Rusty
Russell
Russel
Russ
Rushi
Rurik
Rurich
Ruprecht
Rupo
Ruperto
Rupert
Runako
Rulf
Rujelio
Rugino
Ruggiero
Ruggero
Rufus
Rufo
Rufio
Rufinus
Rufino
Ruffo
Ruferto
Rufeo
Rufe
Rudyard
Rudy
Rudro
Rudolphus
Rudolpho
Rudolph
Rudolf
Rudo
Rudiger
Rudgerd
Ruddy
Rudd
Ruberto
Ruben
Rubben
Ruairi
Ruairdhri
Roydon
Royd
Royce
Royale
Royal
Roy
Rowland
Rowe
Roverto
Rouvin
Roth
Ross
Rosmer
Rory
Rorie
Roppon
Roosevelt
Ronny
Ronnie
Ronan
Ronaldo
Ronald
Romney
Romino
Romeo
Romarico
Romano
Romance
Roman
Romain
Rolph
Rolon
Rolo
Rolly
Rollon
Rollo
Rollins
Rollin
Rollie
Rolland
Rollan
Rolfe
Rolf
Roldan
Rolando
Roland
Rojelio
Roi
Rohit
Rohin
Rohelio
Roguerio
Rogers
Rogero
Rogerio
Roger
Rogelio
Rog
Roeland
Rodrigo
Rodrick
Rodrego
Rodolph
Rodolfo
Rodney
Rodman
Rodin
Rodhlann
Rodgers
Rodger
Rodge
Roderick
Roderich
Roderic
Roddy
Roddie
Rodas
Rodalfo
Rod
Rocky
Rock
Rocco
Robson
Robinson
Robi
Robertson
Roberto
Robert
Robby
Robbie
Robb
Robar
Rob
Roar
Roan
Roald
Rizzo
Rizwan
Ritchie
Risto
Riqui
Riquerto
Rion
Riobard
Rio
Ringo
Ringan
Rinaldo
Rimril
Rimon
Rimington
Riley
Riks
Rikard
Riik
Ridley
Ricordio
Rico
Ricky
Rickert
Rick
Richie
Richi
Richerd
Richart
Richardson
Richard
Rich
Ricciardo
Riccardo
Ricardo
Ric
Rhys
Rhydderch
Rhodri
Rhett
Rezso
Reynold
Reynaldos
Reynaldo
Reymundo
Reymond
Reyhan
Reyes
Rey
Rexford
Rex
Reuven
Reuel
Reubin
Reuben
Resham
Renzo
Renouf
Renenet
Rene
Rendor
Renaut
Renaud
Renato
Renard
Renaldo
Remington
Reiss
Reinwald
Reinold
Reinhold
Reinhard
Reiner
Reinaldos
Reinaldo
Reinald
Rein
Reimund
Reid
Reico
Regulo
Regnault
Regnauld
Regis
Reginmunt
Reginald
Reggy
Reggie
Reges
Reg
Reese
Rees
Reed
Reece
Redvers
Redolfo
Redmund
Redmond
Rede
Reddy
Redd
Redbert
Red
Reamonn
Reade
Read
Razi
Raynold
Rayner
Raymond
Rayke
Ray
Raviv
Ravid
Ravi
Raulo
Raulio
Raul
Rastus
Rastislav
Rasmus
Rashne
Rashmi
Rashid
Rashadi
Rashad
Rapier
Raphael
Raoul
Ranulf
Ranon
Randolph
Randolf
Randle
Randie
Randey
Randell
Randall
Rand
Ramsey
Ramsden
Ramsay
Ramon
Ramman
Ramesh
Rameo
Ralphie
Ralph
Ralf
Raldan
Rajiv
Rajib
Rajan
Raini
Raimundo
Raimund
Raimont
Raimondo
Raiden
Rahul
Rahmet
Rahman
Raheem
Ragnar
Raghnall
Rag
Rafiuddin
Rafi
Raffaello
Raffael
Raff
Rafe
Rafayil
Rafalek
Rafal
Rafael
Raeburn
Radzimierz
Radoslaw
Radoslav
Radomil
Radman
Radek
Racho
Rabin
Rabi
Rabbie
Raban
Rab
Quoc - An
Quito
Quirin
Quiqui
Quique
Quinton
Quintin
Quint
Quinlan
Quinitus
Quincy
Quina
Quillermo
Quillan
Quill
Quico
Quentin
Quan
Quaashie
Qiang
Qasim
Pyotr
Purvis
Pursey
Purdy
Pudge
Puck
Puay
Przemek
Preston
Prem
Prashant
Pranas
Prakash
Prabhakar
Powa
Pov
Porfirio
Ponso
Poncho
Polin
Pol
Plesido
Platon
Plato
Plasio
Placido
Placi
Placedo
Pjotr
Pius
Pitricio
Pito
Piter
Pirro
Piquin
Pippo
Pipito
Pip
Piotr
Pinon
Pinocchio
Pillan
Pilib
Pilar
Pilan
Pietro
Pieter
Piet
Piers
Pierrot
Pierre
Piero
Pierin
Pierce
Piedro
Pico
Pias
Phuong
Photios
Phineas
Phillip
Philippos
Philippe
Philip
Philander
Phil
Phelis
Peyton
Peyo
Petruscha
Petrus
Petruccio
Petros
Petronius
Petronio
Petrie
Petrick
Petr
Petie
Petey
Peters
Peter
Pete
Pesach
Pershing
Perseus
Perry
Perrin
Pero
Pernell
Pernel
Perkin
Periquin
Perico
Peregrine
Percy
Percival
Percifull
Perceval
Perce
Per
Peppo
Pentti
Penjani
Pelota
Pelo
Peers
Pedro
Pedran
Pedr
Peder
Peddy
Pearson
Pearce
Peadair
Payton
Payat
Paxton
Pawley
Pawel
Pavlo
Pavlin
Pavel
Pavek
Pava
Paulus
Paulum
Paultje
Paulot
Paulos
Paulo
Paullin
Paulius
Paulino
Paulie
Paulico
Paul
Patwin
Patton
Pattison
Pattin
Patrizius
Patritio
Patrin
Patrick
Patricio
Patriciano
Patamon
Passifull
Pasqual
Pascoe
Paschell
Paschall
Pascal
Parzival
Partholon
Parthalon
Parsifal
Parsefal
Parrish
Parris
Parnell
Parnel
Parlan
Parker
Paquin
Papplone
Papplo
Paplo
Papillong
Paolo
Paolino
Paoli
Panzo
Pankaj
Panfilo
Pandelo
Pancholo
Pancho
Panchito
Pallaton
Paladin
Palacido
Pal
Paki
Padruig
Padrig
Padraig
Padraic
Paden
Paddy
Paddington
Paco
Packy
Pabolo
Pablo
Pablino
Pabis
Paavo
Ozzie
Oz
Owudunni
Owen
Owayne
Owain
Ovid
Ove
Ouray
Ottorino
Otton
Ottoman
Otto
Ottah
Otoniel
Otone
Oto
Otman
Otis
Othoneil
Othom
Otho
Othello
Otello
Otadan
Oswin
Oswell
Oswald
Ossy
Ossie
Ossian
Osric
Osmond
Osmin
Osmans
Osman
Oskar
Oseep
Oscar
Osborne
Osborn
Osbert
Osamu
Orville
Orvie
Orv
Orunjan
Orson
Orsino
Orrin
Ormond
Orlondo
Orland
Orji
Orito
Oris
Orion
Oriole
Orin
Orien
Oren
Orel
Ordando
Orban
Orazio
Orasio
Oral
Oracio
Opie
Oon - Gil
Onofredo
Onofre
Onfroi
Onfredo
Ondro
Ondrej
Onani
Onan
Omero
Omer
Omar
Olwen
Olorun
Olly
Ollie
Olley
Olivo
Olivier
Oliverio
Oliver
Oliva
Olin
Oles
Olery
Oleg
Olav
Olaf
Okon
Oko
Oighrig
Ohin
Ohannes
Ohanko
Ogün
Ogun
Ogdun
Ogdon
Ogden
Offin
Ofer
Odysseus
Odon
Odom
Odoardo
Odo
Odissan
Odion
Odinum
Odinan
Odin
Odell
Oday
Octavius
Octavian
Obram
Oberon
Obadiah
Oba
Oakley
O'Neil
Nusair
Nuri
Nur Adiba
Numps
Numair
Noy
Nowles
Nowell
Nowel
Nort
Norris
Normy
Normie
Normand
Norman
Norm
Norbert
Noll
Noldy
Noland
Nolan
Noe
Nodin
Nod
Nobutaka
Noble
Nobby
Noam
Noah
Nnamdi
Nix
Niven
Nitis
Nitin
Nissim
Nishu
Nionios
Nimbus
Nilson
Nils
Nilo
Niles
Nikolos
Nikolaus
Nikolaos
Nikolai
Nikolaas
Niko
Niklas
Nikky
Nikita
Nikhil
Nik
Nigel
Nigan
Nielson
Niels
Niel
Nicolum
Nicolaus
Nicolas
Nicolao
Nicolai
Nicolaas
Nicodemus
Nico
Nickolaus
Nicklas
Nick
Nicholas
Nichol
Niccolo
Niccolini
Nicanor
Nicabar
Nibras
Nibaw
Niall
Nial
Newton
Newlin
Nevin
Neville
Nevile
Nevil
Neto
Nestor
Neron
Nermin
Neptune
Nepter
Neper
Nen
Nelson
Nels
Nelo
Nelek
Neirin
Neill
Neil
Nehru
Neeraj
Neelam
Neel
Neddy
Neddie
Ned
Necolas
Necho
Nealson
Neall
Nealey
Neale
Neal
Neacail
Nayati
Nawat
Naveed
Nav
Natty
Natilio
Nathaniel
Nathaneal
Nathan
Nate
Nataniel
Nataneal
Natan
Natale
Natal
Nat
Nasser
Nard
Narain
Nano
Nandor
Nando
Nandin
Nanda
Namir
Namid
Nalren
Naldo
Nahum
Nahma
Nahele
Nagid
Nado
Nader
Nabil
Nab
Myron
Myles
Muruganandan
Murthy
Murtagh
Murry
Murray
Murdoch
Murdo
Munrow
Munroe
Munro
Mundy
Mundek
Munda
Mull
Muhammad
Mozes
Moze
Moyes
Moy
Motega
Moswen
Mostyn
Mossimo
Moss
Mosie
Mosheh
Moshe
Moses
Mose
Morven
Morton
Mortimer
Mortie
Morten
Mort
Morse
Morriss
Morrison
Morris
Morrice
Morrell
Morrel
Morley
Moritz
Moricz
Morey
Morel
Mordikai
Mordecai
Moore
Moon - Suk
Monty
Montgomery
Monte
Montague
Montagu
Monroe
Monro
Monet
Molimo
Mojag
Mohan
Mohammed
Mohammad
Moe
Mitchell
Mitchel
Mitch
Misu
Miroslaw
Miroslav
Mirko
Mirit
Mingo
Mingdong
Mingan
Ming - Fang
Mimis
Milton
Milt
Milos
Milogost
Milo
Mills
Milko
Miles
Milap
Mil
Mikkel
Mikhail
Mikhael
Mikel
Mike
Mikael
Miguelito
Miguel
Migael
Mieczyslaw
Micky
Mickel
Mick
Michiel
Michele
Michel
Micheil
Michail
Michael
Micalao
Micajah
Mic
Meyer
Mew
Meuriz
Meurig
Mestipen
Messimo
Merwyn
Mervyn
Mervin
Mertin
Merritt
Merripen
Merrick
Merlin
Mered
Menz
Mensah
Menker
Mendeley
Melvyn
Melvin
Melville
Melvern
Melor
Meir
Mehtar
Mehmet
Mehdi
Mechtilde
McCullough
McCullouch
McCullock
McCullagh
Mayon
Mayo
Mayer
Maxwell
Maxio
Maxino
Maximus
Maximino
Maximillian
Maximilien
Maximilianus
Maximiliano
Maximilian
Maxime
Maxim
Max
Maury
Maursio
Maurosio
Mauro
Maurizio
Maurits
Maurie
Mauricio
Maurice
Maureo
Maur
Matyas
Matty
Mattieu
Mattie
Matthias
Matthia
Matthew
Mattheus
Matthes
Mattheo
Matthaus
Matthaeus
Matteo
Matte
Matt
Mats
Matope
Mato
Mathieu
Mathias
Mathew
Matheo
Mateusz
Mateo
Matejo
Matej
Mata
Mat
Masud
Massimilano
Massey
Masou
Maslin
Masial
Mashruk
Mascimo
Masamo
Masamitsu
Masahiro
Marvin
Marven
Marve
Marv
Marut
Marty
Marton
Martinicino
Martin
Martijn
Martie
Marten
Martel
Martainn
Mart
Marsilio
Marshal
Marsh
Marrim
Marr
Marquitos
Maron
Marnin
Marmaduke
Marly
Marlon
Marlin
Markus
Markos
Markell
Mark
Marius
Mario
Marin
Marid
Mariano
Marek
Marcus
Marcos
Marco
Marcius
Marcial
Marcellus
Marcelino
Marcel
Marc
Marar
Maolmuire
Manus
Manuel
Manu
Mansur
Mansoor
Mansah
Mansa
Manny
Manlio
Manipi
Manfred
Mandrill
Mando
Mander
Mandek
Manco
Manchu
Mancho
Mamo
Malon
Malik
Malcolm
Malachy
Malachi
Mal
Maksim
Makis
Makan
Maitland
Mairav
Maimun
Maik
Mahlom
Mahir
Magnus
Maggio
Maelmore
Mads
Madog
Madoc
Madhujit
Mack
Macisimi
Maciej
Mace
Macaliano
MacKeighry
MacKeefry
Mac
Lyron
Lynwood
Lyndon
Lyle
Lyell
Lyel
Lutz
Lutherio
Luther
Luteris
Lunt
Lukyan
Luke
Lukas
Luiz
Luister
Luis
Luigi
Ludwik
Ludwig
Ludvig
Ludovic
Lucjan
Lucius
Luciano
Lucian
Lucas
Lubomir
Loyd
Lowther
Lowenhard
Lowell
Lowe
Lovre
Lovell
Louis
Louie
Loudon
Lou
Lothar
Lorne
Lorenzo
Lorens
Lord
Loranzio
Lorant
Loran
Lonny
Lonato
Loman
Loew
Loe
Lodovico
Lodewijk
Lodewick
Llywelyn
Lloyd
Llewelyn
Llewellyn
Liwanu
Liu
Lito
Lionello
Lionel
Lionardo
Lio
Linwood
Linus
Linn
Link
Linfred
Lindon
Linden
Liko
Liang
Liam
Lex
Lewis
Lewie
Lew
Levy
Levi
Leszek
Lester
Les
Leroy
Leron
Leonid
Leonhard
Leone
Leoncio
Leonardus
Leonardo
Leonard
Leon
Leo
Lenz
Lensar
Lenox
Lenny
Lennox
Lennor
Lenno
Lennie
Lennard
Lenn
Lenhart
Lenci
Len
Lemuel
Lemoine
Lem
Leland
Leit
Leif
Lefty
Leeland
Leegrant
Lechito
Lech
Leben
Leander
Leanardo
Lealand
Leaf
Lawson
Laws
Lawry
Lawrence
Lawren
Lavi
Laurenz
Laurentius
Laurent
Laurens
Laurence
Lauran
Launcelot
Launce
Lauento
Larson
Lars
Larry
Larrie
Larrance
Larkin
Lanu
Lani
Langundo
Langston
Langdon
Landon
Lance
Lamont
Lamond
Lammond
Lamel
Lambert
Lamar
Lalo
Lal
Laird
Laine
Lafredo
Lafayette
Lado
Ladd
Lad
Lachlan
Labid
Laban
LaVelle
LaMarr
Kyrylo
Kyros
Kyrillos
Kyril
Kyriakos
Kyler
Kwesi
Kwazi
Kwasi
Kwan
Kwame
Kwam
Kwaku
Kuzih
Kurtis
Kurt
Kuper
Kumaravel
Kumar
Kulen
Krzysztof
Krzys
Krys
Kruin
Kritos
Kristopher
Kristoffer
Kristofer
Kristof
Kristo
Kristian
Krister
Kriss
Krispin
Krikor
Kreg
Kovar
Kosti
Kostas
Kosei
Korudon
Korey
Korb
Kontar
Konrad
Kondrad
Konane
Kolya
Kokudza
Knut
Knud
Knoton
Kliment
Klimek
Klemo
Klement
Klemens
Klemenis
Klemen
Klavdu
Klaus
Klaudiusz
Klamencas
Klaas
Kizza
Kiyoshi
Kivi
Kito
Kistur
Kistna
Kirk
Kirill
Kiril
Kirby
Kiral
Kipling
Kip
Kingsley
King
Kimo
Killian
Kilian
Kil
Kiko
Kijika
Kieran
Kiel
Kibbe
Khvyados
Khrystofor
Khrystiyiyan
Khristoforos
Khristian
Khordad
Kharald
Kharalambos
Khallil
Kevin
Keven
Kester
Kesse
Kesin
Kesar
Kerwin
Kersen
Kers
Kern
Kermit
Kenyon
Kent
Kenrick
Kennie
Kenney
Kenneth
Kenn
Kenichi
Kendrick
Kendric
Kenan
Ken
Kelvin
Kelsie
Kelsay
Kelemen
Kele
Kelcey
Kelby
Kelash
Keizo
Keith
Keir
Keighry
Keenan
Keegan
Keefe
Kedem
Keddy
Kedar
Keb
Keanu
Keahi
Kazutaka
Kazimierz
Kayne
Kayin
Kau
Katsuji
Katrick
Kasper
Kaspar
Kasimir
Kasim
Kasib
Kashif
Kaseko
Karolis
Karolek
Karol
Karmel
Karlik
Karl
Karime
Karim
Karif
Kareem
Karch
Kantu
Kane
Kamil
Kalvin
Kalus
Kaloosh
Kalman
Kalkin
Kaliq
Kaleb
Kale
Kalb
Kaitlyn
Kaine
Kain
Kaenan
Kadir
Kadin
Kadar
Kabil
Justo
Justivo
Justino
Justinian
Justin
Justice
Just
Juri
Jurgen
Jurate
Juno
Jumah
Julius
Julio
Julian
Jules
Judd
Judas
Judah
Jubal
Juan
Jov
Jourdan
Jouni
Jotham
Josiah
Josia
Joshua
Josh
Joseph
Jose
Jorji
Jori
Jorgy
Jorge
Jorg
Jordyn
Jordi
Joran
Joquin
Jonson
Jones
Jonathon
Jonathan
Jonas
Jonam
Jonah
Jona
Jon
Jolon
Johnson
Johns
Johnny
Johnnie
Johnie
John
Johannes
Johann
Johanan
Johan
Joey
Joel
Joe
Jock
Jobe
Joaquin
Joaquim
Joao
Joannes
Joachim
Jivin
Jiro
Jimmy
Jimmie
Jimi
Jim
Jiho
Jie
Jibben
Jian - jin
Jian
Jethro
Jesus
Jesu
Jesse
Jess
Jesper
Jesito
Jerzy
Jervis
Jerry
Jerrome
Jerrod
Jerrie
Jeronimo
Jerome
Jerm
Jeremy
Jeremiah
Jereme
Jered
Jer
Jeptha
Jephthah
Jeoffroi
Jens
Jellow
Jehan
Jeffry
Jeffrey
Jefferson
Jeffers
Jefferey
Jeff
Jeeves
Jedrzej
Jedrek
Jedidiah
Jed
Jeb
Jean - Paul
Jaye
Jayant
Jay
Javis
Javin
Javier
Javas
Jasper
Jason
Jascha
Jas
Jarvis
Jarred
Jaroslaw
Jaroslav
Jaron
Jaromir
Jarogniew
Jari
Jarett
Jarek
Jared
Japheth
Jansen
Janos
Janine
Janick
Janek
Jan - Harm
Jamison
Jamil
Jamey
Jameson
James
Jal
Jakob
Jake
Jairy
Jahi
Jago
Jagger
Jafet
Jafar
Jacques
Jacque
Jacob
Jacky
Jackson
Jack
Jacinto
Jacian
Jabril
Jabez
Jaba
Jaan
Jaafar
Izzy
Izzie
Izumi
Izsu
Izrail
Izraelius
Izaak
Iwan
Ivor
Ivon
Ivo
Ives
Ivar
Ivanovitch
Ivan
Itzhak
Istu
Isidore
Ishmael
Isaiah
Isaia
Isador
Isacc
Isac
Isaak
Isaac
Irwyn
Irwin
Irwan
Irving
Irvine
Irvin
Irv
Ira
Ioseph
Ioel
Ioannes
Ioan
Ioakim
Inteus
Inriques
Innokenti
Iniko
Inigo
Ingolf
Ingmar
Ingham
Ingemar
Inermo
Inderpreet
Immauel
Immanuel
Imamu
Ilya
Iliia
Ildefonso
Ilan
Ike
Igor
Ignazio
Ignatius
Ignac
Iggy
Igasho
Igantov
Ifor
Ico
Ibrahim
Ian
Iain
Iago
Hywel
Hyman
Huzaifa
Huw
Huu
Hute
Hutchinson
Hutch
Husain
Hurley
Hung
Humphrey
Humfrey
Humberto
Humbert
Hulin
Hugo
Hugibert
Hughie
Hughes
Hugh
Huey
Hudson
Huberto
Hubert
Hubbard
Hub
Hoyt
Hoyle
Howie
Howi
Howell
Howel
Howard
Houman
Hotaka
Hosea
Horst
Hormazed
Hormazd
Horis
Horentio
Horatio
Horacio
Horace
Hooper
Hoop
Hood
Homer
Holt
Hollins
Hollings
Holles
Holleb
Holic
Holger
Holden
Hoireabard
Hoibeard
Hohan
Hodgkins
Hodges
Hodge
Hobbes
Hobard
Hob
Hnatochko
Hjalmar
Hisoka
Hirus
Hirsh
Hirsch
Hiroshi
Hiromi
Hiram
Hinun
Hinrich
Hinko
Himanshu
Hilmar
Hillel
Hilfredo
Hieronymos
Hieronym
Hiermo
Hicks
Heywood
Hewie
Hewett
Hewes
Hewart
Hew
Hesus
Hervey
Herve
Hersh
Herschel
Hersch
Herriberto
Heronim
Heron
Hero
Hernando
Hermon
Hermann
Herman
Herm
Heriberto
Heri
Heremias
Herbie
Herberto
Herbert
Herb
Henry
Henrik
Henrico
Henri
Henrey
Henning
Henk
Hengky
Hendrik
Henderson
Hemant
Helmut
Helki
Helge
Helaku
Hektor
Heinz
Heintz
Heinrich
Heiko
Hedley
Hedeon
Hector
Heck
Hebert
Heber
Heath
Haywood
Haydyn
Hayden
Havelock
Hastin
Hassel
Haskell
Haskel
Hasin
Hashir
Hashim
Hasan
Hasad
Harvie
Harvey
Hartmut
Harry
Harrison
Haroun
Harold
Harmon
Harman
Harlowe
Harley
Harlan
Hari
Harding
Hardiman
Harbert
Harb
Haraldo
Harald
Haralambie
Hao
Hanuman
Hansel
Hans
Hanraoi
Hannibal
Hannes
Hank
Hanif
Hanibal
Handy
Hampton
Hamp
Hamon
Hammond
Hamlin
Hamish
Hamilton
Hamill
Hamil
Hamid
Hamdel
Hamal
Ham
Halim
Halil
Hale
Hal
Hakon
Hakem
Hakeem
Hakan
Haime
Haider
Hadry
Hadrian
Hadden
Hadar
Habib
Habaier
Gyorgy
Guy
Guto
Gustovo
Gustin
Gustavo
Gustave
Gustav
Gustaf
Gustacio
Gus
Gunther
Gunter
Gunny
Gunnerson
Gunner
Gunnar
Gunn
Gunderson
Gun
Gullermo
Gulianno
Guittiere
Guiming
Guillo
Guillermo
Guillaume
Guido
Guglielmo
Gugielmo
Guayo
Gualterio
Grzegorz
Gruffydd
Gruffudd
Grover
Grove
Grosvenor
Grimes
Grigori
Griffith
Griffin
Griff
Grenville
Gregory
Gregor
Gregg
Greg
Gray
Gratien
Granville
Grantley
Grantland
Grant
Gram
Grahame
Graham
Graeme
Grady
Goyo
Gowon
Govindan
Govad
Gotthilf
Gottfried
Gottfridh
Gotlieb
Goshoven
Gorton
Gorgeous
Gordy
Gordon
Gordie
Gorden
Goran
Gopinath
Gonzo
Gonzalez
Gonzales
Gomer
Goel
Godfry
Godfrey
Glynn
Glyn
Glen
Giusto
Giuseppe
Giuliano
Gitta
Girolamo
Giraud
Giovanni
Giotto
Gillis
Gilliam
Gillespie
Giles
Gilbert
Gil
Giermo
Gidon
Gideon
Gide
Giannini
Gianni
Giannes
Giamo
Giacomo
Geyo
Gerwulf
Gervaise
Gertie
Gert
Gerry
Gerrie
Gerontius
Geronimo
Gerome
Gerold
Gernot
Germain
Gerik
Gerhard
Gerek
Gerben
Geraud
Gerardo
Gerard
Geraldo
Gerald
Ger
Georgy
Georgi
Georges
George
Georg
Geordie
Geoffroy
Geoffroi
Geoffrey
Geoff
Geno
Gennaro
Gene
Gelo
Gellert
Geffrey
Geert
Gebhard
Gaylord
Gaylor
Gayler
Gawayne
Gawain
Gavin
Gaven
Gav
Gautier
Gauthier
Gautam
Gaudi
Gaspar
Gary
Garth
Garry
Garrick
Garrett
Garreth
Garret
Garnet
Garner
Garfield
Gareth
Garek
Gardner
Gar
Gamaliel
Galt
Galloway
Gallard
Galen
Gaius
Gahiji
Gabriel
Gabe
Fyodor
Fynn
Fulton
Frode
Fritz
Frits
Friedrich
Friedhold
Friedhelm
Fredrik
Fredi
Frederick
Frederich
Freddy
Freddie
Fred
Fravardin
Frasier
Fraser
Franz
Fransisc
Frans
Franky
Franko
Franklin
Frankie
Frank
Francois
Franco
Francisco
Franchot
Francesco
Franc
Fountain
Fount
Fotios
Foster
Foss
Forrester
Forrest
Forester
Fonzie
Fonz
Flynn
Floyd
Florian
Flip
Flint
Fletcher
Fletch
Fisk
Fion
Finn
Finley
Finlay
Fingal
Fineas
Finbar
Fin
Filippo
Filip
Filander
Fido
Fidel
Festus
Fess
Ferris
Fernando
Fermin
Fermi
Feris
Ferguson
Fergus
Ferghus
Ferdinand
Feodor
Felix
Felippe
Felipe
Felip
Felino
Feliks
Felike
Feliciano
Felice
Fedor
Fayette
Faxon
Faruk
Farris
Farrell
Fan
Faizel
Faiz
Faisal
Fairleigh
Fabio
Fabian
Faber
Ezra
Ezhno
Ezer
Ezekiel
Ezar
Evert
Everhard
Everett
Everardo
Evander
Evan
Ev
Eustace
Eugenio
Eugene
Etu
Ethmer
Ethan
Etan
Estivido
Estifano
Esteban
Estavan
Essien
Esra
Espiridion
Esmond
Eshkol
Erwin
Ervin
Erskin
Errol
Ernst
Ernie
Ernesto
Ernest
Erle
Erik
Erico
Erick
Erich
Eric
Eri
Erhard
Erek
Erberto
Erasmus
Ephraim
Eoin
Enyeto
Enrique
Enrico
Enos
Enoch
Ennio
Enli
Engel
Eneas
Emrys
Emory
Emok
Emmitt
Emmett
Emmet
Emmanuel
Emlyn
Emils
Emilio
Emile
Emil
Emidio
Emery
Emerson
Emanuel
Eman
Ely
Elwood
Elwin
Elvis
Elton
Elsu
Elroy
Elric
Elrad
Eloy
Elof
Elmo
Elmer
Elmar
Ellwood
Ellis
Elliot
Elki
Elisha
Elijah
Elias
Elfred
Elemar
Elek
Eldridge
Eldred
Eldon
Elden
Eldad
Elbert
Ekkehardt
Eiran
Einar
Eilwyn
Eike
Egor
Egg
Egbert
Efraim
Efim
Edzko
Edwin
Edward
Eduardo
Eduard
Edric
Edo
Edmundson
Edmund
Edmond
Edmon
Edlin
Edko
Edison
Edgars
Edgar
Eddy
Eddie
Ed
Eckhard
Eckert
Eckerd
Eckbert
Eck
Eberto
Ebert
Eberhard
Ebenezer
Earnest
Earl
Eanruig
Eamonn
Eamon
Dyre
Dylanne
Dylan
Dyl
Dyami
Dwight
Dwayne
Dwane
Dwain
Duy
Dustin
Dusten
Durward
Durril
Durriken
Durand
Duran
Dunstan
Dunk
Dunham
Duncan
Dunc
Duman
Dumaka
Dukarai
Duig
Dug
Duff
Dudley
Dude
Duddley
Dud
Duane
Drystan
Dru
Driskoll
Driscoll
Drew
Drayton
Drake
Dragos
Drachen
Doyle
Douglass
Douglas
Dougie
Doug
Dorrell
Dorian
Donovon
Donovan
Donohue
Donnie
Donnelly
Donnell
Donley
Donato
Donard
Donalt
Donaldo
Donald
Donahue
Don
Dominic
Domingo
Dom
Dolph
Dolf
Dolan
Dodge
Doby
Dobry
Dobromil
Dobrogost
Dobie
Dobbs
Dob
Dmitriy
Dmitri
Dixon
Dix
Dirk
Direk
Dionys
Dion
Diodore
Dino
Dimo
Dimitri
Dilwyn
Dillwyn
Dillon
Dilbert
Diglio
Diggory
Digby
Dietrich
Dietmar
Dieter
Dierk
Diego
Diederick
Diederich
Dicta
Dicky
Dickson
Dickie
Dickens
Dick
Dichali
Dexter
Dex
Dewey
Dew
Deven
Desmond
Derrick
Derrek
Dermot
Derik
Derek
Deon
Denzil
Denzel
Denys
Denton
Denny
Dennis
Deniz
Denis
Denholm
Denes
Dene
Den
Demyan
Demothi
Demetrius
Delmore
Delmar
Dell
Delbert
Delano
Del Mar
Del
Deepesh
Deepak
Deemer
Dederick
Declan
Decker
Deane
Dean
DeWitt
Dawson
Dawid
Dawayne
Davon
Davis
Davidek
Davidde
David
Dave
Dat
Daryle
Daryl
Darryl
Darren
Darrell
Darling
Darlin
Darl
Darius
Darin
Darien
Dareo
Darden
Danyon
Danylko
Dante
Danny
Dannie
Danne
Danko
Daniil
Danielek
Daniel
Dane
Dandy
Dan
Damon
Damien
Damian
Damek
Dame
Dalton
Dali
Daley
Dalal
Dal
Dain
Dagwood
Dag
Dafyyd
Dafydd
Dabney
Dabid
D ' arcy
Czeslaw
Czcibor
Cyrus
Cyrill
Cyril
Cyrek
Cy
Cuthbert
Curtis
Curt
Curcio
Cullen
Cristobal
Cristian
Crispus
Crispin
Craig
Cosmo
Corwin
Cort
Cornelius
Cormac
Corky
Corin
Cordell
Corbin
Cooper
Constantinos
Constantine
Constantin
Conrad
Connor
Conleth
Conan
Columba
Colton
Colter
Colon
Colman
Collins
Collin
Colin
Coleman
Cole
Colby
Coinneach
Cnut
Clyde
Clive
Clinton
Clint
Clifton
Cliffy
Clifford
Cliff
Clevonne
Cleto
Cletes
Clerk
Clemente
Clement
Clemens
Clem
Cleanth
Clayton
Clay
Claus
Claudius
Claudio
Claude
Claud
Clarke
Clark
Clarence
Clancy
Cladio
Cisco
Cirill
Cid
Cicero
Ciaran
Chung
Chucky
Chuck
Christopher
Christoph
Christian
Christao
Christ
Chretien
Chou
Chip
Chioke
Chik
Chico
Chick
Chiah
Chi
Chet
Chesmu
Chesley
Cheslav
Chen
Che
Chaz
Chay
Chauvin
Chauncy
Chauncey
Chaseston
Charlton
Charley
Charles
Channing
Chaney
Chane
Chandler
Chal
Chaiwat
Chaim
Chad
Ceslovas
Cesar
Cemal
Celyn
Cedric
Cecil
Cebastian
Cearbhall
Cathol
Catalin
Castor
Castel
Casper
Caspar
Casimir
Cashel
Carvel
Carter
Carswell
Carson
Carmit
Carlucho
Carlton
Carlos
Carlo
Carleton
Carle
Carl
Carew
Cappi
Canute
Canton
Can
Camron
Campbell
Camlo
Cameron
Camerino
Calvin
Calv
Calut
Calum
Calo
Callum
Caleb
Calder
Cal
Caius
Caiseal
Cain
Cahil
Cadwallader
Cadfael
Caden
Cadel
Caddy
Byron
Byrne
Byrn
Burton
Burt
Burr
Burne
Burkhard
Burian
Bud
Bucky
Buckminster
Buck
Bryrony
Bryne
Bryce
Bryant
Bryan
Bruns
Bruno
Bruin
Bruce
Browning
Brown
Bronte
Bronson
Bronislaw
Brody
Brodney
Broderick
Brock
Broc
Britton
Bridger
Brice
Brian
Bret
Brenton
Brent
Brendan
Brencis
Brayden
Brannon
Brandt
Brandon
Brandeis
Brandan
Brand
Bram
Brahma
Brady
Bradshaw
Bradley
Bradlee
Braden
Bradburn
Brad
Bozydar
Boz
Boyd
Boyce
Bowman
Bowle
Bour
Botan
Borislav
Boris
Boria
Borghild
Borg
Bor
Bonito
Bondi
Bond
Boleslaw
Bohdan
Boguslaw
Bogumil
Bogdan
Bodog
Bodi
Boddu
Bodaway
Bobush
Boba
Bob
Blazej
Blaise
Blair
Björn
Bjorne
Bjorn
Bjoern
Bipin
Binyong
Bing
Bily
Bill
Bildad
Bilal
Bialy
Bheki
Bhaven
Bhanu
Bhaltair
Bevis
Bertrand
Bertram
Bertok
Bertin
Bert
Bernie
Bernhard
Bernd
Bernard
Bernal
Bernabe
Berk
Berhan
Bergren
Berger
Berek
Bentley
Bent
Benoit
Benny
Benno
Bennie
Bennett
Benji
Benjamin
Benedict
Ben
Bemossed
Bem
Beltran
Bello
Beldon
Behram
Bedrich
Beck
Bechtel
Beauregard
Beaumont
Beau
Bayley
Bavol
Baul
Baudouin
Bastien
Bastian
Basilio
Basil
Basham
Bartram
Bartosz
Barton
Bartolomiy
Bartlomiej
Bartholomieu
Bartholomew
Bartholo
Bartek
Bart
Barry
Barron
Barret
Baron
Barnie
Barney
Barnard
Barnaby
Barnabas
Barn
Bardon
Bardo
Bane
Bana - Barna
Balto
Balthazar
Baltazar
Balfour
Baldwin
Baldric
Bal
Bakr
Bahman
Azuka
Azi
Azfar
Azad
Aylwin
Ayaz
Axel
Avraham
Avi
Averil
Avel
Avedig
Aurelius
Aurek
Augustus
Augustin
August
Augie
Audvard
Audric
Audrey
Audley
Aubert
Auberon
Attila
Atsushi
Atsuhiko
Atman
Athol
Atheel
Astor
Astevean
Asker
Asif
Ashur
Ashton
Ashtad
Ashlin
Asher
Ash
Arvid
Arun
Arturo
Artur
Artin
Arthuro
Arthur
Arte
Arslan
Arri
Arpad
Aron
Arnold
Arnie
Arne
Armondo
Armon
Armin
Armanti
Armando
Armand
Arman
Arley
Arkin
Arkell
Arkady
Arkadi
Aristide
Aries
Arian
Ari
Ares
Aren
Are
Ardon
Arden
Arcy
Archie
Archibald
Archer
Aquiles
Apollonios
Apenimon
Aodh
Anzhel
Anurag
Antony
Antonio
Anton
Antoine
Anthony
Ansgar
Anselm
Annan
Anka
Aniol
Anibal
Angus
Anghared
Angelo
Aneurin
Anestes
Andy
Andrés
Andrzej
Andrique
Andrew
Andres
Andrej
Andrei
Andreas
Andre
Andras
Anderson
Anders
Anatole
Anand
Anacleto
Amos
Amon
Amlan
Amit
Amir
Amin
Amilcar
Amiel
Ameni
Ameer
Ambrose
Amardad
Amar
Amando
Amal
Amado
Amadis
Amadeus
Amadeo
Alyn
Alwyn
Alwin
Alvis
Alvin
Alvertos
Alvar
Alton
Alter
Altair
Alroy
Alrik
Alpo
Alphonse
Aloysius
Alonso
Alon
Alok
Alois
Alnath
Almon
Almeric
Allen
Allan
Alix
Alister
Alistar
Alistair
Aliphont
Alim
Alick
Alhim
Algernon
Algar
Alfwine
Alfredo
Alfred
Alfonso
Alferral
Alf
Alexandre
Alexandr
Alexander
Alessandro
Aleser
Aleksandr
Aleksander
Alek
Alejandro
Alein
Aled
Alec
Aldy
Aldous
Aldo
Aldis
Alder
Alden
Alby
Albrecht
Albin
Albie
Alberto
Albert
Alban
Alaster
Alastair
Alasdair
Alaric
Aland
Alan
Alain
Ala
Al - Hamra
Al
Akule
Akira
Akio
Akim
Akil
Akiko
Akhil
Akar
Akando
Ajit
Ajay
Ajani
Aidan
Ahren
Ahmik
Ahmed
Ahmad
Ahir
Ahil
Ahdik
Aharon
Ahanu
Agustin
Agustek
Agni
Agler
Agathon
Affonso
Aeron
Aengus
Aeneas
Aegri
Adrien
Adrian
Adri
Ador
Adon
Adom
Adolphus
Adolpho
Adolph
Adolf
Adni
Admon
Adli
Adler
Adlai
Adiv
Adir
Adin
Adil
Adigun
Adhamh
Aden
Ademola
Adel
Adar
Adam
Adaliah
Adalbert
Adal
Adair
Acton
Achmad
Achilles
Ace
Acayib
Acar
Absalom
Abrasax
Abram
Abraham
Abner
Abinash
Abhner
Abhishek
Abel
Abe
Abdullah
Abdulla
Abdul
Abdel
Abbot
Abbe
Aaron
Aaren
