ZYRILLUS

ZYGMUNT

ZWI

ZUHAYR

ZUBIN

ZUBERI

ZSIGMOND

ZOTOM

ZORYA

ZOMEIR

ZOLTAN

ZOLLY

ZOLLIE

ZLAVADOR

ZLATAN

ZIYAD

ZIYA

ZIVEN

ZIVAN

ZIV

ZITOMIR

ZITKADUTA

ZIPKIYAH

ZINTE

ZINOVA

ZINAN

ZIMRI

ZIMRAN

ZIMON

ZIKOMO

ZIGGY

ZIG

ZHUANG

ZHU

ZHONG

ZHIYU

ZHIHUA

ZHANMIAO

ZEVULUN

ZEVID

ZEVADIAH

ZEVACHIAH

ZEVACH

ZEV

ZEUS

ZETHUS

ZERIKA

ZEREM

ZERACHIA

ZERACH

ZEPHYRUS

ZEPHYR

ZEPHANIAH

ZEPH

ZENZEL

ZENOS

ZENON

ZENOBIOS

ZENO

ZEMARIAH

ZELIMIR

ZEKI

ZEKE

ZEHEB

ZEHARIAH

ZEEMAN

ZEDEKIAH

ZED

ZECHARYA

ZECHARIAH

ZEBULUN

ZEBULON

ZEBEDEE

ZEBADIAH

ZEB

ZDZISLAW

ZDESLAV

ZDENEK

ZBYHNEV

ZBIGNIEW

ZAYD

ZAVIOR

ZAVIER

ZAVDIEL

ZAVAD

ZAREK

ZAREB

ZAQUARIAS

ZANE

ZANDER

ZAMIR

ZAMEER

ZAKUR

ZAKI

ZAKARIYYA

ZAKARIJ

ZAKARIAS

ZAKAI

ZAK

ZAID

ZAHUR

ZAHIR

ZAHID

ZAHAVI

ZAHAIR

ZAFAR

ZAED

ZACKRY

ZACK

ZACHERY

ZACHARY

ZACHARJASZ

ZACHARIE

ZACHARIAS

ZACHARIAH

ZACHAIOS

ZACH

ZACCHAEUS

ZACCARIA

ZACARIS

ZACARIO

ZACARIAZ

ZACARIAS

ZAC

YVON

YVES

YVAINE

YUYU

YUYO

YUVAL

YUTU

YUSUKE

YUSUF

YUSSUF

YUSHUA

YUSEF

YURY

YURIY

YURI

YURE

YUNUS

YUNIS

YULIUS

YUKIO

YUCEL

YUBO

YUHSIN

YU-FAI

YSSACH

YSAYE

YSAC

YSAAX

YSAAC

YOYO

YOYI

YOUNG

YOUKIOMA

YOSEPH

YOSEF

YORICK

YORATH

YOOMTIS

YONI

YONATAN

YONAS

YONAH

YOHANAN

YOEL

YOCHANAN

YNYR

YMIR

YITZHAK

YITZCHAK

YITRO

YISRAEL

YISHMAEL

YISHACHAR

YISHA

YIRMEYAHU

YIRMEYAH

YEVGENIY

YESHAYAHU

YERIK

YERIEL

YERED

YEN

YEMON

YEHUDAH

YEHOYAKIM

YEHOSHUA

YEHOSHA

YEHONATAN

YEHOCHANAN

YEDIDIAH

YECHEZKEL

YAZID

YAYO

YASUO

YASUHIRO

YASSEN

YASIR

YASIN

YASHASKAR

YASH

YASAHIRO

YASAH

YARIN

YAREV

YARED

YARDEN

YARB

YAO

YANOACH

YANNIS

YANNIC

YANN

YANG

YANCY

YANAI

YAN

YAMUT

YAMIN

YAMAL

YALE

YAKOV

YAKIM

YAKEZ

YAKECEN

YAKAR

YAHYA

YAHOLO

YAFEU

YADIN

YADID

YAAR

YAAKOV

YA'QUB

XUN

XIMON

XIETIAN

XIAOBING

XEVER

XERXES

XEREX

XENOS

XENO

XAYVION

XAVIER

XAVER

XAN

XABIER

XABIEL

WYSTAN

WYNTON

WYNONO

WYMOND

WYLIE

WYATT

WUYI

WUNAND

WULLIE

WULITON

WULFRIC

WRIGHT

WOUTER

WOODY

WOODROW

WOODIE

WOOD

WOLFRAM

WOLFGANG

WOLF

WOJCIECH

WLODZISLAW

WLODZIMIERZ

WLODEK

WLADYSLAW

WITOLD

WISLAW

WINWARD

WINTON

WINTHROP

WINTER

WINSTON

WINN

WINGI

WINFRIED

WINFIELD

WIMUND

WIM

WILU

WILSON

WILNY

WILMOT

WILMER

WILLY

WILLIS

WILLIAMSON

WILLIAM

WILLI

WILLET

WILLEM

WILLARD

WILL

WILKES

WILHELM

WILFRIED

WILFRID

WILFRED

WILEY

WILDON

WILDER

WILBUR

WILBERT

WILANU

WIL

WIELISLAW

WIELAND

WICHADO

WICENT

WESTON

WESTLEY

WESTLEIGH

WESLEY

WESH

WES

WERNER

WENZEL

WENDELL

WENDE

WENCESLAS

WEN

WEMILO

WEMILAT

WELCH

WELBY

WEED

WEBSTER

WEBBER

WEBBE

WEBB

WAYNE

WAYLON

WAYLEN

WAWRZYNIEC

WATTY

WATSON

WATKIN

WATERIO

WAT

WASIF

WASI

WARRICK

WARREN

WARNER

WARINER

WARDER

WARDEN

WARDELL

WARD

WAPI

WALTON

WALTHER

WALTERS

WALTER

WALT

WALSH

WALLY

WALLIS

WALLIE

WALLACHE

WALLACE

WALKER

WALDO

WALDEN

WALD

WALACHE

WAKIZA

WADE

WACLAW

WABAN

VYACHESLAV

VURAL

VOYTEK

VORAVIT

VON

VOLODYMYR

VOLKER

VLADO

VLADLEN

VLADISLAV

VLADIMIR

VLADILEN

VLACH

VIZENTE

VITTORIO

VITORIO

VITO

VITE

VITALIY

VISHNU

VISHAL

VISENT

VIRROR

VIRGILIO

VIRGIL

VIRGE

VIPIN

VINOD

VINNY

VINNIE

VINN

VINCZE

VINCENTE

VINCENT

VINCE

VINAL

VIN

VILTORIANO

VILMAR

VILJO

VILI

VILHELM

VILDOR

VIKENTIJ

VIJAY

VIHELM

VIGNESH

VIGGO

VIFFORIANO

VIET

VIDRIK

VIDAL

VIDA

VICTRO

VICTORINO

VICTORIANAS

VICTOR

VICTOIR

VICTO

VICO

VICK

VICHO

VICHE

VICENZO

VICENZ

VICENTY

VICENTIUS

VICENTE

VICENCIO

VIC

VERNON

VERNEY

VERNE

VERNAVELA

VERNALDOS

VERNALDO

VERN

VERGIL

VERED

VENYA

VENUDHAR

VENU

VENJAMIN

VENIAMIN

VENEDICTOS

VENCEL

VELDEN

VEICENTE

VAZUL

VAUGHN

VAUGHAN

VASYLTSO

VASSKA

VASSILYIJ

VASSILY

VASIN

VASILIY

VASILIS

VASILIOS

VAS

VARTOLOMEIU

VARTOLOMEI

VARTAN

VARRICK

VARECK

VARDEN

VANNI

VANN

VANKA

VANCE

VAN

VALMY

VALIN

VALENTINO

VALENTIN

VALENTIJN

VALENTE

VALEN

VALDEMAR

VAHE

VADIN

VADIM

VACLAV

UZOMA

UWE

UVAL

UTZ

UTHMAN

USSULO

USMAN

URVAN

URSUL

URSUELO

URSON

URSO

URLANDO

URIEN

URIEL

URIAH

URI

URBANUS

URBANO

URBAN

URBAINE

UMESH

UMBERTO

ULYSSES

ULTAN

ULRICH

ULRIC

ULMAR

ULISES

ULICK

ULF

ULANDUS

ULAND

UINSIONN

UILLIOE

UILLIAM

UILLEAM

UGON

UGOLINO

UGO

UDO

UDE

UBERTO

UALTAR

TZU-CHIN

TYSON

TYRONE

TYROME

TYMON

TYLER

TYEHIMBA

TYEE

TYBALT

TY

TUTO

TUTA

TURLOUGH

TURLOGH

TURI

TUPI

TUNU

TUNG

TULLY

TULLIO

TUKULI

TUDYR

TUDUR

TUDOR

TUCKER

TUCK

TUAN

TRYSTAN

TRUXTON

TROY

TRISTRAM

TRISTEM

TRISTAN

TRISTAM

TRIMOTEO

TREY

TREVOR

TREV

TRENT

TREFOR

TRAVIS

TRAV

TRANTER

TOVI

TOVANO

TOTOYA

TOSHIO

TORY

TORSTEN

TORREY

TORRENCE

TORQUIL

TORE

TORD

TOR

TOPWE

TOPI

TONY

TONIO

TONICO

TONG

TONEK

TONCHO

TOMOYUKI

TOMOTAKA

TOMOICHIRO

TOMOAKI

TOMMY

TOMMIE

TOMLIN

TOMITO

TOMI

TOMAZ

TOMASO

TOMASH

TOMASENS

TOMAS

TOMAN

TOMA

TOM

TOLI

TOLEK

TOLA

TOKAHI

TOHON

TODORO

TODORKO

TODOR

TODD

TOD

TOBY

TOBIAS

TOBBAR

TOBALITO

TOBAL

TIVON

TITUS

TITO

TIONG

TIOMOID

TINO

TIMUR

TIMOTY

TIMOTHY

TIMOTHEUS

TIMOTHEOS

TIMOTHEE

TIMOTEUS

TIMOTEO

TIMON

TIMOFEI

TIMO

TIMMY

TIMMIE

TIMITEO

TIMIRO

TIMIN

TIMEX

TIMEUS

TIMETO

TIMEEN

TIMATEO

TIM

TILO

TILDEN

TIJEN

TIGER

TIEODORO

TIENNOT

TIELMAN

TIDZIO

TICHO

TIBS

THORSTEN

THORBURN

THOR

THOMPSON

THOMESITO

THOMAS

THOMA

THOM

THIERRY

THIAGO

THERON

THEOPHILUS

THEODORUS

THEODOROS

THEODORIC

THEODORE

THEODOR

THEODERIC

THEOBALD

THEO

THEMATHEO

THEIRRY

THEADOR

THAYNE

THANOS

THANH

THAINE

THADY

THADDY

THADDEUS

THADDEO

THADDAUS

THAD

TEWDWR

TEWDWER

TEVA

TEV

TEUVO

TETRIS

TERUMI

TERRIS

TERRILL

TERRENCE

TERRELL

TERREL

TERRANCE

TERO

TERES

TERERSO

TERENTILO

TERENCIO

TERENCIANO

TERENCE

TERCERO

TERANCE

TEOFILO

TEODORO

TEODOCIO

TEODERO

TENTE

TEMOTIO

TEMANI

TEMAN

TEM

TELLY

TELEM

TELEK

TEEMOFE

TEDI

TEDDY

TED

TECUMSEH

TEARLACH

TEARACH

TAZARI

TAYOR

TAYIB

TAWNO

TAVO

TAVITO

TAVIS

TAURIN

TAUNO

TAU

TATTON

TATSUYA

TATSU

TATE

TAS

TARRUS

TARQUIN

TARO

TARN

TARIQ

TARINTINO

TAREK

TARAS

TANO

TANNER

TANER

TANEK

TANDY

TAMID

TAMAR

TAMAN

TALMAN

TALLI

TALIESIN

TALES

TAKUJI

TAKIS

TAKAYUKI

TAKASHI

TAJ

TAIT

TAISON

TAHIR

TAGHI

TADZI

TADI

TADHG

TADEUSZ

TADEO

TAD

TABOR

TABO

TABIB

TAAVETTI

SZYMON

SZCZESNY

SZCZEPAN

SYRIL

SYLVESTER

SYLVESDRE

SYLBESTRIO

SYED

SYD

SY

SWORN

SVEN

SUTI

SURESH

SURAJ

SUMAN

SULTAN

SUDI

SUBIR

SUBHANI

STYG

STUART

STU

STROM

STORI

STOFFEL

STIRLING

STIOBHAN

STIGGUR

STEWART

STEWARD

STEW

STEVIN

STEVEN

STEVE

STEUART

STERLING

STEPKA

STEPHEN

STEPHANUS

STEPHANOS

STEPHAN

STEFFEN

STEFANO

STEFAN

STEAPHAN

STARR

STARLING

STANLY

STANLEY

STANLEIGH

STANLEE

STANISLAW

STANISLAV

STANISLAUS

STANE

STANCIO

STAN

SRULKA

SRINIVAS

SREKO

SRDJAN

SRDAN

SPOFFORTH

SPOFFORD

SPIRIDION

SPENSER

SPENCE

SPED

SOSIMO

SOPHRONIO

SONNY

SONGAN

SOMHAIRLE

SOLON

SOLOMON

SOLLY

SOLLIE

SOLAMH

SOLAMAN

SOL

SOHIL

SOFRONIO

SOFIAN

SOCRATES

SOBIESLAW

SLY

SLEVIN

SLAWOMIR

SLAVIK

SLANE

SLADE

SKYLAR

SIVAN

SIVA

SIROL

SIRILIO

SIPATU

SIOMONN

SIOBHAN

SINGH

SINCLAIR

SIMPSON

SIMPKINS

SIMON

SIMEON

SIMEN

SIMAO

SIM

SILVIO

SILVESTRO

SILVESTRE

SILVESTER

SILVERIO

SILVANUS

SILVANO

SILVAIN

SILAS

SIGURD

SIGMUND

SIGMOND

SIGISMUNDUS

SIGISMUNDO

SIGISMUND

SIGISMOND

SIGFRID

SIGAMOND

SIG

SIEGMUND

SIEGLINDE

SIEGHARD

SIEGFRIED

SIDONIUS

SIDNEY

SIDDHARTH

SIDATH

SID

SICILIO

SHYENTI

SHUL

SHU-HUNG

SHRIHAS

SHOLTO

SHOLOM

SHLOMO

SHIRO

SHINO

SHING

SHIMSHON

SHIMON

SHERMAN

SHERM

SHERIDAN

SHERBORN

SHERATAN

SHENGDAR

SHEN

SHEMUEL

SHEM

SHELTON

SHELOMOH

SHELDON

SHEHREVAR

SHEEHAN

SHEARD

SHAY

SHAWN

SHAW

SHAUN

SHARIF

SHAQUILLE

SHANON

SHANKAR

SHANE

SHANDAR

SHAMUS

SHAMIR

SHAMEEL

SHALOM

SHAHRIYAR

SHAHAK

SHAH

SHAFAYET

SHAD

SHABBEEDUR

SEYMOUR

SEYMORE

SEXTUS

SEVILEN

SEVASTIAN

SEUMUS

