GEN
GEMMA
GEMINA
GELYA
GELSOMINA
GELILAH
GEFJUN
GEFEN
GEELA
GAZIT
GAZELLE
GAYORA
GAYNOR
GAYLE
GAYLA
GAYE
GAYAN
GAY
GAVRILLA
GAVRILA
GAVRIELA
GAURI
GARUDA
GARNETTE
GARIMA
GANESA
GAMBHIRA
GALYA
GALINA
GALILANI
GALIENA
GALI
GALE
GALATEA
GALADRIEL
GALA
GAILA
GAIL
GAIA
GAFNA
GAETANE
GAENOR
GACQUETTA
GABRIELLE
GABRIELLA
GABRIELL
GABRIELA
FUYUKO
FUYU
FUSILEKA
FUSI
FUNSANI
FULVIA
FULUMIRANI
FULLA
FULANGI
FULANDE
FUJIKO
FUENSANTA
FRYDERYKA
FRYDA
FRIEDERIKE
FRIEDELINDE
FRIEDE
FRIEDA
FRIDA
FREYA
FREIDA
FREFERIKA
FREDERIQUE
FREDERICA
FREDA
FRAYDA
FRANZISKA
FRANTISKA
FRANCZISKA
FRANCOISE
FRANCISES
FRANCINE
FRANCINA
FRANCI
FRANCESCA
FRANCES
FRANCA
FRAN
FOTINA
FORTUNATA
FORTUNA
FOLUKE
FLOWER
FLORENZA
FLORENZ
FLORENTYNA
FLORENTINA
FLORENS
FLORENCIA
FLORENCE
FLORAMARIA
FLORALIA
FLORA
FLOELLA
FLO
FLEUR
FLAVIA
FLANNERY
FISI
FIPE
FIORELLA
FIONNUALA
FIONNGHUALA
FIONA
FINOLA
FINEONGO
FINELLA
FINEEVA
FINA
FILOMENA
FILIPPA
FILIPINA
FILIKITATA
FILIA
FIHAKI
FIFI
FIELIKI
FIDELMA
FIDELJA
FIDELIA
FIDELA
FIAMMETTA
FIALKA
FFRAID
FFLEUR
FETUU
FERNANDA
FERN
FERIDA
FERDINANDA
FEODORIYA
FENYANG
FENIA
FENG
FENELLA
FELORENA
FELORA
FELIXA
FELINA
FELICITY
FELICITE
FELICIE
FELICIA
FEIGEL
FEIGE
FEIDHELM
FEDOSYA
FEDORA
FAYZA
FAYTH
FAYRUZ
FAYOLA
FAYINA
FAYE
FAY
FAWZIYYA
FAWN
FAUSTYNA
FAUSTINA
FAUSTA
FAUNIA
FAUNA
FATUIMOANA
FATMA
FATIN
FATIMA
FATHIYYA
FARRAH
FARINA
FARIHA
FARIDA
FARDOOS
FARAKIKA
FARAJI
FAOILTIARNA
FANYA
FANUA
FANNY
FANG - HUA
FANG
FALAKIKA
FAKIH
FAKAPELEA
FAIVA
FAITH
FAHIMEE
FAHIMA
FAE
FABIOLA
FABIENNE
FABIANA
FABIA
EWELINA
EWANGELINA
EWA
EVZENIE
EVRIM
EVLALIYA
EVITA
EVINA
EVIE
EVGENIYA
EVFEMIYA
EVETTE
EVELYN
EVELLIA
EVELINA
EVELIEN
EVELEEN
EVE
EVDOKIYA
EVANTHE
EVANI
EVANGELINE
EVANGELIA
EVANEGELINA
EVALINA
EVADNE
EVA
EUZEBIA
EUTROPIA
EUPHENIA
EUPHEMIA
EUNIKE
EUNIKA
EUNICE
EUNA
EUN - YOUNG
EULALJA
EULALIA
EUGENIE
EUGENIA
EUFENJA
EUFEMIA
EUDOSIA
EUDORA
EUBH
ETTA
ETSUYO
ETSUKO
ETSU
ETNI
ETIENNETTE
ETHNA
ETHETE
ETHELDREDA
ETHEL
ETHALYN
ETENIA
ETELA
ETEL
ETAIN
ESZTER
ESYLLT
ESTRELLA
ESTHER
ESTERA
ESTER
ESTEPHANIA
ESTELLE
ESTELLA
ESTEBANA
ESPIRIDIANA
ESPERANZA
ESMERALDA
ESMEE
ESI
ESHE
ESHANA
ESETERA
ESENIA
ERZSEBET
ERNESZTINA
ERNESTINE
ERNESTA
ERNEST
ERNA
ERMINA
ERMA
ERISHA
ERINA
ERIN
ERIKA
ERICA
ERIANTHE
ERENDIRA
ERELA
EPIFANIA
EOGHANIA
ENYONYAM
ENYA
ENRIQUA
ENRICA
ENOMWOYI
ENOLA
ENGRACIA
ENFYS
ENFIANIA
ENEIDA
ENCARNACION
ENAKAI
ENA
EMUNAH
EMON
EMMYLOU
EMMIE
EMMELINE
EMMANUELLE
EMMA
EMILY
EMILIA
EMERENZIA
EMERENCIANA
EMERALD
EMER
EMENY
EMELINE
EMELINDA
EMELIA
EMELDA
EMEL
EMALINDA
EMALIA
ELZBIETA
ELYSE
ELVIRA
ELVA
ELUNED
ELSPET
ELSIE
ELSE
ELSA
ELPIDA
ELOISE
ELOISA
ELMA
ELLINOR
ELLIE
ELLICE
ELLI
ELLENA
ELLEN
ELLA
ELKE
ELIZABETH
ELIZA
ELISSA
ELISHEBA
ELISE
ELISABETH
ELISABETA
ELISABET
ELISA
ELIORA
ELINOR
ELINA
ELIN
ELILI
ELIEZRA
ELIAVAH
ELIANORA
ELIANE
ELIANA
ELFREDA
ELFLEDA
ELFA
ELEUTHERA
ELEU
ELETTRA
ELERI
ELEONORE
ELEONOR
ELENA
ELEN
ELEKTRA
ELEFTHERIA
ELECTRA
ELECTA
ELEANOR
ELBA
ELAMA
ELAKSHI
ELAINE
ELA
EKATERINA
EITHNE
EISTIR
EIRWEN
EIRENE
EIREEN
EIREANN
EIRA
EINMYRIA
EIMILE
EIMHEAR
EILONA
EILIS
EILIDH
EILEITHYIA
EILEEN
EILEANOR
EILAH
EIDDWEN
EIBHLIN
EHAWEE
EHANI
EGLAH
EFRATA
EFIA
EFFIE
EFFEMY
EFAH
EDYTA
EDWINA
EDVIGE
EDUARDA
EDNAH
EDNA
EDMEE
EDITH
EDIAH
EDENIA
EDENA
EDEN
EDELMIRA
EDE
EDANA
EDA
ECHO
ECATERINA
EBUN
EBONY
EBBA
EAVAN
EARTHA
EARLENE
EARLEEN
EANNA
EAMHAIR
EALGA
EALASAID
EADAOIN
EABHA
E ' EPA
DüRIYE
DZIKO
DYVETTE
DYMPHNA
DYANI
DWYNWEN
DUSCHA
DUSANA
DURIYE
DURGA
DUMIA
DULCINEA
DULCIE
DULCE
DULAREE
DRUSILLA
DRISANA
DRAUPADI
DRAHOMIRA
DOWNETT
DOWANHOWEE
DOVEVA
DOVE
DOTO
DOSYA
DOROTHYA
DOROTHY
DOROTHEE
DOROTHEA
DOROTEA
DOROTA
DOROLINDA
DORIS
DORINNIA
DORINDA
DORINA
DORIE
DORIA
DORETTA
DORES
DOREKA
DOREEN
DOREAN
DORA
DONYA
DONOMA
DONNAG
DONNA
DONELLA
DONDI
DONATELLA
DONATA
DONALDA
DOMITILLA
DOMINO
DOMINIKA
DOLORES
DOLLY
DOLI
DOIREANN
DOFI
DOBROSLAVA
DOBROMIRA
DOBROMILA
DOBRILA
DMYPHNAH
DIXIE
DIVYA
DIVONAH
DISA
DIONNE
DIONISA
DIONE
DINAH
DINA
DIMONA
DILYS
DILWEN
DIJA
DIEU - KIEM
DIET
DIEDERIKE
DIANTHA
DIANNA
DIANE
DIANA
DHAVALA
DHARITRI
DHARINEE
DHARA
DHANADAA
DEZBA
DEYANIRA
DEVORGILLA
DEVORAH
DEVNET
DEVIN
DEVIKA
DEVI
DEVASHA
DEVANEE
DEVAL
DEVAKI
DEVAHUTI
DEVA
DESTINY
DESTINA
DESTA
DESIREE
DERVILA
DEOLINDA
DENISE
DENELL
DENA
DEMI
DEMETRIA
DELYTH
DELWYN
DELPHINIA
DELPHINE
DELPHIA
DELORIS
DELORES
DELLA
DELJA
DELILAH
DELICIA
DELIA
DELFINA
DELANEY
DELA
DEITRA
DEIRDRE
DEIDRE
DEIANIRA
DEENA
DEEMA
DEEANN
DECLA
DECEMBRA
DEBRA
DEBORAH
DEBBY
DEBBIE
DEB
DEAVON
DEANNE
DEANNA
DEANDRA
DAYO
DAYNA
DAYANITA
DAYAA
DAWN
DAVINA
DATIAH
DASHA
DARSHELLE
DARSHA
DARSEY
DARPITAA
DARLONNA
DARLENE
DARLEEN
DARLA
DARIE
DARICE
DARIA
DARENDA
DARCEE
DARBI
DARAH
DARA
DAPHNE
DAO - MING
DANYA
DANUTA
DANNIELA
DANNAH
DANNA
DANITA
DANIKA
DANIELLE
DANIELA
DANICA
DANIAH
DANIA
DANETTE
DANELL
DANEAN
DANAE
DANACIA
DAMIANA
DAMIA
DAMHNAIT
DAMAYANTI
DAMARIS
DAMALIS
DALYA
DALILI
DALILA
DALIBORA
DAKARAI
DAISY
DAI
DAHLIA
DAGNY
DAGNA
DAGMAR
DAFFODIL
DACIANA
DA - XIA
D ' ARCY
CZENZI
CYTHEREA
CYRILLE
CYRENE
CYRA
CYPRIA
CYNTHIA
CYNTHERIA
CYNTH
CYNSA
CYNDY
CYNDIE
CYNDI
CYNDEL
CYNARA
CYMONE
CYMA
CYD
CYBILLE
CYBILL
CYBIL
CYBELE
CRYSTAL
CRUZA
CRISTY
CRISTIONA
CRISTINA
CRISTEN
CRISSY
CRISSIE
CRICKET
CRESSIE
CRESSIDA
CRESSA
CRESCENTIA
CREIRWY
COZETTE
COURTENEY
COSIMA
COSETA
CORYNN
CORONA
CORNILIA
CORNIE
CORNELLE
CORNELLA
CORNELIA
CORNELA
CORN
CORLISS
CORINNE
CORINNA
CORINE
CORINA
CORI
CORETTE
CORETTA
CORENE
COREEN
CORDULA
CORDELIA
CORAZON
CORALIE
CORAL
CORAH
CORA
CONSUELO
CONSUELA
CONSTANZE
CONSTANZA
CONSTANTINE
CONSTANTINA
CONSTANTIA
CONSTANCY
CONSTANCE
CONSTACIA
CONSOLATA
CONSOLACION
CONSILIA
CONSEJA
CONNY
CONNIE - LYNNE
CONNIE
CONCORDIA
CONCHOBARRE
CONCETTA
CONCEPCION
CON
COLOMBINA
COLOMBE
COLOMBA
COLLY
COLLINE
COLLETTE
COLLEEN
COLIE
COLETTE
COLETTA
COLENE
COLENA
COLEEN
COLANDA
COHILA
COELFINNIA
COCHETA
COAHOMA
CLYTIE
CLOVIA
CLOTILDA
CLOTHILDE
CLORINDA
CLO
CLIODHNA
CLEOPATRA
CLEO
CLEMENTINE
CLEMENCIA
CLEMENCE
CLEMATIA
CLEA
CLAUDINE
CLAUDINA
CLAUDIA
CLAUDETTE
CLARY
CLARRISSA
CLAROTTE
CLARIVEL
CLARITA
CLARISSA
CLARISA
CLARINE
CLARINDA
CLARINA
CLARIN
CLARICE
CLARIBEL
CLAREY
CLARETA
CLARENDA
CLARE
CLARABELLE
CLARA
CLAIRETTE
CLAIRE
CISSY
CISSIE
CIPRIANA
CINZIA
CINTHIA
CINOFILA
CINNAMON
CINDY
CINDRA
CINDIE
CINDI
CINDA
CILLA
CILKA
CILICIA
CILI
CILEHE
CIERRA
CIERA
CIEL
CICILY
CICELY
CIARRA
CIARA
CIANNAIT
CHUNG - CHA
CHUNG - AE
CHUNBAI
CHUMANI
CHUMA
CHULDA
CHULA
CHUKI
CHU HUA
CHRYSTE
CHRYSTAL
CHRYSSA
CHRYSANTA
CHRISTY
CHRISTINHA
CHRISTINE
CHRISTINA
CHRISTIN
CHRISTIE
CHRISTIANNE
CHRISTIANE
CHRISTIANA
CHRISTELLE
CHRISTEL
CHRISTAL
CHRISTABEL
CHRISTA
CHRISSY
CHRISSIE
CHRISPY
CHRISLYNE
CHOYO
CHOON - HEE
CHOOMIA
CHONSIE
CHOLENA
CHOLA
CHOKO
CHO
CHLORIS
CHLOE
CHIZUKO
CHIZU
CHIYOKO
CHIYO
CHITSA
CHITA
CHIRIGA
CHIPO
CHINUE
CHIN - SUN
CHIMENE
CHIMALIS
CHILALI
CHIKU
CHIKAKO
CHIKA
CHICHI
CHIBA
CHIARA
CHEVONNE
CHESNA
CHERYLL
CHERYL
CHERRY
CHERMONA
CHERLYN
CHERISH
CHERISE
CHERISA
CHERILYN
CHERIL
CHERIE
CHERI
CHERE
CHER
CHENOA
CHENIA
CHEMDIAH
CHEMDA
CHELSEY
CHELSEA
CHELLE
CHEL
CHEIRON
CHEIFA
CHEFTZIYA
CHEDRA
CHAZONA
CHAZMIN
CHAYA
CHAVI
CHAVA
CHAUSIKU
CHAU
CHASTITY
CHASINA
CHASIDA
CHASIA
CHASHMONA
CHARYL
CHARUMATI
CHARU
CHARRON
CHARNETTE
CHARNA
CHARMION
CHARMIAN
CHARMAINE
CHARMAIN
CHARLY
CHARLOTTE
CHARLOTTA
CHARLOT
CHARLINE
CHARLINA
CHARLIE
CHARLENE
CHARLEEN
CHARLAINE
CHARLA
CHARITY
CHARITA
CHARISSA
CHARISMA
CHARISE
CHARIS
CHAPAWEE
CHAPA
CHAONAINE
CHANYA
CHANTREA
CHANTOU
CHANTIL
CHANTERELLE
CHANTEL
CHANTAL
CHANNARY
CHANNA
CHANIT
CHANINA
CHANIA
CHANEL
CHANDRJAA
CHANDRIMA
CHANDRAKANTA
CHANDRA
CHANDNI
CHANDI
CHANDELLE
CHANDANI
CHANDA
CHAN
CHAMELI
CHAMANIA
CHALESE
CHALCEDONY
CHAITRA
CHAITALI
CHAHNA
CHAFSIYA
CHAANACH
CEVANNA
CERISE
