Moon - Suk

Monty

Montgomery

Monte

Montague

Montagu

Monroe

Monro

Monet

Molimo

Mojag

Mohan

Mohammed

Mohammad

Moe

Mitchell

Mitchel

Mitch

Misu

Miroslaw

Miroslav

Mirko

Mirit

Mingo

Mingdong

Mingan

Ming - Fang

Mimis

Milton

Milt

Milos

Milogost

Milo

Mills

Milko

Miles

Milap

Mil

Mikkel

Mikhail

Mikhael

Mikel

Mike

Mikael

Miguelito

Miguel

Migael

Mieczyslaw

Micky

Mickel

Mick

Michiel

Michele

Michel

Micheil

Michail

Michael

Micalao

Micajah

Mic

Meyer

Mew

Meuriz

Meurig

Mestipen

Messimo

Merwyn

Mervyn

Mervin

Mertin

Merritt

Merripen

Merrick

Merlin

Mered

Menz

Mensah

Menker

Mendeley

Melvyn

Melvin

Melville

Melvern

Melor

Meir

Mehtar

Mehmet

Mehdi

Mechtilde

McCullough

McCullouch

McCullock

McCullagh

Mayon

Mayo

Mayer

Maxwell

Maxio

Maxino

Maximus

Maximino

Maximillian

Maximilien

Maximilianus

Maximiliano

Maximilian

Maxime

Maxim

Max

Maury

Maursio

Maurosio

Mauro

Maurizio

Maurits

Maurie

Mauricio

Maurice

Maureo

Maur

Matyas

Matty

Mattieu

Mattie

Matthias

Matthia

Matthew

Mattheus

Matthes

Mattheo

Matthaus

Matthaeus

Matteo

Matte

Matt

Mats

Matope

Mato

Mathieu

Mathias

Mathew

Matheo

Mateusz

Mateo

Matejo

Matej

Mata

Mat

Masud

Massimilano

Massey

Masou

Maslin

Masial

Mashruk

Mascimo

Masamo

Masamitsu

Masahiro

Marvin

Marven

Marve

Marv

Marut

Marty

Marton

Martinicino

Martin

Martijn

Martie

Marten

Martel

Martainn

Mart

Marsilio

Marshal

Marsh

Marrim

Marr

Marquitos

Maron

Marnin

Marmaduke

Marly

Marlon

Marlin

Markus

Markos

Markell

Mark

Marius

Mario

Marin

Marid

Mariano

Marek

Marcus

Marcos

Marco

Marcius

Marcial

Marcellus

Marcelino

Marcel

Marc

Marar

Maolmuire

Manus

Manuel

Manu

Mansur

Mansoor

Mansah

Mansa

Manny

Manlio

Manipi

Manfred

Mandrill

Mando

Mander

Mandek

Manco

Manchu

Mancho

Mamo

Malon

Malik

Malcolm

Malachy

Malachi

Mal

Maksim

Makis

Makan

Maitland

Mairav

Maimun

Maik

Mahlom

Mahir

Magnus

Maggio

Maelmore

Mads

Madog

Madoc

Madhujit

Mack

Macisimi

Maciej

Mace

Macaliano

MacKeighry

MacKeefry

Mac

Lyron

Lynwood

Lyndon

Lyle

Lyell

Lyel

Lutz

Lutherio

Luther

Luteris

Lunt

Lukyan

Luke

Lukas

Luiz

Luister

Luis

Luigi

Ludwik

Ludwig

Ludvig

Ludovic

Lucjan

Lucius

Luciano

Lucian

Lucas

Lubomir

Loyd

Lowther

Lowenhard

Lowell

Lowe

Lovre

Lovell

Louis

Louie

Loudon

Lou

Lothar

Lorne

Lorenzo

Lorens

Lord

Loranzio

Lorant

Loran

Lonny

Lonato

Loman

Loew

Loe

Lodovico

Lodewijk

Lodewick

Llywelyn

Lloyd

Llewelyn

Llewellyn

Liwanu

Liu

Lito

Lionello

Lionel

Lionardo

Lio

Linwood

Linus

Linn

Link

Linfred

Lindon

Linden

Liko

Liang

Liam

Lex

Lewis

Lewie

Lew

Levy

Levi

Leszek

Lester

Leroy

Leron

Leonid

Leonhard

Leone

Leoncio

Leonardus

Leonardo

Leonard

Leon

Leo

Lenz

Lensar

Lenox

Lenny

Lennox

Lennor

Lenno

Lennie

Lennard

Lenn

Lenhart

Lenci

Len

Lemuel

Lemoine

Lem

Leland

Leit

Leif

Lefty

Leeland

Leegrant

Lechito

Lech

Leben

Leander

Leanardo

Lealand

Leaf

Lawson

Laws

Lawry

Lawrence

Lawren

Lavi

Laurenz

Laurentius

Laurent

Laurens

Laurence

Lauran

Launcelot

Launce

Lauento

Larson

Lars

Larry

Larrie

Larrance

Larkin

Lanu

Lani

Langundo

Langston

Langdon

Landon

Lance

Lamont

Lamond

Lammond

Lamel

Lambert

Lamar

Lalo

Lal

Laird

Laine

Lafredo

Lafayette

Lado

Ladd

Lad

Lachlan

Labid

Laban

LaVelle

LaMarr

Kyrylo

Kyros

Kyrillos

Kyril

Kyriakos

Kyler

Kwesi

Kwazi

Kwasi

Kwan

Kwame

Kwam

Kwaku

Kuzih

Kurtis

Kurt

Kuper

Kumaravel

Kumar

Kulen

Krzysztof

Krzys

Krys

Kruin

Kritos

Kristopher

Kristoffer

Kristofer

Kristof

Kristo

Kristian

Krister

Kriss

Krispin

Krikor

Kreg

Kovar

Kosti

Kostas

Kosei

Korudon

Korey

Korb

Kontar

Konrad

Kondrad

Konane

Kolya

Kokudza

Knut

Knud

Knoton

Kliment

Klimek

Klemo

Klement

Klemens

Klemenis

Klemen

Klavdu

Klaus

Klaudiusz

Klamencas

Klaas

Kizza

Kiyoshi

Kivi

Kito

Kistur

Kistna

Kirk

Kirill

Kiril

Kirby

Kiral

Kipling

Kip

Kingsley

King

Kimo

Killian

Kilian

Kil

Kiko

Kijika

Kieran

Kiel

Kibbe

Khvyados

Khrystofor

Khrystiyiyan

Khristoforos

Khristian

Khordad

Kharald

Kharalambos

Khamtai

Khallil

Kevin

Keven

Kester

Kesse

Kesin

Kesar

Kerwin

Kersen

Kers

Kern

Kermit

Kenyon

Kent

Kenrick

Kennie

Kenney

Kenneth

Kenn

Kenichi

Kendrick

Kendric

Kenan

Ken

Kelvin

Kelsie

Kelsay

Kelemen

Kele

Kelcey

Kelby

Kelash

Keizo

Keith

Keir

Keighry

Keenan

Keegan

Keefe

Kedem

Keddy

Kedar

Keb

Keanu

Keahi

Kazutaka

Kazimierz

Kayne

Kayin

Kau

Katsuji

Katrick

Kasper

Kaspar

Kasimir

Kasim

Kasib

Kashif

Kaseko

Karolis

Karolek

Karol

Karmel

Karlik

Karl

Karime

Karim

Karif

Kareem

Karch

Kantu

Kane

Kamil

Kamel

Kalvin

Kalus

Kaloosh

Kalman

Kalkin

Kaliq

Kaleb

Kale

Kalb

Kaitlyn

Kaine

Kain

Kaenan

Kadir

Kadin

Kadar

Kabil

Justo

Justivo

Justino

Justinian

Justin

Juri

Jurgen

Jurate

Juno

Jumah

Julle

Julius

Julio

Julian

Jules

Judd

Judas

Judah

Jubal

Juan

Jov

Jourdan

Jouni

Jotham

Josiah

Josia

Joshua

Josh

Joseph

Jose

Jorji

Jori

Jorgy

Jorge

Jorg

Jordyn

Jordi

Joran

Joquin

Jonson

Jones

Jonathon

Jonathan

Jonas

Jonam

Jonah

Jona

Jon

Jolon

Johnson

Johns

Johnny

Johnnie

Johnie

John

Johannes

Johann

Johanan

Johan

Joey

Joel

Joe

Jock

Jobe

Joaquin

Joaquim

Joao

Joannes

Joachim

Jivin

Jiro

Jimmy

Jimmie

Jimi

Jim

Jiho

Jie

Jibben

Jian - jin

Jian

Jethro

Jesus

Jesu

Jesse

Jess

Jesper

Jesito

Jerzy

Jervis

Jerry

Jerrome

Jerrod

Jerrie

Jeronimo

Jerome

Jerm

Jeremy

Jeremiah

Jereme

Jered

Jer

Jeptha

Jephthah

Jeoffroi

Jens

Jellow

Jehan

Jeffry

Jeffrey

Jefferson

Jeffers

Jefferey

Jeff

Jeeves

Jedrzej

Jedrek

Jedidiah

Jed

Jeb

Jean - Paul

Jaye

Jayant

Jay

Javis

Javin

Javier

Javas

Jasper

Jason

Jascha

Jas

Jarvis

Jarred

Jaroslaw

Jaroslav

Jaron

Jaromir

Jarogniew

Jari

Jarett

Jarek

Jared

Japheth

Jansen

Janos

Janine

Janick

Janek

Jan - Harm

Jamison

Jamil

Jamey

Jameson

James

Jal

Jakob

Jake

Jairy

Jahi

Jago

Jagger

Jafet

Jafar

Jacques

Jacque

Jacob

Jacky

Jackson

Jack

Jacinto

Jacian

Jabril

Jabez

Jaba

Jaan

Jaafar

Izzy

Izzie

Izumi

Izsu

Izrail

Izraelius

Izaak

Iwan

Ivor

Ivon

Ivo

Ives

Ivar

Ivanovitch

Ivan

Itzhak

Istu

Isidore

Ishmael

Isaiah

Isaia

Isador

Isacc

Isac

Isaak

Isaac

Irwyn

Irwin

Irwan

Irving

Irvine

Irvin

Irv

Ira

Ioseph

Ioel

Ioannes

Ioan

Ioakim

Inteus

Inriques

Innokenti

Iniko

Inigo

Ingolf

Ingmar

Ingham

Ingemar

Inermo

Inderpreet

Immauel

Immanuel

Imamu

Ilya

Iliia

Ildefonso

Ilan

Ike

Igor

Ignazio

Ignatius

Ignac

Iggy

Igasho

Igantov

Ifor

Ico

Ibrahim

Ian

Iain

Iago

Hywel

Hyman

Huzaifa

Huw

Huu

Hute

Hutchinson

Hutch

Husain

Hurley

Hung

Humphrey

Humfrey

Humberto

Humbert

Hulin

Hugo

Hugibert

Hughie

Hughes

Hugh

Huey

Hudson

Huberto

Hubert

Hubbard

Hub

Hoyt

Hoyle

Howie

Howi

Howell

Howel

Howard

Houman

Hotaka

Hosea

Horst

Hormazed

Hormazd

Horis

Horentio

Horatio

Horacio

Horace

Hooper

Hoop

Hood

Homer

Holt

Hollins

Hollings

Holles

Holleb

Holic

Holger

Holden

Hoireabard

Hoibeard

Hohan

Hodgkins

Hodges

Hodge

Hobbes

Hobard

Hob

Hnatochko

Hjalmar

Hisoka

Hirus

Hirsh

Hirsch

Hiroshi

Hiromi

Hiram

Hinun

Hinrich

Hinko

Himanshu

Hilmar

Hillel

Hilfredo

Hieronymos

Hieronym

Hiermo

Hicks

Heywood

Hewie

Hewett

Hewes

Hewart

Hew

Hesus

Hervey

Herve

Hersh

Herschel

Hersch

Herriberto

Heronim

Heron

Hero

Hernando

Hermon

Hermann

Herman

Herm

Heriberto

Heri

Heremias

Herbie

Herberto

Herbert

Herb

Henry

Henrik

Henrico

Henri

Henrey

Henning

Henk

Hengky

Hendrik

Henderson

Hemant

Helmut

Helki

Helge

Helaku

Hektor

Heinz

Heintz



