NEDAVIAH
NEDA
NECI
NECHONA
NECHE
NECHAMA
NECEDAH
NAZIRA
NAZIHAH
NAYANA
NAWAL
NAUASIA
NATYA
NATSUYO
NATSUKO
NATSU
NATKA
NATILLE
NATIA
NATHIFA
NATHALIE
NATHALIA
NATESA
NATASJA
NATASHA
NATANIELA
NATANIAH
NATANE
NATALYA
NATALIYA
NATALINA
NATALIE
NATALIA
NATALA
NATA
NASYA
NASTENKA
NASTASSJA
NASTASSIA
NASTASIA
NASTALYA
NASRIN
NASHOTA
NASHIRA
NASEEM
NASCHA
NARMADA
NARESHA
NAREN
NARA
NAOMI
NAOKO
NANYE - HI
NANYAMKA
NANISE
NANIAHIAHI
NANI
NANETTE
NANETA
NANEKI
NANDANA
NANCY
NANCE
NANALA
NANABAH
NANA
NAN
NAMPEYO
NAMONO
NAMARA
NALUKEA
NALIN
NAJWA
NAJLA
NAJIBA
NAJIA
NAJAT
NAILAH
NAI ' A
NAHLA
NAHIDA
NAHARA
NAGIDA
NAFSHIYA
NAEEMAH
NADZIEJA
NADYAN
NADYA
NADIRA
NADINE
NADIDA
NADIA
NADEZHDA
NADEZDA
NADA
NABILA
NABIHA
NAARAH
NAAMIAH
NAAMAH
NA ' IMA
NA ' ILA
N ' URA
MYUNG - OK
MYUNG - HEE
MYRTLE
MYRNA
MYRIAM
MYRA
MYFANWY
MY - KHANH
MY
MWANAJUMA
MWANAHAMISI
MWAJUMA
MUTETELI
MURIEL
MURDAG
MURASAKI
MURA
MUNIRAH
MUNA
MUN - HEE
MUMINAH
MULIYA
MUIRNE
MUIRGHEAL
MUIREANN
MUIREALL
MUIKA
MUHTEREM
MUHAYYA
MUDIWA
MOWEAQUA
MOTOKO
MOSHIE
MORWENNA
MOROWA
MORIYO
MORIYA
MORIKO
MORIAH
MORI
MORGWEN
MOREEN
MORASHA
MORAINN
MORA
MONTA
MONNA
MONISHA
MONIQUE
MONIKA
MONIFA
MONICA
MONEKA
MONA
MON
MOMONE
MOLLY
MOIRA
MOINA
MOHINI
MOHANA
MOHALA
MOANI
MOANANANI
MOANA
MLISS
MIZUKO
MIYUKI
MIYO
MIULANA
MITZI
MITSUKO
MITSU
MITRA
MITENA
MISTY
MISSY
MISOKA
MISKAELA
MISHAILA
MISHA
MISAO
MISAE
MIRYAM
MIROSLAWA
MIROSLAVA
MIRIAMA
MIRIAM
MIRENA
MIREIO
MIRANDA
MIRABELLE
MIRABELLA
MIRA
MIQUELA
MINNIE
MINNEHAHA
MING
MINETTE
MINERVA
MINEKO
MINDY
MINAMI
MINAKO
MINA
MIN
MIMITEH
MILOSLAVA
MILLIE
MILLICENT
MILLA
MILKA
MILISENA
MILIMILI
MILILANI
MILI
MILENA
MILDRED
MILCAH
MILAGROS
MILA
MIKKA
MIKILANA
MIKIKO
MIKIE
MIKI
MIKAZUKI
MIKAYLA
MIKALA
MIKA
MIGUELA
MIGISI
MIGINA
MIEU
MIEKO
MIDORI
MICKI
MICHIYO
MICHIKO
MICHELYNE
MICHELLE
MICHELA
MICHALINA
MICHAIAH
MICHAELA
MICAELA
MICA
MIARY
MIA
MI - OK
MI - HI
MI - CHA
MEUY
METTE
META
MESI
MERYL
MERSERA
MERRYANNE
MERRY
MERRIELLE
MERLETTA
MERLA
MERIMA
MERELINA
MERCY
MERAV
MEORAH
MEOQUANEE
MEONAH
MENG
MENASHA
MENA
MELPHINE
MELONY
MELODY
MELODIE
MELITTA
MELISSA
MELISA
MELINDA
MELINA
MELICE
MELIA
MELI
MELBA
MELANIYA
MELANIE
MEIRONA
MEIRIONA
MEIRA
MEINWEN
MEI - ZHEN
MEI - XING
MEI - LIEN
MEI - HUA
MEI
MEHLI
MEHIRA
MEHAL
MEGHAN
MEGAN
MEG
MEENATCHI
MEENA
MEE - YON
MEE - KYONG
MEDINA
MEDEA
MECISLAVA
MECHOLA
MEAGHAN
MEADOW
MEAD
ME JEONG
ME ' SHELL
MCKENNA
MAZHIRA
MAYUMI
MAYSA
MAYIM
MAYGAN
MAYBEL
MAYALEN
MAYA
MAY
MAXINE
MAXIMILLA
MAXIE
MAWUSI
MAWIYAH
MAVIS
MAURYA
MAURINI
MAUREEN
MAURA
MAUDLIN
MAUDLIDI
MAUDISA
MAUDE
MAUD
MATYLDA
MATSUYO
MATSUKO
MATSU
MATRIONA
MATRIKA
MATOAKA
MATILDA
MATHILDE
MATHILDA
MASUMI
MASSIMA
MASKINI
MASILO
MASIKA
MASHAVU
MASHA
MASELA
MASAMI
MASALINA
MASAGO
MASA
MARÌANDRE
MARYVONNE
MARYGRACE
MARYANNE
MARYA
MARY LOU
MARY
MARWA
MARVA
MARTINE
MARTINA
MARTHE
MARTHA
MARTA
MARSHAN
MARSHA
MARSAILI
MARONA
MARNINA
MARNIE
MARNI
MARLYN
MARLO
MARLIS
MARLENE
MARLENA
MARLA
MARKETA
MARJORIE
MARJOLAINE
MARJANI
MARJA
MARIYA
MARITA
MARISTELA
MARISSA
MARISOL
MARISHA
MARISA
MARIS
MARINA
MARILYN
MARILENA
MARILEE
MARIKO
MARIKA
MARIJKE
MARIJA
MARIGOLD
MARIETTA
MARIELLA
MARIEL
MARIE - JOSE
MARIE
MARIBETH
MARIBEL
MARIANNE
MARIANDRE
MARIANA
MARIAN
MARIAMNE
MARIAM
MARIAH
MARIABELLA
MARIA
MARI JO
MARI
MARGUERITE
MARGOT
MARGO
MARGITA
MARGIE
MARGI
MARGHERITA
MARGERY
MARGEA
MARGE
MARGARTA
MARGARITE
MARGARITA
MARGARETHE
MARGARET
MAREA
MARE
MARCY
MARCILLE
MARCIANNETTE
MARCIANNA
MARCIA
MARCI
MARCELLINE
MARCELLA
MARCELINE
MARCELINA
MARCELA
MARAVILLA
MARATINA
MARATA
MARANELA
MARAH
MARAEA
MARAALIKA
MARA
MAPUANA
MAPIYA
MANYA
MANWANGOPATH
MANUELA
MANSI
MANON
MANJUSHA
MANJULIKA
MANJIKA
MANIKARNIKA
MANGENA
MANDY
MANDISA
MANDI
MANDARA
MANAWALE ' A
MANALANI
MANAALI ' I
MANA ' OLANKEIKI
MANA ' OLANA
MANA ' O ' I ' O
MAMIKO
MAMIE
MAMAKIAEH
MAMA
MALVINA
MALUHIA
MALLAIDH
MALKOSHA
MALKA
MALINA
MALIKA
MALIA
MALGORZATA
MALEAH
MALCOLMINA
MALAVIKA
MALATI
MALALANI
MALAK
MALA
MAKIKO
MAKAWEE
MAKANAMAIKA ' I
MAKANAAKUA
MAKALEKA
MAKADISA
MAKA ' ALOHI
MAKA
MAJD
MAJA
MAIYA
MAITERYI
MAISIE
MAIRSILE
MAIRONA
MAIRI
MAIREAD
MAIRE
MAIRA
MAILSE
MAILLE
MAIKA ' I
MAIDIE
MAIBA
MAIA
MAI LY
MAI
MAHWAH
MAHO
MAHIRA
MAHIMA
MAHIKA
MAHI
MAHESA
MAHASKA
MAHASIN
MAHALIA
MAHALATH
MAHALA
MAHA
MAGNOLIA
MAGGIE
MAGENA
MAGDOLNA
MAGDALENE
MAGDALENA
MAGDALA
MAGDA
MAGASKAWEE
MAGAN
MAGALI
MAGAIDH
MAEVE
MAEGAN
MAEDRA
MAE
MADONNA
MADIHA
MADHUR
MADHULEKHA
MADHAVI
MADGE
MADELYN
MADELINE
MADELIENE
MADELEINE
MADAILEIN
MADA
MACHI
MACARIA
MACKENZIE
MABEL
MAAYAN
LÈONTINE
LÈONORE
LÈONNE
LÈONIE
LYRIS
LYNNA
LYNN ANNE
LYNN
LYNETTE
LYNELLE
LYNDSLEY
LYDIE
LYDIA
LYDA
LYCIA
LUZIA
LUZ
LUTRICIA
LUTE
LUSELA
LUSEANE
LURETTE
LUPITA
LUPE
LUNED
LUNA
LUMUSI
LUMINOSA
LULU
LUJZA
LUJAYN
LUISA
LUIGSEACH
LUIGINA
LUDWIKA
LUDOVICA
LUDMILA
LUCZA
LUCYNA
LUCY
LUCRETIA
LUCJA
LUCITA
LUCINDE
LUCINDA
LUCINA
LUCILLE
LUCILLA
LUCIENNE
LUCIANNA
LUCIA
LUCETTA
LUCERNE
LUCE
LUBOMIRA
LUBA
LUANNA
LUANA
LUAN
LOUISE
LOUISA
LOUELLA
LOTTIE
LOTTE
LOSANA
LOSAKI
LOSA
LORRIE
LORRAINE
LORNA
LORINDA
LORI
LORETTA
LORENA
LORELEI
LOREEN
LORE
LORA
LONNA
LONE
LOLITA
LOLA
LOKOMAIKA ' INANI
LOKOMAIKA ' I
LOIS
LOFN
LIZZIE
LIZOLET
LIZA
LIZ
LIVNA
LITONYA
LISSA
LISHA
LISETTE
LISBET
LISANNE
LISABETH
LISA
LIORA
LIOR
LINNIE
LINNETTE
LINNEA
LINIT
LINH
LING
LINETTE
LINDY
LINDA
LINA
LIN LIN
LIN
LILY
LILO
LILLY
LILLI
LILITH
LILIKE
LILIKA
LILIANE
LILIANA
LILIAN
LILIA
LILI
LILE
LILAVATI
LILA
LIHWA
LIGIA
LIESELOTTE
LIESEL
LIESA
LIEN - HUA
LIEN
LIDWINA
LIDIYA
LIDA
LICIA
LIBERADA
LIBENA
LIBE
LIBBY
LIBANIA
LIANNE
LIANE
LIANA
LIAN
LIADAN
LIA
LI
LEYI
LEXY
LEXINE
LEXI
LEXA
LEWANNA
LEVONA
LEVIAH
LEVANA
LETYCJA
LETO
LETIZIA
LETITIA
LETICIA
LESIELI
LESIA
LEOPOLDA
LEONTINE
LEONORE
LEONORA
LEONOR
LEONNE
LEONCIA
LEONARDA
LEONA
LEOLANI
LEOKADIA
LEOCADIA
LENUSYA
LENORE
LENORA
LENICE
LENA
LELIA
LEISI
LEISHA
LEILANI
LEILA
LEIKO
LEIGH
LEIANA
LEI
LEHUA
LEENA
LEELA
LEE ANN
LEDA
LECHSINSKA
LEANNE
LEANNA
LEANDRA
LEALIKI
LEAH
LEA - ELLAN
LEA
LEANNE
LAYLA
LAWN
LAWAHIZ
LAVONE
LAVON
LAVITA
LAVINIA
LAVINA
LAVERNE
LAURYN
LAURINDA
LAURIE
LAURETTA
LAURENZA
LAURENTIA
LAURENE
LAUREL
LAUREEN
LAURE
LAURALYNN
LAURALEE
LAURA
LAUFEIA
LATOYA
LATONYA
LATONA
LATISHA
LATEEFA
LATASHA
LATA
LASHAUNDA
LASHAUNA
LARSHELL
LARRINA
LARK
LARISSA
LARISA
LAREYNA
LARA
LANIUMA
LANIE
LANGIKULA
LANEESHA
LANAKILA
LANA
LAN
LAMYA
LAMIS
LALITA
LALIKA
LALAGE
LALA
LAKSHMI
LAKSHANA
LAKSHA
LAKIA
LAKEN
LAKEISHA
LAJINI
LAJILI
LAILA
LAHONDA
LAGINA
LADONNA
LADELLE
LADEAN
LADAWN
LACY
LACHINA
LACHELLE
LABHAOISE
LAWUAN
LATIKA
L ' ABANA
K‰ETHE
KYUNG - SOON
KYRA
KYOKO
KYNTHIA
KYLIE
KYLA
KYALAMBOKA
KWANITA
KWANIESHA
KWAMINA
KVETA
KUSUM
KUSHALI
KUNTO
KUNTHEA
KUNIGONDE
KUNANI
KUMARI
KULYA
KULWA
KULUKULUTEA
KULSOOM
KULIRAGA
KULANI
KUKUA
KUALI ' I
KUALI
KSENYA
KSENIA
KRYSTYNA
KRYSTJANA
KRYSTAL
KRYSTA
KRYSIA
KRISZTINA
KRISTYANNA
KRISTY
KRISTINA
KRISTIN
KRISTIE
KRISTI
KRISTEN
KRISTAL
KRISTA
KRISSY
KRISLYN
KOTHA
KOSTYA
KORREN
KORNELIA
KORINNA
KORINA
KORI
KORENELIA
KORE
KORDELJA
KORA
KOOSKOOSKIA
KONSTANCZIA
KOMAL
KOMA
KOLOUR
KOLOE
KOLINA
KOLENYA
KOLAB
KOKUMO
KOHINOOR
KODELIA
KNESHIA
KNASGOWA
KLOTILD
KLESA
KLEMENTYNA
KLEMENTINA
KLAVDIYA
KLAUDIJA
KLAUDIA
KLARYSA
KLARYBEL
KLARISZA
KLARISSA
KLARIKA
KLARA
KJERSTIN
KITTY
KITRA
KISSA
KISMET
KISHORI
KISHI
KISHA
KISAKYE
KISA
KIRSTY
KIRSTIN
KIRSTI
KIRSTEN
KIRSI
KIRITINA
KIRIAH
KIRI
KIRAN
KIRA
KINTA
KINSHASHA
KINITIA
KIMMIE
KIMMI
KIMIMELA
KIMI
KIMBRA
KIMBERLY
KIMBERLIN
KIMBERLEE
KIMAYA
KIMAMA
KILIA
KILEY
KIKU
KIKILIA
KIKELIA
KIFIMBO
KIEU
KIERSTYN
KIERCE
KIERA
KIELEKEA
KIELE
KICHI
KIBIBI
KIARA
KIANA
KHRISTINA
