Nedaviah

Neda

Neci

Nechona

Neche

Nechama

Necedah

Nazira

Nazihah

Nayana

Nawal

Nauasia

Natya

Natsuyo

Natsuko

Natsu

Natka

Natille

Natia

Nathifa

Nathalie

Nathalia

Natesa

Natasja

Natasha

Nataniela

Nataniah

Natane

Natalya

Nataliya

Natalina

Natalie

Natalia

Natala

Nata

Nasya

Nastenka

Nastassja

Nastassia

Nastasia

Nastalya

Nasrin

Nashota

Nashira

Naseem

Nascha

Narmada

Naresha

Naren

Nara

Naomi

Naoko

Nanye-Hi

Nanyamka

Nanise

Naniahiahi

Nani

Nanette

Naneta

Naneki

Nandana

Nancy

Nance

Nanala

Nanabah

Nana

Nan

Nampeyo

Namono

Namara

Nalukea

Nalin

Najwa

Najla

Najiba

Najia

Najat

Nailah

Nai'a

Nahla

Nahida

Nahara

Nagida

Nafshiya

Naeemah

Nadzieja

Nadyan

Nadya

Nadira

Nadine

Nadida

Nadia

Nadezhda

Nadezda

Nada

Nabila

Nabiha

Naarah

Naamiah

Naamah

Na'ima

Na'ila

N'ura

Myung-Ok

Myung-Hee

Myrtle

Myrna

Myriam

Myra

Myfanwy

My-Khanh

Mwanajuma

Mwanahamisi

Mwajuma

Muteteli

Muriel

Murdag

Murasaki

Mura

Munirah

Muna

Mun-Hee

Muminah

Muliya

Muirne

Muirgheal

Muireann

Muireall

Muika

Muhterem

Muhayya

Mudiwa

Moweaqua

Motoko

Moshie

Morwenna

Morowa

Moriyo

Moriya

Moriko

Moriah

Mori

Morgwen

Moreen

Morasha

Morainn

Mora

Monta

Monna

Monisha

Monique

Monika

Monifa

Monica

Moneka

Mona

Momone

Molly

Moira

Moina

Mohini

Mohana

Mohala

Moani

Moananani

Moana

Mliss

Mizuko

Miyuki

Miyo

Miulana

Mitzi

Mitsuko

Mitsu

Mitra

Mitena

Misty

Missy

Misoka

Miskaela

Mishaila

Misha

Misao

Misae

Miryam

Miroslawa

Miroslava

Miriama

Miriam

Mirena

Mireio

Miranda

Mirabelle

Mirabella

Mira

Miquela

Minnie

Minnehaha

Ming

Minette

Minerva

Mineko

Mindy

Minami

Minako

Mina

Min

Mimiteh

Miloslava

Millie

Millicent

Milla

Milka

Milisena

Milimili

Mililani

Mili

Milena

Mildred

Milcah

Milagros

Mila

Mikka

Mikilana

Mikiko

Mikie

Miki

Mikazuki

Mikayla

Mikala

Mika

Miguela

Migisi

Migina

Mieu

Mieko

Midori

Micki

Michiyo

Michiko

Michelyne

Michelle

Michela

Michalina

Michaiah

Michaela

Micaela

Mica

Miary

Mia

Mi-Ok

Mi-Hi

Mi-Cha

Meuy

Mette

Meta

Mesi

Meryl

Mersera

Merryanne

Merry

Merrielle

Merletta

Merla

Merima

Merelina

Mercy

Merav

Meorah

Meoquanee

Meonah

Meng

Menasha

Mena

Melphine

Melony

Melody

Melodie

Melitta

Melissa

Melisa

Melinda

Melina

Melice

Melia

Meli

Melba

Melaniya

Melanie

Meirona

Meiriona

Meira

Meinwen

Mei-Zhen

Mei-Xing

Mei-Lien

Mei-Hua

Mei

Mehli

Mehira

Mehal

Meghan

Megan

Meg

Meenatchi

Meena

Mee-Yon

Mee-Kyong

Medina

Medea

Mecislava

Mechola

Meaghan

Meadow

Mead

Me Jeong

Me'Shell

Mckenna

Mazhira

Mayumi

Maysa

Mayim

Maygan

Maybel

Mayalen

Maya

May

Maxine

Maximilla

Maxie

Mawusi

Mawiyah

Mavis

Maurya

Maurini

Maureen

Maura

Maudlin

Maudlidi

Maudisa

Maude

Maud

Matylda

Matsuyo

Matsuko

Matsu

Matriona

Matrika

Matoaka

Matilda

Mathilde

Mathilda

Masumi

Massima

Maskini

Masilo

Masika

Mashavu

Masha

Masela

Masami

Masalina

Masago

Masa

Maríandre

Maryvonne

Marygrace

Maryanne

Marya

Mary Lou

Mary

Marwa

Marva

Martine

Martina

Marthe

Martha

Marta

Marshan

Marsha

Marsaili

Marona

Marnina

Marnie

Marni

Marlyn

Marlo

Marlis

Marlene

Marlena

Marla

Marketa

Marjorie

Marjolaine

Marjani

Marja

Mariya

Marita

Maristela

Marissa

Marisol

Marisha

Marisa

Maris

Marina

Marilyn

Marilena

Marilee

Mariko

Marika

Marijke

Marija

Marigold

Marietta

Mariella

Mariel

Marie-Jose

Marie

Maribeth

Maribel

Marianne

Mariandre

Mariana

Marian

Mariamne

Mariam

Mariah

Mariabella

Maria

Mari Jo

Mari

Marguerite

Margot

Margo

Margita

Margie

Margi

Margherita

Margery

Margea

Marge

Margarta

Margarite

Margarita

Margarethe

Margaret

Marea

Mare

Marcy

Marcille

Marciannette

Marcianna

Marcia

Marci

Marcelline

Marcella

Marceline

Marcelina

Marcela

Maravilla

Maratina

Marata

Maranela

Marah

Maraea

Maraalika

Mara

Mapuana

Mapiya

Manya

Manwangopath

Manuela

Mansi

Manon

Manjusha

Manjulika

Manjika

Manikarnika

Mangena

Mandy

Mandisa

Mandi

Mandara

Manawale'a

Manalani

Manaali'i

Mana'olankeiki

Mana'olana

Mana'o'i'o

Mamiko

Mamie

Mamakiaeh

Mama

Malvina

Maluhia

Mallaidh

Malkosha

Malka

Malina

Malika

Malia

Malgorzata

Maleah

Malcolmina

Malavika

Malati

Malalani

Malak

Mala

Makiko

Makawee

Makanamaika'i

Makanaakua

Makaleka

Makadisa

Maka'alohi

Maka

Majd

Maja

Maiya

Maiteryi

Maisie

Mairsile

Mairona

Mairi

Mairead

Maire

Maira

Mailse

Maille

Maika'i

Maidie

Maiba

Maia

Mai Ly

Mai

Mahwah

Maho

Mahira

Mahima

Mahika

Mahi

Mahesa

Mahaska

Mahasin

Mahalia

Mahalath

Mahala

Maha

Magnolia

Maggie

Magena

Magdolna

Magdalene

Magdalena

Magdala

Magda

Magaskawee

Magan

Magali

Magaidh

Maeve

Maegan

Maedra

Mae

Madonna

Madiha

Madhur

Madhulekha

Madhavi

Madge

Madelyn

Madeline

Madeliene

Madeleine

Madailein

Mada

Machi

Macaria

MacKenzie

Mabel

Maayan

Léontine

Léonore

Léonne

Léonie

Lyris

Lynna

Lynn Anne

Lynn

Lynette

Lynelle

Lyndsley

Lydie

Lydia

Lyda

Lycia

Luzia

Luz

Lutricia

Lute

Lusela

Luseane

Lurette

Lupita

Lupe

Luned

Luna

Lumusi

Luminosa

Lulu

Lujza

Lujayn

Luisa

Luigseach

Luigina

Ludwika

Ludovica

Ludmila

Lucza

Lucyna

Lucy

Lucretia

Lucja

Lucita

Lucinde

Lucinda

Lucina

Lucille

Lucilla

Lucienne

Lucianna

Lucia

Lucetta

Lucerne

Luce

Lubomira

Luba

Luanna

Luana

Luan

Louise

Louisa

Louella

Lottie

Lotte

Losana

Losaki

Losa

Lorrie

Lorraine

Lorna

Lorinda

Lori

Loretta

Lorena

Lorelei

Loreen

Lore

Lora

Lonna

Lone

Lolita

Lola

Lokomaika'inani

Lokomaika'i

Lois

Lofn

Lizzie

Lizolet

Liza

Liz

Livna

Litonya

Lissa

Lisha

Lisette

Lisbet

Lisanne

Lisabeth

Lisa

Liora

Lior

Linnie

Linnette

Linnea

Linit

Linh

Ling

Linette

Lindy

Linda

Lina

Lin Lin

Lin

Lily

Lilo

Lilly

Lilli

Lilith

Lilike

Lilika

Liliane

Liliana

Lilian

Lilia

Lili

Lile

Lilavati

Lila

Lihwa

Ligia

Lieselotte

Liesel

Liesa

Lien-Hua

Lien

Lidwina

Lidiya

Lida

Licia

Liberada

Libena

Libe

Libby

Libania

Lianne

Liane

Liana

Lian

Liadan

Lia

Li

Leyi

Lexy

Lexine

Lexi

Lexa

Lewanna

Levona

Leviah

Levana

Letycja

Leto

Letizia

Letitia

Leticia

Lesieli

Lesia

Leopolda

Leontine

Leonore

Leonora

Leonor

Leonne

Leoncia

Leonarda

Leona

Leolani

Leokadia

Leocadia

Lenusya

Lenore

Lenora

Lenice

Lena

Lelia

Leisi

Leisha

Leilani

Leila

Leiko

Leigh

Leiana

Lei

Lehua

Leena

Leela

Lee Ann

Leda

Lechsinska

Leanne

Leanna

Leandra

Lealiki

Leah

Lea-Ellan

Lea

LeAnne

Layla

Lawn

Lawahiz

Lavone

Lavon

Lavita

Lavinia

Lavina

Laverne

Lauryn

Laurinda

Laurie

Lauretta

Laurenza

Laurentia

Laurene

Laurel

Laureen

Laure

Lauralynn

Lauralee

Laura

Laufeia

Latoya

Latonya

Latona

Latisha

Lateefa

Latasha

Lata

Lashaunda

Lashauna

Larshell

Larrina

Lark

Larissa

Larisa

Lareyna

Lara

Laniuma

Lanie

Langikula

Laneesha

Lanakila

Lana

Lan

Lamya

Lamis

Lalita

Lalika

Lalage

Lala

Lakshmi

Lakshana

Laksha

Lakia

Laken

Lakeisha

Lajini

Lajili

Laila

Lahonda

Lagina

Ladonna

Ladelle

Ladean

Ladawn

Lacy

Lachina

Lachelle

Labhaoise

LaWuan

LaTika

L'Abana

Käethe

KyungSoon

Kyra

Kyoko

Kynthia

Kylie

Kyla

Kyalamboka

Kwanita

Kwaniesha

Kwamina

Kveta

Kusum

Kushali

Kunto

Kunthea

Kunigonde

Kunani

Kumari

Kulya

Kulwa

Kulukulutea

Kulsoom

Kuliraga

Kulani

Kukua

Kuali'i

Kuali

Ksenya

Ksenia

Krystyna

Krystjana

Krystal

Krysta

Krysia

Krisztina

KristyAnna

Kristy

Kristina

Kristin

Kristie

Kristi

Kristen

Kristal

Krista

Krissy

Krislyn

Kotha

Kostya

Korren

Kornelia

Korinna

Korina

Kori

Korenelia

Kore

Kordelja

Kora

Kooskooskia

Konstanczia

Komal

Koma

Kolour

Koloe

Kolina

Kolenya

Kolab

Kokumo

Kohinoor

Kodelia

Kneshia

Knasgowa

Klotild

Klesa

Klementyna

Klementina

Klavdiya

Klaudija

Klaudia

Klarysa

Klarybel

Klarisza

Klarissa

Klarika

Klara

Kjerstin

Kitty

Kitra

Kissa

Kismet

Kishori

Kishi

Kisha

Kisakye

Kisa

Kirsty

Kirstin

Kirsti

Kirsten

Kirsi

Kiritina

Kiriah

Kiri

Kiran

Kira

Kinta

Kinshasha

Kinitia

Kimmie

Kimmi

Kimimela

Kimi

Kimbra

Kimberly

Kimberlin

Kimberlee

Kimaya

Kimama

Kilia

Kiley

Kiku

Kikilia

Kikelia

Kifimbo

Kieu

Kierstyn

Kierce

Kiera

Kielekea

Kiele

Kichi

Kibibi

Kiara

Kiana

Khristina

