Wind
WIRE
Ulysses
UARS
Tubsat - B
Tubsat - A
Tubsat
TRMM
TOPEX
TOMS - EP
TOMS
TERRIERS
TAOS
TACSAT
Stacksat TEX
Stacksat SCE
Stacksat POGS
Stacksat
Seasat
SeaStar
Satellite Test Unit
SURFSAT - 1
SURFSAT
STU
STRV - 1
STRV
SROSS C2
SROSS C
SROSS B
SROSS A
SROSS
SPOT - 5B
SPOT - 5A
SPOT - 4
SPOT - 3
SPOT - 2
SPOT - 1
SPOT
SOHO
SMM
SME
SCATHA
SAMPEX
SAC - B
SAC
Radarsat
RME
REX
Poseidon
Polar Bear
Polar
Phobos 2
Phobos 1
Phobos
Pathfinder
P87 - 2
Orsted
Ofeq 2
Ofeq 1
Ofeq
NEAR
Mars Observer
Magellan
MSX
MOS 1B
MOS 1A
MOS
MGS
Lunar Prospector
Lewis
Landsat 6
Landsat 5
Landsat 4
Landsat 3
Landsat 2
Landsat 1
Landsat
LDEF
LACE 
JERS
Hubble Telescope
Hubble Space Telescope
Hubble
HST
HETE
HEAO 3
HEAO 2
HEAO 1
HEAO
Gravity Probe - B
Gravity Probe
Global Surveryor
Geosat
GRO
GFO
Freja
Fast Auroral Snapshot
FAST 
Echo 2
Echo 1A
Echo 1
Echo
EUVE
ERS 2
ERS 1
ERS
ERBS
Cluster
Clementine
Clark
Cassini
CRO - C
CRO - B
CRO - A
COBE
Astrid - 2
Astrid
AXAF
ATS - 6
ATS - 5
ATS - 4
ATS - 3
ATS - 2
ATS - 1 
ASCA
APEX
ALEXIS
ADEOS
