vice-président principal des activités cliniques
vice-président intérimaire
vice-président directeur pour l' Europe
vice-président directeur
vice-président des ventes et du marketing
vice-président des ventes
vice-président de la planification et du développement
vice-président de l' expansion d' entreprise
vice-président , Finance - opérations
vice-président , Exploitation
vice-président
vice-chairman
vice president of sales and marketing
vice president of business / market planning & development
vice president
vice chairman
vice - chairman
treasurer
trésorier
senior vice president
secretary-general
secretary - general
secretary
secrétaire
secrétaire général
secrétaire-général
secrétaire - général
president
présidente
président-directeur général
président-directeur
président du conseil
président
nonexecutive chairman
non-executive chairman
non - executive chairman
negotiator
négociateur
minister
ministre
managing director
leader
judge
juge
ingénieur en chef
human-resources vice president
human - resources vice president
head
group president
group executive
general manager
general counsel
founding chairman
finance director
finance chief
executive vice presidents
executive vice president - Europe
executive vice president
executive director - product development
executive
director of marketing communications
director of marketing
director of human resources
director - system / field test
director - product management
director - business development
director , product group
directeur technique
directeur principal de la gestion de programmes
directeur général régional
directeur général
directeur financier
directeur exécutif pour les Amériques
directeur exécutif , Développement de produits
directeur exécutif
directeur du marketing
directeur des communications-marketing
directeur des communications
directeur de l' unité commerciale
directeur de l' exploitation
directeur , groupe des produits
directeur , Gestion
directeur , Essais sur le terrain / système
directeur , Développement
directeur
deputy general manager
deputy chairman
controller
contrôleur, Ouest du Canada
communications director
co-chief executive officer
co-chairman
co - chief executive officer
co - chairman
chief operating officer
chief financial officer
chief executive officer
chief executive
chief administrative officer
chef de la direction
chef
chancellar
chairman
business unit manager
Vice présidente
Vice président
Vice Présidente
Vice Président
Vice-présidente , Ressources humaines
Vice-président exécutif , Services d' entreprise
Vice-président exécutif
Vice-président des ventes
Vice-président de l' expansion et des ventes à l' échelle mondiale
Vice-président , Marketing
Vice-président , Développement des affaires
Vice President of Sales
Vice President of Business Development and Worldwide Sales
Vice President of Business Development
Vice President - Operations
Vice President , Finance - Operations
Vice President
Vice - President , Sales
Vice - President , Marketing
Vice - President , Human Resources
Vice - President , Business Development
Vice - President
VP
V . P .
Treasurer
Trésorier
Transportation Secretary
Teacher
Staff Reporter
Spokeswoman
Spokesperson
Spokesman
Speakers
Speaker
Porte-Parole
Porte Parole
Sir
Sherif
Sheik
Senior Vice President of Clinical Operations
Senior Vice President
Senior VP
Senior Executive
Senior Director of Program Management
Senator
Sénateur
Sen .
Secretary of State
Secrétaire d'Etat
Secretary General
Secretary - General
Secrétaire
Secrétaire Général
Secretary
Reverend
Rev .
Representative
Reporter
Rep .
Regional General Manager
Rabbi
R - S .C .
R - N .Y .
Provost
Professor
Prof .
Proconsul
Princess
Prince
Prime Minister
Premier Ministre
Press Secretary
President - elect
President - Elect
President
Premier
Phd
PhD
Partner
Owner
Officials
Officer
Ms .
Ms
Mrs .
Mrs
Mr .
Mr
Mme .
Mme
Mme.
Miss
Melle
Monsieur
monsieur
Madame
Minister
Messrs .
Messrs
Messr .
Messr
Md
Mayors
Mayor
Marshal
Marquis
Managing Director
Manager
MP
M .
M.
Local Mayor
Local Government Officials
Local Authorities
Llb
Leader
Lawyer
Avocat
Judge
Juge
Jd
Interim Vice President - Operations
Inspector
inspecteur
High Commissioner
Governors
Governor General
Governor
Gouverneur
Gov .
General Manager
Foreign Officials
Flight Engineer
Executive Vice - President , Information Technologies
Executive Vice - President , Corporate Services
Executive VP
Executive Director , Americas and Direct Market Operations
Executive
Esq
Engineering Manager
Embassadors
Embassador
Embassadeur
Dvm
Dr .
Dr
Doctor
Docteur
Director of Public Affairs
Director of Marketing
Director of Finance
Director of Communications
Director Of Public Affairs
Directeur
Director
Diplomats
Diplomat
Diplomate
Detective
Détective
Deputy Foreign Minister
Deputy Assistant Defense Secretary
Deputy
Defense Minister
Ministre de la Défense
Counsel
Councilmen
Councilman
Councillors
Councillor
Controller , Western Canada
Controller
Consultants
Consultant
Congressmen
Congressman
Comptroller
Controleur
Commissioners
Commissioner
Commissars
Commissar
Commisaire
Chief Scientist
Chief Operating Officer
Chief Inspector
Chief Information Officer
Chief Financial Officer
Chief Executive Officer
Chief Executive
Chief Engineer
Chief
Chef de la direction informatique
Chancellar
Chairman of the Board
Chairman of The Board
Chairman Of The Board
Chairman
Capt .
Candidate
Cabinet Minister
Cabinet Member
CFO
CEO
C . F . O .
C . E . O .
Attorney General
Ambassadors
Ambassador
Ambassadeur
Administrator
Administrateur
