serjeant

sergeant

sergent

lieutenant

commander

commandant

colonel

captain

capitaine

admiral

amiral

Wing Commander

Wing Cdr.

Wing Cdr

Wg Cdr

Wg. Cdr.

Warrant Officer

Vice-Admiral

Vice-Adm.

Vice-Adm

Vice Admiral

Vice Adm.

Vice Adm

Vice-Admiral

Vice-Adm.

Vice-Adm

Sub-Lt

Sub-Lieutenant

Sous-Lieutenant

Sub Lt

Sub. Lt.

Sub-Lt

Sub-Lieutenant

Staff Serjeant

Staff Sergeant

Squadron Leader

Squ Ldr

Squ. Ldr.

Sqd Ldr

Sqd. Ldr.

Sgt.

Serjeant at Arms

Serjeant Major

Serjeant At Arms

Serjeant

Sergeant at Arms

Sergeant Major

Sergeant At Arms

Sergeant

Senior General

Senior Aircraftwoman

Senior Aircraftswoman

Senior Aircraftsman

Senior Aircraftman

Second Lt.

Second Lt

Second Lieutenant

Sec Lt

Sec. Lt.

Rear-Admiral

Rear-Adm.

Rear-Adm

Rear Admiral

Rear Adm.

Rear Adm

Rear-Admiral

Rear-Adm.

Rear-Adm

Pte.

Pte

Private

Priv.

Priv

Pilot Officer

Petty Officer

Petty

P.O.

Midshipwoman

Midshipman

Master Sgt.

Master Serjeant

Master Sergeant

Marshal of the RAF

Marshal of the R.A.F.

Marshal Of The RAF

Marshal Of The R.A.F.

Maréchal

Major-General

Major General

Major-General

Major

Maj-Gen

Maj Gen

Maj. Gen

Maj.

Maj-Gen.

Maj-Gen

Maj

Lt-Gen

Lt-Col

Lt-Cdr

Lt Gen

Lt Col

Lt Cdr

Lt. Gen.

Lt. Col.

Lt. Cdr.

Lt.

Lt-Gen.

Lt-Gen

Lt-Col.

Lt-Col

Lt-Cdr

Lt

Lieutenant-General

Lieutenant-Général

Lieutenant-Commander

Lieutenant-Commandant

Lieutenant-Colonel

Lieutenant General

Lieutenant Général

Lieutenant Colonel

Lieutenant-General

Lieutenant-Général

Lieutenant-Commander

Lieutenant-Commandant

Lieutenant-Colonel

Lieutenant

Leading Seawoman

Leading Seaman

Leading Rating

Leading Aircraftwoman

Leading Aircraftswoman

Leading Aircraftsman

Leading Aircraftman

Lance Corporal

Junior Technician

Junior Seawoman

Junior Seaman

Junior Rating

Grp Capt

Grp. Capt.

Group Captain

Gp Capt

Gp. Capt.

General

Général

Gen.

Gen

Fst Lt

Fst. Lt.

Flying Officer

Flt Lt

Flt. Lt.

Flight Serjeant

Flight Sergeant

Flight Lieutenant

Fleet Chief Petty Officer

First Lt.

First Lt

First Lieutenant

Field Marshal

FO

F.O.

Deputy and Assistant commissioner

Deputy and Assistant Commissioner

Deputy Assistant Commissioner

Deputy And Assistant commissioner

Deputy And Assistant Commissioner

Corporal

Communications Officer

Commodore first class

Commodore Second class

Commodore Second Class

Commodore First Class

Commodore 2nd class

Commodore 2nd Class

Commodore 2ND class

Commodore 2ND Class

Commodore 1st class

Commodore 1st Class

Commodore 1ST class

Commodore 1ST Class

Commodore ( first class )

Commodore ( Second class )

Commodore ( Second Class )

Commodore ( First Class )

Commodore ( 2nd class )

Commodore ( 2nd Class )

Commodore ( 2ND class )

Commodore ( 2ND Class )

Commodore ( 1st class )

Commodore ( 1st Class )

Commodore ( 1ST class )

Commodore ( 1ST Class )

Commodore

Commander

Comdr.

Colour Serjeant

Colour Sergeant

Colonel

Col.

Col

Cmdr.

Chief of Staff

Chief Superintendent

Chief Petty Officer

Chief Of Staff

Cdre first class

Cdre Second class

Cdre Second Class

Cdre First Class

Cdre 2nd class

Cdre 2nd Class

Cdre 2ND class

Cdre 2ND Class

Cdre 1st class

Cdre 1st Class

Cdre 1ST class

Cdre 1ST Class

Cdre.

Cdre ( first class )

Cdre ( Second class )

Cdre ( Second Class )

Cdre ( First Class )

Cdre ( 2nd class )

Cdre ( 2nd Class )

Cdre ( 2ND class )

Cdre ( 2ND Class )

Cdre ( 1st class )

Cdre ( 1st Class )

Cdre ( 1ST class )

Cdre ( 1ST Class )

Cdre

Cdr.

Cdr

Captain

Capt.

Capt

Brigadier

Brig.

Brig

Aircraftwoman

Aircraftswoman

Aircraftsman

Aircraftman

Air Vice-Marshal

Air Vice-Marshal

Air Marshal

Air Commodore

Air Chief Marshal

Air Cdre.

Air Cdre

Admiral of the Fleet

Admiral Of The Fleet

Admiral

Adm of the Fleet

Adm Of The Fleet

Adm. of the Fleet

Adm. Of The Fleet

Adm.

Adm

Acting Pilot Officer

Acting PO

Acting P.O.

Able Seawoman

Able Seaman

Able Rating

2nd Lt.

2nd Lt

2nd Lieutenant

2ND Lt.

2ND Lt

2ND Lieutenant

1st Lt.

1st Lt

1st Lieutenant

1ST Lt.

1ST Lt

1ST Lieutenant











